<?xml version="1.0" encoding="ISO-8859-1" ?>
<link_info>
   <banner>TMS320C2000 Linker PC v18.12.4.LTS</banner>
   <copyright>Copyright (c) 1996-2018 Texas Instruments Incorporated</copyright>
   <link_time>0x5dfd2a65</link_time>
   <link_errors>0x0</link_errors>
   <output_file>demo_rtos_cpu1.out</output_file>
   <entry_point>
      <name>_c_int00</name>
      <address>0x8994d</address>
   </entry_point>
   <input_file_list>
      <input_file id="fl-2">
         <path>.\</path>
         <kind>object</kind>
         <file>F2837xD_Adc.obj</file>
         <name>F2837xD_Adc.obj</name>
      </input_file>
      <input_file id="fl-3">
         <path>.\</path>
         <kind>object</kind>
         <file>F2837xD_EPwm.obj</file>
         <name>F2837xD_EPwm.obj</name>
      </input_file>
      <input_file id="fl-4">
         <path>.\</path>
         <kind>object</kind>
         <file>F2837xD_EQep.obj</file>
         <name>F2837xD_EQep.obj</name>
      </input_file>
      <input_file id="fl-5">
         <path>.\</path>
         <kind>object</kind>
         <file>F2837xD_GlobalVariableDefs.obj</file>
         <name>F2837xD_GlobalVariableDefs.obj</name>
      </input_file>
      <input_file id="fl-6">
         <path>.\</path>
         <kind>object</kind>
         <file>F2837xD_Gpio.obj</file>
         <name>F2837xD_Gpio.obj</name>
      </input_file>
      <input_file id="fl-7">
         <path>.\</path>
         <kind>object</kind>
         <file>F2837xD_I2C.obj</file>
         <name>F2837xD_I2C.obj</name>
      </input_file>
      <input_file id="fl-8">
         <path>.\</path>
         <kind>object</kind>
         <file>F2837xD_Spi.obj</file>
         <name>F2837xD_Spi.obj</name>
      </input_file>
      <input_file id="fl-9">
         <path>.\</path>
         <kind>object</kind>
         <file>F2837xD_SysCtrl.obj</file>
         <name>F2837xD_SysCtrl.obj</name>
      </input_file>
      <input_file id="fl-a">
         <path>.\</path>
         <kind>object</kind>
         <file>F2837xD_can.obj</file>
         <name>F2837xD_can.obj</name>
      </input_file>
      <input_file id="fl-b">
         <path>.\</path>
         <kind>object</kind>
         <file>F2837xD_usDelay.obj</file>
         <name>F2837xD_usDelay.obj</name>
      </input_file>
      <input_file id="fl-c">
         <path>.\</path>
         <kind>object</kind>
         <file>demo_rtos_cpu1.obj</file>
         <name>demo_rtos_cpu1.obj</name>
      </input_file>
      <input_file id="fl-10">
         <path>C:\Github_Repo\DSP_TI_TMS320F28379D\F28379D_Projects\demo_rtos_cpu1\Debug\configPkg\package\cfg\</path>
         <kind>object</kind>
         <file>demo_rtos_cpu1_p28FP.o28FP</file>
         <name>demo_rtos_cpu1_p28FP.o28FP</name>
      </input_file>
      <input_file id="fl-18">
         <kind>object</kind>
         <file>&lt;internal&gt;</file>
         <name>&lt;internal&gt;</name>
      </input_file>
      <input_file id="fl-19">
         <path>C:\Github_Repo\DSP_TI_TMS320F28379D\F28379D_Projects\demo_rtos_cpu1\src\sysbios\</path>
         <kind>archive</kind>
         <file>sysbios.a28FP</file>
         <name>BIOS.obj</name>
      </input_file>
      <input_file id="fl-1a">
         <path>C:\Github_Repo\DSP_TI_TMS320F28379D\F28379D_Projects\demo_rtos_cpu1\src\sysbios\</path>
         <kind>archive</kind>
         <file>sysbios.a28FP</file>
         <name>c28_Hwi_asm.obj</name>
      </input_file>
      <input_file id="fl-1b">
         <path>C:\Github_Repo\DSP_TI_TMS320F28379D\F28379D_Projects\demo_rtos_cpu1\src\sysbios\</path>
         <kind>archive</kind>
         <file>sysbios.a28FP</file>
         <name>c28_Hwi_disp_asm.obj</name>
      </input_file>
      <input_file id="fl-1c">
         <path>C:\Github_Repo\DSP_TI_TMS320F28379D\F28379D_Projects\demo_rtos_cpu1\src\sysbios\</path>
         <kind>archive</kind>
         <file>sysbios.a28FP</file>
         <name>c28_IntrinsicsSupport_asm.obj</name>
      </input_file>
      <input_file id="fl-1d">
         <path>C:\Github_Repo\DSP_TI_TMS320F28379D\F28379D_Projects\demo_rtos_cpu1\src\sysbios\</path>
         <kind>archive</kind>
         <file>sysbios.a28FP</file>
         <name>c28_TaskSupport_asm.obj</name>
      </input_file>
      <input_file id="fl-1e">
         <path>C:\ti\bios_6_76_02_02\packages\ti\targets\rts2800\lib\</path>
         <kind>archive</kind>
         <file>ti.targets.rts2800.a28FP</file>
         <name>Assert.o28FP</name>
      </input_file>
      <input_file id="fl-1f">
         <path>C:\ti\bios_6_76_02_02\packages\ti\targets\rts2800\lib\</path>
         <kind>archive</kind>
         <file>ti.targets.rts2800.a28FP</file>
         <name>Core-mem.o28FP</name>
      </input_file>
      <input_file id="fl-20">
         <path>C:\ti\bios_6_76_02_02\packages\ti\targets\rts2800\lib\</path>
         <kind>archive</kind>
         <file>ti.targets.rts2800.a28FP</file>
         <name>Core-smem.o28FP</name>
      </input_file>
      <input_file id="fl-21">
         <path>C:\ti\bios_6_76_02_02\packages\ti\targets\rts2800\lib\</path>
         <kind>archive</kind>
         <file>ti.targets.rts2800.a28FP</file>
         <name>Core-params.o28FP</name>
      </input_file>
      <input_file id="fl-22">
         <path>C:\ti\bios_6_76_02_02\packages\ti\targets\rts2800\lib\</path>
         <kind>archive</kind>
         <file>ti.targets.rts2800.a28FP</file>
         <name>Error.o28FP</name>
      </input_file>
      <input_file id="fl-23">
         <path>C:\ti\bios_6_76_02_02\packages\ti\targets\rts2800\lib\</path>
         <kind>archive</kind>
         <file>ti.targets.rts2800.a28FP</file>
         <name>Gate.o28FP</name>
      </input_file>
      <input_file id="fl-24">
         <path>C:\ti\bios_6_76_02_02\packages\ti\targets\rts2800\lib\</path>
         <kind>archive</kind>
         <file>ti.targets.rts2800.a28FP</file>
         <name>LoggerBuf.o28FP</name>
      </input_file>
      <input_file id="fl-25">
         <path>C:\ti\bios_6_76_02_02\packages\ti\targets\rts2800\lib\</path>
         <kind>archive</kind>
         <file>ti.targets.rts2800.a28FP</file>
         <name>Memory.o28FP</name>
      </input_file>
      <input_file id="fl-26">
         <path>C:\ti\bios_6_76_02_02\packages\ti\targets\rts2800\lib\</path>
         <kind>archive</kind>
         <file>ti.targets.rts2800.a28FP</file>
         <name>Startup.o28FP</name>
      </input_file>
      <input_file id="fl-27">
         <path>C:\ti\bios_6_76_02_02\packages\ti\targets\rts2800\lib\</path>
         <kind>archive</kind>
         <file>ti.targets.rts2800.a28FP</file>
         <name>System.o28FP</name>
      </input_file>
      <input_file id="fl-28">
         <path>C:\ti\bios_6_76_02_02\packages\ti\targets\rts2800\lib\</path>
         <kind>archive</kind>
         <file>ti.targets.rts2800.a28FP</file>
         <name>SysMin.o28FP</name>
      </input_file>
      <input_file id="fl-29">
         <path>C:\ti\bios_6_76_02_02\packages\ti\targets\rts2800\lib\</path>
         <kind>archive</kind>
         <file>ti.targets.rts2800.a28FP</file>
         <name>Text.o28FP</name>
      </input_file>
      <input_file id="fl-2a">
         <path>C:\ti\bios_6_76_02_02\packages\ti\targets\rts2800\lib\</path>
         <kind>archive</kind>
         <file>ti.targets.rts2800.a28FP</file>
         <name>xdc_noinit.o28FP</name>
      </input_file>
      <input_file id="fl-2b">
         <path>C:\ti\bios_6_76_02_02\packages\ti\targets\rts2800\lib\</path>
         <kind>archive</kind>
         <file>ti.targets.rts2800.a28FP</file>
         <name>Log.o28FP</name>
      </input_file>
      <input_file id="fl-2c">
         <path>C:\ti\bios_6_76_02_02\packages\ti\targets\rts2800\lib\</path>
         <kind>archive</kind>
         <file>ti.targets.rts2800.a28FP</file>
         <name>Registry.o28FP</name>
      </input_file>
      <input_file id="fl-2d">
         <path>C:\ti\bios_6_76_02_02\packages\ti\targets\rts2800\lib\</path>
         <kind>archive</kind>
         <file>boot.a28FP</file>
         <name>boot_cg.o28FP</name>
      </input_file>
      <input_file id="fl-2e">
         <path>C:\ti\bios_6_76_02_02\packages\ti\catalog\c2800\initF2837x\lib\</path>
         <kind>archive</kind>
         <file>Boot.a28FP</file>
         <name>Boot.o28FP</name>
      </input_file>
      <input_file id="fl-2f">
         <path>C:\ti\bios_6_76_02_02\packages\ti\catalog\c2800\initF2837x\lib\</path>
         <kind>archive</kind>
         <file>Boot.a28FP</file>
         <name>Boot_asm.o28FP</name>
      </input_file>
      <input_file id="fl-3b">
         <path>C:\ti\ccs920\ccs\tools\compiler\ti-cgt-c2000_18.12.4.LTS\lib\</path>
         <kind>archive</kind>
         <file>rts2800_fpu32.lib</file>
         <name>fs_div28.asm.obj</name>
      </input_file>
      <input_file id="fl-3c">
         <path>C:\ti\ccs920\ccs\tools\compiler\ti-cgt-c2000_18.12.4.LTS\lib\</path>
         <kind>archive</kind>
         <file>rts2800_fpu32.lib</file>
         <name>ll_div28.asm.obj</name>
      </input_file>
      <input_file id="fl-3d">
         <path>C:\ti\ccs920\ccs\tools\compiler\ti-cgt-c2000_18.12.4.LTS\lib\</path>
         <kind>archive</kind>
         <file>rts2800_fpu32.lib</file>
         <name>cpy_tbl.c.obj</name>
      </input_file>
      <input_file id="fl-3e">
         <path>C:\ti\ccs920\ccs\tools\compiler\ti-cgt-c2000_18.12.4.LTS\lib\</path>
         <kind>archive</kind>
         <file>rts2800_fpu32.lib</file>
         <name>memcpy.c.obj</name>
      </input_file>
      <input_file id="fl-3f">
         <path>C:\ti\ccs920\ccs\tools\compiler\ti-cgt-c2000_18.12.4.LTS\lib\</path>
         <kind>archive</kind>
         <file>rts2800_fpu32.lib</file>
         <name>pre_init.c.obj</name>
      </input_file>
      <input_file id="fl-40">
         <path>C:\ti\ccs920\ccs\tools\compiler\ti-cgt-c2000_18.12.4.LTS\lib\</path>
         <kind>archive</kind>
         <file>rts2800_fpu32.lib</file>
         <name>startup.c.obj</name>
      </input_file>
      <input_file id="fl-41">
         <path>C:\ti\ccs920\ccs\tools\compiler\ti-cgt-c2000_18.12.4.LTS\lib\</path>
         <kind>archive</kind>
         <file>rts2800_fpu32.lib</file>
         <name>exit.c.obj</name>
      </input_file>
      <input_file id="fl-42">
         <path>C:\ti\ccs920\ccs\tools\compiler\ti-cgt-c2000_18.12.4.LTS\lib\</path>
         <kind>archive</kind>
         <file>rts2800_fpu32.lib</file>
         <name>_lock.c.obj</name>
      </input_file>
      <input_file id="fl-43">
         <path>C:\ti\ccs920\ccs\tools\compiler\ti-cgt-c2000_18.12.4.LTS\lib\</path>
         <kind>archive</kind>
         <file>rts2800_fpu32.lib</file>
         <name>args_main.c.obj</name>
      </input_file>
      <input_file id="fl-44">
         <path>C:\ti\ccs920\ccs\tools\compiler\ti-cgt-c2000_18.12.4.LTS\lib\</path>
         <kind>archive</kind>
         <file>rts2800_fpu32.lib</file>
         <name>memset.c.obj</name>
      </input_file>
      <input_file id="fl-45">
         <path>C:\ti\ccs920\ccs\tools\compiler\ti-cgt-c2000_18.12.4.LTS\lib\</path>
         <kind>archive</kind>
         <file>rts2800_fpu32.lib</file>
         <name>strcmp.c.obj</name>
      </input_file>
      <input_file id="fl-46">
         <path>C:\ti\ccs920\ccs\tools\compiler\ti-cgt-c2000_18.12.4.LTS\lib\</path>
         <kind>archive</kind>
         <file>rts2800_fpu32.lib</file>
         <name>strlen.c.obj</name>
      </input_file>
      <input_file id="fl-47">
         <path>C:\ti\ccs920\ccs\tools\compiler\ti-cgt-c2000_18.12.4.LTS\lib\</path>
         <kind>archive</kind>
         <file>rts2800_fpu32.lib</file>
         <name>hostwrite.c.obj</name>
      </input_file>
      <input_file id="fl-48">
         <path>C:\ti\ccs920\ccs\tools\compiler\ti-cgt-c2000_18.12.4.LTS\lib\</path>
         <kind>archive</kind>
         <file>rts2800_fpu32.lib</file>
         <name>trgmsg.c.obj</name>
      </input_file>
      <input_file id="fl-49">
         <path>C:\ti\ccs920\ccs\tools\compiler\ti-cgt-c2000_18.12.4.LTS\lib\</path>
         <kind>archive</kind>
         <file>rts2800_fpu32.lib</file>
         <name>hostopen.c.obj</name>
      </input_file>
   </input_file_list>
   <object_component_list>
      <object_component id="oc-f5">
         <name>PieVectTableFile</name>
         <uninitialized>true</uninitialized>
         <run_address>0xd00</run_address>
         <size>0x1c0</size>
         <input_file_ref idref="fl-5"/>
      </object_component>
      <object_component id="oc-95">
         <name>EmuBModeVar</name>
         <uninitialized>true</uninitialized>
         <run_address>0xd00</run_address>
         <size>0x1</size>
         <input_file_ref idref="fl-5"/>
      </object_component>
      <object_component id="oc-96">
         <name>EmuBootPinsVar</name>
         <uninitialized>true</uninitialized>
         <run_address>0xd01</run_address>
         <size>0x1</size>
         <input_file_ref idref="fl-5"/>
      </object_component>
      <object_component id="oc-ac">
         <name>AdcaResultFile</name>
         <uninitialized>true</uninitialized>
         <run_address>0xb00</run_address>
         <size>0x18</size>
         <input_file_ref idref="fl-5"/>
      </object_component>
      <object_component id="oc-ad">
         <name>AdcbResultFile</name>
         <uninitialized>true</uninitialized>
         <run_address>0xb20</run_address>
         <size>0x18</size>
         <input_file_ref idref="fl-5"/>
      </object_component>
      <object_component id="oc-ae">
         <name>AdccResultFile</name>
         <uninitialized>true</uninitialized>
         <run_address>0xb40</run_address>
         <size>0x18</size>
         <input_file_ref idref="fl-5"/>
      </object_component>
      <object_component id="oc-af">
         <name>AdcdResultFile</name>
         <uninitialized>true</uninitialized>
         <run_address>0xb60</run_address>
         <size>0x18</size>
         <input_file_ref idref="fl-5"/>
      </object_component>
      <object_component id="oc-db">
         <name>AdcaRegsFile</name>
         <uninitialized>true</uninitialized>
         <run_address>0x7400</run_address>
         <size>0x80</size>
         <input_file_ref idref="fl-5"/>
      </object_component>
      <object_component id="oc-dc">
         <name>AdcbRegsFile</name>
         <uninitialized>true</uninitialized>
         <run_address>0x7480</run_address>
         <size>0x80</size>
         <input_file_ref idref="fl-5"/>
      </object_component>
      <object_component id="oc-dd">
         <name>AdccRegsFile</name>
         <uninitialized>true</uninitialized>
         <run_address>0x7500</run_address>
         <size>0x80</size>
         <input_file_ref idref="fl-5"/>
      </object_component>
      <object_component id="oc-de">
         <name>AdcdRegsFile</name>
         <uninitialized>true</uninitialized>
         <run_address>0x7580</run_address>
         <size>0x80</size>
         <input_file_ref idref="fl-5"/>
      </object_component>
      <object_component id="oc-d7">
         <name>AnalogSubsysRegsFile</name>
         <uninitialized>true</uninitialized>
         <run_address>0x5d180</run_address>
         <size>0x48</size>
         <input_file_ref idref="fl-5"/>
      </object_component>
      <object_component id="oc-f1">
         <name>CanaRegsFile</name>
         <uninitialized>true</uninitialized>
         <run_address>0x48000</run_address>
         <size>0x164</size>
         <input_file_ref idref="fl-5"/>
      </object_component>
      <object_component id="oc-f2">
         <name>CanbRegsFile</name>
         <uninitialized>true</uninitialized>
         <run_address>0x4a000</run_address>
         <size>0x164</size>
         <input_file_ref idref="fl-5"/>
      </object_component>
      <object_component id="oc-d2">
         <name>Cla1RegsFile</name>
         <uninitialized>true</uninitialized>
         <run_address>0x1400</run_address>
         <size>0x3e</size>
         <input_file_ref idref="fl-5"/>
      </object_component>
      <object_component id="oc-9a">
         <name>Cla1SoftIntRegsFile</name>
         <uninitialized>true</uninitialized>
         <run_address>0xce0</run_address>
         <size>0x4</size>
         <input_file_ref idref="fl-5"/>
      </object_component>
      <object_component id="oc-b2">
         <name>Cmpss1RegsFile</name>
         <uninitialized>true</uninitialized>
         <run_address>0x5c80</run_address>
         <size>0x20</size>
         <input_file_ref idref="fl-5"/>
      </object_component>
      <object_component id="oc-b3">
         <name>Cmpss2RegsFile</name>
         <uninitialized>true</uninitialized>
         <run_address>0x5ca0</run_address>
         <size>0x20</size>
         <input_file_ref idref="fl-5"/>
      </object_component>
      <object_component id="oc-b4">
         <name>Cmpss3RegsFile</name>
         <uninitialized>true</uninitialized>
         <run_address>0x5cc0</run_address>
         <size>0x20</size>
         <input_file_ref idref="fl-5"/>
      </object_component>
      <object_component id="oc-b5">
         <name>Cmpss4RegsFile</name>
         <uninitialized>true</uninitialized>
         <run_address>0x5ce0</run_address>
         <size>0x20</size>
         <input_file_ref idref="fl-5"/>
      </object_component>
      <object_component id="oc-b6">
         <name>Cmpss5RegsFile</name>
         <uninitialized>true</uninitialized>
         <run_address>0x5d00</run_address>
         <size>0x20</size>
         <input_file_ref idref="fl-5"/>
      </object_component>
      <object_component id="oc-b7">
         <name>Cmpss6RegsFile</name>
         <uninitialized>true</uninitialized>
         <run_address>0x5d20</run_address>
         <size>0x20</size>
         <input_file_ref idref="fl-5"/>
      </object_component>
      <object_component id="oc-b8">
         <name>Cmpss7RegsFile</name>
         <uninitialized>true</uninitialized>
         <run_address>0x5d40</run_address>
         <size>0x20</size>
         <input_file_ref idref="fl-5"/>
      </object_component>
      <object_component id="oc-b9">
         <name>Cmpss8RegsFile</name>
         <uninitialized>true</uninitialized>
         <run_address>0x5d60</run_address>
         <size>0x20</size>
         <input_file_ref idref="fl-5"/>
      </object_component>
      <object_component id="oc-a0">
         <name>CpuTimer0RegsFile</name>
         <uninitialized>true</uninitialized>
         <run_address>0xc00</run_address>
         <size>0x8</size>
         <input_file_ref idref="fl-5"/>
      </object_component>
      <object_component id="oc-a1">
         <name>CpuTimer1RegsFile</name>
         <uninitialized>true</uninitialized>
         <run_address>0xc08</run_address>
         <size>0x8</size>
         <input_file_ref idref="fl-5"/>
      </object_component>
      <object_component id="oc-a2">
         <name>CpuTimer2RegsFile</name>
         <uninitialized>true</uninitialized>
         <run_address>0xc10</run_address>
         <size>0x8</size>
         <input_file_ref idref="fl-5"/>
      </object_component>
      <object_component id="oc-9d">
         <name>DacaRegsFile</name>
         <uninitialized>true</uninitialized>
         <run_address>0x5c00</run_address>
         <size>0x8</size>
         <input_file_ref idref="fl-5"/>
      </object_component>
      <object_component id="oc-9e">
         <name>DacbRegsFile</name>
         <uninitialized>true</uninitialized>
         <run_address>0x5c10</run_address>
         <size>0x8</size>
         <input_file_ref idref="fl-5"/>
      </object_component>
      <object_component id="oc-9f">
         <name>DaccRegsFile</name>
         <uninitialized>true</uninitialized>
         <run_address>0x5c20</run_address>
         <size>0x8</size>
         <input_file_ref idref="fl-5"/>
      </object_component>
      <object_component id="oc-c9">
         <name>DcsmZ1RegsFile</name>
         <uninitialized>true</uninitialized>
         <run_address>0x5f000</run_address>
         <size>0x24</size>
         <input_file_ref idref="fl-5"/>
      </object_component>
      <object_component id="oc-ca">
         <name>DcsmZ2RegsFile</name>
         <uninitialized>true</uninitialized>
         <run_address>0x5f040</run_address>
         <size>0x24</size>
         <input_file_ref idref="fl-5"/>
      </object_component>
      <object_component id="oc-a3">
         <name>DcsmCommonRegsFile</name>
         <uninitialized>true</uninitialized>
         <run_address>0x5f070</run_address>
         <size>0x8</size>
         <input_file_ref idref="fl-5"/>
      </object_component>
      <object_component id="oc-e3">
         <name>DmaRegsFile</name>
         <uninitialized>true</uninitialized>
         <run_address>0x1000</run_address>
         <size>0xe0</size>
         <input_file_ref idref="fl-5"/>
      </object_component>
      <object_component id="oc-b0">
         <name>DmaClaSrcSelRegsFile</name>
         <uninitialized>true</uninitialized>
         <run_address>0x7980</run_address>
         <size>0x1a</size>
         <input_file_ref idref="fl-5"/>
      </object_component>
      <object_component id="oc-ba">
         <name>ECap1RegsFile</name>
         <uninitialized>true</uninitialized>
         <run_address>0x5000</run_address>
         <size>0x20</size>
         <input_file_ref idref="fl-5"/>
      </object_component>
      <object_component id="oc-bb">
         <name>ECap2RegsFile</name>
         <uninitialized>true</uninitialized>
         <run_address>0x5020</run_address>
         <size>0x20</size>
         <input_file_ref idref="fl-5"/>
      </object_component>
      <object_component id="oc-bc">
         <name>ECap3RegsFile</name>
         <uninitialized>true</uninitialized>
         <run_address>0x5040</run_address>
         <size>0x20</size>
         <input_file_ref idref="fl-5"/>
      </object_component>
      <object_component id="oc-bd">
         <name>ECap4RegsFile</name>
         <uninitialized>true</uninitialized>
         <run_address>0x5060</run_address>
         <size>0x20</size>
         <input_file_ref idref="fl-5"/>
      </object_component>
      <object_component id="oc-be">
         <name>ECap5RegsFile</name>
         <uninitialized>true</uninitialized>
         <run_address>0x5080</run_address>
         <size>0x20</size>
         <input_file_ref idref="fl-5"/>
      </object_component>
      <object_component id="oc-bf">
         <name>ECap6RegsFile</name>
         <uninitialized>true</uninitialized>
         <run_address>0x50a0</run_address>
         <size>0x20</size>
         <input_file_ref idref="fl-5"/>
      </object_component>
      <object_component id="oc-d9">
         <name>Emif1RegsFile</name>
         <uninitialized>true</uninitialized>
         <run_address>0x47000</run_address>
         <size>0x70</size>
         <input_file_ref idref="fl-5"/>
      </object_component>
      <object_component id="oc-da">
         <name>Emif2RegsFile</name>
         <uninitialized>true</uninitialized>
         <run_address>0x47800</run_address>
         <size>0x70</size>
         <input_file_ref idref="fl-5"/>
      </object_component>
      <object_component id="oc-e4">
         <name>EPwm1RegsFile</name>
         <uninitialized>true</uninitialized>
         <run_address>0x4000</run_address>
         <size>0x100</size>
         <input_file_ref idref="fl-5"/>
      </object_component>
      <object_component id="oc-e5">
         <name>EPwm2RegsFile</name>
         <uninitialized>true</uninitialized>
         <run_address>0x4100</run_address>
         <size>0x100</size>
         <input_file_ref idref="fl-5"/>
      </object_component>
      <object_component id="oc-e6">
         <name>EPwm3RegsFile</name>
         <uninitialized>true</uninitialized>
         <run_address>0x4200</run_address>
         <size>0x100</size>
         <input_file_ref idref="fl-5"/>
      </object_component>
      <object_component id="oc-e7">
         <name>EPwm4RegsFile</name>
         <uninitialized>true</uninitialized>
         <run_address>0x4300</run_address>
         <size>0x100</size>
         <input_file_ref idref="fl-5"/>
      </object_component>
      <object_component id="oc-e8">
         <name>EPwm5RegsFile</name>
         <uninitialized>true</uninitialized>
         <run_address>0x4400</run_address>
         <size>0x100</size>
         <input_file_ref idref="fl-5"/>
      </object_component>
      <object_component id="oc-e9">
         <name>EPwm6RegsFile</name>
         <uninitialized>true</uninitialized>
         <run_address>0x4500</run_address>
         <size>0x100</size>
         <input_file_ref idref="fl-5"/>
      </object_component>
      <object_component id="oc-ea">
         <name>EPwm7RegsFile</name>
         <uninitialized>true</uninitialized>
         <run_address>0x4600</run_address>
         <size>0x100</size>
         <input_file_ref idref="fl-5"/>
      </object_component>
      <object_component id="oc-eb">
         <name>EPwm8RegsFile</name>
         <uninitialized>true</uninitialized>
         <run_address>0x4700</run_address>
         <size>0x100</size>
         <input_file_ref idref="fl-5"/>
      </object_component>
      <object_component id="oc-ec">
         <name>EPwm9RegsFile</name>
         <uninitialized>true</uninitialized>
         <run_address>0x4800</run_address>
         <size>0x100</size>
         <input_file_ref idref="fl-5"/>
      </object_component>
      <object_component id="oc-ed">
         <name>EPwm10RegsFile</name>
         <uninitialized>true</uninitialized>
         <run_address>0x4900</run_address>
         <size>0x100</size>
         <input_file_ref idref="fl-5"/>
      </object_component>
      <object_component id="oc-ee">
         <name>EPwm11RegsFile</name>
         <uninitialized>true</uninitialized>
         <run_address>0x4a00</run_address>
         <size>0x100</size>
         <input_file_ref idref="fl-5"/>
      </object_component>
      <object_component id="oc-ef">
         <name>EPwm12RegsFile</name>
         <uninitialized>true</uninitialized>
         <run_address>0x4b00</run_address>
         <size>0x100</size>
         <input_file_ref idref="fl-5"/>
      </object_component>
      <object_component id="oc-d3">
         <name>EPwmXbarRegsFile</name>
         <uninitialized>true</uninitialized>
         <run_address>0x7a00</run_address>
         <size>0x40</size>
         <input_file_ref idref="fl-5"/>
      </object_component>
      <object_component id="oc-c4">
         <name>EQep1RegsFile</name>
         <uninitialized>true</uninitialized>
         <run_address>0x5100</run_address>
         <size>0x22</size>
         <input_file_ref idref="fl-5"/>
      </object_component>
      <object_component id="oc-c5">
         <name>EQep2RegsFile</name>
         <uninitialized>true</uninitialized>
         <run_address>0x5140</run_address>
         <size>0x22</size>
         <input_file_ref idref="fl-5"/>
      </object_component>
      <object_component id="oc-c6">
         <name>EQep3RegsFile</name>
         <uninitialized>true</uninitialized>
         <run_address>0x5180</run_address>
         <size>0x22</size>
         <input_file_ref idref="fl-5"/>
      </object_component>
      <object_component id="oc-f4">
         <name>Flash0CtrlRegsFile</name>
         <uninitialized>true</uninitialized>
         <run_address>0x5f800</run_address>
         <size>0x182</size>
         <input_file_ref idref="fl-5"/>
      </object_component>
      <object_component id="oc-ce">
         <name>Flash0EccRegsFile</name>
         <uninitialized>true</uninitialized>
         <run_address>0x5fb00</run_address>
         <size>0x28</size>
         <input_file_ref idref="fl-5"/>
      </object_component>
      <object_component id="oc-f3">
         <name>GpioCtrlRegsFile</name>
         <uninitialized>true</uninitialized>
         <run_address>0x7c00</run_address>
         <size>0x180</size>
         <input_file_ref idref="fl-5"/>
      </object_component>
      <object_component id="oc-d0">
         <name>GpioDataRegsFile</name>
         <uninitialized>true</uninitialized>
         <run_address>0x7f00</run_address>
         <size>0x30</size>
         <input_file_ref idref="fl-5"/>
      </object_component>
      <object_component id="oc-d4">
         <name>OutputXbarRegsFile</name>
         <uninitialized>true</uninitialized>
         <run_address>0x7a80</run_address>
         <size>0x40</size>
         <input_file_ref idref="fl-5"/>
      </object_component>
      <object_component id="oc-c7">
         <name>I2caRegsFile</name>
         <uninitialized>true</uninitialized>
         <run_address>0x7300</run_address>
         <size>0x22</size>
         <input_file_ref idref="fl-5"/>
      </object_component>
      <object_component id="oc-c8">
         <name>I2cbRegsFile</name>
         <uninitialized>true</uninitialized>
         <run_address>0x7340</run_address>
         <size>0x22</size>
         <input_file_ref idref="fl-5"/>
      </object_component>
      <object_component id="oc-c0">
         <name>InputXbarRegsFile</name>
         <uninitialized>true</uninitialized>
         <run_address>0x7900</run_address>
         <size>0x20</size>
         <input_file_ref idref="fl-5"/>
      </object_component>
      <object_component id="oc-c1">
         <name>XbarRegsFile</name>
         <uninitialized>true</uninitialized>
         <run_address>0x7920</run_address>
         <size>0x20</size>
         <input_file_ref idref="fl-5"/>
      </object_component>
      <object_component id="oc-cb">
         <name>IpcRegsFile</name>
         <uninitialized>true</uninitialized>
         <run_address>0x50000</run_address>
         <size>0x24</size>
         <input_file_ref idref="fl-5"/>
      </object_component>
      <object_component id="oc-97">
         <name>FlashPumpSemaphoreRegsFile</name>
         <uninitialized>true</uninitialized>
         <run_address>0x50024</run_address>
         <size>0x2</size>
         <input_file_ref idref="fl-5"/>
      </object_component>
      <object_component id="oc-98">
         <name>RomPrefetchRegsFile</name>
         <uninitialized>true</uninitialized>
         <run_address>0x5e608</run_address>
         <size>0x2</size>
         <input_file_ref idref="fl-5"/>
      </object_component>
      <object_component id="oc-df">
         <name>MemCfgRegsFile</name>
         <uninitialized>true</uninitialized>
         <run_address>0x5f400</run_address>
         <size>0x80</size>
         <input_file_ref idref="fl-5"/>
      </object_component>
      <object_component id="oc-c2">
         <name>Emif1ConfigRegsFile</name>
         <uninitialized>true</uninitialized>
         <run_address>0x5f480</run_address>
         <size>0x20</size>
         <input_file_ref idref="fl-5"/>
      </object_component>
      <object_component id="oc-c3">
         <name>Emif2ConfigRegsFile</name>
         <uninitialized>true</uninitialized>
         <run_address>0x5f4a0</run_address>
         <size>0x20</size>
         <input_file_ref idref="fl-5"/>
      </object_component>
      <object_component id="oc-d5">
         <name>AccessProtectionRegsFile</name>
         <uninitialized>true</uninitialized>
         <run_address>0x5f4c0</run_address>
         <size>0x40</size>
         <input_file_ref idref="fl-5"/>
      </object_component>
      <object_component id="oc-d6">
         <name>MemoryErrorRegsFile</name>
         <uninitialized>true</uninitialized>
         <run_address>0x5f500</run_address>
         <size>0x40</size>
         <input_file_ref idref="fl-5"/>
      </object_component>
      <object_component id="oc-99">
         <name>RomWaitStateRegsFile</name>
         <uninitialized>true</uninitialized>
         <run_address>0x5f540</run_address>
         <size>0x2</size>
         <input_file_ref idref="fl-5"/>
      </object_component>
      <object_component id="oc-cc">
         <name>McbspaRegsFile</name>
         <uninitialized>true</uninitialized>
         <run_address>0x6000</run_address>
         <size>0x24</size>
         <input_file_ref idref="fl-5"/>
      </object_component>
      <object_component id="oc-cd">
         <name>McbspbRegsFile</name>
         <uninitialized>true</uninitialized>
         <run_address>0x6040</run_address>
         <size>0x24</size>
         <input_file_ref idref="fl-5"/>
      </object_component>
      <object_component id="oc-d8">
         <name>UppRegsFile</name>
         <uninitialized>true</uninitialized>
         <run_address>0x6200</run_address>
         <size>0x48</size>
         <input_file_ref idref="fl-5"/>
      </object_component>
      <object_component id="oc-9c">
         <name>NmiIntruptRegsFile</name>
         <uninitialized>true</uninitialized>
         <run_address>0x7060</run_address>
         <size>0x7</size>
         <input_file_ref idref="fl-5"/>
      </object_component>
      <object_component id="oc-b1">
         <name>PieCtrlRegsFile</name>
         <uninitialized>true</uninitialized>
         <run_address>0xce0</run_address>
         <size>0x1a</size>
         <input_file_ref idref="fl-5"/>
      </object_component>
      <object_component id="oc-a5">
         <name>SciaRegsFile</name>
         <uninitialized>true</uninitialized>
         <run_address>0x7200</run_address>
         <size>0x10</size>
         <input_file_ref idref="fl-5"/>
      </object_component>
      <object_component id="oc-a6">
         <name>ScibRegsFile</name>
         <uninitialized>true</uninitialized>
         <run_address>0x7210</run_address>
         <size>0x10</size>
         <input_file_ref idref="fl-5"/>
      </object_component>
      <object_component id="oc-a7">
         <name>ScicRegsFile</name>
         <uninitialized>true</uninitialized>
         <run_address>0x7220</run_address>
         <size>0x10</size>
         <input_file_ref idref="fl-5"/>
      </object_component>
      <object_component id="oc-a8">
         <name>ScidRegsFile</name>
         <uninitialized>true</uninitialized>
         <run_address>0x7230</run_address>
         <size>0x10</size>
         <input_file_ref idref="fl-5"/>
      </object_component>
      <object_component id="oc-e0">
         <name>Sdfm1RegsFile</name>
         <uninitialized>true</uninitialized>
         <run_address>0x5e00</run_address>
         <size>0x80</size>
         <input_file_ref idref="fl-5"/>
      </object_component>
      <object_component id="oc-e1">
         <name>Sdfm2RegsFile</name>
         <uninitialized>true</uninitialized>
         <run_address>0x5e80</run_address>
         <size>0x80</size>
         <input_file_ref idref="fl-5"/>
      </object_component>
      <object_component id="oc-a9">
         <name>SpiaRegsFile</name>
         <uninitialized>true</uninitialized>
         <run_address>0x6100</run_address>
         <size>0x10</size>
         <input_file_ref idref="fl-5"/>
      </object_component>
      <object_component id="oc-aa">
         <name>SpibRegsFile</name>
         <uninitialized>true</uninitialized>
         <run_address>0x6110</run_address>
         <size>0x10</size>
         <input_file_ref idref="fl-5"/>
      </object_component>
      <object_component id="oc-ab">
         <name>SpicRegsFile</name>
         <uninitialized>true</uninitialized>
         <run_address>0x6120</run_address>
         <size>0x10</size>
         <input_file_ref idref="fl-5"/>
      </object_component>
      <object_component id="oc-f0">
         <name>DevCfgRegsFile</name>
         <uninitialized>true</uninitialized>
         <run_address>0x5d000</run_address>
         <size>0x12e</size>
         <input_file_ref idref="fl-5"/>
      </object_component>
      <object_component id="oc-d1">
         <name>ClkCfgRegsFile</name>
         <uninitialized>true</uninitialized>
         <run_address>0x5d200</run_address>
         <size>0x32</size>
         <input_file_ref idref="fl-5"/>
      </object_component>
      <object_component id="oc-e2">
         <name>CpuSysRegsFile</name>
         <uninitialized>true</uninitialized>
         <run_address>0x5d300</run_address>
         <size>0x82</size>
         <input_file_ref idref="fl-5"/>
      </object_component>
      <object_component id="oc-9b">
         <name>SyncSocRegsFile</name>
         <uninitialized>true</uninitialized>
         <run_address>0x7940</run_address>
         <size>0x6</size>
         <input_file_ref idref="fl-5"/>
      </object_component>
      <object_component id="oc-cf">
         <name>WdRegsFile</name>
         <uninitialized>true</uninitialized>
         <run_address>0x7000</run_address>
         <size>0x2b</size>
         <input_file_ref idref="fl-5"/>
      </object_component>
      <object_component id="oc-a4">
         <name>XintRegsFile</name>
         <uninitialized>true</uninitialized>
         <run_address>0x7070</run_address>
         <size>0xb</size>
         <input_file_ref idref="fl-5"/>
      </object_component>
      <object_component id="oc-1fe">
         <name>.cinit:_ti_sysbios_family_c28_Hwi_Module_State_0_dispatchTable__A</name>
         <load_address>0x82000</load_address>
         <run_address>0x82000</run_address>
         <size>0x1c3</size>
         <input_file_ref idref="fl-10"/>
      </object_component>
      <object_component id="oc-11b">
         <name>.cinit</name>
         <load_address>0x821c3</load_address>
         <run_address>0x821c3</run_address>
         <size>0x119</size>
         <input_file_ref idref="fl-10"/>
      </object_component>
      <object_component id="oc-1fc">
         <name>.cinit:_ti_sysbios_knl_Swi_Module_State_0_readyQ__A</name>
         <load_address>0x822dc</load_address>
         <run_address>0x822dc</run_address>
         <size>0x43</size>
         <input_file_ref idref="fl-10"/>
      </object_component>
      <object_component id="oc-206">
         <name>.cinit:_ti_sysbios_knl_Task_Module_State_0_readyQ__A</name>
         <load_address>0x8231f</load_address>
         <run_address>0x8231f</run_address>
         <size>0x43</size>
         <input_file_ref idref="fl-10"/>
      </object_component>
      <object_component id="oc-122">
         <name>.cinit:_ti_sysbios_knl_Task_Object__table__V</name>
         <load_address>0x82362</load_address>
         <run_address>0x82362</run_address>
         <size>0x2d</size>
         <input_file_ref idref="fl-10"/>
      </object_component>
      <object_component id="oc-200">
         <name>.cinit:_ti_sysbios_gates_GateMutex_Object__table__V</name>
         <load_address>0x8238f</load_address>
         <run_address>0x8238f</run_address>
         <size>0x1f</size>
         <input_file_ref idref="fl-10"/>
      </object_component>
      <object_component id="oc-1f9">
         <name>.cinit:_ti_sysbios_family_c28_Timer_Object__table__V</name>
         <load_address>0x823ae</load_address>
         <run_address>0x823ae</run_address>
         <size>0x1b</size>
         <input_file_ref idref="fl-10"/>
      </object_component>
      <object_component id="oc-1fb">
         <name>.cinit:_ti_sysbios_knl_Swi_Object__table__V</name>
         <load_address>0x823c9</load_address>
         <run_address>0x823c9</run_address>
         <size>0x17</size>
         <input_file_ref idref="fl-10"/>
      </object_component>
      <object_component id="oc-289">
         <name>.cinit:_xdc_runtime_LoggerBuf_Object__table__V</name>
         <load_address>0x823e0</load_address>
         <run_address>0x823e0</run_address>
         <size>0x15</size>
         <input_file_ref idref="fl-10"/>
      </object_component>
      <object_component id="oc-21b">
         <name>.cinit:_ti_sysbios_family_c28_Hwi_Object__table__V</name>
         <load_address>0x823f5</load_address>
         <run_address>0x823f5</run_address>
         <size>0x13</size>
         <input_file_ref idref="fl-10"/>
      </object_component>
      <object_component id="oc-11d">
         <name>.cinit:_ti_sysbios_knl_Clock_Object__table__V</name>
         <load_address>0x82408</load_address>
         <run_address>0x82408</run_address>
         <size>0x13</size>
         <input_file_ref idref="fl-10"/>
      </object_component>
      <object_component id="oc-121">
         <name>.cinit:_ti_sysbios_heaps_HeapMem_Object__table__V</name>
         <load_address>0x8241b</load_address>
         <run_address>0x8241b</run_address>
         <size>0xf</size>
         <input_file_ref idref="fl-10"/>
      </object_component>
      <object_component id="oc-1bc">
         <name>.cinit</name>
         <load_address>0x8242a</load_address>
         <run_address>0x8242a</run_address>
         <size>0xe</size>
         <input_file_ref idref="fl-41"/>
      </object_component>
      <object_component id="oc-1f5">
         <name>.cinit:_xdc_runtime_System_Module_State_0_atexitHandlers__A</name>
         <load_address>0x82438</load_address>
         <run_address>0x82438</run_address>
         <size>0xb</size>
         <input_file_ref idref="fl-10"/>
      </object_component>
      <object_component id="oc-256">
         <name>.cinit:__lock</name>
         <load_address>0x82443</load_address>
         <run_address>0x82443</run_address>
         <size>0x5</size>
         <input_file_ref idref="fl-42"/>
      </object_component>
      <object_component id="oc-255">
         <name>.cinit:__unlock</name>
         <load_address>0x82448</load_address>
         <run_address>0x82448</run_address>
         <size>0x5</size>
         <input_file_ref idref="fl-42"/>
      </object_component>
      <object_component id="oc-2d8">
         <name>.cinit:_ti_sysbios_gates_GateHwi_Object__table__V</name>
         <load_address>0x8244d</load_address>
         <run_address>0x8244d</run_address>
         <size>0x5</size>
         <input_file_ref idref="fl-10"/>
      </object_component>
      <object_component id="oc-208">
         <name>.cinit:_ti_sysbios_knl_Task_Module_State_0_idleTask__A</name>
         <load_address>0x82452</load_address>
         <run_address>0x82452</run_address>
         <size>0x5</size>
         <input_file_ref idref="fl-10"/>
      </object_component>
      <object_component id="oc-3b6">
         <name>.binit</name>
         <load_address>0x81ddc</load_address>
         <run_address>0x81ddc</run_address>
         <size>0x12</size>
      </object_component>
      <object_component id="oc-397">
         <name>.text:_xdc_runtime_System_doPrint__I</name>
         <load_address>0x88000</load_address>
         <run_address>0x88000</run_address>
         <size>0x233</size>
         <input_file_ref idref="fl-27"/>
      </object_component>
      <object_component id="oc-277">
         <name>.text:_InitSysPll</name>
         <load_address>0x88233</load_address>
         <run_address>0x88233</run_address>
         <size>0x1ef</size>
         <input_file_ref idref="fl-9"/>
      </object_component>
      <object_component id="oc-292">
         <name>.text:_ti_sysbios_knl_Semaphore_pend__E</name>
         <load_address>0x88422</load_address>
         <run_address>0x88422</run_address>
         <size>0x1d3</size>
         <input_file_ref idref="fl-19"/>
      </object_component>
      <object_component id="oc-268">
         <name>.text:_ti_sysbios_heaps_HeapMem_freeUnprotected__E</name>
         <load_address>0x885f5</load_address>
         <run_address>0x885f5</run_address>
         <size>0x1a1</size>
         <input_file_ref idref="fl-19"/>
      </object_component>
      <object_component id="oc-264">
         <name>.text:_ti_sysbios_heaps_HeapMem_allocUnprotected__E</name>
         <load_address>0x88796</load_address>
         <run_address>0x88796</run_address>
         <size>0x16c</size>
         <input_file_ref idref="fl-19"/>
      </object_component>
      <object_component id="oc-1a2">
         <name>.text</name>
         <load_address>0x88902</load_address>
         <run_address>0x88902</run_address>
         <size>0x107</size>
         <input_file_ref idref="fl-3c"/>
      </object_component>
      <object_component id="oc-26c">
         <name>.text:_ti_sysbios_heaps_HeapMem_Instance_init__E</name>
         <load_address>0x88a09</load_address>
         <run_address>0x88a09</run_address>
         <size>0xef</size>
         <input_file_ref idref="fl-19"/>
      </object_component>
      <object_component id="oc-29c">
         <name>.text:_ti_sysbios_family_c28_Hwi_clearInterrupt__E</name>
         <load_address>0x88af8</load_address>
         <run_address>0x88af8</run_address>
         <size>0xdc</size>
         <input_file_ref idref="fl-19"/>
      </object_component>
      <object_component id="oc-3ab">
         <name>.text:_ti_sysbios_family_c28_Hwi_dispatchCore__I</name>
         <load_address>0x88bd4</load_address>
         <run_address>0x88bd4</run_address>
         <size>0xc2</size>
         <input_file_ref idref="fl-19"/>
      </object_component>
      <object_component id="oc-3a9">
         <name>.text:_xdc_runtime_System_printfExtend__I</name>
         <load_address>0x88c96</load_address>
         <run_address>0x88c96</run_address>
         <size>0xc2</size>
         <input_file_ref idref="fl-10"/>
      </object_component>
      <object_component id="oc-313">
         <name>.text:_xdc_runtime_LoggerBuf_write8__E</name>
         <load_address>0x88d58</load_address>
         <run_address>0x88d58</run_address>
         <size>0xc0</size>
         <input_file_ref idref="fl-24"/>
      </object_component>
      <object_component id="oc-293">
         <name>.text:_ti_sysbios_knl_Semaphore_post__E</name>
         <load_address>0x88e18</load_address>
         <run_address>0x88e18</run_address>
         <size>0xb8</size>
         <input_file_ref idref="fl-19"/>
      </object_component>
      <object_component id="oc-21d">
         <name>.text:_ti_sysbios_knl_Clock_workFunc__E</name>
         <load_address>0x88ed0</load_address>
         <run_address>0x88ed0</run_address>
         <size>0xaf</size>
         <input_file_ref idref="fl-19"/>
      </object_component>
      <object_component id="oc-323">
         <name>.text:_ti_sysbios_knl_Swi_run__I</name>
         <load_address>0x88f7f</load_address>
         <run_address>0x88f7f</run_address>
         <size>0xa9</size>
         <input_file_ref idref="fl-19"/>
      </object_component>
      <object_component id="oc-26b">
         <name>.text:_xdc_runtime_Core_createObject__I</name>
         <load_address>0x89028</load_address>
         <run_address>0x89028</run_address>
         <size>0xa0</size>
         <input_file_ref idref="fl-1f"/>
      </object_component>
      <object_component id="oc-380">
         <name>.text:_ti_sysbios_family_c28_Hwi_dispatch</name>
         <load_address>0x890c8</load_address>
         <run_address>0x890c8</run_address>
         <size>0x9d</size>
         <input_file_ref idref="fl-1b"/>
      </object_component>
      <object_component id="oc-270">
         <name>.text:_ti_catalog_c2800_initF2837x_Boot_defaultLimpAbortFunction</name>
         <load_address>0x89165</load_address>
         <run_address>0x89165</run_address>
         <size>0x1</size>
         <input_file_ref idref="fl-2e"/>
      </object_component>
      <object_component id="oc-38e">
         <name>.text</name>
         <load_address>0x89166</load_address>
         <run_address>0x89166</run_address>
         <size>0x95</size>
         <input_file_ref idref="fl-48"/>
      </object_component>
      <object_component id="oc-26f">
         <name>.text:_xdc_runtime_Error_policyDefault__E</name>
         <load_address>0x891fb</load_address>
         <run_address>0x891fb</run_address>
         <size>0x90</size>
         <input_file_ref idref="fl-22"/>
      </object_component>
      <object_component id="oc-29d">
         <name>.text:_ti_sysbios_family_c28_Hwi_enableInterrupt__E</name>
         <load_address>0x8928b</load_address>
         <run_address>0x8928b</run_address>
         <size>0x8e</size>
         <input_file_ref idref="fl-19"/>
      </object_component>
      <object_component id="oc-332">
         <name>.text:_xdc_runtime_Core_constructObject__I</name>
         <load_address>0x89319</load_address>
         <run_address>0x89319</run_address>
         <size>0x8d</size>
         <input_file_ref idref="fl-20"/>
      </object_component>
      <object_component id="oc-19d">
         <name>.text</name>
         <load_address>0x893a6</load_address>
         <run_address>0x893a6</run_address>
         <size>0x88</size>
         <input_file_ref idref="fl-3b"/>
      </object_component>
      <object_component id="oc-278">
         <name>.text:_InitPeripheralClocks</name>
         <load_address>0x8942e</load_address>
         <run_address>0x8942e</run_address>
         <size>0x84</size>
         <input_file_ref idref="fl-9"/>
      </object_component>
      <object_component id="oc-399">
         <name>.text:_ti_sysbios_family_c28_Hwi_disableInterrupt__E</name>
         <load_address>0x894b2</load_address>
         <run_address>0x894b2</run_address>
         <size>0x81</size>
         <input_file_ref idref="fl-19"/>
      </object_component>
      <object_component id="oc-304">
         <name>.text:_ti_sysbios_family_c28_Hwi_disablePIEIER__E</name>
         <load_address>0x89533</load_address>
         <run_address>0x89533</run_address>
         <size>0x80</size>
         <input_file_ref idref="fl-19"/>
      </object_component>
      <object_component id="oc-303">
         <name>.text:_ti_sysbios_family_c28_Hwi_enablePIEIER__E</name>
         <load_address>0x895b3</load_address>
         <run_address>0x895b3</run_address>
         <size>0x7f</size>
         <input_file_ref idref="fl-19"/>
      </object_component>
      <object_component id="oc-2dd">
         <name>.text:_xdc_runtime_LoggerBuf_write4__E</name>
         <load_address>0x89632</load_address>
         <run_address>0x89632</run_address>
         <size>0x7a</size>
         <input_file_ref idref="fl-24"/>
      </object_component>
      <object_component id="oc-2a1">
         <name>.text:_ti_sysbios_knl_Task_checkStacks__E</name>
         <load_address>0x896ac</load_address>
         <run_address>0x896ac</run_address>
         <size>0x75</size>
         <input_file_ref idref="fl-19"/>
      </object_component>
      <object_component id="oc-25f">
         <name>.text:_ti_sysbios_knl_Task_startCore__E</name>
         <load_address>0x89721</load_address>
         <run_address>0x89721</run_address>
         <size>0x72</size>
         <input_file_ref idref="fl-19"/>
      </object_component>
      <object_component id="oc-24d">
         <name>.text:_ti_sysbios_gates_GateMutex_enter__E</name>
         <load_address>0x89793</load_address>
         <run_address>0x89793</run_address>
         <size>0x71</size>
         <input_file_ref idref="fl-19"/>
      </object_component>
      <object_component id="oc-274">
         <name>.text:_xdc_runtime_Startup_startMods__I</name>
         <load_address>0x89804</load_address>
         <run_address>0x89804</run_address>
         <size>0x71</size>
         <input_file_ref idref="fl-26"/>
      </object_component>
      <object_component id="oc-307">
         <name>.text:_ti_sysbios_knl_Task_schedule__I</name>
         <load_address>0x89875</load_address>
         <run_address>0x89875</run_address>
         <size>0x6e</size>
         <input_file_ref idref="fl-19"/>
      </object_component>
      <object_component id="oc-333">
         <name>.text:_ti_sysbios_knl_Semaphore_Instance_init__E</name>
         <load_address>0x898e3</load_address>
         <run_address>0x898e3</run_address>
         <size>0x6a</size>
         <input_file_ref idref="fl-19"/>
      </object_component>
      <object_component id="oc-83">
         <name>.text</name>
         <load_address>0x8994d</load_address>
         <run_address>0x8994d</run_address>
         <size>0x69</size>
         <input_file_ref idref="fl-2d"/>
      </object_component>
      <object_component id="oc-381">
         <name>.text:_ti_sysbios_family_c28_Timer_stopAndClear__I</name>
         <load_address>0x899b6</load_address>
         <run_address>0x899b6</run_address>
         <size>0x66</size>
         <input_file_ref idref="fl-19"/>
      </object_component>
      <object_component id="oc-23f">
         <name>.text:_ti_sysbios_knl_Swi_post__E</name>
         <load_address>0x89a1c</load_address>
         <run_address>0x89a1c</run_address>
         <size>0x61</size>
         <input_file_ref idref="fl-19"/>
      </object_component>
      <object_component id="oc-2f2">
         <name>.text:_ti_sysbios_knl_Task_blockI__E</name>
         <load_address>0x89a7d</load_address>
         <run_address>0x89a7d</run_address>
         <size>0x61</size>
         <input_file_ref idref="fl-19"/>
      </object_component>
      <object_component id="oc-360">
         <name>.text:_xdc_runtime_Text_putSite__E</name>
         <load_address>0x89ade</load_address>
         <run_address>0x89ade</run_address>
         <size>0x60</size>
         <input_file_ref idref="fl-29"/>
      </object_component>
      <object_component id="oc-385">
         <name>.text:_ti_sysbios_knl_Task_exit__E</name>
         <load_address>0x89b3e</load_address>
         <run_address>0x89b3e</run_address>
         <size>0x58</size>
         <input_file_ref idref="fl-19"/>
      </object_component>
      <object_component id="oc-2f6">
         <name>.text:_ti_sysbios_knl_Task_unblockI__E</name>
         <load_address>0x89b96</load_address>
         <run_address>0x89b96</run_address>
         <size>0x52</size>
         <input_file_ref idref="fl-19"/>
      </object_component>
      <object_component id="oc-372">
         <name>.text:_ti_sysbios_knl_Task_postInit__I</name>
         <load_address>0x89be8</load_address>
         <run_address>0x89be8</run_address>
         <size>0x49</size>
         <input_file_ref idref="fl-19"/>
      </object_component>
      <object_component id="oc-341">
         <name>.text:_ti_sysbios_family_c28_Hwi_Module_startup__E</name>
         <load_address>0x89c31</load_address>
         <run_address>0x89c31</run_address>
         <size>0x47</size>
         <input_file_ref idref="fl-19"/>
      </object_component>
      <object_component id="oc-211">
         <name>.text:.bootCodeSection:_ti_catalog_c2800_initF2837x_Boot_configurePllDivs</name>
         <load_address>0x89c78</load_address>
         <run_address>0x89c78</run_address>
         <size>0x45</size>
         <input_file_ref idref="fl-2e"/>
      </object_component>
      <object_component id="oc-129">
         <name>.text:_ti_sysbios_family_c28_Hwi_unPluggedInterrupt__I</name>
         <load_address>0x89cbd</load_address>
         <run_address>0x89cbd</run_address>
         <size>0x42</size>
         <input_file_ref idref="fl-19"/>
      </object_component>
      <object_component id="oc-3ae">
         <name>.text:_xdc_runtime_Text_putLab__E</name>
         <load_address>0x89cff</load_address>
         <run_address>0x89cff</run_address>
         <size>0x41</size>
         <input_file_ref idref="fl-29"/>
      </object_component>
      <object_component id="oc-238">
         <name>.text:_InitGpio</name>
         <load_address>0x89d40</load_address>
         <run_address>0x89d40</run_address>
         <size>0x40</size>
         <input_file_ref idref="fl-6"/>
      </object_component>
      <object_component id="oc-36a">
         <name>.text:_ti_sysbios_family_c28_Timer_postInit__I</name>
         <load_address>0x89d80</load_address>
         <run_address>0x89d80</run_address>
         <size>0x40</size>
         <input_file_ref idref="fl-19"/>
      </object_component>
      <object_component id="oc-337">
         <name>.text:_xdc_runtime_Memory_alloc__E</name>
         <load_address>0x89dc0</load_address>
         <run_address>0x89dc0</run_address>
         <size>0x40</size>
         <input_file_ref idref="fl-25"/>
      </object_component>
      <object_component id="oc-37b">
         <name>.text:_xdc_runtime_Text_putMod__E</name>
         <load_address>0x89e00</load_address>
         <run_address>0x89e00</run_address>
         <size>0x3f</size>
         <input_file_ref idref="fl-29"/>
      </object_component>
      <object_component id="oc-3b5">
         <name>.text:_ti_sysbios_knl_Swi_restoreHwi__E</name>
         <load_address>0x89e3f</load_address>
         <run_address>0x89e3f</run_address>
         <size>0x3e</size>
         <input_file_ref idref="fl-19"/>
      </object_component>
      <object_component id="oc-26d">
         <name>.text:_xdc_runtime_Core_deleteObject__I</name>
         <load_address>0x89e7d</load_address>
         <run_address>0x89e7d</run_address>
         <size>0x3e</size>
         <input_file_ref idref="fl-1f"/>
      </object_component>
      <object_component id="oc-329">
         <name>.text:_xdc_runtime_LoggerBuf_getFilterLevel__E</name>
         <load_address>0x89ebb</load_address>
         <run_address>0x89ebb</run_address>
         <size>0x3d</size>
         <input_file_ref idref="fl-24"/>
      </object_component>
      <object_component id="oc-328">
         <name>.text:_xdc_runtime_LoggerBuf_setFilterLevel__E</name>
         <load_address>0x89ef8</load_address>
         <run_address>0x89ef8</run_address>
         <size>0x3c</size>
         <input_file_ref idref="fl-24"/>
      </object_component>
      <object_component id="oc-39c">
         <name>.text:_ti_sysbios_family_c28_TaskSupport_start__E</name>
         <load_address>0x89f34</load_address>
         <run_address>0x89f34</run_address>
         <size>0x39</size>
         <input_file_ref idref="fl-19"/>
      </object_component>
      <object_component id="oc-377">
         <name>.text</name>
         <load_address>0x89f6d</load_address>
         <run_address>0x89f6d</run_address>
         <size>0x39</size>
         <input_file_ref idref="fl-47"/>
      </object_component>
      <object_component id="oc-23d">
         <name>.text:_ti_sysbios_knl_Clock_logTick__E</name>
         <load_address>0x89fa6</load_address>
         <run_address>0x89fa6</run_address>
         <size>0x37</size>
         <input_file_ref idref="fl-19"/>
      </object_component>
      <object_component id="oc-3a0">
         <name>.text:_xdc_runtime_System_formatNum__I</name>
         <load_address>0x89fdd</load_address>
         <run_address>0x89fdd</run_address>
         <size>0x35</size>
         <input_file_ref idref="fl-27"/>
      </object_component>
      <object_component id="oc-345">
         <name>.text:_ti_sysbios_knl_Task_Module_startup__E</name>
         <load_address>0x8a012</load_address>
         <run_address>0x8a012</run_address>
         <size>0x32</size>
         <input_file_ref idref="fl-19"/>
      </object_component>
      <object_component id="oc-237">
         <name>.text:_InitSysCtrl</name>
         <load_address>0x8a044</load_address>
         <run_address>0x8a044</run_address>
         <size>0x31</size>
         <input_file_ref idref="fl-9"/>
      </object_component>
      <object_component id="oc-22b">
         <name>.text:_ti_sysbios_heaps_HeapMem_alloc__E</name>
         <load_address>0x8a075</load_address>
         <run_address>0x8a075</run_address>
         <size>0x31</size>
         <input_file_ref idref="fl-19"/>
      </object_component>
      <object_component id="oc-33b">
         <name>.text:_xdc_runtime_Error_print__E</name>
         <load_address>0x8a0a6</load_address>
         <run_address>0x8a0a6</run_address>
         <size>0x30</size>
         <input_file_ref idref="fl-22"/>
      </object_component>
      <object_component id="oc-354">
         <name>.text:_xdc_runtime_LoggerBuf_Instance_init__E</name>
         <load_address>0x8a0d6</load_address>
         <run_address>0x8a0d6</run_address>
         <size>0x30</size>
         <input_file_ref idref="fl-24"/>
      </object_component>
      <object_component id="oc-2b8">
         <name>.text:_xdc_runtime_Core_assignParams__I</name>
         <load_address>0x8a106</load_address>
         <run_address>0x8a106</run_address>
         <size>0x2f</size>
         <input_file_ref idref="fl-21"/>
      </object_component>
      <object_component id="oc-1ee">
         <name>.text:_xdc_runtime_Startup_exec__E</name>
         <load_address>0x8a135</load_address>
         <run_address>0x8a135</run_address>
         <size>0x2f</size>
         <input_file_ref idref="fl-26"/>
      </object_component>
      <object_component id="oc-317">
         <name>.text:_ti_sysbios_family_c28_Hwi_getStackInfo__E</name>
         <load_address>0x8a164</load_address>
         <run_address>0x8a164</run_address>
         <size>0x2e</size>
         <input_file_ref idref="fl-19"/>
      </object_component>
      <object_component id="oc-2de">
         <name>.text:_ti_sysbios_knl_Swi_runLoop__I</name>
         <load_address>0x8a192</load_address>
         <run_address>0x8a192</run_address>
         <size>0x2e</size>
         <input_file_ref idref="fl-19"/>
      </object_component>
      <object_component id="oc-286">
         <name>.text:_ti_sysbios_knl_Swi_schedule__I</name>
         <load_address>0x8a1c0</load_address>
         <run_address>0x8a1c0</run_address>
         <size>0x2e</size>
         <input_file_ref idref="fl-19"/>
      </object_component>
      <object_component id="oc-22e">
         <name>.text:_ti_sysbios_heaps_HeapMem_getStats__E</name>
         <load_address>0x8a1ee</load_address>
         <run_address>0x8a1ee</run_address>
         <size>0x2d</size>
         <input_file_ref idref="fl-19"/>
      </object_component>
      <object_component id="oc-290">
         <name>.text:_xdc_runtime_Assert_raise__I</name>
         <load_address>0x8a21b</load_address>
         <run_address>0x8a21b</run_address>
         <size>0x2d</size>
         <input_file_ref idref="fl-1e"/>
      </object_component>
      <object_component id="oc-2be">
         <name>.text:_xdc_runtime_Error_setX__E</name>
         <load_address>0x8a248</load_address>
         <run_address>0x8a248</run_address>
         <size>0x2d</size>
         <input_file_ref idref="fl-22"/>
      </object_component>
      <object_component id="oc-3a8">
         <name>.text:_xdc_runtime_Text_visitRope2__I</name>
         <load_address>0x8a275</load_address>
         <run_address>0x8a275</run_address>
         <size>0x2d</size>
         <input_file_ref idref="fl-29"/>
      </object_component>
      <object_component id="oc-25c">
         <name>.text:_ti_sysbios_family_c28_Timer_start__E</name>
         <load_address>0x8a2a2</load_address>
         <run_address>0x8a2a2</run_address>
         <size>0x2c</size>
         <input_file_ref idref="fl-19"/>
      </object_component>
      <object_component id="oc-32a">
         <name>.text:_xdc_runtime_LoggerBuf_Object__create__S</name>
         <load_address>0x8a2ce</load_address>
         <run_address>0x8a2ce</run_address>
         <size>0x2c</size>
         <input_file_ref idref="fl-10"/>
      </object_component>
      <object_component id="oc-37c">
         <name>.text:_xdc_runtime_Text_xprintf__I</name>
         <load_address>0x8a2fa</load_address>
         <run_address>0x8a2fa</run_address>
         <size>0x29</size>
         <input_file_ref idref="fl-29"/>
      </object_component>
      <object_component id="oc-27c">
         <name>.text</name>
         <load_address>0x8a323</load_address>
         <run_address>0x8a323</run_address>
         <size>0x29</size>
         <input_file_ref idref="fl-41"/>
      </object_component>
      <object_component id="oc-271">
         <name>.text:_ti_sysbios_heaps_HeapMem_init__I</name>
         <load_address>0x8a34c</load_address>
         <run_address>0x8a34c</run_address>
         <size>0x27</size>
         <input_file_ref idref="fl-19"/>
      </object_component>
      <object_component id="oc-2dc">
         <name>.text:_xdc_runtime_SysMin_flush__E</name>
         <load_address>0x8a373</load_address>
         <run_address>0x8a373</run_address>
         <size>0x26</size>
         <input_file_ref idref="fl-28"/>
      </object_component>
      <object_component id="oc-2d1">
         <name>.text:_GPIO_EnableUnbondedIOPullupsFor100Pin</name>
         <load_address>0x8a399</load_address>
         <run_address>0x8a399</run_address>
         <size>0x25</size>
         <input_file_ref idref="fl-6"/>
      </object_component>
      <object_component id="oc-3a7">
         <name>.text:_ti_sysbios_family_c28_TaskSupport_buildTaskStack</name>
         <load_address>0x8a3be</load_address>
         <run_address>0x8a3be</run_address>
         <size>0x25</size>
         <input_file_ref idref="fl-1d"/>
      </object_component>
      <object_component id="oc-1ed">
         <name>.text</name>
         <load_address>0x8a3e3</load_address>
         <run_address>0x8a3e3</run_address>
         <size>0x24</size>
         <input_file_ref idref="fl-3d"/>
      </object_component>
      <object_component id="oc-218">
         <name>.text:_xdc_runtime_System_processAtExit__E</name>
         <load_address>0x8a407</load_address>
         <run_address>0x8a407</run_address>
         <size>0x23</size>
         <input_file_ref idref="fl-27"/>
      </object_component>
      <object_component id="oc-29f">
         <name>.text:_ti_sysbios_knl_Task_allBlockedFunction__I</name>
         <load_address>0x8a42a</load_address>
         <run_address>0x8a42a</run_address>
         <size>0x21</size>
         <input_file_ref idref="fl-19"/>
      </object_component>
      <object_component id="oc-383">
         <name>.text:_ti_sysbios_family_c28_Timer_setPrescale__E</name>
         <load_address>0x8a44b</load_address>
         <run_address>0x8a44b</run_address>
         <size>0x20</size>
         <input_file_ref idref="fl-19"/>
      </object_component>
      <object_component id="oc-222">
         <name>.text:_xdc_runtime_System_atexit__E</name>
         <load_address>0x8a46b</load_address>
         <run_address>0x8a46b</run_address>
         <size>0x20</size>
         <input_file_ref idref="fl-27"/>
      </object_component>
      <object_component id="oc-31d">
         <name>.text:_xdc_runtime_LoggerBuf_filterOutEvent__I</name>
         <load_address>0x8a48b</load_address>
         <run_address>0x8a48b</run_address>
         <size>0x1f</size>
         <input_file_ref idref="fl-24"/>
      </object_component>
      <object_component id="oc-30d">
         <name>.text:_ti_sysbios_family_c28_TaskSupport_swap__E</name>
         <load_address>0x8a4aa</load_address>
         <run_address>0x8a4aa</run_address>
         <size>0x1d</size>
         <input_file_ref idref="fl-1d"/>
      </object_component>
      <object_component id="oc-348">
         <name>.text:_ti_sysbios_gates_GateHwi_Object__create__S</name>
         <load_address>0x8a4c7</load_address>
         <run_address>0x8a4c7</run_address>
         <size>0x1d</size>
         <input_file_ref idref="fl-10"/>
      </object_component>
      <object_component id="oc-24f">
         <name>.text:_ti_sysbios_gates_GateMutex_Object__create__S</name>
         <load_address>0x8a4e4</load_address>
         <run_address>0x8a4e4</run_address>
         <size>0x1d</size>
         <input_file_ref idref="fl-10"/>
      </object_component>
      <object_component id="oc-22f">
         <name>.text:_ti_sysbios_heaps_HeapMem_Object__create__S</name>
         <load_address>0x8a501</load_address>
         <run_address>0x8a501</run_address>
         <size>0x1d</size>
         <input_file_ref idref="fl-10"/>
      </object_component>
      <object_component id="oc-2f9">
         <name>.text:_ti_sysbios_knl_Semaphore_construct</name>
         <load_address>0x8a51e</load_address>
         <run_address>0x8a51e</run_address>
         <size>0x1d</size>
         <input_file_ref idref="fl-10"/>
      </object_component>
      <object_component id="oc-363">
         <name>.text:_xdc_runtime_SysMin_putch__E</name>
         <load_address>0x8a53b</load_address>
         <run_address>0x8a53b</run_address>
         <size>0x1d</size>
         <input_file_ref idref="fl-28"/>
      </object_component>
      <object_component id="oc-213">
         <name>.text</name>
         <load_address>0x8a558</load_address>
         <run_address>0x8a558</run_address>
         <size>0x1d</size>
         <input_file_ref idref="fl-3e"/>
      </object_component>
      <object_component id="oc-311">
         <name>.text:_ti_sysbios_hal_Hwi_checkStack</name>
         <load_address>0x8a575</load_address>
         <run_address>0x8a575</run_address>
         <size>0x1c</size>
         <input_file_ref idref="fl-19"/>
      </object_component>
      <object_component id="oc-22c">
         <name>.text:_ti_sysbios_heaps_HeapMem_free__E</name>
         <load_address>0x8a591</load_address>
         <run_address>0x8a591</run_address>
         <size>0x1c</size>
         <input_file_ref idref="fl-19"/>
      </object_component>
      <object_component id="oc-34b">
         <name>.text:_xdc_runtime_SysMin_output__I</name>
         <load_address>0x8a5ad</load_address>
         <run_address>0x8a5ad</run_address>
         <size>0x1c</size>
         <input_file_ref idref="fl-10"/>
      </object_component>
      <object_component id="oc-3a2">
         <name>.text:_ti_sysbios_family_c28_Hwi_switchAndDispatch__I</name>
         <load_address>0x8a5c9</load_address>
         <run_address>0x8a5c9</run_address>
         <size>0x1b</size>
         <input_file_ref idref="fl-1a"/>
      </object_component>
      <object_component id="oc-273">
         <name>.text:_ti_sysbios_hal_Hwi_initStack</name>
         <load_address>0x8a5e4</load_address>
         <run_address>0x8a5e4</run_address>
         <size>0x1b</size>
         <input_file_ref idref="fl-19"/>
      </object_component>
      <object_component id="oc-39b">
         <name>.text:_ti_sysbios_knl_Task_processVitalTaskFlag__I</name>
         <load_address>0x8a5ff</load_address>
         <run_address>0x8a5ff</run_address>
         <size>0x1b</size>
         <input_file_ref idref="fl-19"/>
      </object_component>
      <object_component id="oc-37e">
         <name>.text:_xdc_runtime_System_avprintf__E</name>
         <load_address>0x8a61a</load_address>
         <run_address>0x8a61a</run_address>
         <size>0x1a</size>
         <input_file_ref idref="fl-27"/>
      </object_component>
      <object_component id="oc-2d2">
         <name>.text:_GPIO_EnableUnbondedIOPullupsFor176Pin</name>
         <load_address>0x8a634</load_address>
         <run_address>0x8a634</run_address>
         <size>0x19</size>
         <input_file_ref idref="fl-6"/>
      </object_component>
      <object_component id="oc-217">
         <name>.text:_main</name>
         <load_address>0x8a64d</load_address>
         <run_address>0x8a64d</run_address>
         <size>0x19</size>
         <input_file_ref idref="fl-c"/>
      </object_component>
      <object_component id="oc-358">
         <name>.text:_ti_sysbios_knl_Queue_construct</name>
         <load_address>0x8a666</load_address>
         <run_address>0x8a666</run_address>
         <size>0x19</size>
         <input_file_ref idref="fl-10"/>
      </object_component>
      <object_component id="oc-2ed">
         <name>.text:_ti_sysbios_knl_Semaphore_pendTimeout__I</name>
         <load_address>0x8a67f</load_address>
         <run_address>0x8a67f</run_address>
         <size>0x19</size>
         <input_file_ref idref="fl-19"/>
      </object_component>
      <object_component id="oc-25e">
         <name>.text:_ti_sysbios_knl_Swi_restore__E</name>
         <load_address>0x8a698</load_address>
         <run_address>0x8a698</run_address>
         <size>0x19</size>
         <input_file_ref idref="fl-19"/>
      </object_component>
      <object_component id="oc-37f">
         <name>.text:_xdc_runtime_System_vprintf__E</name>
         <load_address>0x8a6b1</load_address>
         <run_address>0x8a6b1</run_address>
         <size>0x19</size>
         <input_file_ref idref="fl-27"/>
      </object_component>
      <object_component id="oc-1f0">
         <name>.text</name>
         <load_address>0x8a6ca</load_address>
         <run_address>0x8a6ca</run_address>
         <size>0x19</size>
         <input_file_ref idref="fl-43"/>
      </object_component>
      <object_component id="oc-2df">
         <name>.text:_ti_sysbios_family_xxx_Hwi_switchAndRunFunc</name>
         <load_address>0x8a6e3</load_address>
         <run_address>0x8a6e3</run_address>
         <size>0x18</size>
         <input_file_ref idref="fl-1a"/>
      </object_component>
      <object_component id="oc-366">
         <name>.text:_xdc_runtime_LoggerBuf_reset__E</name>
         <load_address>0x8a6fb</load_address>
         <run_address>0x8a6fb</run_address>
         <size>0x18</size>
         <input_file_ref idref="fl-24"/>
      </object_component>
      <object_component id="oc-3a1">
         <name>.text:_xdc_runtime_System_putchar__I</name>
         <load_address>0x8a713</load_address>
         <run_address>0x8a713</run_address>
         <size>0x18</size>
         <input_file_ref idref="fl-27"/>
      </object_component>
      <object_component id="oc-224">
         <name>.text:_ti_sysbios_family_c28_Timer_startup__E</name>
         <load_address>0x8a72b</load_address>
         <run_address>0x8a72b</run_address>
         <size>0x17</size>
         <input_file_ref idref="fl-19"/>
      </object_component>
      <object_component id="oc-21a">
         <name>.text:_ti_sysbios_knl_Clock_doTick__I</name>
         <load_address>0x8a742</load_address>
         <run_address>0x8a742</run_address>
         <size>0x17</size>
         <input_file_ref idref="fl-10"/>
      </object_component>
      <object_component id="oc-29e">
         <name>.text:_ti_sysbios_knl_Task_restore__E</name>
         <load_address>0x8a759</load_address>
         <run_address>0x8a759</run_address>
         <size>0x17</size>
         <input_file_ref idref="fl-19"/>
      </object_component>
      <object_component id="oc-33e">
         <name>.text:_xdc_runtime_LoggerBuf_Module_startup__E</name>
         <load_address>0x8a770</load_address>
         <run_address>0x8a770</run_address>
         <size>0x17</size>
         <input_file_ref idref="fl-24"/>
      </object_component>
      <object_component id="oc-30e">
         <name>.text:_xdc_runtime_Memory_valloc__E</name>
         <load_address>0x8a787</load_address>
         <run_address>0x8a787</run_address>
         <size>0x17</size>
         <input_file_ref idref="fl-25"/>
      </object_component>
      <object_component id="oc-33c">
         <name>.text:_xdc_runtime_SysMin_abort__E</name>
         <load_address>0x8a79e</load_address>
         <run_address>0x8a79e</run_address>
         <size>0x17</size>
         <input_file_ref idref="fl-28"/>
      </object_component>
      <object_component id="oc-276">
         <name>.text:_GPIO_EnableUnbondedIOPullups</name>
         <load_address>0x8a7b5</load_address>
         <run_address>0x8a7b5</run_address>
         <size>0x16</size>
         <input_file_ref idref="fl-6"/>
      </object_component>
      <object_component id="oc-221">
         <name>.text:_ti_sysbios_BIOS_atExitFunc__I</name>
         <load_address>0x8a7cb</load_address>
         <run_address>0x8a7cb</run_address>
         <size>0x16</size>
         <input_file_ref idref="fl-10"/>
      </object_component>
      <object_component id="oc-342">
         <name>.text:_ti_sysbios_family_c28_Timer_Module_startup__E</name>
         <load_address>0x8a7e1</load_address>
         <run_address>0x8a7e1</run_address>
         <size>0x16</size>
         <input_file_ref idref="fl-19"/>
      </object_component>
      <object_component id="oc-394">
         <name>.text:_xdc_runtime_Text_printVisFxn__I</name>
         <load_address>0x8a7f7</load_address>
         <run_address>0x8a7f7</run_address>
         <size>0x16</size>
         <input_file_ref idref="fl-29"/>
      </object_component>
      <object_component id="oc-201">
         <name>.text:_ti_sysbios_BIOS_startFunc__I</name>
         <load_address>0x8a80d</load_address>
         <run_address>0x8a80d</run_address>
         <size>0x15</size>
         <input_file_ref idref="fl-10"/>
      </object_component>
      <object_component id="oc-344">
         <name>.text:_ti_sysbios_knl_Swi_Module_startup__E</name>
         <load_address>0x8a822</load_address>
         <run_address>0x8a822</run_address>
         <size>0x15</size>
         <input_file_ref idref="fl-19"/>
      </object_component>
      <object_component id="oc-232">
         <name>.text:_ti_sysbios_knl_Idle_run__E</name>
         <load_address>0x8a837</load_address>
         <run_address>0x8a837</run_address>
         <size>0x14</size>
         <input_file_ref idref="fl-19"/>
      </object_component>
      <object_component id="oc-250">
         <name>.text:_ti_sysbios_gates_GateMutex_Object__delete__S</name>
         <load_address>0x8a84b</load_address>
         <run_address>0x8a84b</run_address>
         <size>0x13</size>
         <input_file_ref idref="fl-10"/>
      </object_component>
      <object_component id="oc-343">
         <name>.text:_ti_sysbios_knl_Clock_Module_startup__E</name>
         <load_address>0x8a85e</load_address>
         <run_address>0x8a85e</run_address>
         <size>0x13</size>
         <input_file_ref idref="fl-19"/>
      </object_component>
      <object_component id="oc-210">
         <name>.text:_xdc_runtime_Error_raiseX__E</name>
         <load_address>0x8a871</load_address>
         <run_address>0x8a871</run_address>
         <size>0x13</size>
         <input_file_ref idref="fl-22"/>
      </object_component>
      <object_component id="oc-349">
         <name>.text:_ti_sysbios_gates_GateHwi_Object__delete__S</name>
         <load_address>0x8a884</load_address>
         <run_address>0x8a884</run_address>
         <size>0x12</size>
         <input_file_ref idref="fl-10"/>
      </object_component>
      <object_component id="oc-230">
         <name>.text:_ti_sysbios_heaps_HeapMem_Object__delete__S</name>
         <load_address>0x8a896</load_address>
         <run_address>0x8a896</run_address>
         <size>0x12</size>
         <input_file_ref idref="fl-10"/>
      </object_component>
      <object_component id="oc-32b">
         <name>.text:_xdc_runtime_LoggerBuf_Object__delete__S</name>
         <load_address>0x8a8a8</load_address>
         <run_address>0x8a8a8</run_address>
         <size>0x12</size>
         <input_file_ref idref="fl-10"/>
      </object_component>
      <object_component id="oc-3a3">
         <name>.text:_ti_sysbios_knl_Task_restoreHwi__E</name>
         <load_address>0x8a8ba</load_address>
         <run_address>0x8a8ba</run_address>
         <size>0x11</size>
         <input_file_ref idref="fl-19"/>
      </object_component>
      <object_component id="oc-314">
         <name>.text:_ti_sysbios_BIOS_errorRaiseHook__I</name>
         <load_address>0x8a8cb</load_address>
         <run_address>0x8a8cb</run_address>
         <size>0x10</size>
         <input_file_ref idref="fl-10"/>
      </object_component>
      <object_component id="oc-382">
         <name>.text:_ti_sysbios_family_c28_Timer_stop__E</name>
         <load_address>0x8a8db</load_address>
         <run_address>0x8a8db</run_address>
         <size>0x10</size>
         <input_file_ref idref="fl-19"/>
      </object_component>
      <object_component id="oc-340">
         <name>.text:_xdc_runtime_SysMin_Module_startup__E</name>
         <load_address>0x8a8eb</load_address>
         <run_address>0x8a8eb</run_address>
         <size>0x10</size>
         <input_file_ref idref="fl-28"/>
      </object_component>
      <object_component id="oc-228">
         <name>.text:_ti_sysbios_BIOS_removeRTSLock__I</name>
         <load_address>0x8a8fb</load_address>
         <run_address>0x8a8fb</run_address>
         <size>0xf</size>
         <input_file_ref idref="fl-10"/>
      </object_component>
      <object_component id="oc-295">
         <name>.text:_ti_sysbios_gates_GateMutex_Instance_init__E</name>
         <load_address>0x8a90a</load_address>
         <run_address>0x8a90a</run_address>
         <size>0xf</size>
[...]
      <symbol id="sm-938">
         <name>_ti_sysbios_BIOS_start__E</name>
         <value>0x8ac05</value>
         <object_component_ref idref="oc-239"/>
      </symbol>
      <symbol id="sm-939">
         <name>_ti_sysbios_heaps_HeapMem_allocUnprotected__E</name>
         <value>0x88796</value>
         <object_component_ref idref="oc-264"/>
      </symbol>
      <symbol id="sm-93a">
         <name>_ti_sysbios_knl_Task_restoreHwi__E</name>
         <value>0x8a8ba</value>
         <object_component_ref idref="oc-3a3"/>
      </symbol>
      <symbol id="sm-9e3">
         <name>_ti_sysbios_family_c28_Hwi_switchAndDispatch__I</name>
         <value>0x8a5c9</value>
         <object_component_ref idref="oc-3a2"/>
      </symbol>
      <symbol id="sm-9e4">
         <name>_ti_sysbios_family_c28_Hwi_interruptReturn__I</name>
         <value>0x8acbb</value>
         <object_component_ref idref="oc-302"/>
      </symbol>
      <symbol id="sm-9e5">
         <name>_ti_sysbios_family_xxx_Hwi_switchAndRunFunc</name>
         <value>0x8a6e3</value>
         <object_component_ref idref="oc-2df"/>
      </symbol>
      <symbol id="sm-a87">
         <name>_ti_sysbios_family_c28_Hwi_dispatchTable</name>
         <value>0x890c8</value>
         <object_component_ref idref="oc-380"/>
      </symbol>
      <symbol id="sm-a88">
         <name>_ti_sysbios_family_c28_Hwi_dispatchPie</name>
         <value>0x89125</value>
         <object_component_ref idref="oc-380"/>
      </symbol>
      <symbol id="sm-a94">
         <name>_ti_sysbios_family_c28_IntrinsicsSupport_maxbit__E</name>
         <value>0x8ac0b</value>
         <object_component_ref idref="oc-2a0"/>
      </symbol>
      <symbol id="sm-aa4">
         <name>_ti_sysbios_family_c28_TaskSupport_buildTaskStack</name>
         <value>0x8a3be</value>
         <object_component_ref idref="oc-3a7"/>
      </symbol>
      <symbol id="sm-aa5">
         <name>_ti_sysbios_family_c28_TaskSupport_swap__E</name>
         <value>0x8a4aa</value>
         <object_component_ref idref="oc-30d"/>
      </symbol>
      <symbol id="sm-aa6">
         <name>_ti_sysbios_family_c28_TaskSupport_glue</name>
         <value>0x8ab51</value>
         <object_component_ref idref="oc-3ac"/>
      </symbol>
      <symbol id="sm-aba">
         <name>_xdc_runtime_Assert_raise__I</name>
         <value>0x8a21b</value>
         <object_component_ref idref="oc-290"/>
      </symbol>
      <symbol id="sm-ad9">
         <name>_xdc_runtime_Core_deleteObject__I</name>
         <value>0x89e7d</value>
         <object_component_ref idref="oc-26d"/>
      </symbol>
      <symbol id="sm-ada">
         <name>_xdc_runtime_Core_createObject__I</name>
         <value>0x89028</value>
         <object_component_ref idref="oc-26b"/>
      </symbol>
      <symbol id="sm-af2">
         <name>_xdc_runtime_Core_constructObject__I</name>
         <value>0x89319</value>
         <object_component_ref idref="oc-332"/>
      </symbol>
      <symbol id="sm-b00">
         <name>_xdc_runtime_Core_assignParams__I</name>
         <value>0x8a106</value>
         <object_component_ref idref="oc-2b8"/>
      </symbol>
      <symbol id="sm-b2c">
         <name>_xdc_runtime_Error_getSite__E</name>
         <value>0x8acb5</value>
         <object_component_ref idref="oc-35f"/>
      </symbol>
      <symbol id="sm-b2d">
         <name>_xdc_runtime_Error_print__E</name>
         <value>0x8a0a6</value>
         <object_component_ref idref="oc-33b"/>
      </symbol>
      <symbol id="sm-b2e">
         <name>_xdc_runtime_Error_policyDefault__E</name>
         <value>0x891fb</value>
         <object_component_ref idref="oc-26f"/>
      </symbol>
      <symbol id="sm-b2f">
         <name>_xdc_runtime_Error_init__E</name>
         <value>0x8ab0e</value>
         <object_component_ref idref="oc-312"/>
      </symbol>
      <symbol id="sm-b30">
         <name>_xdc_runtime_Error_raiseX__E</name>
         <value>0x8a871</value>
         <object_component_ref idref="oc-210"/>
      </symbol>
      <symbol id="sm-b31">
         <name>_xdc_runtime_Error_check__E</name>
         <value>0x8a9f5</value>
         <object_component_ref idref="oc-35a"/>
      </symbol>
      <symbol id="sm-b32">
         <name>_xdc_runtime_Error_setX__E</name>
         <value>0x8a248</value>
         <object_component_ref idref="oc-2be"/>
      </symbol>
      <symbol id="sm-b40">
         <name>_xdc_runtime_Gate_leaveSystem__E</name>
         <value>0x8ac23</value>
         <object_component_ref idref="oc-258"/>
      </symbol>
      <symbol id="sm-b41">
         <name>_xdc_runtime_Gate_enterSystem__E</name>
         <value>0x8ac1d</value>
         <object_component_ref idref="oc-23a"/>
      </symbol>
      <symbol id="sm-b90">
         <name>_xdc_runtime_LoggerBuf_write0__E</name>
         <value>0x8aa02</value>
         <object_component_ref idref="oc-327"/>
      </symbol>
      <symbol id="sm-b91">
         <name>_xdc_runtime_LoggerBuf_Instance_init__E</name>
         <value>0x8a0d6</value>
         <object_component_ref idref="oc-354"/>
      </symbol>
      <symbol id="sm-b92">
         <name>_xdc_runtime_LoggerBuf_Module_startup__E</name>
         <value>0x8a770</value>
         <object_component_ref idref="oc-33e"/>
      </symbol>
      <symbol id="sm-b93">
         <name>_xdc_runtime_LoggerBuf_reset__E</name>
         <value>0x8a6fb</value>
         <object_component_ref idref="oc-366"/>
      </symbol>
      <symbol id="sm-b94">
         <name>_xdc_runtime_LoggerBuf_Instance_finalize__E</name>
         <value>0x8aaee</value>
         <object_component_ref idref="oc-355"/>
      </symbol>
      <symbol id="sm-b95">
         <name>_xdc_runtime_LoggerBuf_write4__E</name>
         <value>0x89632</value>
         <object_component_ref idref="oc-2dd"/>
      </symbol>
      <symbol id="sm-b96">
         <name>_xdc_runtime_LoggerBuf_getFilterLevel__E</name>
         <value>0x89ebb</value>
         <object_component_ref idref="oc-329"/>
      </symbol>
      <symbol id="sm-b97">
         <name>_xdc_runtime_LoggerBuf_disable__E</name>
         <value>0x8ac39</value>
         <object_component_ref idref="oc-326"/>
      </symbol>
      <symbol id="sm-b98">
         <name>_xdc_runtime_LoggerBuf_setFilterLevel__E</name>
         <value>0x89ef8</value>
         <object_component_ref idref="oc-328"/>
      </symbol>
      <symbol id="sm-b99">
         <name>_xdc_runtime_LoggerBuf_write8__E</name>
         <value>0x88d58</value>
         <object_component_ref idref="oc-313"/>
      </symbol>
      <symbol id="sm-b9a">
         <name>_xdc_runtime_LoggerBuf_write2__E</name>
         <value>0x8a919</value>
         <object_component_ref idref="oc-28a"/>
      </symbol>
      <symbol id="sm-b9b">
         <name>_xdc_runtime_LoggerBuf_filterOutEvent__I</name>
         <value>0x8a48b</value>
         <object_component_ref idref="oc-31d"/>
      </symbol>
      <symbol id="sm-b9c">
         <name>_xdc_runtime_LoggerBuf_write1__E</name>
         <value>0x8aa0f</value>
         <object_component_ref idref="oc-287"/>
      </symbol>
      <symbol id="sm-b9d">
         <name>_xdc_runtime_LoggerBuf_enable__E</name>
         <value>0x8ac29</value>
         <object_component_ref idref="oc-325"/>
      </symbol>
      <symbol id="sm-bb8">
         <name>_xdc_runtime_Memory_calloc__E</name>
         <value>0x8abca</value>
         <object_component_ref idref="oc-2b9"/>
      </symbol>
      <symbol id="sm-bb9">
         <name>_xdc_runtime_Memory_free__E</name>
         <value>0x8ab18</value>
         <object_component_ref idref="oc-2bc"/>
      </symbol>
      <symbol id="sm-bba">
         <name>_xdc_runtime_Memory_valloc__E</name>
         <value>0x8a787</value>
         <object_component_ref idref="oc-30e"/>
      </symbol>
      <symbol id="sm-bbb">
         <name>_xdc_runtime_Memory_alloc__E</name>
         <value>0x89dc0</value>
         <object_component_ref idref="oc-337"/>
      </symbol>
      <symbol id="sm-bbc">
         <name>_xdc_runtime_Memory_getMaxDefaultTypeAlign__E</name>
         <value>0x8ac4e</value>
         <object_component_ref idref="oc-35b"/>
      </symbol>
      <symbol id="sm-bde">
         <name>_xdc_runtime_Startup_startMods__I</name>
         <value>0x89804</value>
         <object_component_ref idref="oc-274"/>
      </symbol>
      <symbol id="sm-bdf">
         <name>_xdc_runtime_Startup_rtsDone__E</name>
         <value>0x8ac52</value>
         <object_component_ref idref="oc-21f"/>
      </symbol>
      <symbol id="sm-be0">
         <name>_xdc_runtime_Startup_exec__E</name>
         <value>0x8a135</value>
         <object_component_ref idref="oc-1ee"/>
      </symbol>
      <symbol id="sm-c62">
         <name>_xdc_runtime_System_formatNum__I</name>
         <value>0x89fdd</value>
         <object_component_ref idref="oc-3a0"/>
      </symbol>
      <symbol id="sm-c63">
         <name>_xdc_runtime_System_exit__E</name>
         <value>0x8aaf9</value>
         <object_component_ref idref="oc-1f1"/>
      </symbol>
      <symbol id="sm-c64">
         <name>_xdc_runtime_System_exitStd__E</name>
         <value>0x8acaa</value>
         <object_component_ref idref="oc-23c"/>
      </symbol>
      <symbol id="sm-c65">
         <name>_xdc_runtime_System_printf_va__F</name>
         <value>0x8a6b1</value>
         <object_component_ref idref="oc-37f"/>
      </symbol>
      <symbol id="sm-c66">
         <name>_xdc_runtime_System_atexit__E</name>
         <value>0x8a46b</value>
         <object_component_ref idref="oc-222"/>
      </symbol>
      <symbol id="sm-c67">
         <name>_xdc_runtime_System_abortStd__E</name>
         <value>0x8aca7</value>
         <object_component_ref idref="oc-33d"/>
      </symbol>
      <symbol id="sm-c68">
         <name>_xdc_runtime_System_putchar__I</name>
         <value>0x8a713</value>
         <object_component_ref idref="oc-3a1"/>
      </symbol>
      <symbol id="sm-c69">
         <name>_xdc_runtime_System_snprintf_va__F</name>
         <value>0x8ab22</value>
         <object_component_ref idref="oc-395"/>
      </symbol>
      <symbol id="sm-c6a">
         <name>_xdc_runtime_System_Module_startup__E</name>
         <value>0x8ac98</value>
         <object_component_ref idref="oc-33f"/>
      </symbol>
      <symbol id="sm-c6b">
         <name>_xdc_runtime_System_avprintf__E</name>
         <value>0x8a61a</value>
         <object_component_ref idref="oc-37e"/>
      </symbol>
      <symbol id="sm-c6c">
         <name>_xdc_runtime_System_vprintf__E</name>
         <value>0x8a6b1</value>
         <object_component_ref idref="oc-37f"/>
      </symbol>
      <symbol id="sm-c6d">
         <name>_xdc_runtime_System_aprintf_va__F</name>
         <value>0x8a61a</value>
         <object_component_ref idref="oc-37e"/>
      </symbol>
      <symbol id="sm-c6e">
         <name>_xdc_runtime_System_doPrint__I</name>
         <value>0x88000</value>
         <object_component_ref idref="oc-397"/>
      </symbol>
      <symbol id="sm-c6f">
         <name>_xdc_runtime_System_processAtExit__E</name>
         <value>0x8a407</value>
         <object_component_ref idref="oc-218"/>
      </symbol>
      <symbol id="sm-c70">
         <name>_xdc_runtime_System_vsnprintf__E</name>
         <value>0x8ab22</value>
         <object_component_ref idref="oc-395"/>
      </symbol>
      <symbol id="sm-c71">
         <name>_xdc_runtime_System_abort__E</name>
         <value>0x8aa1c</value>
         <object_component_ref idref="oc-2c9"/>
      </symbol>
      <symbol id="sm-c8f">
         <name>_xdc_runtime_SysMin_abort__E</name>
         <value>0x8a79e</value>
         <object_component_ref idref="oc-33c"/>
      </symbol>
      <symbol id="sm-c90">
         <name>_xdc_runtime_SysMin_ready__E</name>
         <value>0x8abd2</value>
         <object_component_ref idref="oc-39e"/>
      </symbol>
      <symbol id="sm-c91">
         <name>_xdc_runtime_SysMin_flush__E</name>
         <value>0x8a373</value>
         <object_component_ref idref="oc-2dc"/>
      </symbol>
      <symbol id="sm-c92">
         <name>_xdc_runtime_SysMin_Module_startup__E</name>
         <value>0x8a8eb</value>
         <object_component_ref idref="oc-340"/>
      </symbol>
      <symbol id="sm-c93">
         <name>_xdc_runtime_SysMin_putch__E</name>
         <value>0x8a53b</value>
         <object_component_ref idref="oc-363"/>
      </symbol>
      <symbol id="sm-c94">
         <name>_xdc_runtime_SysMin_exit__E</name>
         <value>0x8aa95</value>
         <object_component_ref idref="oc-27b"/>
      </symbol>
      <symbol id="sm-cd5">
         <name>_xdc_runtime_Text_putLab__E</name>
         <value>0x89cff</value>
         <object_component_ref idref="oc-3ae"/>
      </symbol>
      <symbol id="sm-cd6">
         <name>_xdc_runtime_Text_printVisFxn__I</name>
         <value>0x8a7f7</value>
         <object_component_ref idref="oc-394"/>
      </symbol>
      <symbol id="sm-cd7">
         <name>_xdc_runtime_Text_putMod__E</name>
         <value>0x89e00</value>
         <object_component_ref idref="oc-37b"/>
      </symbol>
      <symbol id="sm-cd8">
         <name>_xdc_runtime_Text_xprintf__I</name>
         <value>0x8a2fa</value>
         <object_component_ref idref="oc-37c"/>
      </symbol>
      <symbol id="sm-cd9">
         <name>_xdc_runtime_Text_visitRope2__I</name>
         <value>0x8a275</value>
         <object_component_ref idref="oc-3a8"/>
      </symbol>
      <symbol id="sm-cda">
         <name>_xdc_runtime_Text_ropeText__E</name>
         <value>0x8ab2c</value>
         <object_component_ref idref="oc-2e3"/>
      </symbol>
      <symbol id="sm-cdb">
         <name>_xdc_runtime_Text_putSite__E</name>
         <value>0x89ade</value>
         <object_component_ref idref="oc-360"/>
      </symbol>
      <symbol id="sm-ce7">
         <name>___xdc__init</name>
         <value>0x8ac59</value>
         <object_component_ref idref="oc-1f2"/>
      </symbol>
      <symbol id="sm-d07">
         <name>_xdc_runtime_Registry_findById__E</name>
         <value>0x8a928</value>
         <object_component_ref idref="oc-392"/>
      </symbol>
      <symbol id="sm-d22">
         <name>_c_int00</name>
         <value>0x8994d</value>
         <object_component_ref idref="oc-83"/>
      </symbol>
      <symbol id="sm-d23">
         <name>__stack</name>
         <value>0x122</value>
         <object_component_ref idref="oc-18f"/>
      </symbol>
      <symbol id="sm-d3a">
         <name>_ti_catalog_c2800_initF2837x_Boot_initFlash</name>
         <value>0xb000</value>
         <object_component_ref idref="oc-2cc"/>
      </symbol>
      <symbol id="sm-d3b">
         <name>_ti_catalog_c2800_initF2837x_Boot_defaultLimpAbortFunction</name>
         <value>0x89165</value>
         <object_component_ref idref="oc-270"/>
      </symbol>
      <symbol id="sm-d3c">
         <name>_ti_catalog_c2800_initF2837x_Boot_configurePllDivs</name>
         <value>0x89c78</value>
         <object_component_ref idref="oc-211"/>
      </symbol>
      <symbol id="sm-d3d">
         <name>_ti_catalog_c2800_initF2837x_Boot_initSharedRAMs</name>
         <value>0x8aba2</value>
         <object_component_ref idref="oc-212"/>
      </symbol>
      <symbol id="sm-d49">
         <name>_ti_catalog_c2800_initF2837x_Boot_entry</name>
         <value>0x80000</value>
         <object_component_ref idref="oc-84"/>
      </symbol>
      <symbol id="sm-d5a">
         <name>FS$$DIV</name>
         <value>0x893a6</value>
         <object_component_ref idref="oc-19d"/>
      </symbol>
      <symbol id="sm-d86">
         <name>ULL$$MOD</name>
         <value>0x889a7</value>
         <object_component_ref idref="oc-1a2"/>
      </symbol>
      <symbol id="sm-d87">
         <name>ULL$$DIV</name>
         <value>0x88978</value>
         <object_component_ref idref="oc-1a2"/>
      </symbol>
      <symbol id="sm-d88">
         <name>LL$$MOD</name>
         <value>0x8893e</value>
         <object_component_ref idref="oc-1a2"/>
      </symbol>
      <symbol id="sm-d89">
         <name>LL$$DIV</name>
         <value>0x88902</value>
         <object_component_ref idref="oc-1a2"/>
      </symbol>
      <symbol id="sm-d98">
         <name>_copy_in</name>
         <value>0x8a3e3</value>
         <object_component_ref idref="oc-1ed"/>
      </symbol>
      <symbol id="sm-da9">
         <name>_memcpy</name>
         <value>0x8a558</value>
         <object_component_ref idref="oc-213"/>
      </symbol>
      <symbol id="sm-db5">
         <name>__system_pre_init</name>
         <value>0x8acb7</value>
         <object_component_ref idref="oc-1eb"/>
      </symbol>
      <symbol id="sm-dc2">
         <name>__system_post_cinit</name>
         <value>0x8acbd</value>
         <object_component_ref idref="oc-1ef"/>
      </symbol>
      <symbol id="sm-dd6">
         <name>C$$EXIT</name>
         <value>0x8a323</value>
         <object_component_ref idref="oc-27c"/>
      </symbol>
      <symbol id="sm-dd7">
         <name>_exit</name>
         <value>0x8a325</value>
         <object_component_ref idref="oc-27c"/>
      </symbol>
      <symbol id="sm-dd8">
         <name>___TI_cleanup_ptr</name>
         <value>0x90ee</value>
         <object_component_ref idref="oc-1bd"/>
      </symbol>
      <symbol id="sm-dd9">
         <name>___TI_enable_exit_profile_output</name>
         <value>0x90ec</value>
         <object_component_ref idref="oc-1bd"/>
      </symbol>
      <symbol id="sm-dda">
         <name>_abort</name>
         <value>0x8a323</value>
         <object_component_ref idref="oc-27c"/>
      </symbol>
      <symbol id="sm-ddb">
         <name>___TI_dtors_ptr</name>
         <value>0x90f0</value>
         <object_component_ref idref="oc-1bd"/>
      </symbol>
      <symbol id="sm-def">
         <name>__unlock</name>
         <value>0x8ffe</value>
         <object_component_ref idref="oc-297"/>
      </symbol>
      <symbol id="sm-df0">
         <name>__lock</name>
         <value>0x8ffc</value>
         <object_component_ref idref="oc-298"/>
      </symbol>
      <symbol id="sm-df1">
         <name>__register_lock</name>
         <value>0x8ab9d</value>
         <object_component_ref idref="oc-254"/>
      </symbol>
      <symbol id="sm-df2">
         <name>__nop</name>
         <value>0x8aba1</value>
         <object_component_ref idref="oc-254"/>
      </symbol>
      <symbol id="sm-df3">
         <name>__register_unlock</name>
         <value>0x8ab99</value>
         <object_component_ref idref="oc-254"/>
      </symbol>
      <symbol id="sm-e02">
         <name>__args_main</name>
         <value>0x8a6ca</value>
         <object_component_ref idref="oc-1f0"/>
      </symbol>
      <symbol id="sm-e10">
         <name>_memset</name>
         <value>0x8abfe</value>
         <object_component_ref idref="oc-338"/>
      </symbol>
      <symbol id="sm-e26">
         <name>_strlen</name>
         <value>0x8abda</value>
         <object_component_ref idref="oc-37d"/>
      </symbol>
      <symbol id="sm-e33">
         <name>_HOSTwrite</name>
         <value>0x89f6d</value>
         <object_component_ref idref="oc-377"/>
      </symbol>
      <symbol id="sm-e4c">
         <name>___TI_readmsg</name>
         <value>0x891be</value>
         <object_component_ref idref="oc-38e"/>
      </symbol>
      <symbol id="sm-e4d">
         <name>C$$IO$$</name>
         <value>0x891b9</value>
         <object_component_ref idref="oc-38e"/>
      </symbol>
      <symbol id="sm-e4e">
         <name>__CIOBUF_</name>
         <value>0x9100</value>
         <object_component_ref idref="oc-1e1"/>
      </symbol>
      <symbol id="sm-e4f">
         <name>___TI_writemsg</name>
         <value>0x89166</value>
         <object_component_ref idref="oc-38e"/>
      </symbol>
      <symbol id="sm-e5b">
         <name>_parmbuf</name>
         <value>0x90dc</value>
         <object_component_ref idref="oc-38d"/>
      </symbol>
   </symbol_table>
   <title>Link successful</title>
</link_info>
