<?xml version="1.0" encoding="ISO-8859-1" ?>
<link_info>
   <banner>TMS320C2000 Linker PC v18.12.4.LTS</banner>
   <copyright>Copyright (c) 1996-2018 Texas Instruments Incorporated</copyright>
   <link_time>0x5e016b4f</link_time>
   <link_errors>0x0</link_errors>
   <output_file>demo_rtos_cpu1.out</output_file>
   <entry_point>
      <name>_c_int00</name>
      <address>0x8999f</address>
   </entry_point>
   <input_file_list>
      <input_file id="fl-2">
         <path>.\</path>
         <kind>object</kind>
         <file>F2837xD_Adc.obj</file>
         <name>F2837xD_Adc.obj</name>
      </input_file>
      <input_file id="fl-3">
         <path>.\</path>
         <kind>object</kind>
         <file>F2837xD_EPwm.obj</file>
         <name>F2837xD_EPwm.obj</name>
      </input_file>
      <input_file id="fl-4">
         <path>.\</path>
         <kind>object</kind>
         <file>F2837xD_EQep.obj</file>
         <name>F2837xD_EQep.obj</name>
      </input_file>
      <input_file id="fl-5">
         <path>.\</path>
         <kind>object</kind>
         <file>F2837xD_GlobalVariableDefs.obj</file>
         <name>F2837xD_GlobalVariableDefs.obj</name>
      </input_file>
      <input_file id="fl-6">
         <path>.\</path>
         <kind>object</kind>
         <file>F2837xD_Gpio.obj</file>
         <name>F2837xD_Gpio.obj</name>
      </input_file>
      <input_file id="fl-7">
         <path>.\</path>
         <kind>object</kind>
         <file>F2837xD_I2C.obj</file>
         <name>F2837xD_I2C.obj</name>
      </input_file>
      <input_file id="fl-8">
         <path>.\</path>
         <kind>object</kind>
         <file>F2837xD_Spi.obj</file>
         <name>F2837xD_Spi.obj</name>
      </input_file>
      <input_file id="fl-9">
         <path>.\</path>
         <kind>object</kind>
         <file>F2837xD_SysCtrl.obj</file>
         <name>F2837xD_SysCtrl.obj</name>
      </input_file>
      <input_file id="fl-a">
         <path>.\</path>
         <kind>object</kind>
         <file>F2837xD_can.obj</file>
         <name>F2837xD_can.obj</name>
      </input_file>
      <input_file id="fl-b">
         <path>.\</path>
         <kind>object</kind>
         <file>F2837xD_usDelay.obj</file>
         <name>F2837xD_usDelay.obj</name>
      </input_file>
      <input_file id="fl-c">
         <path>.\</path>
         <kind>object</kind>
         <file>demo_rtos_cpu1.obj</file>
         <name>demo_rtos_cpu1.obj</name>
      </input_file>
      <input_file id="fl-10">
         <path>C:\Github_Repo\DSP_TI_TMS320F28379D\F28379D_Projects\demo_rtos_cpu1\Debug\configPkg\package\cfg\</path>
         <kind>object</kind>
         <file>demo_rtos_cpu1_p28FP.o28FP</file>
         <name>demo_rtos_cpu1_p28FP.o28FP</name>
      </input_file>
      <input_file id="fl-18">
         <kind>object</kind>
         <file>&lt;internal&gt;</file>
         <name>&lt;internal&gt;</name>
      </input_file>
      <input_file id="fl-19">
         <path>C:\Github_Repo\DSP_TI_TMS320F28379D\F28379D_Projects\demo_rtos_cpu1\src\sysbios\</path>
         <kind>archive</kind>
         <file>sysbios.a28FP</file>
         <name>BIOS.obj</name>
      </input_file>
      <input_file id="fl-1a">
         <path>C:\Github_Repo\DSP_TI_TMS320F28379D\F28379D_Projects\demo_rtos_cpu1\src\sysbios\</path>
         <kind>archive</kind>
         <file>sysbios.a28FP</file>
         <name>c28_Hwi_asm.obj</name>
      </input_file>
      <input_file id="fl-1b">
         <path>C:\Github_Repo\DSP_TI_TMS320F28379D\F28379D_Projects\demo_rtos_cpu1\src\sysbios\</path>
         <kind>archive</kind>
         <file>sysbios.a28FP</file>
         <name>c28_Hwi_disp_asm.obj</name>
      </input_file>
      <input_file id="fl-1c">
         <path>C:\Github_Repo\DSP_TI_TMS320F28379D\F28379D_Projects\demo_rtos_cpu1\src\sysbios\</path>
         <kind>archive</kind>
         <file>sysbios.a28FP</file>
         <name>c28_IntrinsicsSupport_asm.obj</name>
      </input_file>
      <input_file id="fl-1d">
         <path>C:\Github_Repo\DSP_TI_TMS320F28379D\F28379D_Projects\demo_rtos_cpu1\src\sysbios\</path>
         <kind>archive</kind>
         <file>sysbios.a28FP</file>
         <name>c28_TaskSupport_asm.obj</name>
      </input_file>
      <input_file id="fl-1e">
         <path>C:\ti\bios_6_76_02_02\packages\ti\targets\rts2800\lib\</path>
         <kind>archive</kind>
         <file>ti.targets.rts2800.a28FP</file>
         <name>Assert.o28FP</name>
      </input_file>
      <input_file id="fl-1f">
         <path>C:\ti\bios_6_76_02_02\packages\ti\targets\rts2800\lib\</path>
         <kind>archive</kind>
         <file>ti.targets.rts2800.a28FP</file>
         <name>Core-mem.o28FP</name>
      </input_file>
      <input_file id="fl-20">
         <path>C:\ti\bios_6_76_02_02\packages\ti\targets\rts2800\lib\</path>
         <kind>archive</kind>
         <file>ti.targets.rts2800.a28FP</file>
         <name>Core-smem.o28FP</name>
      </input_file>
      <input_file id="fl-21">
         <path>C:\ti\bios_6_76_02_02\packages\ti\targets\rts2800\lib\</path>
         <kind>archive</kind>
         <file>ti.targets.rts2800.a28FP</file>
         <name>Core-params.o28FP</name>
      </input_file>
      <input_file id="fl-22">
         <path>C:\ti\bios_6_76_02_02\packages\ti\targets\rts2800\lib\</path>
         <kind>archive</kind>
         <file>ti.targets.rts2800.a28FP</file>
         <name>Error.o28FP</name>
      </input_file>
      <input_file id="fl-23">
         <path>C:\ti\bios_6_76_02_02\packages\ti\targets\rts2800\lib\</path>
         <kind>archive</kind>
         <file>ti.targets.rts2800.a28FP</file>
         <name>Gate.o28FP</name>
      </input_file>
      <input_file id="fl-24">
         <path>C:\ti\bios_6_76_02_02\packages\ti\targets\rts2800\lib\</path>
         <kind>archive</kind>
         <file>ti.targets.rts2800.a28FP</file>
         <name>LoggerBuf.o28FP</name>
      </input_file>
      <input_file id="fl-25">
         <path>C:\ti\bios_6_76_02_02\packages\ti\targets\rts2800\lib\</path>
         <kind>archive</kind>
         <file>ti.targets.rts2800.a28FP</file>
         <name>Memory.o28FP</name>
      </input_file>
      <input_file id="fl-26">
         <path>C:\ti\bios_6_76_02_02\packages\ti\targets\rts2800\lib\</path>
         <kind>archive</kind>
         <file>ti.targets.rts2800.a28FP</file>
         <name>Startup.o28FP</name>
      </input_file>
      <input_file id="fl-27">
         <path>C:\ti\bios_6_76_02_02\packages\ti\targets\rts2800\lib\</path>
         <kind>archive</kind>
         <file>ti.targets.rts2800.a28FP</file>
         <name>System.o28FP</name>
      </input_file>
      <input_file id="fl-28">
         <path>C:\ti\bios_6_76_02_02\packages\ti\targets\rts2800\lib\</path>
         <kind>archive</kind>
         <file>ti.targets.rts2800.a28FP</file>
         <name>SysMin.o28FP</name>
      </input_file>
      <input_file id="fl-29">
         <path>C:\ti\bios_6_76_02_02\packages\ti\targets\rts2800\lib\</path>
         <kind>archive</kind>
         <file>ti.targets.rts2800.a28FP</file>
         <name>Text.o28FP</name>
      </input_file>
      <input_file id="fl-2a">
         <path>C:\ti\bios_6_76_02_02\packages\ti\targets\rts2800\lib\</path>
         <kind>archive</kind>
         <file>ti.targets.rts2800.a28FP</file>
         <name>xdc_noinit.o28FP</name>
      </input_file>
      <input_file id="fl-2b">
         <path>C:\ti\bios_6_76_02_02\packages\ti\targets\rts2800\lib\</path>
         <kind>archive</kind>
         <file>ti.targets.rts2800.a28FP</file>
         <name>Log.o28FP</name>
      </input_file>
      <input_file id="fl-2c">
         <path>C:\ti\bios_6_76_02_02\packages\ti\targets\rts2800\lib\</path>
         <kind>archive</kind>
         <file>ti.targets.rts2800.a28FP</file>
         <name>Registry.o28FP</name>
      </input_file>
      <input_file id="fl-2d">
         <path>C:\ti\bios_6_76_02_02\packages\ti\targets\rts2800\lib\</path>
         <kind>archive</kind>
         <file>boot.a28FP</file>
         <name>boot_cg.o28FP</name>
      </input_file>
      <input_file id="fl-2e">
         <path>C:\ti\bios_6_76_02_02\packages\ti\catalog\c2800\initF2837x\lib\</path>
         <kind>archive</kind>
         <file>Boot.a28FP</file>
         <name>Boot.o28FP</name>
      </input_file>
      <input_file id="fl-2f">
         <path>C:\ti\bios_6_76_02_02\packages\ti\catalog\c2800\initF2837x\lib\</path>
         <kind>archive</kind>
         <file>Boot.a28FP</file>
         <name>Boot_asm.o28FP</name>
      </input_file>
      <input_file id="fl-3b">
         <path>C:\ti\ccs920\ccs\tools\compiler\ti-cgt-c2000_18.12.4.LTS\lib\</path>
         <kind>archive</kind>
         <file>rts2800_fpu32.lib</file>
         <name>fs_div28.asm.obj</name>
      </input_file>
      <input_file id="fl-3c">
         <path>C:\ti\ccs920\ccs\tools\compiler\ti-cgt-c2000_18.12.4.LTS\lib\</path>
         <kind>archive</kind>
         <file>rts2800_fpu32.lib</file>
         <name>ll_div28.asm.obj</name>
      </input_file>
      <input_file id="fl-3d">
         <path>C:\ti\ccs920\ccs\tools\compiler\ti-cgt-c2000_18.12.4.LTS\lib\</path>
         <kind>archive</kind>
         <file>rts2800_fpu32.lib</file>
         <name>cpy_tbl.c.obj</name>
      </input_file>
      <input_file id="fl-3e">
         <path>C:\ti\ccs920\ccs\tools\compiler\ti-cgt-c2000_18.12.4.LTS\lib\</path>
         <kind>archive</kind>
         <file>rts2800_fpu32.lib</file>
         <name>memcpy.c.obj</name>
      </input_file>
      <input_file id="fl-3f">
         <path>C:\ti\ccs920\ccs\tools\compiler\ti-cgt-c2000_18.12.4.LTS\lib\</path>
         <kind>archive</kind>
         <file>rts2800_fpu32.lib</file>
         <name>pre_init.c.obj</name>
      </input_file>
      <input_file id="fl-40">
         <path>C:\ti\ccs920\ccs\tools\compiler\ti-cgt-c2000_18.12.4.LTS\lib\</path>
         <kind>archive</kind>
         <file>rts2800_fpu32.lib</file>
         <name>startup.c.obj</name>
      </input_file>
      <input_file id="fl-41">
         <path>C:\ti\ccs920\ccs\tools\compiler\ti-cgt-c2000_18.12.4.LTS\lib\</path>
         <kind>archive</kind>
         <file>rts2800_fpu32.lib</file>
         <name>exit.c.obj</name>
      </input_file>
      <input_file id="fl-42">
         <path>C:\ti\ccs920\ccs\tools\compiler\ti-cgt-c2000_18.12.4.LTS\lib\</path>
         <kind>archive</kind>
         <file>rts2800_fpu32.lib</file>
         <name>_lock.c.obj</name>
      </input_file>
      <input_file id="fl-43">
         <path>C:\ti\ccs920\ccs\tools\compiler\ti-cgt-c2000_18.12.4.LTS\lib\</path>
         <kind>archive</kind>
         <file>rts2800_fpu32.lib</file>
         <name>args_main.c.obj</name>
      </input_file>
      <input_file id="fl-44">
         <path>C:\ti\ccs920\ccs\tools\compiler\ti-cgt-c2000_18.12.4.LTS\lib\</path>
         <kind>archive</kind>
         <file>rts2800_fpu32.lib</file>
         <name>memset.c.obj</name>
      </input_file>
      <input_file id="fl-45">
         <path>C:\ti\ccs920\ccs\tools\compiler\ti-cgt-c2000_18.12.4.LTS\lib\</path>
         <kind>archive</kind>
         <file>rts2800_fpu32.lib</file>
         <name>strcmp.c.obj</name>
      </input_file>
      <input_file id="fl-46">
         <path>C:\ti\ccs920\ccs\tools\compiler\ti-cgt-c2000_18.12.4.LTS\lib\</path>
         <kind>archive</kind>
         <file>rts2800_fpu32.lib</file>
         <name>strlen.c.obj</name>
      </input_file>
      <input_file id="fl-47">
         <path>C:\ti\ccs920\ccs\tools\compiler\ti-cgt-c2000_18.12.4.LTS\lib\</path>
         <kind>archive</kind>
         <file>rts2800_fpu32.lib</file>
         <name>hostwrite.c.obj</name>
      </input_file>
      <input_file id="fl-48">
         <path>C:\ti\ccs920\ccs\tools\compiler\ti-cgt-c2000_18.12.4.LTS\lib\</path>
         <kind>archive</kind>
         <file>rts2800_fpu32.lib</file>
         <name>trgmsg.c.obj</name>
      </input_file>
      <input_file id="fl-49">
         <path>C:\ti\ccs920\ccs\tools\compiler\ti-cgt-c2000_18.12.4.LTS\lib\</path>
         <kind>archive</kind>
         <file>rts2800_fpu32.lib</file>
         <name>hostopen.c.obj</name>
      </input_file>
   </input_file_list>
   <object_component_list>
      <object_component id="oc-f5">
         <name>PieVectTableFile</name>
         <uninitialized>true</uninitialized>
         <run_address>0xd00</run_address>
         <size>0x1c0</size>
         <input_file_ref idref="fl-5"/>
      </object_component>
      <object_component id="oc-95">
         <name>EmuBModeVar</name>
         <uninitialized>true</uninitialized>
         <run_address>0xd00</run_address>
         <size>0x1</size>
         <input_file_ref idref="fl-5"/>
      </object_component>
      <object_component id="oc-96">
         <name>EmuBootPinsVar</name>
         <uninitialized>true</uninitialized>
         <run_address>0xd01</run_address>
         <size>0x1</size>
         <input_file_ref idref="fl-5"/>
      </object_component>
      <object_component id="oc-ac">
         <name>AdcaResultFile</name>
         <uninitialized>true</uninitialized>
         <run_address>0xb00</run_address>
         <size>0x18</size>
         <input_file_ref idref="fl-5"/>
      </object_component>
      <object_component id="oc-ad">
         <name>AdcbResultFile</name>
         <uninitialized>true</uninitialized>
         <run_address>0xb20</run_address>
         <size>0x18</size>
         <input_file_ref idref="fl-5"/>
      </object_component>
      <object_component id="oc-ae">
         <name>AdccResultFile</name>
         <uninitialized>true</uninitialized>
         <run_address>0xb40</run_address>
         <size>0x18</size>
         <input_file_ref idref="fl-5"/>
      </object_component>
      <object_component id="oc-af">
         <name>AdcdResultFile</name>
         <uninitialized>true</uninitialized>
         <run_address>0xb60</run_address>
         <size>0x18</size>
         <input_file_ref idref="fl-5"/>
      </object_component>
      <object_component id="oc-db">
         <name>AdcaRegsFile</name>
         <uninitialized>true</uninitialized>
         <run_address>0x7400</run_address>
         <size>0x80</size>
         <input_file_ref idref="fl-5"/>
      </object_component>
      <object_component id="oc-dc">
         <name>AdcbRegsFile</name>
         <uninitialized>true</uninitialized>
         <run_address>0x7480</run_address>
         <size>0x80</size>
         <input_file_ref idref="fl-5"/>
      </object_component>
      <object_component id="oc-dd">
         <name>AdccRegsFile</name>
         <uninitialized>true</uninitialized>
         <run_address>0x7500</run_address>
         <size>0x80</size>
         <input_file_ref idref="fl-5"/>
      </object_component>
      <object_component id="oc-de">
         <name>AdcdRegsFile</name>
         <uninitialized>true</uninitialized>
         <run_address>0x7580</run_address>
         <size>0x80</size>
         <input_file_ref idref="fl-5"/>
      </object_component>
      <object_component id="oc-d7">
         <name>AnalogSubsysRegsFile</name>
         <uninitialized>true</uninitialized>
         <run_address>0x5d180</run_address>
         <size>0x48</size>
         <input_file_ref idref="fl-5"/>
      </object_component>
      <object_component id="oc-f1">
         <name>CanaRegsFile</name>
         <uninitialized>true</uninitialized>
         <run_address>0x48000</run_address>
         <size>0x164</size>
         <input_file_ref idref="fl-5"/>
      </object_component>
      <object_component id="oc-f2">
         <name>CanbRegsFile</name>
         <uninitialized>true</uninitialized>
         <run_address>0x4a000</run_address>
         <size>0x164</size>
         <input_file_ref idref="fl-5"/>
      </object_component>
      <object_component id="oc-d2">
         <name>Cla1RegsFile</name>
         <uninitialized>true</uninitialized>
         <run_address>0x1400</run_address>
         <size>0x3e</size>
         <input_file_ref idref="fl-5"/>
      </object_component>
      <object_component id="oc-9a">
         <name>Cla1SoftIntRegsFile</name>
         <uninitialized>true</uninitialized>
         <run_address>0xce0</run_address>
         <size>0x4</size>
         <input_file_ref idref="fl-5"/>
      </object_component>
      <object_component id="oc-b2">
         <name>Cmpss1RegsFile</name>
         <uninitialized>true</uninitialized>
         <run_address>0x5c80</run_address>
         <size>0x20</size>
         <input_file_ref idref="fl-5"/>
      </object_component>
      <object_component id="oc-b3">
         <name>Cmpss2RegsFile</name>
         <uninitialized>true</uninitialized>
         <run_address>0x5ca0</run_address>
         <size>0x20</size>
         <input_file_ref idref="fl-5"/>
      </object_component>
      <object_component id="oc-b4">
         <name>Cmpss3RegsFile</name>
         <uninitialized>true</uninitialized>
         <run_address>0x5cc0</run_address>
         <size>0x20</size>
         <input_file_ref idref="fl-5"/>
      </object_component>
      <object_component id="oc-b5">
         <name>Cmpss4RegsFile</name>
         <uninitialized>true</uninitialized>
         <run_address>0x5ce0</run_address>
         <size>0x20</size>
         <input_file_ref idref="fl-5"/>
      </object_component>
      <object_component id="oc-b6">
         <name>Cmpss5RegsFile</name>
         <uninitialized>true</uninitialized>
         <run_address>0x5d00</run_address>
         <size>0x20</size>
         <input_file_ref idref="fl-5"/>
      </object_component>
      <object_component id="oc-b7">
         <name>Cmpss6RegsFile</name>
         <uninitialized>true</uninitialized>
         <run_address>0x5d20</run_address>
         <size>0x20</size>
         <input_file_ref idref="fl-5"/>
      </object_component>
      <object_component id="oc-b8">
         <name>Cmpss7RegsFile</name>
         <uninitialized>true</uninitialized>
         <run_address>0x5d40</run_address>
         <size>0x20</size>
         <input_file_ref idref="fl-5"/>
      </object_component>
      <object_component id="oc-b9">
         <name>Cmpss8RegsFile</name>
         <uninitialized>true</uninitialized>
         <run_address>0x5d60</run_address>
         <size>0x20</size>
         <input_file_ref idref="fl-5"/>
      </object_component>
      <object_component id="oc-a0">
         <name>CpuTimer0RegsFile</name>
         <uninitialized>true</uninitialized>
         <run_address>0xc00</run_address>
         <size>0x8</size>
         <input_file_ref idref="fl-5"/>
      </object_component>
      <object_component id="oc-a1">
         <name>CpuTimer1RegsFile</name>
         <uninitialized>true</uninitialized>
         <run_address>0xc08</run_address>
         <size>0x8</size>
         <input_file_ref idref="fl-5"/>
      </object_component>
      <object_component id="oc-a2">
         <name>CpuTimer2RegsFile</name>
         <uninitialized>true</uninitialized>
         <run_address>0xc10</run_address>
         <size>0x8</size>
         <input_file_ref idref="fl-5"/>
      </object_component>
      <object_component id="oc-9d">
         <name>DacaRegsFile</name>
         <uninitialized>true</uninitialized>
         <run_address>0x5c00</run_address>
         <size>0x8</size>
         <input_file_ref idref="fl-5"/>
      </object_component>
      <object_component id="oc-9e">
         <name>DacbRegsFile</name>
         <uninitialized>true</uninitialized>
         <run_address>0x5c10</run_address>
         <size>0x8</size>
         <input_file_ref idref="fl-5"/>
      </object_component>
      <object_component id="oc-9f">
         <name>DaccRegsFile</name>
         <uninitialized>true</uninitialized>
         <run_address>0x5c20</run_address>
         <size>0x8</size>
         <input_file_ref idref="fl-5"/>
      </object_component>
      <object_component id="oc-c9">
         <name>DcsmZ1RegsFile</name>
         <uninitialized>true</uninitialized>
         <run_address>0x5f000</run_address>
         <size>0x24</size>
         <input_file_ref idref="fl-5"/>
      </object_component>
      <object_component id="oc-ca">
         <name>DcsmZ2RegsFile</name>
         <uninitialized>true</uninitialized>
         <run_address>0x5f040</run_address>
         <size>0x24</size>
         <input_file_ref idref="fl-5"/>
      </object_component>
      <object_component id="oc-a3">
         <name>DcsmCommonRegsFile</name>
         <uninitialized>true</uninitialized>
         <run_address>0x5f070</run_address>
         <size>0x8</size>
         <input_file_ref idref="fl-5"/>
      </object_component>
      <object_component id="oc-e3">
         <name>DmaRegsFile</name>
         <uninitialized>true</uninitialized>
         <run_address>0x1000</run_address>
         <size>0xe0</size>
         <input_file_ref idref="fl-5"/>
      </object_component>
      <object_component id="oc-b0">
         <name>DmaClaSrcSelRegsFile</name>
         <uninitialized>true</uninitialized>
         <run_address>0x7980</run_address>
         <size>0x1a</size>
         <input_file_ref idref="fl-5"/>
      </object_component>
      <object_component id="oc-ba">
         <name>ECap1RegsFile</name>
         <uninitialized>true</uninitialized>
         <run_address>0x5000</run_address>
         <size>0x20</size>
         <input_file_ref idref="fl-5"/>
      </object_component>
      <object_component id="oc-bb">
         <name>ECap2RegsFile</name>
         <uninitialized>true</uninitialized>
         <run_address>0x5020</run_address>
         <size>0x20</size>
         <input_file_ref idref="fl-5"/>
      </object_component>
      <object_component id="oc-bc">
         <name>ECap3RegsFile</name>
         <uninitialized>true</uninitialized>
         <run_address>0x5040</run_address>
         <size>0x20</size>
         <input_file_ref idref="fl-5"/>
      </object_component>
      <object_component id="oc-bd">
         <name>ECap4RegsFile</name>
         <uninitialized>true</uninitialized>
         <run_address>0x5060</run_address>
         <size>0x20</size>
         <input_file_ref idref="fl-5"/>
      </object_component>
      <object_component id="oc-be">
         <name>ECap5RegsFile</name>
         <uninitialized>true</uninitialized>
         <run_address>0x5080</run_address>
         <size>0x20</size>
         <input_file_ref idref="fl-5"/>
      </object_component>
      <object_component id="oc-bf">
         <name>ECap6RegsFile</name>
         <uninitialized>true</uninitialized>
         <run_address>0x50a0</run_address>
         <size>0x20</size>
         <input_file_ref idref="fl-5"/>
      </object_component>
      <object_component id="oc-d9">
         <name>Emif1RegsFile</name>
         <uninitialized>true</uninitialized>
         <run_address>0x47000</run_address>
         <size>0x70</size>
         <input_file_ref idref="fl-5"/>
      </object_component>
      <object_component id="oc-da">
         <name>Emif2RegsFile</name>
         <uninitialized>true</uninitialized>
         <run_address>0x47800</run_address>
         <size>0x70</size>
         <input_file_ref idref="fl-5"/>
      </object_component>
      <object_component id="oc-e4">
         <name>EPwm1RegsFile</name>
         <uninitialized>true</uninitialized>
         <run_address>0x4000</run_address>
         <size>0x100</size>
         <input_file_ref idref="fl-5"/>
      </object_component>
      <object_component id="oc-e5">
         <name>EPwm2RegsFile</name>
         <uninitialized>true</uninitialized>
         <run_address>0x4100</run_address>
         <size>0x100</size>
         <input_file_ref idref="fl-5"/>
      </object_component>
      <object_component id="oc-e6">
         <name>EPwm3RegsFile</name>
         <uninitialized>true</uninitialized>
         <run_address>0x4200</run_address>
         <size>0x100</size>
         <input_file_ref idref="fl-5"/>
      </object_component>
      <object_component id="oc-e7">
         <name>EPwm4RegsFile</name>
         <uninitialized>true</uninitialized>
         <run_address>0x4300</run_address>
         <size>0x100</size>
         <input_file_ref idref="fl-5"/>
      </object_component>
      <object_component id="oc-e8">
         <name>EPwm5RegsFile</name>
         <uninitialized>true</uninitialized>
         <run_address>0x4400</run_address>
         <size>0x100</size>
         <input_file_ref idref="fl-5"/>
      </object_component>
      <object_component id="oc-e9">
         <name>EPwm6RegsFile</name>
         <uninitialized>true</uninitialized>
         <run_address>0x4500</run_address>
         <size>0x100</size>
         <input_file_ref idref="fl-5"/>
      </object_component>
      <object_component id="oc-ea">
         <name>EPwm7RegsFile</name>
         <uninitialized>true</uninitialized>
         <run_address>0x4600</run_address>
         <size>0x100</size>
         <input_file_ref idref="fl-5"/>
      </object_component>
      <object_component id="oc-eb">
         <name>EPwm8RegsFile</name>
         <uninitialized>true</uninitialized>
         <run_address>0x4700</run_address>
         <size>0x100</size>
         <input_file_ref idref="fl-5"/>
      </object_component>
      <object_component id="oc-ec">
         <name>EPwm9RegsFile</name>
         <uninitialized>true</uninitialized>
         <run_address>0x4800</run_address>
         <size>0x100</size>
         <input_file_ref idref="fl-5"/>
      </object_component>
      <object_component id="oc-ed">
         <name>EPwm10RegsFile</name>
         <uninitialized>true</uninitialized>
         <run_address>0x4900</run_address>
         <size>0x100</size>
         <input_file_ref idref="fl-5"/>
      </object_component>
      <object_component id="oc-ee">
         <name>EPwm11RegsFile</name>
         <uninitialized>true</uninitialized>
         <run_address>0x4a00</run_address>
         <size>0x100</size>
         <input_file_ref idref="fl-5"/>
      </object_component>
      <object_component id="oc-ef">
         <name>EPwm12RegsFile</name>
         <uninitialized>true</uninitialized>
         <run_address>0x4b00</run_address>
         <size>0x100</size>
         <input_file_ref idref="fl-5"/>
      </object_component>
      <object_component id="oc-d3">
         <name>EPwmXbarRegsFile</name>
         <uninitialized>true</uninitialized>
         <run_address>0x7a00</run_address>
         <size>0x40</size>
         <input_file_ref idref="fl-5"/>
      </object_component>
      <object_component id="oc-c4">
         <name>EQep1RegsFile</name>
         <uninitialized>true</uninitialized>
         <run_address>0x5100</run_address>
         <size>0x22</size>
         <input_file_ref idref="fl-5"/>
      </object_component>
      <object_component id="oc-c5">
         <name>EQep2RegsFile</name>
         <uninitialized>true</uninitialized>
         <run_address>0x5140</run_address>
         <size>0x22</size>
         <input_file_ref idref="fl-5"/>
      </object_component>
      <object_component id="oc-c6">
         <name>EQep3RegsFile</name>
         <uninitialized>true</uninitialized>
         <run_address>0x5180</run_address>
         <size>0x22</size>
         <input_file_ref idref="fl-5"/>
      </object_component>
      <object_component id="oc-f4">
         <name>Flash0CtrlRegsFile</name>
         <uninitialized>true</uninitialized>
         <run_address>0x5f800</run_address>
         <size>0x182</size>
         <input_file_ref idref="fl-5"/>
      </object_component>
      <object_component id="oc-ce">
         <name>Flash0EccRegsFile</name>
         <uninitialized>true</uninitialized>
         <run_address>0x5fb00</run_address>
         <size>0x28</size>
         <input_file_ref idref="fl-5"/>
      </object_component>
      <object_component id="oc-f3">
         <name>GpioCtrlRegsFile</name>
         <uninitialized>true</uninitialized>
         <run_address>0x7c00</run_address>
         <size>0x180</size>
         <input_file_ref idref="fl-5"/>
      </object_component>
      <object_component id="oc-d0">
         <name>GpioDataRegsFile</name>
         <uninitialized>true</uninitialized>
         <run_address>0x7f00</run_address>
         <size>0x30</size>
         <input_file_ref idref="fl-5"/>
      </object_component>
      <object_component id="oc-d4">
         <name>OutputXbarRegsFile</name>
         <uninitialized>true</uninitialized>
         <run_address>0x7a80</run_address>
         <size>0x40</size>
         <input_file_ref idref="fl-5"/>
      </object_component>
      <object_component id="oc-c7">
         <name>I2caRegsFile</name>
         <uninitialized>true</uninitialized>
         <run_address>0x7300</run_address>
         <size>0x22</size>
         <input_file_ref idref="fl-5"/>
      </object_component>
      <object_component id="oc-c8">
         <name>I2cbRegsFile</name>
         <uninitialized>true</uninitialized>
         <run_address>0x7340</run_address>
         <size>0x22</size>
         <input_file_ref idref="fl-5"/>
      </object_component>
      <object_component id="oc-c0">
         <name>InputXbarRegsFile</name>
         <uninitialized>true</uninitialized>
         <run_address>0x7900</run_address>
         <size>0x20</size>
         <input_file_ref idref="fl-5"/>
      </object_component>
      <object_component id="oc-c1">
         <name>XbarRegsFile</name>
         <uninitialized>true</uninitialized>
         <run_address>0x7920</run_address>
         <size>0x20</size>
         <input_file_ref idref="fl-5"/>
      </object_component>
      <object_component id="oc-cb">
         <name>IpcRegsFile</name>
         <uninitialized>true</uninitialized>
         <run_address>0x50000</run_address>
         <size>0x24</size>
         <input_file_ref idref="fl-5"/>
      </object_component>
      <object_component id="oc-97">
         <name>FlashPumpSemaphoreRegsFile</name>
         <uninitialized>true</uninitialized>
         <run_address>0x50024</run_address>
         <size>0x2</size>
         <input_file_ref idref="fl-5"/>
      </object_component>
      <object_component id="oc-98">
         <name>RomPrefetchRegsFile</name>
         <uninitialized>true</uninitialized>
         <run_address>0x5e608</run_address>
         <size>0x2</size>
         <input_file_ref idref="fl-5"/>
      </object_component>
      <object_component id="oc-df">
         <name>MemCfgRegsFile</name>
         <uninitialized>true</uninitialized>
         <run_address>0x5f400</run_address>
         <size>0x80</size>
         <input_file_ref idref="fl-5"/>
      </object_component>
      <object_component id="oc-c2">
         <name>Emif1ConfigRegsFile</name>
         <uninitialized>true</uninitialized>
         <run_address>0x5f480</run_address>
         <size>0x20</size>
         <input_file_ref idref="fl-5"/>
      </object_component>
      <object_component id="oc-c3">
         <name>Emif2ConfigRegsFile</name>
         <uninitialized>true</uninitialized>
         <run_address>0x5f4a0</run_address>
         <size>0x20</size>
         <input_file_ref idref="fl-5"/>
      </object_component>
      <object_component id="oc-d5">
         <name>AccessProtectionRegsFile</name>
         <uninitialized>true</uninitialized>
         <run_address>0x5f4c0</run_address>
         <size>0x40</size>
         <input_file_ref idref="fl-5"/>
      </object_component>
      <object_component id="oc-d6">
         <name>MemoryErrorRegsFile</name>
         <uninitialized>true</uninitialized>
         <run_address>0x5f500</run_address>
         <size>0x40</size>
         <input_file_ref idref="fl-5"/>
      </object_component>
      <object_component id="oc-99">
         <name>RomWaitStateRegsFile</name>
         <uninitialized>true</uninitialized>
         <run_address>0x5f540</run_address>
         <size>0x2</size>
         <input_file_ref idref="fl-5"/>
      </object_component>
      <object_component id="oc-cc">
         <name>McbspaRegsFile</name>
         <uninitialized>true</uninitialized>
         <run_address>0x6000</run_address>
         <size>0x24</size>
         <input_file_ref idref="fl-5"/>
      </object_component>
      <object_component id="oc-cd">
         <name>McbspbRegsFile</name>
         <uninitialized>true</uninitialized>
         <run_address>0x6040</run_address>
         <size>0x24</size>
         <input_file_ref idref="fl-5"/>
      </object_component>
      <object_component id="oc-d8">
         <name>UppRegsFile</name>
         <uninitialized>true</uninitialized>
         <run_address>0x6200</run_address>
         <size>0x48</size>
         <input_file_ref idref="fl-5"/>
      </object_component>
      <object_component id="oc-9c">
         <name>NmiIntruptRegsFile</name>
         <uninitialized>true</uninitialized>
         <run_address>0x7060</run_address>
         <size>0x7</size>
         <input_file_ref idref="fl-5"/>
      </object_component>
      <object_component id="oc-b1">
         <name>PieCtrlRegsFile</name>
         <uninitialized>true</uninitialized>
         <run_address>0xce0</run_address>
         <size>0x1a</size>
         <input_file_ref idref="fl-5"/>
      </object_component>
      <object_component id="oc-a5">
         <name>SciaRegsFile</name>
         <uninitialized>true</uninitialized>
         <run_address>0x7200</run_address>
         <size>0x10</size>
         <input_file_ref idref="fl-5"/>
      </object_component>
      <object_component id="oc-a6">
         <name>ScibRegsFile</name>
         <uninitialized>true</uninitialized>
         <run_address>0x7210</run_address>
         <size>0x10</size>
         <input_file_ref idref="fl-5"/>
      </object_component>
      <object_component id="oc-a7">
         <name>ScicRegsFile</name>
         <uninitialized>true</uninitialized>
         <run_address>0x7220</run_address>
         <size>0x10</size>
         <input_file_ref idref="fl-5"/>
      </object_component>
      <object_component id="oc-a8">
         <name>ScidRegsFile</name>
         <uninitialized>true</uninitialized>
         <run_address>0x7230</run_address>
         <size>0x10</size>
         <input_file_ref idref="fl-5"/>
      </object_component>
      <object_component id="oc-e0">
         <name>Sdfm1RegsFile</name>
         <uninitialized>true</uninitialized>
         <run_address>0x5e00</run_address>
         <size>0x80</size>
         <input_file_ref idref="fl-5"/>
      </object_component>
      <object_component id="oc-e1">
         <name>Sdfm2RegsFile</name>
         <uninitialized>true</uninitialized>
         <run_address>0x5e80</run_address>
         <size>0x80</size>
         <input_file_ref idref="fl-5"/>
      </object_component>
      <object_component id="oc-a9">
         <name>SpiaRegsFile</name>
         <uninitialized>true</uninitialized>
         <run_address>0x6100</run_address>
         <size>0x10</size>
         <input_file_ref idref="fl-5"/>
      </object_component>
      <object_component id="oc-aa">
         <name>SpibRegsFile</name>
         <uninitialized>true</uninitialized>
         <run_address>0x6110</run_address>
         <size>0x10</size>
         <input_file_ref idref="fl-5"/>
      </object_component>
      <object_component id="oc-ab">
         <name>SpicRegsFile</name>
         <uninitialized>true</uninitialized>
         <run_address>0x6120</run_address>
         <size>0x10</size>
         <input_file_ref idref="fl-5"/>
      </object_component>
      <object_component id="oc-f0">
         <name>DevCfgRegsFile</name>
         <uninitialized>true</uninitialized>
         <run_address>0x5d000</run_address>
         <size>0x12e</size>
         <input_file_ref idref="fl-5"/>
      </object_component>
      <object_component id="oc-d1">
         <name>ClkCfgRegsFile</name>
         <uninitialized>true</uninitialized>
         <run_address>0x5d200</run_address>
         <size>0x32</size>
         <input_file_ref idref="fl-5"/>
      </object_component>
      <object_component id="oc-e2">
         <name>CpuSysRegsFile</name>
         <uninitialized>true</uninitialized>
         <run_address>0x5d300</run_address>
         <size>0x82</size>
         <input_file_ref idref="fl-5"/>
      </object_component>
      <object_component id="oc-9b">
         <name>SyncSocRegsFile</name>
         <uninitialized>true</uninitialized>
         <run_address>0x7940</run_address>
         <size>0x6</size>
         <input_file_ref idref="fl-5"/>
      </object_component>
      <object_component id="oc-cf">
         <name>WdRegsFile</name>
         <uninitialized>true</uninitialized>
         <run_address>0x7000</run_address>
         <size>0x2b</size>
         <input_file_ref idref="fl-5"/>
      </object_component>
      <object_component id="oc-a4">
         <name>XintRegsFile</name>
         <uninitialized>true</uninitialized>
         <run_address>0x7070</run_address>
         <size>0xb</size>
         <input_file_ref idref="fl-5"/>
      </object_component>
      <object_component id="oc-1fe">
         <name>.cinit:_ti_sysbios_family_c28_Hwi_Module_State_0_dispatchTable__A</name>
         <load_address>0x82000</load_address>
         <run_address>0x82000</run_address>
         <size>0x1c3</size>
         <input_file_ref idref="fl-10"/>
      </object_component>
      <object_component id="oc-11b">
         <name>.cinit</name>
         <load_address>0x821c3</load_address>
         <run_address>0x821c3</run_address>
         <size>0x119</size>
         <input_file_ref idref="fl-10"/>
      </object_component>
      <object_component id="oc-1fc">
         <name>.cinit:_ti_sysbios_knl_Swi_Module_State_0_readyQ__A</name>
         <load_address>0x822dc</load_address>
         <run_address>0x822dc</run_address>
         <size>0x43</size>
         <input_file_ref idref="fl-10"/>
      </object_component>
      <object_component id="oc-206">
         <name>.cinit:_ti_sysbios_knl_Task_Module_State_0_readyQ__A</name>
         <load_address>0x8231f</load_address>
         <run_address>0x8231f</run_address>
         <size>0x43</size>
         <input_file_ref idref="fl-10"/>
      </object_component>
      <object_component id="oc-122">
         <name>.cinit:_ti_sysbios_knl_Task_Object__table__V</name>
         <load_address>0x82362</load_address>
         <run_address>0x82362</run_address>
         <size>0x2d</size>
         <input_file_ref idref="fl-10"/>
      </object_component>
      <object_component id="oc-200">
         <name>.cinit:_ti_sysbios_gates_GateMutex_Object__table__V</name>
         <load_address>0x8238f</load_address>
         <run_address>0x8238f</run_address>
         <size>0x1f</size>
         <input_file_ref idref="fl-10"/>
      </object_component>
      <object_component id="oc-1f9">
         <name>.cinit:_ti_sysbios_family_c28_Timer_Object__table__V</name>
         <load_address>0x823ae</load_address>
         <run_address>0x823ae</run_address>
         <size>0x1b</size>
         <input_file_ref idref="fl-10"/>
      </object_component>
      <object_component id="oc-1fb">
         <name>.cinit:_ti_sysbios_knl_Swi_Object__table__V</name>
         <load_address>0x823c9</load_address>
         <run_address>0x823c9</run_address>
         <size>0x17</size>
         <input_file_ref idref="fl-10"/>
      </object_component>
      <object_component id="oc-28c">
         <name>.cinit:_xdc_runtime_LoggerBuf_Object__table__V</name>
         <load_address>0x823e0</load_address>
         <run_address>0x823e0</run_address>
         <size>0x15</size>
         <input_file_ref idref="fl-10"/>
      </object_component>
      <object_component id="oc-21a">
         <name>.cinit:_ti_sysbios_family_c28_Hwi_Object__table__V</name>
         <load_address>0x823f5</load_address>
         <run_address>0x823f5</run_address>
         <size>0x13</size>
         <input_file_ref idref="fl-10"/>
      </object_component>
      <object_component id="oc-11d">
         <name>.cinit:_ti_sysbios_knl_Clock_Object__table__V</name>
         <load_address>0x82408</load_address>
         <run_address>0x82408</run_address>
         <size>0x13</size>
         <input_file_ref idref="fl-10"/>
      </object_component>
      <object_component id="oc-121">
         <name>.cinit:_ti_sysbios_heaps_HeapMem_Object__table__V</name>
         <load_address>0x8241b</load_address>
         <run_address>0x8241b</run_address>
         <size>0xf</size>
         <input_file_ref idref="fl-10"/>
      </object_component>
      <object_component id="oc-1bc">
         <name>.cinit</name>
         <load_address>0x8242a</load_address>
         <run_address>0x8242a</run_address>
         <size>0xe</size>
         <input_file_ref idref="fl-41"/>
      </object_component>
      <object_component id="oc-1f5">
         <name>.cinit:_xdc_runtime_System_Module_State_0_atexitHandlers__A</name>
         <load_address>0x82438</load_address>
         <run_address>0x82438</run_address>
         <size>0xb</size>
         <input_file_ref idref="fl-10"/>
      </object_component>
      <object_component id="oc-256">
         <name>.cinit:__lock</name>
         <load_address>0x82443</load_address>
         <run_address>0x82443</run_address>
         <size>0x5</size>
         <input_file_ref idref="fl-42"/>
      </object_component>
      <object_component id="oc-257">
         <name>.cinit:__unlock</name>
         <load_address>0x82448</load_address>
         <run_address>0x82448</run_address>
         <size>0x5</size>
         <input_file_ref idref="fl-42"/>
      </object_component>
      <object_component id="oc-2dc">
         <name>.cinit:_ti_sysbios_gates_GateHwi_Object__table__V</name>
         <load_address>0x8244d</load_address>
         <run_address>0x8244d</run_address>
         <size>0x5</size>
         <input_file_ref idref="fl-10"/>
      </object_component>
      <object_component id="oc-208">
         <name>.cinit:_ti_sysbios_knl_Task_Module_State_0_idleTask__A</name>
         <load_address>0x82452</load_address>
         <run_address>0x82452</run_address>
         <size>0x5</size>
         <input_file_ref idref="fl-10"/>
      </object_component>
      <object_component id="oc-3cb">
         <name>.binit</name>
         <load_address>0x81e38</load_address>
         <run_address>0x81e38</run_address>
         <size>0x12</size>
      </object_component>
      <object_component id="oc-3a9">
         <name>.text:_xdc_runtime_System_doPrint__I</name>
         <load_address>0x88000</load_address>
         <run_address>0x88000</run_address>
         <size>0x233</size>
         <input_file_ref idref="fl-27"/>
      </object_component>
      <object_component id="oc-27a">
         <name>.text:_InitSysPll</name>
         <load_address>0x88233</load_address>
         <run_address>0x88233</run_address>
         <size>0x1ef</size>
         <input_file_ref idref="fl-9"/>
      </object_component>
      <object_component id="oc-295">
         <name>.text:_ti_sysbios_knl_Semaphore_pend__E</name>
         <load_address>0x88422</load_address>
         <run_address>0x88422</run_address>
         <size>0x1d3</size>
         <input_file_ref idref="fl-19"/>
      </object_component>
      <object_component id="oc-269">
         <name>.text:_ti_sysbios_heaps_HeapMem_freeUnprotected__E</name>
         <load_address>0x885f5</load_address>
         <run_address>0x885f5</run_address>
         <size>0x1a1</size>
         <input_file_ref idref="fl-19"/>
      </object_component>
      <object_component id="oc-265">
         <name>.text:_ti_sysbios_heaps_HeapMem_allocUnprotected__E</name>
         <load_address>0x88796</load_address>
         <run_address>0x88796</run_address>
         <size>0x16c</size>
         <input_file_ref idref="fl-19"/>
      </object_component>
      <object_component id="oc-3bd">
         <name>.text:_xdc_runtime_System_printfExtend__I</name>
         <load_address>0x88902</load_address>
         <run_address>0x88902</run_address>
         <size>0x114</size>
         <input_file_ref idref="fl-10"/>
      </object_component>
      <object_component id="oc-1a2">
         <name>.text</name>
         <load_address>0x88a16</load_address>
         <run_address>0x88a16</run_address>
         <size>0x107</size>
         <input_file_ref idref="fl-3c"/>
      </object_component>
      <object_component id="oc-26d">
         <name>.text:_ti_sysbios_heaps_HeapMem_Instance_init__E</name>
         <load_address>0x88b1d</load_address>
         <run_address>0x88b1d</run_address>
         <size>0xef</size>
         <input_file_ref idref="fl-19"/>
      </object_component>
      <object_component id="oc-2a3">
         <name>.text:_ti_sysbios_family_c28_Hwi_clearInterrupt__E</name>
         <load_address>0x88c0c</load_address>
         <run_address>0x88c0c</run_address>
         <size>0xdc</size>
         <input_file_ref idref="fl-19"/>
      </object_component>
      <object_component id="oc-3bf">
         <name>.text:_ti_sysbios_family_c28_Hwi_dispatchCore__I</name>
         <load_address>0x88ce8</load_address>
         <run_address>0x88ce8</run_address>
         <size>0xc2</size>
         <input_file_ref idref="fl-19"/>
      </object_component>
      <object_component id="oc-317">
         <name>.text:_xdc_runtime_LoggerBuf_write8__E</name>
         <load_address>0x88daa</load_address>
         <run_address>0x88daa</run_address>
         <size>0xc0</size>
         <input_file_ref idref="fl-24"/>
      </object_component>
      <object_component id="oc-296">
         <name>.text:_ti_sysbios_knl_Semaphore_post__E</name>
         <load_address>0x88e6a</load_address>
         <run_address>0x88e6a</run_address>
         <size>0xb8</size>
         <input_file_ref idref="fl-19"/>
      </object_component>
      <object_component id="oc-21c">
         <name>.text:_ti_sysbios_knl_Clock_workFunc__E</name>
         <load_address>0x88f22</load_address>
         <run_address>0x88f22</run_address>
         <size>0xaf</size>
         <input_file_ref idref="fl-19"/>
      </object_component>
      <object_component id="oc-329">
         <name>.text:_ti_sysbios_knl_Swi_run__I</name>
         <load_address>0x88fd1</load_address>
         <run_address>0x88fd1</run_address>
         <size>0xa9</size>
         <input_file_ref idref="fl-19"/>
      </object_component>
      <object_component id="oc-26c">
         <name>.text:_xdc_runtime_Core_createObject__I</name>
         <load_address>0x8907a</load_address>
         <run_address>0x8907a</run_address>
         <size>0xa0</size>
         <input_file_ref idref="fl-1f"/>
      </object_component>
      <object_component id="oc-390">
         <name>.text:_ti_sysbios_family_c28_Hwi_dispatch</name>
         <load_address>0x8911a</load_address>
         <run_address>0x8911a</run_address>
         <size>0x9d</size>
         <input_file_ref idref="fl-1b"/>
      </object_component>
      <object_component id="oc-2cf">
         <name>.text:_ti_catalog_c2800_initF2837x_Boot_defaultLimpAbortFunction</name>
         <load_address>0x891b7</load_address>
         <run_address>0x891b7</run_address>
         <size>0x1</size>
         <input_file_ref idref="fl-2e"/>
      </object_component>
      <object_component id="oc-388">
         <name>.text</name>
         <load_address>0x891b8</load_address>
         <run_address>0x891b8</run_address>
         <size>0x95</size>
         <input_file_ref idref="fl-48"/>
      </object_component>
      <object_component id="oc-271">
         <name>.text:_xdc_runtime_Error_policyDefault__E</name>
         <load_address>0x8924d</load_address>
         <run_address>0x8924d</run_address>
         <size>0x90</size>
         <input_file_ref idref="fl-22"/>
      </object_component>
      <object_component id="oc-2a4">
         <name>.text:_ti_sysbios_family_c28_Hwi_enableInterrupt__E</name>
         <load_address>0x892dd</load_address>
         <run_address>0x892dd</run_address>
         <size>0x8e</size>
         <input_file_ref idref="fl-19"/>
      </object_component>
      <object_component id="oc-338">
         <name>.text:_xdc_runtime_Core_constructObject__I</name>
         <load_address>0x8936b</load_address>
         <run_address>0x8936b</run_address>
         <size>0x8d</size>
         <input_file_ref idref="fl-20"/>
      </object_component>
      <object_component id="oc-19d">
         <name>.text</name>
         <load_address>0x893f8</load_address>
         <run_address>0x893f8</run_address>
         <size>0x88</size>
         <input_file_ref idref="fl-3b"/>
      </object_component>
      <object_component id="oc-27b">
         <name>.text:_InitPeripheralClocks</name>
         <load_address>0x89480</load_address>
         <run_address>0x89480</run_address>
         <size>0x84</size>
         <input_file_ref idref="fl-9"/>
      </object_component>
      <object_component id="oc-3ab">
         <name>.text:_ti_sysbios_family_c28_Hwi_disableInterrupt__E</name>
         <load_address>0x89504</load_address>
         <run_address>0x89504</run_address>
         <size>0x81</size>
         <input_file_ref idref="fl-19"/>
      </object_component>
      <object_component id="oc-308">
         <name>.text:_ti_sysbios_family_c28_Hwi_disablePIEIER__E</name>
         <load_address>0x89585</load_address>
         <run_address>0x89585</run_address>
         <size>0x80</size>
         <input_file_ref idref="fl-19"/>
      </object_component>
      <object_component id="oc-307">
         <name>.text:_ti_sysbios_family_c28_Hwi_enablePIEIER__E</name>
         <load_address>0x89605</load_address>
         <run_address>0x89605</run_address>
         <size>0x7f</size>
         <input_file_ref idref="fl-19"/>
      </object_component>
      <object_component id="oc-2e1">
         <name>.text:_xdc_runtime_LoggerBuf_write4__E</name>
         <load_address>0x89684</load_address>
         <run_address>0x89684</run_address>
         <size>0x7a</size>
         <input_file_ref idref="fl-24"/>
      </object_component>
      <object_component id="oc-2a9">
         <name>.text:_ti_sysbios_knl_Task_checkStacks__E</name>
         <load_address>0x896fe</load_address>
         <run_address>0x896fe</run_address>
         <size>0x75</size>
         <input_file_ref idref="fl-19"/>
      </object_component>
      <object_component id="oc-260">
         <name>.text:_ti_sysbios_knl_Task_startCore__E</name>
         <load_address>0x89773</load_address>
         <run_address>0x89773</run_address>
         <size>0x72</size>
         <input_file_ref idref="fl-19"/>
      </object_component>
      <object_component id="oc-24e">
         <name>.text:_ti_sysbios_gates_GateMutex_enter__E</name>
         <load_address>0x897e5</load_address>
         <run_address>0x897e5</run_address>
         <size>0x71</size>
         <input_file_ref idref="fl-19"/>
      </object_component>
      <object_component id="oc-2d4">
         <name>.text:_xdc_runtime_Startup_startMods__I</name>
         <load_address>0x89856</load_address>
         <run_address>0x89856</run_address>
         <size>0x71</size>
         <input_file_ref idref="fl-26"/>
      </object_component>
      <object_component id="oc-30b">
         <name>.text:_ti_sysbios_knl_Task_schedule__I</name>
         <load_address>0x898c7</load_address>
         <run_address>0x898c7</run_address>
         <size>0x6e</size>
         <input_file_ref idref="fl-19"/>
      </object_component>
      <object_component id="oc-339">
         <name>.text:_ti_sysbios_knl_Semaphore_Instance_init__E</name>
         <load_address>0x89935</load_address>
         <run_address>0x89935</run_address>
         <size>0x6a</size>
         <input_file_ref idref="fl-19"/>
      </object_component>
      <object_component id="oc-83">
         <name>.text</name>
         <load_address>0x8999f</load_address>
         <run_address>0x8999f</run_address>
         <size>0x69</size>
         <input_file_ref idref="fl-2d"/>
      </object_component>
      <object_component id="oc-392">
         <name>.text:_ti_sysbios_family_c28_Timer_stopAndClear__I</name>
         <load_address>0x89a08</load_address>
         <run_address>0x89a08</run_address>
         <size>0x66</size>
         <input_file_ref idref="fl-19"/>
      </object_component>
      <object_component id="oc-240">
         <name>.text:_ti_sysbios_knl_Swi_post__E</name>
         <load_address>0x89a6e</load_address>
         <run_address>0x89a6e</run_address>
         <size>0x61</size>
         <input_file_ref idref="fl-19"/>
      </object_component>
      <object_component id="oc-2f6">
         <name>.text:_ti_sysbios_knl_Task_blockI__E</name>
         <load_address>0x89acf</load_address>
         <run_address>0x89acf</run_address>
         <size>0x61</size>
         <input_file_ref idref="fl-19"/>
      </object_component>
      <object_component id="oc-373">
         <name>.text:_xdc_runtime_Text_putSite__E</name>
         <load_address>0x89b30</load_address>
         <run_address>0x89b30</run_address>
         <size>0x60</size>
         <input_file_ref idref="fl-29"/>
      </object_component>
      <object_component id="oc-39a">
         <name>.text:_ti_sysbios_knl_Task_exit__E</name>
         <load_address>0x89b90</load_address>
         <run_address>0x89b90</run_address>
         <size>0x58</size>
         <input_file_ref idref="fl-19"/>
      </object_component>
      <object_component id="oc-2fa">
         <name>.text:_ti_sysbios_knl_Task_unblockI__E</name>
         <load_address>0x89be8</load_address>
         <run_address>0x89be8</run_address>
         <size>0x52</size>
         <input_file_ref idref="fl-19"/>
      </object_component>
      <object_component id="oc-383">
         <name>.text:_ti_sysbios_knl_Task_postInit__I</name>
         <load_address>0x89c3a</load_address>
         <run_address>0x89c3a</run_address>
         <size>0x49</size>
         <input_file_ref idref="fl-19"/>
      </object_component>
      <object_component id="oc-364">
         <name>.text:_ti_sysbios_family_c28_Hwi_Module_startup__E</name>
         <load_address>0x89c83</load_address>
         <run_address>0x89c83</run_address>
         <size>0x47</size>
         <input_file_ref idref="fl-19"/>
      </object_component>
      <object_component id="oc-233">
         <name>.text:.bootCodeSection:_ti_catalog_c2800_initF2837x_Boot_configurePllDivs</name>
         <load_address>0x89cca</load_address>
         <run_address>0x89cca</run_address>
         <size>0x45</size>
         <input_file_ref idref="fl-2e"/>
      </object_component>
      <object_component id="oc-129">
         <name>.text:_ti_sysbios_family_c28_Hwi_unPluggedInterrupt__I</name>
         <load_address>0x89d0f</load_address>
         <run_address>0x89d0f</run_address>
         <size>0x42</size>
         <input_file_ref idref="fl-19"/>
      </object_component>
      <object_component id="oc-3c3">
         <name>.text:_xdc_runtime_Text_putLab__E</name>
         <load_address>0x89d51</load_address>
         <run_address>0x89d51</run_address>
         <size>0x41</size>
         <input_file_ref idref="fl-29"/>
      </object_component>
      <object_component id="oc-238">
         <name>.text:_InitGpio</name>
         <load_address>0x89d92</load_address>
         <run_address>0x89d92</run_address>
         <size>0x40</size>
         <input_file_ref idref="fl-6"/>
      </object_component>
      <object_component id="oc-37b">
         <name>.text:_ti_sysbios_family_c28_Timer_postInit__I</name>
         <load_address>0x89dd2</load_address>
         <run_address>0x89dd2</run_address>
         <size>0x40</size>
         <input_file_ref idref="fl-19"/>
      </object_component>
      <object_component id="oc-33d">
         <name>.text:_xdc_runtime_Memory_alloc__E</name>
         <load_address>0x89e12</load_address>
         <run_address>0x89e12</run_address>
         <size>0x40</size>
         <input_file_ref idref="fl-25"/>
      </object_component>
      <object_component id="oc-38a">
         <name>.text:_xdc_runtime_Text_putMod__E</name>
         <load_address>0x89e52</load_address>
         <run_address>0x89e52</run_address>
         <size>0x3f</size>
         <input_file_ref idref="fl-29"/>
      </object_component>
      <object_component id="oc-3ca">
         <name>.text:_ti_sysbios_knl_Swi_restoreHwi__E</name>
         <load_address>0x89e91</load_address>
         <run_address>0x89e91</run_address>
         <size>0x3e</size>
         <input_file_ref idref="fl-19"/>
      </object_component>
      <object_component id="oc-26e">
         <name>.text:_xdc_runtime_Core_deleteObject__I</name>
         <load_address>0x89ecf</load_address>
         <run_address>0x89ecf</run_address>
         <size>0x3e</size>
         <input_file_ref idref="fl-1f"/>
      </object_component>
      <object_component id="oc-237">
         <name>.text:_InitSysCtrl</name>
         <load_address>0x89f0d</load_address>
         <run_address>0x89f0d</run_address>
         <size>0x3d</size>
         <input_file_ref idref="fl-9"/>
      </object_component>
      <object_component id="oc-32f">
         <name>.text:_xdc_runtime_LoggerBuf_getFilterLevel__E</name>
         <load_address>0x89f4a</load_address>
         <run_address>0x89f4a</run_address>
         <size>0x3d</size>
         <input_file_ref idref="fl-24"/>
      </object_component>
      <object_component id="oc-32e">
         <name>.text:_xdc_runtime_LoggerBuf_setFilterLevel__E</name>
         <load_address>0x89f87</load_address>
         <run_address>0x89f87</run_address>
         <size>0x3c</size>
         <input_file_ref idref="fl-24"/>
      </object_component>
      <object_component id="oc-3af">
         <name>.text:_ti_sysbios_family_c28_TaskSupport_start__E</name>
         <load_address>0x89fc3</load_address>
         <run_address>0x89fc3</run_address>
         <size>0x39</size>
         <input_file_ref idref="fl-19"/>
      </object_component>
      <object_component id="oc-36c">
         <name>.text</name>
         <load_address>0x89ffc</load_address>
         <run_address>0x89ffc</run_address>
         <size>0x39</size>
         <input_file_ref idref="fl-47"/>
      </object_component>
      <object_component id="oc-23d">
         <name>.text:_ti_sysbios_knl_Clock_logTick__E</name>
         <load_address>0x8a035</load_address>
         <run_address>0x8a035</run_address>
         <size>0x37</size>
         <input_file_ref idref="fl-19"/>
      </object_component>
      <object_component id="oc-3b4">
         <name>.text:_xdc_runtime_System_formatNum__I</name>
         <load_address>0x8a06c</load_address>
         <run_address>0x8a06c</run_address>
         <size>0x35</size>
         <input_file_ref idref="fl-27"/>
      </object_component>
      <object_component id="oc-25b">
         <name>.text:_ti_sysbios_BIOS_rtsUnlock__I</name>
         <load_address>0x8a0a1</load_address>
         <run_address>0x8a0a1</run_address>
         <size>0x34</size>
         <input_file_ref idref="fl-10"/>
      </object_component>
      <object_component id="oc-368">
         <name>.text:_ti_sysbios_knl_Task_Module_startup__E</name>
         <load_address>0x8a0d5</load_address>
         <run_address>0x8a0d5</run_address>
         <size>0x32</size>
         <input_file_ref idref="fl-19"/>
      </object_component>
      <object_component id="oc-22a">
         <name>.text:_ti_sysbios_heaps_HeapMem_alloc__E</name>
         <load_address>0x8a107</load_address>
         <run_address>0x8a107</run_address>
         <size>0x31</size>
         <input_file_ref idref="fl-19"/>
      </object_component>
      <object_component id="oc-35f">
         <name>.text:_xdc_runtime_Error_print__E</name>
         <load_address>0x8a138</load_address>
         <run_address>0x8a138</run_address>
         <size>0x30</size>
         <input_file_ref idref="fl-22"/>
      </object_component>
      <object_component id="oc-354">
         <name>.text:_xdc_runtime_LoggerBuf_Instance_init__E</name>
         <load_address>0x8a168</load_address>
         <run_address>0x8a168</run_address>
         <size>0x30</size>
         <input_file_ref idref="fl-24"/>
      </object_component>
      <object_component id="oc-330">
         <name>.text:_xdc_runtime_LoggerBuf_Object__create__S</name>
         <load_address>0x8a198</load_address>
         <run_address>0x8a198</run_address>
         <size>0x30</size>
         <input_file_ref idref="fl-10"/>
      </object_component>
      <object_component id="oc-2c0">
         <name>.text:_xdc_runtime_Core_assignParams__I</name>
         <load_address>0x8a1c8</load_address>
         <run_address>0x8a1c8</run_address>
         <size>0x2f</size>
         <input_file_ref idref="fl-21"/>
      </object_component>
      <object_component id="oc-1ee">
         <name>.text:_xdc_runtime_Startup_exec__E</name>
         <load_address>0x8a1f7</load_address>
         <run_address>0x8a1f7</run_address>
         <size>0x2f</size>
         <input_file_ref idref="fl-26"/>
      </object_component>
      <object_component id="oc-31c">
         <name>.text:_ti_sysbios_family_c28_Hwi_getStackInfo__E</name>
         <load_address>0x8a226</load_address>
         <run_address>0x8a226</run_address>
         <size>0x2e</size>
         <input_file_ref idref="fl-19"/>
      </object_component>
      <object_component id="oc-2e2">
         <name>.text:_ti_sysbios_knl_Swi_runLoop__I</name>
         <load_address>0x8a254</load_address>
         <run_address>0x8a254</run_address>
         <size>0x2e</size>
         <input_file_ref idref="fl-19"/>
      </object_component>
      <object_component id="oc-289">
         <name>.text:_ti_sysbios_knl_Swi_schedule__I</name>
         <load_address>0x8a282</load_address>
         <run_address>0x8a282</run_address>
         <size>0x2e</size>
         <input_file_ref idref="fl-19"/>
      </object_component>
      <object_component id="oc-22d">
         <name>.text:_ti_sysbios_heaps_HeapMem_getStats__E</name>
         <load_address>0x8a2b0</load_address>
         <run_address>0x8a2b0</run_address>
         <size>0x2d</size>
         <input_file_ref idref="fl-19"/>
      </object_component>
      <object_component id="oc-293">
         <name>.text:_xdc_runtime_Assert_raise__I</name>
         <load_address>0x8a2dd</load_address>
         <run_address>0x8a2dd</run_address>
         <size>0x2d</size>
         <input_file_ref idref="fl-1e"/>
      </object_component>
      <object_component id="oc-2c6">
         <name>.text:_xdc_runtime_Error_setX__E</name>
         <load_address>0x8a30a</load_address>
         <run_address>0x8a30a</run_address>
         <size>0x2d</size>
         <input_file_ref idref="fl-22"/>
      </object_component>
      <object_component id="oc-3bc">
         <name>.text:_xdc_runtime_Text_visitRope2__I</name>
         <load_address>0x8a337</load_address>
         <run_address>0x8a337</run_address>
         <size>0x2d</size>
         <input_file_ref idref="fl-29"/>
      </object_component>
      <object_component id="oc-25d">
         <name>.text:_ti_sysbios_family_c28_Timer_start__E</name>
         <load_address>0x8a364</load_address>
         <run_address>0x8a364</run_address>
         <size>0x2c</size>
         <input_file_ref idref="fl-19"/>
      </object_component>
      <object_component id="oc-38b">
         <name>.text:_xdc_runtime_Text_xprintf__I</name>
         <load_address>0x8a390</load_address>
         <run_address>0x8a390</run_address>
         <size>0x29</size>
         <input_file_ref idref="fl-29"/>
      </object_component>
      <object_component id="oc-27f">
         <name>.text</name>
         <load_address>0x8a3b9</load_address>
         <run_address>0x8a3b9</run_address>
         <size>0x29</size>
         <input_file_ref idref="fl-41"/>
      </object_component>
      <object_component id="oc-273">
         <name>.text:_ti_sysbios_heaps_HeapMem_init__I</name>
         <load_address>0x8a3e2</load_address>
         <run_address>0x8a3e2</run_address>
         <size>0x27</size>
         <input_file_ref idref="fl-19"/>
      </object_component>
      <object_component id="oc-2e0">
         <name>.text:_xdc_runtime_SysMin_flush__E</name>
         <load_address>0x8a409</load_address>
         <run_address>0x8a409</run_address>
         <size>0x26</size>
         <input_file_ref idref="fl-28"/>
      </object_component>
      <object_component id="oc-2d5">
         <name>.text:_GPIO_EnableUnbondedIOPullupsFor100Pin</name>
         <load_address>0x8a42f</load_address>
         <run_address>0x8a42f</run_address>
         <size>0x25</size>
         <input_file_ref idref="fl-6"/>
      </object_component>
      <object_component id="oc-3bb">
         <name>.text:_ti_sysbios_family_c28_TaskSupport_buildTaskStack</name>
         <load_address>0x8a454</load_address>
         <run_address>0x8a454</run_address>
         <size>0x25</size>
         <input_file_ref idref="fl-1d"/>
      </object_component>
      <object_component id="oc-1ed">
         <name>.text</name>
         <load_address>0x8a479</load_address>
         <run_address>0x8a479</run_address>
         <size>0x24</size>
         <input_file_ref idref="fl-3d"/>
      </object_component>
      <object_component id="oc-217">
         <name>.text:_xdc_runtime_System_processAtExit__E</name>
         <load_address>0x8a49d</load_address>
         <run_address>0x8a49d</run_address>
         <size>0x23</size>
         <input_file_ref idref="fl-27"/>
      </object_component>
      <object_component id="oc-2a7">
         <name>.text:_ti_sysbios_knl_Task_allBlockedFunction__I</name>
         <load_address>0x8a4c0</load_address>
         <run_address>0x8a4c0</run_address>
         <size>0x21</size>
         <input_file_ref idref="fl-19"/>
      </object_component>
      <object_component id="oc-394">
         <name>.text:_ti_sysbios_family_c28_Timer_setPrescale__E</name>
         <load_address>0x8a4e1</load_address>
         <run_address>0x8a4e1</run_address>
         <size>0x20</size>
         <input_file_ref idref="fl-19"/>
      </object_component>
      <object_component id="oc-221">
         <name>.text:_xdc_runtime_System_atexit__E</name>
         <load_address>0x8a501</load_address>
         <run_address>0x8a501</run_address>
         <size>0x20</size>
         <input_file_ref idref="fl-27"/>
      </object_component>
      <object_component id="oc-348">
         <name>.text:_ti_sysbios_gates_GateHwi_Object__create__S</name>
         <load_address>0x8a521</load_address>
         <run_address>0x8a521</run_address>
         <size>0x1f</size>
         <input_file_ref idref="fl-10"/>
      </object_component>
      <object_component id="oc-250">
         <name>.text:_ti_sysbios_gates_GateMutex_Object__create__S</name>
         <load_address>0x8a540</load_address>
         <run_address>0x8a540</run_address>
         <size>0x1f</size>
         <input_file_ref idref="fl-10"/>
      </object_component>
      <object_component id="oc-22e">
         <name>.text:_ti_sysbios_heaps_HeapMem_Object__create__S</name>
         <load_address>0x8a55f</load_address>
         <run_address>0x8a55f</run_address>
         <size>0x1f</size>
         <input_file_ref idref="fl-10"/>
      </object_component>
      <object_component id="oc-323">
         <name>.text:_xdc_runtime_LoggerBuf_filterOutEvent__I</name>
         <load_address>0x8a57e</load_address>
         <run_address>0x8a57e</run_address>
         <size>0x1f</size>
         <input_file_ref idref="fl-24"/>
      </object_component>
      <object_component id="oc-311">
         <name>.text:_ti_sysbios_family_c28_TaskSupport_swap__E</name>
         <load_address>0x8a59d</load_address>
         <run_address>0x8a59d</run_address>
         <size>0x1d</size>
         <input_file_ref idref="fl-1d"/>
      </object_component>
      <object_component id="oc-360">
         <name>.text:_xdc_runtime_SysMin_putch__E</name>
         <load_address>0x8a5ba</load_address>
         <run_address>0x8a5ba</run_address>
         <size>0x1d</size>
         <input_file_ref idref="fl-28"/>
      </object_component>
      <object_component id="oc-212">
         <name>.text</name>
         <load_address>0x8a5d7</load_address>
         <run_address>0x8a5d7</run_address>
         <size>0x1d</size>
         <input_file_ref idref="fl-3e"/>
      </object_component>
      <object_component id="oc-315">
         <name>.text:_ti_sysbios_hal_Hwi_checkStack</name>
         <load_address>0x8a5f4</load_address>
         <run_address>0x8a5f4</run_address>
         <size>0x1c</size>
         <input_file_ref idref="fl-19"/>
      </object_component>
      <object_component id="oc-22b">
         <name>.text:_ti_sysbios_heaps_HeapMem_free__E</name>
         <load_address>0x8a610</load_address>
         <run_address>0x8a610</run_address>
         <size>0x1c</size>
         <input_file_ref idref="fl-19"/>
      </object_component>
      <object_component id="oc-3b6">
         <name>.text:_ti_sysbios_family_c28_Hwi_switchAndDispatch__I</name>
         <load_address>0x8a62c</load_address>
         <run_address>0x8a62c</run_address>
         <size>0x1b</size>
         <input_file_ref idref="fl-1a"/>
      </object_component>
      <object_component id="oc-275">
         <name>.text:_ti_sysbios_hal_Hwi_initStack</name>
         <load_address>0x8a647</load_address>
         <run_address>0x8a647</run_address>
         <size>0x1b</size>
         <input_file_ref idref="fl-19"/>
      </object_component>
      <object_component id="oc-3ae">
         <name>.text:_ti_sysbios_knl_Task_processVitalTaskFlag__I</name>
         <load_address>0x8a662</load_address>
         <run_address>0x8a662</run_address>
         <size>0x1b</size>
         <input_file_ref idref="fl-19"/>
      </object_component>
      <object_component id="oc-34b">
         <name>.text:_xdc_runtime_SysMin_output__I</name>
         <load_address>0x8a67d</load_address>
         <run_address>0x8a67d</run_address>
         <size>0x1b</size>
         <input_file_ref idref="fl-10"/>
      </object_component>
      <object_component id="oc-2fd">
         <name>.text:_ti_sysbios_knl_Semaphore_construct</name>
         <load_address>0x8a698</load_address>
         <run_address>0x8a698</run_address>
         <size>0x1a</size>
         <input_file_ref idref="fl-10"/>
      </object_component>
      <object_component id="oc-38d">
         <name>.text:_xdc_runtime_System_avprintf__E</name>
         <load_address>0x8a6b2</load_address>
         <run_address>0x8a6b2</run_address>
         <size>0x1a</size>
         <input_file_ref idref="fl-27"/>
      </object_component>
      <object_component id="oc-2d6">
         <name>.text:_GPIO_EnableUnbondedIOPullupsFor176Pin</name>
         <load_address>0x8a6cc</load_address>
         <run_address>0x8a6cc</run_address>
         <size>0x19</size>
         <input_file_ref idref="fl-6"/>
      </object_component>
      <object_component id="oc-216">
         <name>.text:_main</name>
         <load_address>0x8a6e5</load_address>
         <run_address>0x8a6e5</run_address>
         <size>0x19</size>
         <input_file_ref idref="fl-c"/>
      </object_component>
      <object_component id="oc-2f1">
         <name>.text:_ti_sysbios_knl_Semaphore_pendTimeout__I</name>
         <load_address>0x8a6fe</load_address>
         <run_address>0x8a6fe</run_address>
         <size>0x19</size>
         <input_file_ref idref="fl-19"/>
      </object_component>
      <object_component id="oc-25f">
         <name>.text:_ti_sysbios_knl_Swi_restore__E</name>
         <load_address>0x8a717</load_address>
         <run_address>0x8a717</run_address>
         <size>0x19</size>
         <input_file_ref idref="fl-19"/>
      </object_component>
      <object_component id="oc-38e">
         <name>.text:_xdc_runtime_System_vprintf__E</name>
         <load_address>0x8a730</load_address>
         <run_address>0x8a730</run_address>
         <size>0x19</size>
         <input_file_ref idref="fl-27"/>
      </object_component>
      <object_component id="oc-1f0">
         <name>.text</name>
         <load_address>0x8a749</load_address>
         <run_address>0x8a749</run_address>
         <size>0x19</size>
         <input_file_ref idref="fl-43"/>
      </object_component>
      <object_component id="oc-2e3">
         <name>.text:_ti_sysbios_family_xxx_Hwi_switchAndRunFunc</name>
         <load_address>0x8a762</load_address>
         <run_address>0x8a762</run_address>
         <size>0x18</size>
         <input_file_ref idref="fl-1a"/>
      </object_component>
      <object_component id="oc-358">
         <name>.text:_ti_sysbios_knl_Queue_construct</name>
         <load_address>0x8a77a</load_address>
         <run_address>0x8a77a</run_address>
         <size>0x18</size>
         <input_file_ref idref="fl-10"/>
      </object_component>
      <object_component id="oc-36e">
         <name>.text:_xdc_runtime_LoggerBuf_reset__E</name>
         <load_address>0x8a792</load_address>
         <run_address>0x8a792</run_address>
         <size>0x18</size>
         <input_file_ref idref="fl-24"/>
      </object_component>
      <object_component id="oc-3b5">
         <name>.text:_xdc_runtime_System_putchar__I</name>
         <load_address>0x8a7aa</load_address>
         <run_address>0x8a7aa</run_address>
         <size>0x18</size>
         <input_file_ref idref="fl-27"/>
      </object_component>
      <object_component id="oc-220">
         <name>.text:_ti_sysbios_BIOS_atExitFunc__I</name>
         <load_address>0x8a7c2</load_address>
         <run_address>0x8a7c2</run_address>
         <size>0x17</size>
         <input_file_ref idref="fl-10"/>
      </object_component>
      <object_component id="oc-223">
         <name>.text:_ti_sysbios_family_c28_Timer_startup__E</name>
         <load_address>0x8a7d9</load_address>
         <run_address>0x8a7d9</run_address>
         <size>0x17</size>
         <input_file_ref idref="fl-19"/>
      </object_component>
      <object_component id="oc-219">
         <name>.text:_ti_sysbios_knl_Clock_doTick__I</name>
         <load_address>0x8a7f0</load_address>
         <run_address>0x8a7f0</run_address>
         <size>0x17</size>
         <input_file_ref idref="fl-10"/>
      </object_component>
      <object_component id="oc-2a6">
         <name>.text:_ti_sysbios_knl_Task_restore__E</name>
         <load_address>0x8a807</load_address>
         <run_address>0x8a807</run_address>
         <size>0x17</size>
         <input_file_ref idref="fl-19"/>
      </object_component>
      <object_component id="oc-361">
         <name>.text:_xdc_runtime_LoggerBuf_Module_startup__E</name>
         <load_address>0x8a81e</load_address>
         <run_address>0x8a81e</run_address>
         <size>0x17</size>
         <input_file_ref idref="fl-24"/>
      </object_component>
      <object_component id="oc-312">
         <name>.text:_xdc_runtime_Memory_valloc__E</name>
         <load_address>0x8a835</load_address>
         <run_address>0x8a835</run_address>
         <size>0x17</size>
         <input_file_ref idref="fl-25"/>
      </object_component>
      <object_component id="oc-343">
         <name>.text:_xdc_runtime_SysMin_abort__E</name>
         <load_address>0x8a84c</load_address>
         <run_address>0x8a84c</run_address>
         <size>0x17</size>
         <input_file_ref idref="fl-28"/>
      </object_component>
      <object_component id="oc-279">
         <name>.text:_GPIO_EnableUnbondedIOPullups</name>
         <load_address>0x8a863</load_address>
         <run_address>0x8a863</run_address>
         <size>0x16</size>
         <input_file_ref idref="fl-6"/>
      </object_component>
      <object_component id="oc-365">
         <name>.text:_ti_sysbios_family_c28_Timer_Module_startup__E</name>
         <load_address>0x8a879</load_address>
         <run_address>0x8a879</run_address>
         <size>0x16</size>
         <input_file_ref idref="fl-19"/>
      </object_component>
      <object_component id="oc-3a6">
         <name>.text:_xdc_runtime_Text_printVisFxn__I</name>
         <load_address>0x8a88f</load_address>
         <run_address>0x8a88f</run_address>
         <size>0x16</size>
         <input_file_ref idref="fl-29"/>
      </object_component>
      <object_component id="oc-201">
         <name>.text:_ti_sysbios_BIOS_startFunc__I</name>
         <load_address>0x8a8a5</load_address>
         <run_address>0x8a8a5</run_address>
         <size>0x15</size>
         <input_file_ref idref="fl-10"/>
      </object_component>
      <object_component id="oc-367">
         <name>.text:_ti_sysbios_knl_Swi_Module_startup__E</name>
         <load_address>0x8a8ba</load_address>
         <run_address>0x8a8ba</run_address>
         <size>0x15</size>
         <input_file_ref idref="fl-19"/>
      </object_component>
      <object_component id="oc-231">
         <name>.text:_ti_sysbios_knl_Idle_run__E</name>
         <load_address>0x8a8cf</load_address>
         <run_address>0x8a8cf</run_address>
         <size>0x14</size>
         <input_file_ref idref="fl-19"/>
      </object_component>
      <object_component id="oc-318">
         <name>.text:_ti_sysbios_BIOS_errorRaiseHook__I</name>
         <load_address>0x8a8e3</load_address>
         <run_address>0x8a8e3</run_address>
         <size>0x13</size>
         <input_file_ref idref="fl-10"/>
      </object_component>
      <object_component id="oc-37a">
         <name>.text:_ti_sysbios_family_c28_Hwi_Object__get__S</name>
         <load_address>0x8a8f6</load_address>
         <run_address>0x8a8f6</run_address>
         <size>0x13</size>
         <input_file_ref idref="fl-10"/>
      </object_component>
      <object_component id="oc-34a">
         <name>.text:_ti_sysbios_gates_GateHwi_Handle__label__S</name>
         <load_address>0x8a909</load_address>
         <run_address>0x8a909</run_address>
         <size>0x13</size>
         <input_file_ref idref="fl-10"/>
      </object_component>
      <object_component id="oc-252">
         <name>.text:_ti_sysbios_gates_GateMutex_Handle__label__S</name>
         <load_address>0x8a91c</load_address>
         <run_address>0x8a91c</run_address>
         <size>0x13</size>
         <input_file_ref idref="fl-10"/>
      </object_component>
      <object_component id="oc-251">
         <name>.text:_ti_sysbios_gates_GateMutex_Object__delete__S</name>
         <load_address>0x8a92f</load_address>
         <run_address>0x8a92f</run_address>
         <size>0x13</size>
         <input_file_ref idref="fl-10"/>
      </object_component>
      <object_component id="oc-230">
         <name>.text:_ti_sysbios_heaps_HeapMem_Handle__label__S</name>
         <load_address>0x8a942</load_address>
         <run_address>0x8a942</run_address>
         <size>0x13</size>
         <input_file_ref idref="fl-10"/>
      </object_component>
      <object_component id="oc-366">
         <name>.text:_ti_sysbios_knl_Clock_Module_startup__E</name>
         <load_address>0x8a955</load_address>
         <run_address>0x8a955</run_address>
         <size>0x13</size>
         <input_file_ref idref="fl-19"/>
      </object_component>
      <object_component id="oc-210">
         <name>.text:_xdc_runtime_Error_raiseX__E</name>
         <load_address>0x8a968</load_address>
         <run_address>0x8a968</run_address>
         <size>0x13</size>
         <input_file_ref idref="fl-22"/>
      </object_component>
      <object_component id="oc-332">
         <name>.text:_xdc_runtime_LoggerBuf_Handle__label__S</name>
         <load_address>0x8a97b</load_address>
         <run_address>0x8a97b</run_address>
         <size>0x13</size>
         <input_file_ref idref="fl-10"/>
      </object_component>
      <object_component id="oc-3b8">
         <name>.text:_ti_sysbios_family_c28_Hwi_disableIER__E</name>
         <load_address>0x8a98e</load_address>
         <run_address>0x8a98e</run_address>
         <size>0x12</size>
         <input_file_ref idref="fl-10"/>
      </object_component>
      <object_component id="oc-349">
         <name>.text:_ti_sysbios_gates_GateHwi_Object__delete__S</name>
         <load_address>0x8a9a0</load_address>
         <run_address>0x8a9a0</run_address>
         <size>0x12</size>
[...]
      <symbol id="sm-97b">
         <name>_ti_sysbios_BIOS_start__E</name>
         <value>0x8ad60</value>
         <object_component_ref idref="oc-239"/>
      </symbol>
      <symbol id="sm-97c">
         <name>_ti_sysbios_heaps_HeapMem_allocUnprotected__E</name>
         <value>0x88796</value>
         <object_component_ref idref="oc-265"/>
      </symbol>
      <symbol id="sm-97d">
         <name>_ti_sysbios_knl_Task_restoreHwi__E</name>
         <value>0x8aa09</value>
         <object_component_ref idref="oc-3b7"/>
      </symbol>
      <symbol id="sm-a26">
         <name>_ti_sysbios_family_c28_Hwi_switchAndDispatch__I</name>
         <value>0x8a62c</value>
         <object_component_ref idref="oc-3b6"/>
      </symbol>
      <symbol id="sm-a27">
         <name>_ti_sysbios_family_c28_Hwi_interruptReturn__I</name>
         <value>0x8ae2f</value>
         <object_component_ref idref="oc-306"/>
      </symbol>
      <symbol id="sm-a28">
         <name>_ti_sysbios_family_xxx_Hwi_switchAndRunFunc</name>
         <value>0x8a762</value>
         <object_component_ref idref="oc-2e3"/>
      </symbol>
      <symbol id="sm-aca">
         <name>_ti_sysbios_family_c28_Hwi_dispatchTable</name>
         <value>0x8911a</value>
         <object_component_ref idref="oc-390"/>
      </symbol>
      <symbol id="sm-acb">
         <name>_ti_sysbios_family_c28_Hwi_dispatchPie</name>
         <value>0x89177</value>
         <object_component_ref idref="oc-390"/>
      </symbol>
      <symbol id="sm-ad7">
         <name>_ti_sysbios_family_c28_IntrinsicsSupport_maxbit__E</name>
         <value>0x8ad66</value>
         <object_component_ref idref="oc-2a8"/>
      </symbol>
      <symbol id="sm-ae7">
         <name>_ti_sysbios_family_c28_TaskSupport_buildTaskStack</name>
         <value>0x8a454</value>
         <object_component_ref idref="oc-3bb"/>
      </symbol>
      <symbol id="sm-ae8">
         <name>_ti_sysbios_family_c28_TaskSupport_swap__E</name>
         <value>0x8a59d</value>
         <object_component_ref idref="oc-311"/>
      </symbol>
      <symbol id="sm-ae9">
         <name>_ti_sysbios_family_c28_TaskSupport_glue</name>
         <value>0x8acb1</value>
         <object_component_ref idref="oc-3c0"/>
      </symbol>
      <symbol id="sm-afd">
         <name>_xdc_runtime_Assert_raise__I</name>
         <value>0x8a2dd</value>
         <object_component_ref idref="oc-293"/>
      </symbol>
      <symbol id="sm-b1c">
         <name>_xdc_runtime_Core_deleteObject__I</name>
         <value>0x89ecf</value>
         <object_component_ref idref="oc-26e"/>
      </symbol>
      <symbol id="sm-b1d">
         <name>_xdc_runtime_Core_createObject__I</name>
         <value>0x8907a</value>
         <object_component_ref idref="oc-26c"/>
      </symbol>
      <symbol id="sm-b35">
         <name>_xdc_runtime_Core_constructObject__I</name>
         <value>0x8936b</value>
         <object_component_ref idref="oc-338"/>
      </symbol>
      <symbol id="sm-b43">
         <name>_xdc_runtime_Core_assignParams__I</name>
         <value>0x8a1c8</value>
         <object_component_ref idref="oc-2c0"/>
      </symbol>
      <symbol id="sm-b6f">
         <name>_xdc_runtime_Error_getSite__E</name>
         <value>0x8ae29</value>
         <object_component_ref idref="oc-372"/>
      </symbol>
      <symbol id="sm-b70">
         <name>_xdc_runtime_Error_print__E</name>
         <value>0x8a138</value>
         <object_component_ref idref="oc-35f"/>
      </symbol>
      <symbol id="sm-b71">
         <name>_xdc_runtime_Error_policyDefault__E</name>
         <value>0x8924d</value>
         <object_component_ref idref="oc-271"/>
      </symbol>
      <symbol id="sm-b72">
         <name>_xdc_runtime_Error_init__E</name>
         <value>0x8ac76</value>
         <object_component_ref idref="oc-316"/>
      </symbol>
      <symbol id="sm-b73">
         <name>_xdc_runtime_Error_raiseX__E</name>
         <value>0x8a968</value>
         <object_component_ref idref="oc-210"/>
      </symbol>
      <symbol id="sm-b74">
         <name>_xdc_runtime_Error_check__E</name>
         <value>0x8ab65</value>
         <object_component_ref idref="oc-35a"/>
      </symbol>
      <symbol id="sm-b75">
         <name>_xdc_runtime_Error_setX__E</name>
         <value>0x8a30a</value>
         <object_component_ref idref="oc-2c6"/>
      </symbol>
      <symbol id="sm-b83">
         <name>_xdc_runtime_Gate_leaveSystem__E</name>
         <value>0x8ad90</value>
         <object_component_ref idref="oc-259"/>
      </symbol>
      <symbol id="sm-b84">
         <name>_xdc_runtime_Gate_enterSystem__E</name>
         <value>0x8ad8a</value>
         <object_component_ref idref="oc-23a"/>
      </symbol>
      <symbol id="sm-bd3">
         <name>_xdc_runtime_LoggerBuf_write0__E</name>
         <value>0x8ab72</value>
         <object_component_ref idref="oc-32d"/>
      </symbol>
      <symbol id="sm-bd4">
         <name>_xdc_runtime_LoggerBuf_Instance_init__E</name>
         <value>0x8a168</value>
         <object_component_ref idref="oc-354"/>
      </symbol>
      <symbol id="sm-bd5">
         <name>_xdc_runtime_LoggerBuf_Module_startup__E</name>
         <value>0x8a81e</value>
         <object_component_ref idref="oc-361"/>
      </symbol>
      <symbol id="sm-bd6">
         <name>_xdc_runtime_LoggerBuf_reset__E</name>
         <value>0x8a792</value>
         <object_component_ref idref="oc-36e"/>
      </symbol>
      <symbol id="sm-bd7">
         <name>_xdc_runtime_LoggerBuf_Instance_finalize__E</name>
         <value>0x8ac4b</value>
         <object_component_ref idref="oc-355"/>
      </symbol>
      <symbol id="sm-bd8">
         <name>_xdc_runtime_LoggerBuf_write4__E</name>
         <value>0x89684</value>
         <object_component_ref idref="oc-2e1"/>
      </symbol>
      <symbol id="sm-bd9">
         <name>_xdc_runtime_LoggerBuf_getFilterLevel__E</name>
         <value>0x89f4a</value>
         <object_component_ref idref="oc-32f"/>
      </symbol>
      <symbol id="sm-bda">
         <name>_xdc_runtime_LoggerBuf_disable__E</name>
         <value>0x8adcf</value>
         <object_component_ref idref="oc-32c"/>
      </symbol>
      <symbol id="sm-bdb">
         <name>_xdc_runtime_LoggerBuf_setFilterLevel__E</name>
         <value>0x89f87</value>
         <object_component_ref idref="oc-32e"/>
      </symbol>
      <symbol id="sm-bdc">
         <name>_xdc_runtime_LoggerBuf_write8__E</name>
         <value>0x88daa</value>
         <object_component_ref idref="oc-317"/>
      </symbol>
      <symbol id="sm-bdd">
         <name>_xdc_runtime_LoggerBuf_write2__E</name>
         <value>0x8aa89</value>
         <object_component_ref idref="oc-28d"/>
      </symbol>
      <symbol id="sm-bde">
         <name>_xdc_runtime_LoggerBuf_filterOutEvent__I</name>
         <value>0x8a57e</value>
         <object_component_ref idref="oc-323"/>
      </symbol>
      <symbol id="sm-bdf">
         <name>_xdc_runtime_LoggerBuf_write1__E</name>
         <value>0x8ab7f</value>
         <object_component_ref idref="oc-28a"/>
      </symbol>
      <symbol id="sm-be0">
         <name>_xdc_runtime_LoggerBuf_enable__E</name>
         <value>0x8ada2</value>
         <object_component_ref idref="oc-32b"/>
      </symbol>
      <symbol id="sm-bfb">
         <name>_xdc_runtime_Memory_calloc__E</name>
         <value>0x8acfc</value>
         <object_component_ref idref="oc-2c1"/>
      </symbol>
      <symbol id="sm-bfc">
         <name>_xdc_runtime_Memory_free__E</name>
         <value>0x8ac8a</value>
         <object_component_ref idref="oc-2c4"/>
      </symbol>
      <symbol id="sm-bfd">
         <name>_xdc_runtime_Memory_valloc__E</name>
         <value>0x8a835</value>
         <object_component_ref idref="oc-312"/>
      </symbol>
      <symbol id="sm-bfe">
         <name>_xdc_runtime_Memory_alloc__E</name>
         <value>0x89e12</value>
         <object_component_ref idref="oc-33d"/>
      </symbol>
      <symbol id="sm-bff">
         <name>_xdc_runtime_Memory_getMaxDefaultTypeAlign__E</name>
         <value>0x8ade0</value>
         <object_component_ref idref="oc-35b"/>
      </symbol>
      <symbol id="sm-c21">
         <name>_xdc_runtime_Startup_startMods__I</name>
         <value>0x89856</value>
         <object_component_ref idref="oc-2d4"/>
      </symbol>
      <symbol id="sm-c22">
         <name>_xdc_runtime_Startup_rtsDone__E</name>
         <value>0x8ade4</value>
         <object_component_ref idref="oc-21e"/>
      </symbol>
      <symbol id="sm-c23">
         <name>_xdc_runtime_Startup_exec__E</name>
         <value>0x8a1f7</value>
         <object_component_ref idref="oc-1ee"/>
      </symbol>
      <symbol id="sm-ca5">
         <name>_xdc_runtime_System_formatNum__I</name>
         <value>0x8a06c</value>
         <object_component_ref idref="oc-3b4"/>
      </symbol>
      <symbol id="sm-ca6">
         <name>_xdc_runtime_System_exit__E</name>
         <value>0x8ac61</value>
         <object_component_ref idref="oc-1f1"/>
      </symbol>
      <symbol id="sm-ca7">
         <name>_xdc_runtime_System_exitStd__E</name>
         <value>0x8ae1e</value>
         <object_component_ref idref="oc-23c"/>
      </symbol>
      <symbol id="sm-ca8">
         <name>_xdc_runtime_System_printf_va__F</name>
         <value>0x8a730</value>
         <object_component_ref idref="oc-38e"/>
      </symbol>
      <symbol id="sm-ca9">
         <name>_xdc_runtime_System_atexit__E</name>
         <value>0x8a501</value>
         <object_component_ref idref="oc-221"/>
      </symbol>
      <symbol id="sm-caa">
         <name>_xdc_runtime_System_abortStd__E</name>
         <value>0x8ae1b</value>
         <object_component_ref idref="oc-344"/>
      </symbol>
      <symbol id="sm-cab">
         <name>_xdc_runtime_System_putchar__I</name>
         <value>0x8a7aa</value>
         <object_component_ref idref="oc-3b5"/>
      </symbol>
      <symbol id="sm-cac">
         <name>_xdc_runtime_System_snprintf_va__F</name>
         <value>0x8ac94</value>
         <object_component_ref idref="oc-3a7"/>
      </symbol>
      <symbol id="sm-cad">
         <name>_xdc_runtime_System_Module_startup__E</name>
         <value>0x8ae15</value>
         <object_component_ref idref="oc-362"/>
      </symbol>
      <symbol id="sm-cae">
         <name>_xdc_runtime_System_avprintf__E</name>
         <value>0x8a6b2</value>
         <object_component_ref idref="oc-38d"/>
      </symbol>
      <symbol id="sm-caf">
         <name>_xdc_runtime_System_vprintf__E</name>
         <value>0x8a730</value>
         <object_component_ref idref="oc-38e"/>
      </symbol>
      <symbol id="sm-cb0">
         <name>_xdc_runtime_System_aprintf_va__F</name>
         <value>0x8a6b2</value>
         <object_component_ref idref="oc-38d"/>
      </symbol>
      <symbol id="sm-cb1">
         <name>_xdc_runtime_System_doPrint__I</name>
         <value>0x88000</value>
         <object_component_ref idref="oc-3a9"/>
      </symbol>
      <symbol id="sm-cb2">
         <name>_xdc_runtime_System_processAtExit__E</name>
         <value>0x8a49d</value>
         <object_component_ref idref="oc-217"/>
      </symbol>
      <symbol id="sm-cb3">
         <name>_xdc_runtime_System_vsnprintf__E</name>
         <value>0x8ac94</value>
         <object_component_ref idref="oc-3a7"/>
      </symbol>
      <symbol id="sm-cb4">
         <name>_xdc_runtime_System_abort__E</name>
         <value>0x8ab99</value>
         <object_component_ref idref="oc-2ce"/>
      </symbol>
      <symbol id="sm-cd2">
         <name>_xdc_runtime_SysMin_abort__E</name>
         <value>0x8a84c</value>
         <object_component_ref idref="oc-343"/>
      </symbol>
      <symbol id="sm-cd3">
         <name>_xdc_runtime_SysMin_ready__E</name>
         <value>0x8ad04</value>
         <object_component_ref idref="oc-3b2"/>
      </symbol>
      <symbol id="sm-cd4">
         <name>_xdc_runtime_SysMin_flush__E</name>
         <value>0x8a409</value>
         <object_component_ref idref="oc-2e0"/>
      </symbol>
      <symbol id="sm-cd5">
         <name>_xdc_runtime_SysMin_Module_startup__E</name>
         <value>0x8aa5b</value>
         <object_component_ref idref="oc-363"/>
      </symbol>
      <symbol id="sm-cd6">
         <name>_xdc_runtime_SysMin_putch__E</name>
         <value>0x8a5ba</value>
         <object_component_ref idref="oc-360"/>
      </symbol>
      <symbol id="sm-cd7">
         <name>_xdc_runtime_SysMin_exit__E</name>
         <value>0x8ac06</value>
         <object_component_ref idref="oc-27e"/>
      </symbol>
      <symbol id="sm-d18">
         <name>_xdc_runtime_Text_putLab__E</name>
         <value>0x89d51</value>
         <object_component_ref idref="oc-3c3"/>
      </symbol>
      <symbol id="sm-d19">
         <name>_xdc_runtime_Text_printVisFxn__I</name>
         <value>0x8a88f</value>
         <object_component_ref idref="oc-3a6"/>
      </symbol>
      <symbol id="sm-d1a">
         <name>_xdc_runtime_Text_putMod__E</name>
         <value>0x89e52</value>
         <object_component_ref idref="oc-38a"/>
      </symbol>
      <symbol id="sm-d1b">
         <name>_xdc_runtime_Text_xprintf__I</name>
         <value>0x8a390</value>
         <object_component_ref idref="oc-38b"/>
      </symbol>
      <symbol id="sm-d1c">
         <name>_xdc_runtime_Text_visitRope2__I</name>
         <value>0x8a337</value>
         <object_component_ref idref="oc-3bc"/>
      </symbol>
      <symbol id="sm-d1d">
         <name>_xdc_runtime_Text_ropeText__E</name>
         <value>0x8ac9e</value>
         <object_component_ref idref="oc-2e7"/>
      </symbol>
      <symbol id="sm-d1e">
         <name>_xdc_runtime_Text_putSite__E</name>
         <value>0x89b30</value>
         <object_component_ref idref="oc-373"/>
      </symbol>
      <symbol id="sm-d2a">
         <name>___xdc__init</name>
         <value>0x8adeb</value>
         <object_component_ref idref="oc-1f2"/>
      </symbol>
      <symbol id="sm-d4a">
         <name>_xdc_runtime_Registry_findById__E</name>
         <value>0x8aa98</value>
         <object_component_ref idref="oc-3a4"/>
      </symbol>
      <symbol id="sm-d65">
         <name>_c_int00</name>
         <value>0x8999f</value>
         <object_component_ref idref="oc-83"/>
      </symbol>
      <symbol id="sm-d66">
         <name>__stack</name>
         <value>0x122</value>
         <object_component_ref idref="oc-18f"/>
      </symbol>
      <symbol id="sm-d7d">
         <name>_ti_catalog_c2800_initF2837x_Boot_initFlash</name>
         <value>0xb000</value>
         <object_component_ref idref="oc-2d2"/>
      </symbol>
      <symbol id="sm-d7e">
         <name>_ti_catalog_c2800_initF2837x_Boot_defaultLimpAbortFunction</name>
         <value>0x891b7</value>
         <object_component_ref idref="oc-2cf"/>
      </symbol>
      <symbol id="sm-d7f">
         <name>_ti_catalog_c2800_initF2837x_Boot_configurePllDivs</name>
         <value>0x89cca</value>
         <object_component_ref idref="oc-233"/>
      </symbol>
      <symbol id="sm-d80">
         <name>_ti_catalog_c2800_initF2837x_Boot_initSharedRAMs</name>
         <value>0x8accc</value>
         <object_component_ref idref="oc-234"/>
      </symbol>
      <symbol id="sm-d8c">
         <name>_ti_catalog_c2800_initF2837x_Boot_entry</name>
         <value>0x80000</value>
         <object_component_ref idref="oc-84"/>
      </symbol>
      <symbol id="sm-d9d">
         <name>FS$$DIV</name>
         <value>0x893f8</value>
         <object_component_ref idref="oc-19d"/>
      </symbol>
      <symbol id="sm-dc9">
         <name>ULL$$MOD</name>
         <value>0x88abb</value>
         <object_component_ref idref="oc-1a2"/>
      </symbol>
      <symbol id="sm-dca">
         <name>ULL$$DIV</name>
         <value>0x88a8c</value>
         <object_component_ref idref="oc-1a2"/>
      </symbol>
      <symbol id="sm-dcb">
         <name>LL$$MOD</name>
         <value>0x88a52</value>
         <object_component_ref idref="oc-1a2"/>
      </symbol>
      <symbol id="sm-dcc">
         <name>LL$$DIV</name>
         <value>0x88a16</value>
         <object_component_ref idref="oc-1a2"/>
      </symbol>
      <symbol id="sm-ddb">
         <name>_copy_in</name>
         <value>0x8a479</value>
         <object_component_ref idref="oc-1ed"/>
      </symbol>
      <symbol id="sm-dec">
         <name>_memcpy</name>
         <value>0x8a5d7</value>
         <object_component_ref idref="oc-212"/>
      </symbol>
      <symbol id="sm-df8">
         <name>__system_pre_init</name>
         <value>0x8ae2b</value>
         <object_component_ref idref="oc-1eb"/>
      </symbol>
      <symbol id="sm-e05">
         <name>__system_post_cinit</name>
         <value>0x8ae31</value>
         <object_component_ref idref="oc-1ef"/>
      </symbol>
      <symbol id="sm-e19">
         <name>C$$EXIT</name>
         <value>0x8a3b9</value>
         <object_component_ref idref="oc-27f"/>
      </symbol>
      <symbol id="sm-e1a">
         <name>_exit</name>
         <value>0x8a3bb</value>
         <object_component_ref idref="oc-27f"/>
      </symbol>
      <symbol id="sm-e1b">
         <name>___TI_cleanup_ptr</name>
         <value>0x90ee</value>
         <object_component_ref idref="oc-1bd"/>
      </symbol>
      <symbol id="sm-e1c">
         <name>___TI_enable_exit_profile_output</name>
         <value>0x90ec</value>
         <object_component_ref idref="oc-1bd"/>
      </symbol>
      <symbol id="sm-e1d">
         <name>_abort</name>
         <value>0x8a3b9</value>
         <object_component_ref idref="oc-27f"/>
      </symbol>
      <symbol id="sm-e1e">
         <name>___TI_dtors_ptr</name>
         <value>0x90f0</value>
         <object_component_ref idref="oc-1bd"/>
      </symbol>
      <symbol id="sm-e32">
         <name>__unlock</name>
         <value>0x8ffe</value>
         <object_component_ref idref="oc-29a"/>
      </symbol>
      <symbol id="sm-e33">
         <name>__lock</name>
         <value>0x8ffc</value>
         <object_component_ref idref="oc-29b"/>
      </symbol>
      <symbol id="sm-e34">
         <name>__register_lock</name>
         <value>0x8acc7</value>
         <object_component_ref idref="oc-255"/>
      </symbol>
      <symbol id="sm-e35">
         <name>__nop</name>
         <value>0x8accb</value>
         <object_component_ref idref="oc-255"/>
      </symbol>
      <symbol id="sm-e36">
         <name>__register_unlock</name>
         <value>0x8acc3</value>
         <object_component_ref idref="oc-255"/>
      </symbol>
      <symbol id="sm-e45">
         <name>__args_main</name>
         <value>0x8a749</value>
         <object_component_ref idref="oc-1f0"/>
      </symbol>
      <symbol id="sm-e53">
         <name>_memset</name>
         <value>0x8ad53</value>
         <object_component_ref idref="oc-33e"/>
      </symbol>
      <symbol id="sm-e69">
         <name>_strlen</name>
         <value>0x8ad0c</value>
         <object_component_ref idref="oc-38c"/>
      </symbol>
      <symbol id="sm-e76">
         <name>_HOSTwrite</name>
         <value>0x89ffc</value>
         <object_component_ref idref="oc-36c"/>
      </symbol>
      <symbol id="sm-e8f">
         <name>___TI_readmsg</name>
         <value>0x89210</value>
         <object_component_ref idref="oc-388"/>
      </symbol>
      <symbol id="sm-e90">
         <name>C$$IO$$</name>
         <value>0x8920b</value>
         <object_component_ref idref="oc-388"/>
      </symbol>
      <symbol id="sm-e91">
         <name>__CIOBUF_</name>
         <value>0x9140</value>
         <object_component_ref idref="oc-1e1"/>
      </symbol>
      <symbol id="sm-e92">
         <name>___TI_writemsg</name>
         <value>0x891b8</value>
         <object_component_ref idref="oc-388"/>
      </symbol>
      <symbol id="sm-e9e">
         <name>_parmbuf</name>
         <value>0x90dc</value>
         <object_component_ref idref="oc-387"/>
      </symbol>
   </symbol_table>
   <title>Link successful</title>
</link_info>
