******************************************************************************
             TMS320C2000 Linker PC v18.12.4                    
******************************************************************************
>> Linked Mon Dec 23 19:35:11 2019

OUTPUT FILE NAME:   <demo_rtos_cpu1.out>
ENTRY POINT SYMBOL: "_c_int00"  address: 0008999f


MEMORY CONFIGURATION

         name            origin    length      used     unused   attr    fill
----------------------  --------  ---------  --------  --------  ----  --------
PAGE 0:
  D01SARAM              0000b000   00001000  00000027  00000fd9  RWIX
  BEGIN                 00080000   00000002  00000002  00000000  RWIX
  FLASHA                00080002   00001ffe  00001e46  000001b8  RWIX
  FLASHB                00082000   00002000  00000459  00001ba7  RWIX
  FLASHC                00084000   00002000  00000000  00002000  RWIX
  FLASHD                00086000   00002000  00000000  00002000  RWIX
  FLASHE                00088000   00008000  00002e32  000051ce  RWIX
  FLASHF                00090000   00008000  00000000  00008000  RWIX
  FLASHG                00098000   00008000  00000000  00008000  RWIX
  FLASHH                000a0000   00008000  00000000  00008000  RWIX
  FLASHI                000a8000   00008000  00000000  00008000  RWIX
  FLASHJ                000b0000   00008000  00000000  00008000  RWIX
  FLASHK                000b8000   00002000  00000000  00002000  RWIX
  FLASHL                000ba000   00002000  00000000  00002000  RWIX
  FLASHM                000bc000   00002000  00000000  00002000  RWIX
  FLASHN                000be000   00002000  00000000  00002000  RWIX
  RESET                 003fffc0   00000002  00000000  00000002  RWIX

PAGE 1:
  BOOT_RSVD             00000002   00000120  00000000  00000120  RWIX
  M01SARAM              00000122   000006de  00000100  000005de  RWIX
  ADCA_RESULT           00000b00   00000020  00000018  00000008  RWIX
  ADCB_RESULT           00000b20   00000020  00000018  00000008  RWIX
  ADCC_RESULT           00000b40   00000020  00000018  00000008  RWIX
  ADCD_RESULT           00000b60   00000020  00000018  00000008  RWIX
  CPU_TIMER0            00000c00   00000008  00000008  00000000  RWIX
  CPU_TIMER1            00000c08   00000008  00000008  00000000  RWIX
  CPU_TIMER2            00000c10   00000008  00000008  00000000  RWIX
  PIE_CTRL              00000ce0   00000020  0000001a  00000006  RWIX
  PIE_VECT              00000d00   00000200  00000000  00000200  RWIX
  DMA                   00001000   00000200  000000e0  00000120  RWIX
  CLA1                  00001400   00000040  0000003e  00000002  RWIX
  EPWM1                 00004000   00000100  00000100  00000000  RWIX
  EPWM2                 00004100   00000100  00000100  00000000  RWIX
  EPWM3                 00004200   00000100  00000100  00000000  RWIX
  EPWM4                 00004300   00000100  00000100  00000000  RWIX
  EPWM5                 00004400   00000100  00000100  00000000  RWIX
  EPWM6                 00004500   00000100  00000100  00000000  RWIX
  EPWM7                 00004600   00000100  00000100  00000000  RWIX
  EPWM8                 00004700   00000100  00000100  00000000  RWIX
  EPWM9                 00004800   00000100  00000100  00000000  RWIX
  EPWM10                00004900   00000100  00000100  00000000  RWIX
  EPWM11                00004a00   00000100  00000100  00000000  RWIX
  EPWM12                00004b00   00000100  00000100  00000000  RWIX
  ECAP1                 00005000   00000020  00000020  00000000  RWIX
  ECAP2                 00005020   00000020  00000020  00000000  RWIX
  ECAP3                 00005040   00000020  00000020  00000000  RWIX
  ECAP4                 00005060   00000020  00000020  00000000  RWIX
  ECAP5                 00005080   00000020  00000020  00000000  RWIX
  ECAP6                 000050a0   00000020  00000020  00000000  RWIX
  EQEP1                 00005100   00000040  00000022  0000001e  RWIX
  EQEP2                 00005140   00000040  00000022  0000001e  RWIX
  EQEP3                 00005180   00000040  00000022  0000001e  RWIX
  DACA                  00005c00   00000010  00000008  00000008  RWIX
  DACB                  00005c10   00000010  00000008  00000008  RWIX
  DACC                  00005c20   00000010  00000008  00000008  RWIX
  CMPSS1                00005c80   00000020  00000020  00000000  RWIX
  CMPSS2                00005ca0   00000020  00000020  00000000  RWIX
  CMPSS3                00005cc0   00000020  00000020  00000000  RWIX
  CMPSS4                00005ce0   00000020  00000020  00000000  RWIX
  CMPSS5                00005d00   00000020  00000020  00000000  RWIX
  CMPSS6                00005d20   00000020  00000020  00000000  RWIX
  CMPSS7                00005d40   00000020  00000020  00000000  RWIX
  CMPSS8                00005d60   00000020  00000020  00000000  RWIX
  SDFM1                 00005e00   00000080  00000080  00000000  RWIX
  SDFM2                 00005e80   00000080  00000080  00000000  RWIX
  MCBSPA                00006000   00000040  00000024  0000001c  RWIX
  MCBSPB                00006040   00000040  00000024  0000001c  RWIX
  SPIA                  00006100   00000010  00000010  00000000  RWIX
  SPIB                  00006110   00000010  00000010  00000000  RWIX
  SPIC                  00006120   00000010  00000010  00000000  RWIX
  SPID                  00006130   00000010  00000000  00000010  RWIX
  UPP                   00006200   00000100  00000048  000000b8  RWIX
  WD                    00007000   00000040  0000002b  00000015  RWIX
  NMIINTRUPT            00007060   00000010  00000007  00000009  RWIX
  XINT                  00007070   00000010  0000000b  00000005  RWIX
  SCIA                  00007200   00000010  00000010  00000000  RWIX
  SCIB                  00007210   00000010  00000010  00000000  RWIX
  SCIC                  00007220   00000010  00000010  00000000  RWIX
  SCID                  00007230   00000010  00000010  00000000  RWIX
  I2CA                  00007300   00000040  00000022  0000001e  RWIX
  I2CB                  00007340   00000040  00000022  0000001e  RWIX
  ADCA                  00007400   00000080  00000080  00000000  RWIX
  ADCB                  00007480   00000080  00000080  00000000  RWIX
  ADCC                  00007500   00000080  00000080  00000000  RWIX
  ADCD                  00007580   00000080  00000080  00000000  RWIX
  INPUT_XBAR            00007900   00000020  00000020  00000000  RWIX
  XBAR                  00007920   00000020  00000020  00000000  RWIX
  SYNC_SOC              00007940   00000010  00000006  0000000a  RWIX
  DMACLASRCSEL          00007980   00000040  0000001a  00000026  RWIX
  EPWM_XBAR             00007a00   00000040  00000040  00000000  RWIX
  CLB_XBAR              00007a40   00000040  00000000  00000040  RWIX
  OUTPUT_XBAR           00007a80   00000040  00000040  00000000  RWIX
  GPIOCTRL              00007c00   00000180  00000180  00000000  RWIX
  GPIODAT               00007f00   00000030  00000030  00000000  RWIX
  LS05SARAM             00008000   00003000  0000123f  00001dc1  RWIX
  RAMGS0                0000c000   00001000  00000000  00001000  RWIX
  RAMGS1                0000d000   00001000  00000000  00001000  RWIX
  RAMGS2                0000e000   00001000  00000000  00001000  RWIX
  RAMGS3                0000f000   00001000  00000000  00001000  RWIX
  RAMGS4                00010000   00001000  00000000  00001000  RWIX
  RAMGS5                00011000   00001000  00000000  00001000  RWIX
  RAMGS6                00012000   00001000  00000000  00001000  RWIX
  RAMGS7                00013000   00001000  00000000  00001000  RWIX
  RAMGS8                00014000   00001000  00000000  00001000  RWIX
  RAMGS9                00015000   00001000  00000000  00001000  RWIX
  RAMGS10               00016000   00001000  00000000  00001000  RWIX
  RAMGS11               00017000   00001000  00000000  00001000  RWIX
  RAMGS12               00018000   00001000  00000000  00001000  RWIX
  RAMGS13               00019000   00001000  00000000  00001000  RWIX
  RAMGS14               0001a000   00001000  00000000  00001000  RWIX
  RAMGS15               0001b000   00001000  00000000  00001000  RWIX
  CPU2TOCPU1RAM         0003f800   00000400  00000000  00000400  RWIX
  CPU1TOCPU2RAM         0003fc00   00000400  00000000  00000400  RWIX
  EMIF1                 00047000   00000800  00000070  00000790  RWIX
  EMIF2                 00047800   00000800  00000070  00000790  RWIX
  CANA                  00048000   00000800  00000164  0000069c  RWIX
  CANB                  0004a000   00000800  00000164  0000069c  RWIX
  IPC                   00050000   00000024  00000024  00000000  RWIX
  FLASHPUMPSEMAPHORE    00050024   00000002  00000002  00000000  RWIX
  DEV_CFG               0005d000   00000180  0000012e  00000052  RWIX
  ANALOG_SUBSYS         0005d180   00000080  00000048  00000038  RWIX
  CLK_CFG               0005d200   00000100  00000032  000000ce  RWIX
  CPU_SYS               0005d300   00000100  00000082  0000007e  RWIX
  ROMPREFETCH           0005e608   00000002  00000002  00000000  RWIX
  DCSM_Z1               0005f000   00000030  00000024  0000000c  RWIX
  DCSM_Z2               0005f040   00000030  00000024  0000000c  RWIX
  DCSM_COMMON           0005f070   00000010  00000008  00000008  RWIX
  MEMCFG                0005f400   00000080  00000080  00000000  RWIX
  EMIF1CONFIG           0005f480   00000020  00000020  00000000  RWIX
  EMIF2CONFIG           0005f4a0   00000020  00000020  00000000  RWIX
  ACCESSPROTECTION      0005f4c0   00000040  00000040  00000000  RWIX
  MEMORYERROR           0005f500   00000040  00000040  00000000  RWIX
  ROMWAITSTATE          0005f540   00000002  00000002  00000000  RWIX
  FLASH0_CTRL           0005f800   00000300  00000182  0000017e  RWIX
  FLASH0_ECC            0005fb00   00000040  00000028  00000018  RWIX


SECTION ALLOCATION MAP

 output                                  attributes/
section   page    origin      length       input sections
--------  ----  ----------  ----------   ----------------
PieVectTableFile 
*          0    00000d00    000001c0     DSECT
                  00000d00    000001c0     F2837xD_GlobalVariableDefs.obj (PieVectTableFile)

EmuBModeVar 
*          0    00000d00    00000001     DSECT
                  00000d00    00000001     F2837xD_GlobalVariableDefs.obj (EmuBModeVar)

EmuBootPinsVar 
*          0    00000d01    00000001     DSECT
                  00000d01    00000001     F2837xD_GlobalVariableDefs.obj (EmuBootPinsVar)

.ti_catalog_c2800_initF2837x_begin 
*          0    00080000    00000002     
                  00080000    00000002     Boot.a28FP : Boot_asm.o28FP (.ti_catalog_c2800_initF2837x_begin)

.TI.ramfunc 
*          0    0008002a    0000002d     RUN ADDR = 000090f2
                  0008002a    00000029     F2837xD_SysCtrl.obj (.TI.ramfunc:_InitFlash)
                  00080053    00000004     F2837xD_usDelay.obj (.TI.ramfunc)

.econst    0    00080058    00001dc4     
                  00080058    000017a8     demo_rtos_cpu1_p28FP.o28FP (.econst:xdc_runtime_Text_charTab__A)
                  00081800    000001c0     demo_rtos_cpu1_p28FP.o28FP (.econst:_ti_sysbios_family_c28_Hwi_vectors)
                  000819c0    0000008f     demo_rtos_cpu1_p28FP.o28FP (.econst:.string)
                  00081a4f    00000001     demo_rtos_cpu1_p28FP.o28FP (.econst:ti_sysbios_family_c28_Hwi_Module__id__C)
                  00081a50    00000058     ti.targets.rts2800.a28FP : Error.o28FP (.econst:.string)
                  00081aa8    00000056     demo_rtos_cpu1_p28FP.o28FP (.econst:xdc_runtime_Text_nodeTab__A)
                  00081afe    00000047     ti.targets.rts2800.a28FP : Log.o28FP (.econst:.string)
                  00081b45    00000001     demo_rtos_cpu1_p28FP.o28FP (.econst:ti_sysbios_family_c28_Hwi_Module__loggerDefined__C)
                  00081b46    00000043     ti.targets.rts2800.a28FP : Text.o28FP (.econst:.string)
                  00081b89    00000001     demo_rtos_cpu1_p28FP.o28FP (.econst:ti_sysbios_family_c28_Hwi_NUM_INTERRUPTS_ALL__C)
                  00081b8a    0000002a     ti.targets.rts2800.a28FP : Startup.o28FP (.econst:.string)
                  00081bb4    0000001e     demo_rtos_cpu1_p28FP.o28FP (.econst:xdc_runtime_LoggerBuf_Module__FXNS__C)
                  00081bd2    00000019     ti.targets.rts2800.a28FP : System.o28FP (.econst:.string)
                  00081beb    00000001     demo_rtos_cpu1_p28FP.o28FP (.econst:ti_sysbios_family_c28_Hwi_Object__count__C)
                  00081bec    00000014     demo_rtos_cpu1_p28FP.o28FP (.econst:ti_sysbios_heaps_HeapMem_Module__FXNS__C)
                  00081c00    00000012     demo_rtos_cpu1_p28FP.o28FP (.econst:ti_sysbios_gates_GateHwi_Module__FXNS__C)
                  00081c12    00000012     demo_rtos_cpu1_p28FP.o28FP (.econst:ti_sysbios_gates_GateMutex_Module__FXNS__C)
                  00081c24    00000012     demo_rtos_cpu1_p28FP.o28FP (.econst:ti_sysbios_heaps_HeapMem_Object__PARAMS__C)
                  00081c36    00000012     demo_rtos_cpu1_p28FP.o28FP (.econst:xdc_runtime_LoggerBuf_Object__PARAMS__C)
                  00081c48    00000012     demo_rtos_cpu1_p28FP.o28FP (.econst:xdc_runtime_Startup_sfxnTab__A)
                  00081c5a    00000010     demo_rtos_cpu1_p28FP.o28FP (.econst:ti_sysbios_gates_GateHwi_Object__DESC__C)
                  00081c6a    00000010     demo_rtos_cpu1_p28FP.o28FP (.econst:ti_sysbios_gates_GateMutex_Object__DESC__C)
                  00081c7a    00000010     demo_rtos_cpu1_p28FP.o28FP (.econst:ti_sysbios_heaps_HeapMem_Object__DESC__C)
                  00081c8a    00000010     demo_rtos_cpu1_p28FP.o28FP (.econst:ti_sysbios_knl_Queue_Object__DESC__C)
                  00081c9a    00000010     demo_rtos_cpu1_p28FP.o28FP (.econst:ti_sysbios_knl_Semaphore_Object__DESC__C)
                  00081caa    00000010     demo_rtos_cpu1_p28FP.o28FP (.econst:ti_sysbios_knl_Semaphore_Object__PARAMS__C)
                  00081cba    00000010     demo_rtos_cpu1_p28FP.o28FP (.econst:xdc_runtime_LoggerBuf_Object__DESC__C)
                  00081cca    0000000c     demo_rtos_cpu1_p28FP.o28FP (.econst:ti_sysbios_gates_GateHwi_Object__PARAMS__C)
                  00081cd6    0000000c     demo_rtos_cpu1_p28FP.o28FP (.econst:ti_sysbios_gates_GateMutex_Object__PARAMS__C)
                  00081ce2    0000000c     demo_rtos_cpu1_p28FP.o28FP (.econst:ti_sysbios_knl_Queue_Object__PARAMS__C)
                  00081cee    00000009     demo_rtos_cpu1_p28FP.o28FP (.econst:xdc_runtime_Startup_sfxnRts__A)
                  00081cf7    00000001     demo_rtos_cpu1_p28FP.o28FP (.econst:ti_sysbios_family_c28_TaskSupport_Module__id__C)
                  00081cf8    00000006     demo_rtos_cpu1_p28FP.o28FP (.econst:xdc_runtime_Startup_firstFxns__A)
                  00081cfe    00000005     ti.targets.rts2800.a28FP : Assert.o28FP (.econst:.string)
                  00081d03    00000001     demo_rtos_cpu1_p28FP.o28FP (.econst:ti_sysbios_family_c28_Timer_startupNeeded__C)
                  00081d04    00000004     demo_rtos_cpu1_p28FP.o28FP (.econst:ti_sysbios_knl_Idle_funcList__C)
                  00081d08    00000004     demo_rtos_cpu1_p28FP.o28FP (.econst:xdc_runtime_Startup_firstFxns__C)
                  00081d0c    00000004     demo_rtos_cpu1_p28FP.o28FP (.econst:xdc_runtime_Startup_lastFxns__C)
                  00081d10    00000002     demo_rtos_cpu1_p28FP.o28FP (.econst)
                  00081d12    00000002     demo_rtos_cpu1_p28FP.o28FP (.econst:ti_sysbios_BIOS_installedErrorHook__C)
                  00081d14    00000002     demo_rtos_cpu1_p28FP.o28FP (.econst:ti_sysbios_family_c28_Hwi_A_badIntNum__C)
                  00081d16    00000002     demo_rtos_cpu1_p28FP.o28FP (.econst:ti_sysbios_family_c28_Hwi_A_invalidArg__C)
                  00081d18    00000002     demo_rtos_cpu1_p28FP.o28FP (.econst:ti_sysbios_family_c28_Hwi_E_unpluggedInterrupt__C)
                  00081d1a    00000002     demo_rtos_cpu1_p28FP.o28FP (.econst:ti_sysbios_family_c28_Hwi_LD_end__C)
                  00081d1c    00000002     demo_rtos_cpu1_p28FP.o28FP (.econst:ti_sysbios_family_c28_Hwi_LM_begin__C)
                  00081d1e    00000002     demo_rtos_cpu1_p28FP.o28FP (.econst:ti_sysbios_family_c28_Hwi_Module__diagsEnabled__C)
                  00081d20    00000002     demo_rtos_cpu1_p28FP.o28FP (.econst:ti_sysbios_family_c28_Hwi_Module__diagsIncluded__C)
                  00081d22    00000002     demo_rtos_cpu1_p28FP.o28FP (.econst:ti_sysbios_family_c28_Hwi_Module__diagsMask__C)
                  00081d24    00000002     demo_rtos_cpu1_p28FP.o28FP (.econst:ti_sysbios_family_c28_Hwi_Module__loggerFxn1__C)
                  00081d26    00000002     demo_rtos_cpu1_p28FP.o28FP (.econst:ti_sysbios_family_c28_Hwi_Module__loggerFxn8__C)
                  00081d28    00000002     demo_rtos_cpu1_p28FP.o28FP (.econst:ti_sysbios_family_c28_Hwi_Module__loggerObj__C)
                  00081d2a    00000002     demo_rtos_cpu1_p28FP.o28FP (.econst:ti_sysbios_family_c28_Hwi_Object__table__C)
                  00081d2c    00000002     demo_rtos_cpu1_p28FP.o28FP (.econst:ti_sysbios_family_c28_TaskSupport_E_invalidStack__C)
                  00081d2e    00000002     demo_rtos_cpu1_p28FP.o28FP (.econst:ti_sysbios_gates_GateMutex_A_badContext__C)
                  00081d30    00000002     demo_rtos_cpu1_p28FP.o28FP (.econst:ti_sysbios_gates_GateMutex_Instance_State_sem__O)
                  00081d32    00000002     demo_rtos_cpu1_p28FP.o28FP (.econst:ti_sysbios_gates_GateMutex_Module__diagsEnabled__C)
                  00081d34    00000002     demo_rtos_cpu1_p28FP.o28FP (.econst:ti_sysbios_gates_GateMutex_Module__diagsIncluded__C)
                  00081d36    00000002     demo_rtos_cpu1_p28FP.o28FP (.econst:ti_sysbios_gates_GateMutex_Module__diagsMask__C)
                  00081d38    00000002     demo_rtos_cpu1_p28FP.o28FP (.econst:ti_sysbios_hal_Hwi_E_stackOverflow__C)
                  00081d3a    00000002     demo_rtos_cpu1_p28FP.o28FP (.econst:ti_sysbios_heaps_HeapMem_A_align__C)
                  00081d3c    00000002     demo_rtos_cpu1_p28FP.o28FP (.econst:ti_sysbios_heaps_HeapMem_A_heapSize__C)
                  00081d3e    00000002     demo_rtos_cpu1_p28FP.o28FP (.econst:ti_sysbios_heaps_HeapMem_A_invalidFree__C)
                  00081d40    00000002     demo_rtos_cpu1_p28FP.o28FP (.econst:ti_sysbios_heaps_HeapMem_A_zeroBlock__C)
                  00081d42    00000002     demo_rtos_cpu1_p28FP.o28FP (.econst:ti_sysbios_heaps_HeapMem_E_memory__C)
                  00081d44    00000002     demo_rtos_cpu1_p28FP.o28FP (.econst:ti_sysbios_heaps_HeapMem_Module__diagsEnabled__C)
                  00081d46    00000002     demo_rtos_cpu1_p28FP.o28FP (.econst:ti_sysbios_heaps_HeapMem_Module__diagsIncluded__C)
                  00081d48    00000002     demo_rtos_cpu1_p28FP.o28FP (.econst:ti_sysbios_heaps_HeapMem_Module__diagsMask__C)
                  00081d4a    00000002     demo_rtos_cpu1_p28FP.o28FP (.econst:ti_sysbios_heaps_HeapMem_Module__gateObj__C)
                  00081d4c    00000002     demo_rtos_cpu1_p28FP.o28FP (.econst:ti_sysbios_heaps_HeapMem_Object__table__C)
                  00081d4e    00000002     demo_rtos_cpu1_p28FP.o28FP (.econst:ti_sysbios_heaps_HeapMem_reqAlign__C)
                  00081d50    00000002     demo_rtos_cpu1_p28FP.o28FP (.econst:ti_sysbios_knl_Clock_LM_begin__C)
                  00081d52    00000002     demo_rtos_cpu1_p28FP.o28FP (.econst:ti_sysbios_knl_Clock_LM_tick__C)
                  00081d54    00000002     demo_rtos_cpu1_p28FP.o28FP (.econst:ti_sysbios_knl_Clock_LW_delayed__C)
                  00081d56    00000002     demo_rtos_cpu1_p28FP.o28FP (.econst:ti_sysbios_knl_Clock_Module_State_clockQ__O)
                  00081d58    00000002     demo_rtos_cpu1_p28FP.o28FP (.econst:ti_sysbios_knl_Clock_Module__diagsEnabled__C)
                  00081d5a    00000002     demo_rtos_cpu1_p28FP.o28FP (.econst:ti_sysbios_knl_Clock_Module__diagsIncluded__C)
                  00081d5c    00000002     demo_rtos_cpu1_p28FP.o28FP (.econst:ti_sysbios_knl_Clock_Module__diagsMask__C)
                  00081d5e    00000002     demo_rtos_cpu1_p28FP.o28FP (.econst:ti_sysbios_knl_Clock_Module__loggerFxn1__C)
                  00081d60    00000002     demo_rtos_cpu1_p28FP.o28FP (.econst:ti_sysbios_knl_Clock_Module__loggerFxn2__C)
                  00081d62    00000002     demo_rtos_cpu1_p28FP.o28FP (.econst:ti_sysbios_knl_Clock_Module__loggerObj__C)
                  00081d64    00000002     demo_rtos_cpu1_p28FP.o28FP (.econst:ti_sysbios_knl_Idle_funcList__A)
                  00081d66    00000002     demo_rtos_cpu1_p28FP.o28FP (.econst:ti_sysbios_knl_Semaphore_A_badContext__C)
                  00081d68    00000002     demo_rtos_cpu1_p28FP.o28FP (.econst:ti_sysbios_knl_Semaphore_A_noEvents__C)
                  00081d6a    00000002     demo_rtos_cpu1_p28FP.o28FP (.econst:ti_sysbios_knl_Semaphore_A_overflow__C)
                  00081d6c    00000002     demo_rtos_cpu1_p28FP.o28FP (.econst:ti_sysbios_knl_Semaphore_A_pendTaskDisabled__C)
                  00081d6e    00000002     demo_rtos_cpu1_p28FP.o28FP (.econst:ti_sysbios_knl_Semaphore_Instance_State_pendQ__O)
                  00081d70    00000002     demo_rtos_cpu1_p28FP.o28FP (.econst:ti_sysbios_knl_Semaphore_LM_pend__C)
                  00081d72    00000002     demo_rtos_cpu1_p28FP.o28FP (.econst:ti_sysbios_knl_Semaphore_LM_post__C)
                  00081d74    00000002     demo_rtos_cpu1_p28FP.o28FP (.econst:ti_sysbios_knl_Semaphore_Module__diagsEnabled__C)
                  00081d76    00000002     demo_rtos_cpu1_p28FP.o28FP (.econst:ti_sysbios_knl_Semaphore_Module__diagsIncluded__C)
                  00081d78    00000002     demo_rtos_cpu1_p28FP.o28FP (.econst:ti_sysbios_knl_Semaphore_Module__diagsMask__C)
                  00081d7a    00000002     demo_rtos_cpu1_p28FP.o28FP (.econst:ti_sysbios_knl_Semaphore_Module__loggerFxn2__C)
                  00081d7c    00000002     demo_rtos_cpu1_p28FP.o28FP (.econst:ti_sysbios_knl_Semaphore_Module__loggerFxn4__C)
                  00081d7e    00000002     demo_rtos_cpu1_p28FP.o28FP (.econst:ti_sysbios_knl_Semaphore_Module__loggerObj__C)
                  00081d80    00000002     demo_rtos_cpu1_p28FP.o28FP (.econst:ti_sysbios_knl_Swi_LD_end__C)
                  00081d82    00000002     demo_rtos_cpu1_p28FP.o28FP (.econst:ti_sysbios_knl_Swi_LM_begin__C)
                  00081d84    00000002     demo_rtos_cpu1_p28FP.o28FP (.econst:ti_sysbios_knl_Swi_LM_post__C)
                  00081d86    00000002     demo_rtos_cpu1_p28FP.o28FP (.econst:ti_sysbios_knl_Swi_Module__diagsEnabled__C)
                  00081d88    00000002     demo_rtos_cpu1_p28FP.o28FP (.econst:ti_sysbios_knl_Swi_Module__diagsIncluded__C)
                  00081d8a    00000002     demo_rtos_cpu1_p28FP.o28FP (.econst:ti_sysbios_knl_Swi_Module__diagsMask__C)
                  00081d8c    00000002     demo_rtos_cpu1_p28FP.o28FP (.econst:ti_sysbios_knl_Swi_Module__loggerFxn1__C)
                  00081d8e    00000002     demo_rtos_cpu1_p28FP.o28FP (.econst:ti_sysbios_knl_Swi_Module__loggerFxn4__C)
                  00081d90    00000002     demo_rtos_cpu1_p28FP.o28FP (.econst:ti_sysbios_knl_Swi_Module__loggerObj__C)
                  00081d92    00000002     demo_rtos_cpu1_p28FP.o28FP (.econst:ti_sysbios_knl_Swi_Object__table__C)
                  00081d94    00000002     demo_rtos_cpu1_p28FP.o28FP (.econst:ti_sysbios_knl_Task_E_spOutOfBounds__C)
                  00081d96    00000002     demo_rtos_cpu1_p28FP.o28FP (.econst:ti_sysbios_knl_Task_E_stackOverflow__C)
                  00081d98    00000002     demo_rtos_cpu1_p28FP.o28FP (.econst:ti_sysbios_knl_Task_LD_block__C)
                  00081d9a    00000002     demo_rtos_cpu1_p28FP.o28FP (.econst:ti_sysbios_knl_Task_LD_exit__C)
                  00081d9c    00000002     demo_rtos_cpu1_p28FP.o28FP (.econst:ti_sysbios_knl_Task_LD_ready__C)
                  00081d9e    00000002     demo_rtos_cpu1_p28FP.o28FP (.econst:ti_sysbios_knl_Task_LM_switch__C)
                  00081da0    00000002     demo_rtos_cpu1_p28FP.o28FP (.econst:ti_sysbios_knl_Task_Module_State_inactiveQ__O)
                  00081da2    00000002     demo_rtos_cpu1_p28FP.o28FP (.econst:ti_sysbios_knl_Task_Module__diagsEnabled__C)
                  00081da4    00000002     demo_rtos_cpu1_p28FP.o28FP (.econst:ti_sysbios_knl_Task_Module__diagsIncluded__C)
                  00081da6    00000002     demo_rtos_cpu1_p28FP.o28FP (.econst:ti_sysbios_knl_Task_Module__diagsMask__C)
                  00081da8    00000002     demo_rtos_cpu1_p28FP.o28FP (.econst:ti_sysbios_knl_Task_Module__loggerFxn2__C)
                  00081daa    00000002     demo_rtos_cpu1_p28FP.o28FP (.econst:ti_sysbios_knl_Task_Module__loggerFxn4__C)
                  00081dac    00000002     demo_rtos_cpu1_p28FP.o28FP (.econst:ti_sysbios_knl_Task_Module__loggerObj__C)
                  00081dae    00000002     demo_rtos_cpu1_p28FP.o28FP (.econst:ti_sysbios_knl_Task_Object__table__C)
                  00081db0    00000002     demo_rtos_cpu1_p28FP.o28FP (.econst:ti_sysbios_knl_Task_allBlockedFunc__C)
                  00081db2    00000002     demo_rtos_cpu1_p28FP.o28FP (.econst:xdc_runtime_Assert_E_assertFailed__C)
                  00081db4    00000002     demo_rtos_cpu1_p28FP.o28FP (.econst:xdc_runtime_Core_A_initializedParams__C)
                  00081db6    00000002     demo_rtos_cpu1_p28FP.o28FP (.econst:xdc_runtime_Core_Module__diagsEnabled__C)
                  00081db8    00000002     demo_rtos_cpu1_p28FP.o28FP (.econst:xdc_runtime_Core_Module__diagsIncluded__C)
                  00081dba    00000002     demo_rtos_cpu1_p28FP.o28FP (.econst:xdc_runtime_Core_Module__diagsMask__C)
                  00081dbc    00000002     demo_rtos_cpu1_p28FP.o28FP (.econst:xdc_runtime_Error_E_memory__C)
                  00081dbe    00000002     demo_rtos_cpu1_p28FP.o28FP (.econst:xdc_runtime_Error_Module__diagsEnabled__C)
                  00081dc0    00000002     demo_rtos_cpu1_p28FP.o28FP (.econst:xdc_runtime_Error_Module__diagsIncluded__C)
                  00081dc2    00000002     demo_rtos_cpu1_p28FP.o28FP (.econst:xdc_runtime_Error_Module__diagsMask__C)
                  00081dc4    00000002     demo_rtos_cpu1_p28FP.o28FP (.econst:xdc_runtime_Error_Module__loggerFxn8__C)
                  00081dc6    00000002     demo_rtos_cpu1_p28FP.o28FP (.econst:xdc_runtime_Error_Module__loggerObj__C)
                  00081dc8    00000002     demo_rtos_cpu1_p28FP.o28FP (.econst:xdc_runtime_Error_policyFxn__C)
                  00081dca    00000002     demo_rtos_cpu1_p28FP.o28FP (.econst:xdc_runtime_Error_raiseHook__C)
                  00081dcc    00000002     demo_rtos_cpu1_p28FP.o28FP (.econst:xdc_runtime_IFilterLogger_Interface__BASE__C)
                  00081dce    00000002     demo_rtos_cpu1_p28FP.o28FP (.econst:xdc_runtime_IGateProvider_Interface__BASE__C)
                  00081dd0    00000002     demo_rtos_cpu1_p28FP.o28FP (.econst:xdc_runtime_IHeap_Interface__BASE__C)
                  00081dd2    00000002     demo_rtos_cpu1_p28FP.o28FP (.econst:xdc_runtime_ILogger_Interface__BASE__C)
                  00081dd4    00000002     demo_rtos_cpu1_p28FP.o28FP (.econst:xdc_runtime_IModule_Interface__BASE__C)
                  00081dd6    00000002     demo_rtos_cpu1_p28FP.o28FP (.econst:xdc_runtime_Log_L_error__C)
                  00081dd8    00000002     demo_rtos_cpu1_p28FP.o28FP (.econst:xdc_runtime_LoggerBuf_E_badLevel__C)
                  00081dda    00000002     demo_rtos_cpu1_p28FP.o28FP (.econst:xdc_runtime_LoggerBuf_Module__gateObj__C)
                  00081ddc    00000002     demo_rtos_cpu1_p28FP.o28FP (.econst:xdc_runtime_LoggerBuf_Object__table__C)
                  00081dde    00000002     demo_rtos_cpu1_p28FP.o28FP (.econst:xdc_runtime_LoggerBuf_statusLogger__C)
                  00081de0    00000002     demo_rtos_cpu1_p28FP.o28FP (.econst:xdc_runtime_Memory_defaultHeapInstance__C)
                  00081de2    00000002     demo_rtos_cpu1_p28FP.o28FP (.econst:xdc_runtime_Startup_execImpl__C)
                  00081de4    00000002     demo_rtos_cpu1_p28FP.o28FP (.econst:xdc_runtime_Startup_sfxnRts__C)
                  00081de6    00000002     demo_rtos_cpu1_p28FP.o28FP (.econst:xdc_runtime_Startup_sfxnTab__C)
                  00081de8    00000002     demo_rtos_cpu1_p28FP.o28FP (.econst:xdc_runtime_Startup_startModsFxn__C)
                  00081dea    00000002     demo_rtos_cpu1_p28FP.o28FP (.econst:xdc_runtime_SysMin_bufSize__C)
                  00081dec    00000002     demo_rtos_cpu1_p28FP.o28FP (.econst:xdc_runtime_SysMin_outputFunc__C)
                  00081dee    00000002     demo_rtos_cpu1_p28FP.o28FP (.econst:xdc_runtime_System_Module__gateObj__C)
                  00081df0    00000002     demo_rtos_cpu1_p28FP.o28FP (.econst:xdc_runtime_System_abortFxn__C)
                  00081df2    00000002     demo_rtos_cpu1_p28FP.o28FP (.econst:xdc_runtime_System_exitFxn__C)
                  00081df4    00000002     demo_rtos_cpu1_p28FP.o28FP (.econst:xdc_runtime_System_extendFxn__C)
                  00081df6    00000002     demo_rtos_cpu1_p28FP.o28FP (.econst:xdc_runtime_Text_charTab__C)
                  00081df8    00000002     demo_rtos_cpu1_p28FP.o28FP (.econst:xdc_runtime_Text_nameUnknown__C)
                  00081dfa    00000002     demo_rtos_cpu1_p28FP.o28FP (.econst:xdc_runtime_Text_nodeTab__C)
                  00081dfc    00000002     demo_rtos_cpu1_p28FP.o28FP (.econst:xdc_runtime_Text_visitRopeFxn__C)
                  00081dfe    00000001     demo_rtos_cpu1_p28FP.o28FP (.econst:ti_sysbios_gates_GateMutex_Module__id__C)
                  00081dff    00000001     demo_rtos_cpu1_p28FP.o28FP (.econst:ti_sysbios_hal_Hwi_Module__id__C)
                  00081e00    00000001     demo_rtos_cpu1_p28FP.o28FP (.econst:ti_sysbios_heaps_HeapMem_Module__id__C)
                  00081e01    00000001     demo_rtos_cpu1_p28FP.o28FP (.econst:ti_sysbios_heaps_HeapMem_Object__count__C)
                  00081e02    00000001     demo_rtos_cpu1_p28FP.o28FP (.econst:ti_sysbios_knl_Clock_Module__id__C)
                  00081e03    00000001     demo_rtos_cpu1_p28FP.o28FP (.econst:ti_sysbios_knl_Clock_Module__loggerDefined__C)
                  00081e04    00000001     demo_rtos_cpu1_p28FP.o28FP (.econst:ti_sysbios_knl_Semaphore_Module__id__C)
                  00081e05    00000001     demo_rtos_cpu1_p28FP.o28FP (.econst:ti_sysbios_knl_Semaphore_Module__loggerDefined__C)
                  00081e06    00000001     demo_rtos_cpu1_p28FP.o28FP (.econst:ti_sysbios_knl_Swi_Module__id__C)
                  00081e07    00000001     demo_rtos_cpu1_p28FP.o28FP (.econst:ti_sysbios_knl_Swi_Module__loggerDefined__C)
                  00081e08    00000001     demo_rtos_cpu1_p28FP.o28FP (.econst:ti_sysbios_knl_Swi_Object__count__C)
                  00081e09    00000001     demo_rtos_cpu1_p28FP.o28FP (.econst:ti_sysbios_knl_Task_Module__id__C)
                  00081e0a    00000001     demo_rtos_cpu1_p28FP.o28FP (.econst:ti_sysbios_knl_Task_Module__loggerDefined__C)
                  00081e0b    00000001     demo_rtos_cpu1_p28FP.o28FP (.econst:ti_sysbios_knl_Task_Object__count__C)
                  00081e0c    00000001     demo_rtos_cpu1_p28FP.o28FP (.econst:ti_sysbios_knl_Task_numConstructedTasks__C)
                  00081e0d    00000001     demo_rtos_cpu1_p28FP.o28FP (.econst:xdc_runtime_Core_Module__id__C)
                  00081e0e    00000001     demo_rtos_cpu1_p28FP.o28FP (.econst:xdc_runtime_Error_Module__loggerDefined__C)
                  00081e0f    00000001     demo_rtos_cpu1_p28FP.o28FP (.econst:xdc_runtime_Error_maxDepth__C)
                  00081e10    00000001     demo_rtos_cpu1_p28FP.o28FP (.econst:xdc_runtime_Error_policy__C)
                  00081e11    00000001     demo_rtos_cpu1_p28FP.o28FP (.econst:xdc_runtime_LoggerBuf_Module__id__C)
                  00081e12    00000001     demo_rtos_cpu1_p28FP.o28FP (.econst:xdc_runtime_LoggerBuf_Object__count__C)
                  00081e13    00000001     demo_rtos_cpu1_p28FP.o28FP (.econst:xdc_runtime_LoggerBuf_filterByLevel__C)
                  00081e14    00000001     demo_rtos_cpu1_p28FP.o28FP (.econst:xdc_runtime_Main_Module__id__C)
                  00081e15    00000001     demo_rtos_cpu1_p28FP.o28FP (.econst:xdc_runtime_Memory_Module__id__C)
                  00081e16    00000001     demo_rtos_cpu1_p28FP.o28FP (.econst:xdc_runtime_Startup_maxPasses__C)
                  00081e17    00000001     demo_rtos_cpu1_p28FP.o28FP (.econst:xdc_runtime_SysMin_flushAtExit__C)
                  00081e18    00000001     demo_rtos_cpu1_p28FP.o28FP (.econst:xdc_runtime_System_maxAtexitHandlers__C)
                  00081e19    00000001     demo_rtos_cpu1_p28FP.o28FP (.econst:xdc_runtime_Text_isLoaded__C)
                  00081e1a    00000001     demo_rtos_cpu1_p28FP.o28FP (.econst:xdc_runtime_Text_registryModsLastId__C)
                  00081e1b    00000001     demo_rtos_cpu1_p28FP.o28FP (.econst:xdc_runtime_Text_unnamedModsLastId__C)

.switch    0    00081e1c    0000001c     
                  00081e1c    0000001c     sysbios.a28FP : BIOS.obj (.switch:_ti_sysbios_family_c28_Hwi_clearInterrupt__E)

.binit     0    00081e38    00000012     
                  00081e38    00000012     (.binit)

.stack     1    00000122    00000100     UNINITIALIZED
                  00000122    00000100     --HOLE--

AdcaResultFile 
*          1    00000b00    00000018     UNINITIALIZED
                  00000b00    00000018     F2837xD_GlobalVariableDefs.obj (AdcaResultFile)

AdcbResultFile 
*          1    00000b20    00000018     UNINITIALIZED
                  00000b20    00000018     F2837xD_GlobalVariableDefs.obj (AdcbResultFile)

AdccResultFile 
*          1    00000b40    00000018     UNINITIALIZED
                  00000b40    00000018     F2837xD_GlobalVariableDefs.obj (AdccResultFile)

AdcdResultFile 
*          1    00000b60    00000018     UNINITIALIZED
                  00000b60    00000018     F2837xD_GlobalVariableDefs.obj (AdcdResultFile)

CpuTimer0RegsFile 
*          1    00000c00    00000008     UNINITIALIZED
                  00000c00    00000008     F2837xD_GlobalVariableDefs.obj (CpuTimer0RegsFile)

CpuTimer1RegsFile 
*          1    00000c08    00000008     UNINITIALIZED
                  00000c08    00000008     F2837xD_GlobalVariableDefs.obj (CpuTimer1RegsFile)

CpuTimer2RegsFile 
*          1    00000c10    00000008     UNINITIALIZED
                  00000c10    00000008     F2837xD_GlobalVariableDefs.obj (CpuTimer2RegsFile)

PieCtrlRegsFile 
*          1    00000ce0    0000001a     UNINITIALIZED
                  00000ce0    0000001a     F2837xD_GlobalVariableDefs.obj (PieCtrlRegsFile)

DmaRegsFile 
*          1    00001000    000000e0     UNINITIALIZED
                  00001000    000000e0     F2837xD_GlobalVariableDefs.obj (DmaRegsFile)

Cla1RegsFile 
*          1    00001400    0000003e     UNINITIALIZED
                  00001400    0000003e     F2837xD_GlobalVariableDefs.obj (Cla1RegsFile)

EPwm1RegsFile 
*          1    00004000    00000100     UNINITIALIZED
                  00004000    00000100     F2837xD_GlobalVariableDefs.obj (EPwm1RegsFile)

EPwm2RegsFile 
*          1    00004100    00000100     UNINITIALIZED
                  00004100    00000100     F2837xD_GlobalVariableDefs.obj (EPwm2RegsFile)

EPwm3RegsFile 
*          1    00004200    00000100     UNINITIALIZED
                  00004200    00000100     F2837xD_GlobalVariableDefs.obj (EPwm3RegsFile)

EPwm4RegsFile 
*          1    00004300    00000100     UNINITIALIZED
                  00004300    00000100     F2837xD_GlobalVariableDefs.obj (EPwm4RegsFile)

EPwm5RegsFile 
*          1    00004400    00000100     UNINITIALIZED
                  00004400    00000100     F2837xD_GlobalVariableDefs.obj (EPwm5RegsFile)

EPwm6RegsFile 
*          1    00004500    00000100     UNINITIALIZED
                  00004500    00000100     F2837xD_GlobalVariableDefs.obj (EPwm6RegsFile)

EPwm7RegsFile 
*          1    00004600    00000100     UNINITIALIZED
                  00004600    00000100     F2837xD_GlobalVariableDefs.obj (EPwm7RegsFile)

EPwm8RegsFile 
*          1    00004700    00000100     UNINITIALIZED
                  00004700    00000100     F2837xD_GlobalVariableDefs.obj (EPwm8RegsFile)

EPwm9RegsFile 
*          1    00004800    00000100     UNINITIALIZED
                  00004800    00000100     F2837xD_GlobalVariableDefs.obj (EPwm9RegsFile)

EPwm10RegsFile 
*          1    00004900    00000100     UNINITIALIZED
                  00004900    00000100     F2837xD_GlobalVariableDefs.obj (EPwm10RegsFile)

EPwm11RegsFile 
*          1    00004a00    00000100     UNINITIALIZED
                  00004a00    00000100     F2837xD_GlobalVariableDefs.obj (EPwm11RegsFile)

EPwm12RegsFile 
*          1    00004b00    00000100     UNINITIALIZED
                  00004b00    00000100     F2837xD_GlobalVariableDefs.obj (EPwm12RegsFile)

ECap1RegsFile 
*          1    00005000    00000020     UNINITIALIZED
                  00005000    00000020     F2837xD_GlobalVariableDefs.obj (ECap1RegsFile)

ECap2RegsFile 
*          1    00005020    00000020     UNINITIALIZED
                  00005020    00000020     F2837xD_GlobalVariableDefs.obj (ECap2RegsFile)

ECap3RegsFile 
*          1    00005040    00000020     UNINITIALIZED
                  00005040    00000020     F2837xD_GlobalVariableDefs.obj (ECap3RegsFile)

ECap4RegsFile 
*          1    00005060    00000020     UNINITIALIZED
                  00005060    00000020     F2837xD_GlobalVariableDefs.obj (ECap4RegsFile)

ECap5RegsFile 
*          1    00005080    00000020     UNINITIALIZED
                  00005080    00000020     F2837xD_GlobalVariableDefs.obj (ECap5RegsFile)

ECap6RegsFile 
*          1    000050a0    00000020     UNINITIALIZED
                  000050a0    00000020     F2837xD_GlobalVariableDefs.obj (ECap6RegsFile)

EQep1RegsFile 
*          1    00005100    00000022     UNINITIALIZED
                  00005100    00000022     F2837xD_GlobalVariableDefs.obj (EQep1RegsFile)

EQep2RegsFile 
*          1    00005140    00000022     UNINITIALIZED
                  00005140    00000022     F2837xD_GlobalVariableDefs.obj (EQep2RegsFile)

EQep3RegsFile 
*          1    00005180    00000022     UNINITIALIZED
                  00005180    00000022     F2837xD_GlobalVariableDefs.obj (EQep3RegsFile)

DacaRegsFile 
*          1    00005c00    00000008     UNINITIALIZED
                  00005c00    00000008     F2837xD_GlobalVariableDefs.obj (DacaRegsFile)

DacbRegsFile 
*          1    00005c10    00000008     UNINITIALIZED
                  00005c10    00000008     F2837xD_GlobalVariableDefs.obj (DacbRegsFile)

DaccRegsFile 
*          1    00005c20    00000008     UNINITIALIZED
                  00005c20    00000008     F2837xD_GlobalVariableDefs.obj (DaccRegsFile)

Sdfm1RegsFile 
*          1    00005e00    00000080     UNINITIALIZED
                  00005e00    00000080     F2837xD_GlobalVariableDefs.obj (Sdfm1RegsFile)

Sdfm2RegsFile 
*          1    00005e80    00000080     UNINITIALIZED
                  00005e80    00000080     F2837xD_GlobalVariableDefs.obj (Sdfm2RegsFile)

McbspaRegsFile 
*          1    00006000    00000024     UNINITIALIZED
                  00006000    00000024     F2837xD_GlobalVariableDefs.obj (McbspaRegsFile)

McbspbRegsFile 
*          1    00006040    00000024     UNINITIALIZED
                  00006040    00000024     F2837xD_GlobalVariableDefs.obj (McbspbRegsFile)

SpiaRegsFile 
*          1    00006100    00000010     UNINITIALIZED
                  00006100    00000010     F2837xD_GlobalVariableDefs.obj (SpiaRegsFile)

SpibRegsFile 
*          1    00006110    00000010     UNINITIALIZED
                  00006110    00000010     F2837xD_GlobalVariableDefs.obj (SpibRegsFile)

SpicRegsFile 
*          1    00006120    00000010     UNINITIALIZED
                  00006120    00000010     F2837xD_GlobalVariableDefs.obj (SpicRegsFile)

UppRegsFile 
*          1    00006200    00000048     UNINITIALIZED
                  00006200    00000048     F2837xD_GlobalVariableDefs.obj (UppRegsFile)

WdRegsFile 
*          1    00007000    0000002b     UNINITIALIZED
                  00007000    0000002b     F2837xD_GlobalVariableDefs.obj (WdRegsFile)

NmiIntruptRegsFile 
*          1    00007060    00000007     UNINITIALIZED
                  00007060    00000007     F2837xD_GlobalVariableDefs.obj (NmiIntruptRegsFile)

XintRegsFile 
*          1    00007070    0000000b     UNINITIALIZED
                  00007070    0000000b     F2837xD_GlobalVariableDefs.obj (XintRegsFile)

SciaRegsFile 
*          1    00007200    00000010     UNINITIALIZED
                  00007200    00000010     F2837xD_GlobalVariableDefs.obj (SciaRegsFile)

ScibRegsFile 
*          1    00007210    00000010     UNINITIALIZED
                  00007210    00000010     F2837xD_GlobalVariableDefs.obj (ScibRegsFile)

ScicRegsFile 
*          1    00007220    00000010     UNINITIALIZED
                  00007220    00000010     F2837xD_GlobalVariableDefs.obj (ScicRegsFile)

ScidRegsFile 
*          1    00007230    00000010     UNINITIALIZED
                  00007230    00000010     F2837xD_GlobalVariableDefs.obj (ScidRegsFile)

I2caRegsFile 
*          1    00007300    00000022     UNINITIALIZED
                  00007300    00000022     F2837xD_GlobalVariableDefs.obj (I2caRegsFile)

I2cbRegsFile 
*          1    00007340    00000022     UNINITIALIZED
                  00007340    00000022     F2837xD_GlobalVariableDefs.obj (I2cbRegsFile)

AdcaRegsFile 
*          1    00007400    00000080     UNINITIALIZED
                  00007400    00000080     F2837xD_GlobalVariableDefs.obj (AdcaRegsFile)

AdcbRegsFile 
*          1    00007480    00000080     UNINITIALIZED
                  00007480    00000080     F2837xD_GlobalVariableDefs.obj (AdcbRegsFile)

AdccRegsFile 
*          1    00007500    00000080     UNINITIALIZED
                  00007500    00000080     F2837xD_GlobalVariableDefs.obj (AdccRegsFile)

AdcdRegsFile 
*          1    00007580    00000080     UNINITIALIZED
                  00007580    00000080     F2837xD_GlobalVariableDefs.obj (AdcdRegsFile)

CanaRegsFile 
*          1    00048000    00000164     UNINITIALIZED
                  00048000    00000164     F2837xD_GlobalVariableDefs.obj (CanaRegsFile)

CanbRegsFile 
*          1    0004a000    00000164     UNINITIALIZED
                  0004a000    00000164     F2837xD_GlobalVariableDefs.obj (CanbRegsFile)

AnalogSubsysRegsFile 
*          1    0005d180    00000048     UNINITIALIZED
                  0005d180    00000048     F2837xD_GlobalVariableDefs.obj (AnalogSubsysRegsFile)

Cla1SoftIntRegsFile 
*          1    00000ce0    00000004     DSECT
                  00000ce0    00000004     F2837xD_GlobalVariableDefs.obj (Cla1SoftIntRegsFile)

Cmpss1RegsFile 
*          1    00005c80    00000020     UNINITIALIZED
                  00005c80    00000020     F2837xD_GlobalVariableDefs.obj (Cmpss1RegsFile)

Cmpss2RegsFile 
*          1    00005ca0    00000020     UNINITIALIZED
                  00005ca0    00000020     F2837xD_GlobalVariableDefs.obj (Cmpss2RegsFile)

Cmpss3RegsFile 
*          1    00005cc0    00000020     UNINITIALIZED
                  00005cc0    00000020     F2837xD_GlobalVariableDefs.obj (Cmpss3RegsFile)

Cmpss4RegsFile 
*          1    00005ce0    00000020     UNINITIALIZED
                  00005ce0    00000020     F2837xD_GlobalVariableDefs.obj (Cmpss4RegsFile)

Cmpss5RegsFile 
*          1    00005d00    00000020     UNINITIALIZED
                  00005d00    00000020     F2837xD_GlobalVariableDefs.obj (Cmpss5RegsFile)

Cmpss6RegsFile 
*          1    00005d20    00000020     UNINITIALIZED
                  00005d20    00000020     F2837xD_GlobalVariableDefs.obj (Cmpss6RegsFile)

Cmpss7RegsFile 
*          1    00005d40    00000020     UNINITIALIZED
                  00005d40    00000020     F2837xD_GlobalVariableDefs.obj (Cmpss7RegsFile)

Cmpss8RegsFile 
*          1    00005d60    00000020     UNINITIALIZED
                  00005d60    00000020     F2837xD_GlobalVariableDefs.obj (Cmpss8RegsFile)

InputXbarRegsFile 
*          1    00007900    00000020     UNINITIALIZED
                  00007900    00000020     F2837xD_GlobalVariableDefs.obj (InputXbarRegsFile)

XbarRegsFile 
*          1    00007920    00000020     UNINITIALIZED
                  00007920    00000020     F2837xD_GlobalVariableDefs.obj (XbarRegsFile)

SyncSocRegsFile 
*          1    00007940    00000006     UNINITIALIZED
                  00007940    00000006     F2837xD_GlobalVariableDefs.obj (SyncSocRegsFile)

DmaClaSrcSelRegsFile 
*          1    00007980    0000001a     UNINITIALIZED
                  00007980    0000001a     F2837xD_GlobalVariableDefs.obj (DmaClaSrcSelRegsFile)

EPwmXbarRegsFile 
*          1    00007a00    00000040     UNINITIALIZED
                  00007a00    00000040     F2837xD_GlobalVariableDefs.obj (EPwmXbarRegsFile)

OutputXbarRegsFile 
*          1    00007a80    00000040     UNINITIALIZED
                  00007a80    00000040     F2837xD_GlobalVariableDefs.obj (OutputXbarRegsFile)

GpioCtrlRegsFile 
*          1    00007c00    00000180     UNINITIALIZED
                  00007c00    00000180     F2837xD_GlobalVariableDefs.obj (GpioCtrlRegsFile)

GpioDataRegsFile 
*          1    00007f00    00000030     UNINITIALIZED
                  00007f00    00000030     F2837xD_GlobalVariableDefs.obj (GpioDataRegsFile)

Emif1RegsFile 
*          1    00047000    00000070     UNINITIALIZED
                  00047000    00000070     F2837xD_GlobalVariableDefs.obj (Emif1RegsFile)

Emif2RegsFile 
*          1    00047800    00000070     UNINITIALIZED
                  00047800    00000070     F2837xD_GlobalVariableDefs.obj (Emif2RegsFile)

IpcRegsFile 
*          1    00050000    00000024     UNINITIALIZED
                  00050000    00000024     F2837xD_GlobalVariableDefs.obj (IpcRegsFile)

FlashPumpSemaphoreRegsFile 
*          1    00050024    00000002     UNINITIALIZED
                  00050024    00000002     F2837xD_GlobalVariableDefs.obj (FlashPumpSemaphoreRegsFile)

RomPrefetchRegsFile 
*          1    0005e608    00000002     UNINITIALIZED
                  0005e608    00000002     F2837xD_GlobalVariableDefs.obj (RomPrefetchRegsFile)

DcsmZ1RegsFile 
*          1    0005f000    00000024     UNINITIALIZED
                  0005f000    00000024     F2837xD_GlobalVariableDefs.obj (DcsmZ1RegsFile)

DcsmZ2RegsFile 
*          1    0005f040    00000024     UNINITIALIZED
                  0005f040    00000024     F2837xD_GlobalVariableDefs.obj (DcsmZ2RegsFile)

DcsmCommonRegsFile 
*          1    0005f070    00000008     UNINITIALIZED
                  0005f070    00000008     F2837xD_GlobalVariableDefs.obj (DcsmCommonRegsFile)

MemCfgRegsFile 
*          1    0005f400    00000080     UNINITIALIZED
                  0005f400    00000080     F2837xD_GlobalVariableDefs.obj (MemCfgRegsFile)

Emif1ConfigRegsFile 
*          1    0005f480    00000020     UNINITIALIZED
                  0005f480    00000020     F2837xD_GlobalVariableDefs.obj (Emif1ConfigRegsFile)

Emif2ConfigRegsFile 
*          1    0005f4a0    00000020     UNINITIALIZED
                  0005f4a0    00000020     F2837xD_GlobalVariableDefs.obj (Emif2ConfigRegsFile)

AccessProtectionRegsFile 
*          1    0005f4c0    00000040     UNINITIALIZED
                  0005f4c0    00000040     F2837xD_GlobalVariableDefs.obj (AccessProtectionRegsFile)

MemoryErrorRegsFile 
*          1    0005f500    00000040     UNINITIALIZED
                  0005f500    00000040     F2837xD_GlobalVariableDefs.obj (MemoryErrorRegsFile)

RomWaitStateRegsFile 
*          1    0005f540    00000002     UNINITIALIZED
                  0005f540    00000002     F2837xD_GlobalVariableDefs.obj (RomWaitStateRegsFile)

Flash0CtrlRegsFile 
*          1    0005f800    00000182     UNINITIALIZED
                  0005f800    00000182     F2837xD_GlobalVariableDefs.obj (Flash0CtrlRegsFile)

Flash0EccRegsFile 
*          1    0005fb00    00000028     UNINITIALIZED
                  0005fb00    00000028     F2837xD_GlobalVariableDefs.obj (Flash0EccRegsFile)

DevCfgRegsFile 
*          1    0005d000    0000012e     UNINITIALIZED
                  0005d000    0000012e     F2837xD_GlobalVariableDefs.obj (DevCfgRegsFile)

ClkCfgRegsFile 
*          1    0005d200    00000032     UNINITIALIZED
                  0005d200    00000032     F2837xD_GlobalVariableDefs.obj (ClkCfgRegsFile)

CpuSysRegsFile 
*          1    0005d300    00000082     UNINITIALIZED
                  0005d300    00000082     F2837xD_GlobalVariableDefs.obj (CpuSysRegsFile)

.cinit     0    00082000    00000459     
                  00082000    000001c3     demo_rtos_cpu1_p28FP.o28FP (.cinit:_ti_sysbios_family_c28_Hwi_Module_State_0_dispatchTable__A)
                  000821c3    00000119     demo_rtos_cpu1_p28FP.o28FP (.cinit)
                  000822dc    00000043     demo_rtos_cpu1_p28FP.o28FP (.cinit:_ti_sysbios_knl_Swi_Module_State_0_readyQ__A)
                  0008231f    00000043     demo_rtos_cpu1_p28FP.o28FP (.cinit:_ti_sysbios_knl_Task_Module_State_0_readyQ__A)
                  00082362    0000002d     demo_rtos_cpu1_p28FP.o28FP (.cinit:_ti_sysbios_knl_Task_Object__table__V)
                  0008238f    0000001f     demo_rtos_cpu1_p28FP.o28FP (.cinit:_ti_sysbios_gates_GateMutex_Object__table__V)
                  000823ae    0000001b     demo_rtos_cpu1_p28FP.o28FP (.cinit:_ti_sysbios_family_c28_Timer_Object__table__V)
                  000823c9    00000017     demo_rtos_cpu1_p28FP.o28FP (.cinit:_ti_sysbios_knl_Swi_Object__table__V)
                  000823e0    00000015     demo_rtos_cpu1_p28FP.o28FP (.cinit:_xdc_runtime_LoggerBuf_Object__table__V)
                  000823f5    00000013     demo_rtos_cpu1_p28FP.o28FP (.cinit:_ti_sysbios_family_c28_Hwi_Object__table__V)
                  00082408    00000013     demo_rtos_cpu1_p28FP.o28FP (.cinit:_ti_sysbios_knl_Clock_Object__table__V)
                  0008241b    0000000f     demo_rtos_cpu1_p28FP.o28FP (.cinit:_ti_sysbios_heaps_HeapMem_Object__table__V)
                  0008242a    0000000e     rts2800_fpu32.lib : exit.c.obj (.cinit)
                  00082438    0000000b     demo_rtos_cpu1_p28FP.o28FP (.cinit:_xdc_runtime_System_Module_State_0_atexitHandlers__A)
                  00082443    00000005     rts2800_fpu32.lib : _lock.c.obj (.cinit:__lock)
                  00082448    00000005                       : _lock.c.obj (.cinit:__unlock)
                  0008244d    00000005     demo_rtos_cpu1_p28FP.o28FP (.cinit:_ti_sysbios_gates_GateHwi_Object__table__V)
                  00082452    00000005     demo_rtos_cpu1_p28FP.o28FP (.cinit:_ti_sysbios_knl_Task_Module_State_0_idleTask__A)
                  00082457    00000002     --HOLE-- [fill = 0]

.pinit     0    00080002    00000000     UNINITIALIZED

.text      0    00088000    00002e32     
                  00088000    00000233     ti.targets.rts2800.a28FP : System.o28FP (.text:_xdc_runtime_System_doPrint__I)
                  00088233    000001ef     F2837xD_SysCtrl.obj (.text:_InitSysPll)
                  00088422    000001d3     sysbios.a28FP : BIOS.obj (.text:_ti_sysbios_knl_Semaphore_pend__E)
                  000885f5    000001a1                   : BIOS.obj (.text:_ti_sysbios_heaps_HeapMem_freeUnprotected__E)
                  00088796    0000016c                   : BIOS.obj (.text:_ti_sysbios_heaps_HeapMem_allocUnprotected__E)
                  00088902    00000114     demo_rtos_cpu1_p28FP.o28FP (.text:_xdc_runtime_System_printfExtend__I)
                  00088a16    00000107     rts2800_fpu32.lib : ll_div28.asm.obj (.text)
                  00088b1d    000000ef     sysbios.a28FP : BIOS.obj (.text:_ti_sysbios_heaps_HeapMem_Instance_init__E)
                  00088c0c    000000dc                   : BIOS.obj (.text:_ti_sysbios_family_c28_Hwi_clearInterrupt__E)
                  00088ce8    000000c2                   : BIOS.obj (.text:_ti_sysbios_family_c28_Hwi_dispatchCore__I)
                  00088daa    000000c0     ti.targets.rts2800.a28FP : LoggerBuf.o28FP (.text:_xdc_runtime_LoggerBuf_write8__E)
                  00088e6a    000000b8     sysbios.a28FP : BIOS.obj (.text:_ti_sysbios_knl_Semaphore_post__E)
                  00088f22    000000af                   : BIOS.obj (.text:_ti_sysbios_knl_Clock_workFunc__E)
                  00088fd1    000000a9                   : BIOS.obj (.text:_ti_sysbios_knl_Swi_run__I)
                  0008907a    000000a0     ti.targets.rts2800.a28FP : Core-mem.o28FP (.text:_xdc_runtime_Core_createObject__I)
                  0008911a    0000009d     sysbios.a28FP : c28_Hwi_disp_asm.obj (.text:_ti_sysbios_family_c28_Hwi_dispatch)
                  000891b7    00000001     Boot.a28FP : Boot.o28FP (.text:_ti_catalog_c2800_initF2837x_Boot_defaultLimpAbortFunction)
                  000891b8    00000095     rts2800_fpu32.lib : trgmsg.c.obj (.text)
                  0008924d    00000090     ti.targets.rts2800.a28FP : Error.o28FP (.text:_xdc_runtime_Error_policyDefault__E)
                  000892dd    0000008e     sysbios.a28FP : BIOS.obj (.text:_ti_sysbios_family_c28_Hwi_enableInterrupt__E)
                  0008936b    0000008d     ti.targets.rts2800.a28FP : Core-smem.o28FP (.text:_xdc_runtime_Core_constructObject__I)
                  000893f8    00000088     rts2800_fpu32.lib : fs_div28.asm.obj (.text)
                  00089480    00000084     F2837xD_SysCtrl.obj (.text:_InitPeripheralClocks)
                  00089504    00000081     sysbios.a28FP : BIOS.obj (.text:_ti_sysbios_family_c28_Hwi_disableInterrupt__E)
                  00089585    00000080                   : BIOS.obj (.text:_ti_sysbios_family_c28_Hwi_disablePIEIER__E)
                  00089605    0000007f                   : BIOS.obj (.text:_ti_sysbios_family_c28_Hwi_enablePIEIER__E)
                  00089684    0000007a     ti.targets.rts2800.a28FP : LoggerBuf.o28FP (.text:_xdc_runtime_LoggerBuf_write4__E)
                  000896fe    00000075     sysbios.a28FP : BIOS.obj (.text:_ti_sysbios_knl_Task_checkStacks__E)
                  00089773    00000072                   : BIOS.obj (.text:_ti_sysbios_knl_Task_startCore__E)
                  000897e5    00000071                   : BIOS.obj (.text:_ti_sysbios_gates_GateMutex_enter__E)
                  00089856    00000071     ti.targets.rts2800.a28FP : Startup.o28FP (.text:_xdc_runtime_Startup_startMods__I)
                  000898c7    0000006e     sysbios.a28FP : BIOS.obj (.text:_ti_sysbios_knl_Task_schedule__I)
                  00089935    0000006a                   : BIOS.obj (.text:_ti_sysbios_knl_Semaphore_Instance_init__E)
                  0008999f    00000069     boot.a28FP : boot_cg.o28FP (.text)
                  00089a08    00000066     sysbios.a28FP : BIOS.obj (.text:_ti_sysbios_family_c28_Timer_stopAndClear__I)
                  00089a6e    00000061                   : BIOS.obj (.text:_ti_sysbios_knl_Swi_post__E)
                  00089acf    00000061                   : BIOS.obj (.text:_ti_sysbios_knl_Task_blockI__E)
                  00089b30    00000060     ti.targets.rts2800.a28FP : Text.o28FP (.text:_xdc_runtime_Text_putSite__E)
                  00089b90    00000058     sysbios.a28FP : BIOS.obj (.text:_ti_sysbios_knl_Task_exit__E)
                  00089be8    00000052                   : BIOS.obj (.text:_ti_sysbios_knl_Task_unblockI__E)
                  00089c3a    00000049                   : BIOS.obj (.text:_ti_sysbios_knl_Task_postInit__I)
                  00089c83    00000047                   : BIOS.obj (.text:_ti_sysbios_family_c28_Hwi_Module_startup__E)
                  00089cca    00000045     Boot.a28FP : Boot.o28FP (.text:.bootCodeSection:_ti_catalog_c2800_initF2837x_Boot_configurePllDivs)
                  00089d0f    00000042     sysbios.a28FP : BIOS.obj (.text:_ti_sysbios_family_c28_Hwi_unPluggedInterrupt__I)
                  00089d51    00000041     ti.targets.rts2800.a28FP : Text.o28FP (.text:_xdc_runtime_Text_putLab__E)
                  00089d92    00000040     F2837xD_Gpio.obj (.text:_InitGpio)
                  00089dd2    00000040     sysbios.a28FP : BIOS.obj (.text:_ti_sysbios_family_c28_Timer_postInit__I)
                  00089e12    00000040     ti.targets.rts2800.a28FP : Memory.o28FP (.text:_xdc_runtime_Memory_alloc__E)
                  00089e52    0000003f                              : Text.o28FP (.text:_xdc_runtime_Text_putMod__E)
                  00089e91    0000003e     sysbios.a28FP : BIOS.obj (.text:_ti_sysbios_knl_Swi_restoreHwi__E)
                  00089ecf    0000003e     ti.targets.rts2800.a28FP : Core-mem.o28FP (.text:_xdc_runtime_Core_deleteObject__I)
                  00089f0d    0000003d     F2837xD_SysCtrl.obj (.text:_InitSysCtrl)
                  00089f4a    0000003d     ti.targets.rts2800.a28FP : LoggerBuf.o28FP (.text:_xdc_runtime_LoggerBuf_getFilterLevel__E)
                  00089f87    0000003c                              : LoggerBuf.o28FP (.text:_xdc_runtime_LoggerBuf_setFilterLevel__E)
                  00089fc3    00000039     sysbios.a28FP : BIOS.obj (.text:_ti_sysbios_family_c28_TaskSupport_start__E)
                  00089ffc    00000039     rts2800_fpu32.lib : hostwrite.c.obj (.text)
                  0008a035    00000037     sysbios.a28FP : BIOS.obj (.text:_ti_sysbios_knl_Clock_logTick__E)
                  0008a06c    00000035     ti.targets.rts2800.a28FP : System.o28FP (.text:_xdc_runtime_System_formatNum__I)
                  0008a0a1    00000034     demo_rtos_cpu1_p28FP.o28FP (.text:_ti_sysbios_BIOS_rtsUnlock__I)
                  0008a0d5    00000032     sysbios.a28FP : BIOS.obj (.text:_ti_sysbios_knl_Task_Module_startup__E)
                  0008a107    00000031                   : BIOS.obj (.text:_ti_sysbios_heaps_HeapMem_alloc__E)
                  0008a138    00000030     ti.targets.rts2800.a28FP : Error.o28FP (.text:_xdc_runtime_Error_print__E)
                  0008a168    00000030                              : LoggerBuf.o28FP (.text:_xdc_runtime_LoggerBuf_Instance_init__E)
                  0008a198    00000030     demo_rtos_cpu1_p28FP.o28FP (.text:_xdc_runtime_LoggerBuf_Object__create__S)
                  0008a1c8    0000002f     ti.targets.rts2800.a28FP : Core-params.o28FP (.text:_xdc_runtime_Core_assignParams__I)
                  0008a1f7    0000002f                              : Startup.o28FP (.text:_xdc_runtime_Startup_exec__E)
                  0008a226    0000002e     sysbios.a28FP : BIOS.obj (.text:_ti_sysbios_family_c28_Hwi_getStackInfo__E)
                  0008a254    0000002e                   : BIOS.obj (.text:_ti_sysbios_knl_Swi_runLoop__I)
                  0008a282    0000002e                   : BIOS.obj (.text:_ti_sysbios_knl_Swi_schedule__I)
                  0008a2b0    0000002d                   : BIOS.obj (.text:_ti_sysbios_heaps_HeapMem_getStats__E)
                  0008a2dd    0000002d     ti.targets.rts2800.a28FP : Assert.o28FP (.text:_xdc_runtime_Assert_raise__I)
                  0008a30a    0000002d                              : Error.o28FP (.text:_xdc_runtime_Error_setX__E)
                  0008a337    0000002d                              : Text.o28FP (.text:_xdc_runtime_Text_visitRope2__I)
                  0008a364    0000002c     sysbios.a28FP : BIOS.obj (.text:_ti_sysbios_family_c28_Timer_start__E)
                  0008a390    00000029     ti.targets.rts2800.a28FP : Text.o28FP (.text:_xdc_runtime_Text_xprintf__I)
                  0008a3b9    00000029     rts2800_fpu32.lib : exit.c.obj (.text)
                  0008a3e2    00000027     sysbios.a28FP : BIOS.obj (.text:_ti_sysbios_heaps_HeapMem_init__I)
                  0008a409    00000026     ti.targets.rts2800.a28FP : SysMin.o28FP (.text:_xdc_runtime_SysMin_flush__E)
                  0008a42f    00000025     F2837xD_Gpio.obj (.text:_GPIO_EnableUnbondedIOPullupsFor100Pin)
                  0008a454    00000025     sysbios.a28FP : c28_TaskSupport_asm.obj (.text:_ti_sysbios_family_c28_TaskSupport_buildTaskStack)
                  0008a479    00000024     rts2800_fpu32.lib : cpy_tbl.c.obj (.text)
                  0008a49d    00000023     ti.targets.rts2800.a28FP : System.o28FP (.text:_xdc_runtime_System_processAtExit__E)
                  0008a4c0    00000021     sysbios.a28FP : BIOS.obj (.text:_ti_sysbios_knl_Task_allBlockedFunction__I)
                  0008a4e1    00000020                   : BIOS.obj (.text:_ti_sysbios_family_c28_Timer_setPrescale__E)
                  0008a501    00000020     ti.targets.rts2800.a28FP : System.o28FP (.text:_xdc_runtime_System_atexit__E)
                  0008a521    0000001f     demo_rtos_cpu1_p28FP.o28FP (.text:_ti_sysbios_gates_GateHwi_Object__create__S)
                  0008a540    0000001f     demo_rtos_cpu1_p28FP.o28FP (.text:_ti_sysbios_gates_GateMutex_Object__create__S)
                  0008a55f    0000001f     demo_rtos_cpu1_p28FP.o28FP (.text:_ti_sysbios_heaps_HeapMem_Object__create__S)
                  0008a57e    0000001f     ti.targets.rts2800.a28FP : LoggerBuf.o28FP (.text:_xdc_runtime_LoggerBuf_filterOutEvent__I)
                  0008a59d    0000001d     sysbios.a28FP : c28_TaskSupport_asm.obj (.text:_ti_sysbios_family_c28_TaskSupport_swap__E)
                  0008a5ba    0000001d     ti.targets.rts2800.a28FP : SysMin.o28FP (.text:_xdc_runtime_SysMin_putch__E)
                  0008a5d7    0000001d     rts2800_fpu32.lib : memcpy.c.obj (.text)
                  0008a5f4    0000001c     sysbios.a28FP : BIOS.obj (.text:_ti_sysbios_hal_Hwi_checkStack)
                  0008a610    0000001c                   : BIOS.obj (.text:_ti_sysbios_heaps_HeapMem_free__E)
                  0008a62c    0000001b                   : c28_Hwi_asm.obj (.text:_ti_sysbios_family_c28_Hwi_switchAndDispatch__I)
                  0008a647    0000001b                   : BIOS.obj (.text:_ti_sysbios_hal_Hwi_initStack)
                  0008a662    0000001b                   : BIOS.obj (.text:_ti_sysbios_knl_Task_processVitalTaskFlag__I)
                  0008a67d    0000001b     demo_rtos_cpu1_p28FP.o28FP (.text:_xdc_runtime_SysMin_output__I)
                  0008a698    0000001a     demo_rtos_cpu1_p28FP.o28FP (.text:_ti_sysbios_knl_Semaphore_construct)
                  0008a6b2    0000001a     ti.targets.rts2800.a28FP : System.o28FP (.text:_xdc_runtime_System_avprintf__E)
                  0008a6cc    00000019     F2837xD_Gpio.obj (.text:_GPIO_EnableUnbondedIOPullupsFor176Pin)
                  0008a6e5    00000019     demo_rtos_cpu1.obj (.text:_main)
                  0008a6fe    00000019     sysbios.a28FP : BIOS.obj (.text:_ti_sysbios_knl_Semaphore_pendTimeout__I)
                  0008a717    00000019                   : BIOS.obj (.text:_ti_sysbios_knl_Swi_restore__E)
                  0008a730    00000019     ti.targets.rts2800.a28FP : System.o28FP (.text:_xdc_runtime_System_vprintf__E)
                  0008a749    00000019     rts2800_fpu32.lib : args_main.c.obj (.text)
                  0008a762    00000018     sysbios.a28FP : c28_Hwi_asm.obj (.text:_ti_sysbios_family_xxx_Hwi_switchAndRunFunc)
                  0008a77a    00000018     demo_rtos_cpu1_p28FP.o28FP (.text:_ti_sysbios_knl_Queue_construct)
                  0008a792    00000018     ti.targets.rts2800.a28FP : LoggerBuf.o28FP (.text:_xdc_runtime_LoggerBuf_reset__E)
                  0008a7aa    00000018                              : System.o28FP (.text:_xdc_runtime_System_putchar__I)
                  0008a7c2    00000017     demo_rtos_cpu1_p28FP.o28FP (.text:_ti_sysbios_BIOS_atExitFunc__I)
                  0008a7d9    00000017     sysbios.a28FP : BIOS.obj (.text:_ti_sysbios_family_c28_Timer_startup__E)
                  0008a7f0    00000017     demo_rtos_cpu1_p28FP.o28FP (.text:_ti_sysbios_knl_Clock_doTick__I)
                  0008a807    00000017     sysbios.a28FP : BIOS.obj (.text:_ti_sysbios_knl_Task_restore__E)
                  0008a81e    00000017     ti.targets.rts2800.a28FP : LoggerBuf.o28FP (.text:_xdc_runtime_LoggerBuf_Module_startup__E)
                  0008a835    00000017                              : Memory.o28FP (.text:_xdc_runtime_Memory_valloc__E)
                  0008a84c    00000017                              : SysMin.o28FP (.text:_xdc_runtime_SysMin_abort__E)
                  0008a863    00000016     F2837xD_Gpio.obj (.text:_GPIO_EnableUnbondedIOPullups)
                  0008a879    00000016     sysbios.a28FP : BIOS.obj (.text:_ti_sysbios_family_c28_Timer_Module_startup__E)
                  0008a88f    00000016     ti.targets.rts2800.a28FP : Text.o28FP (.text:_xdc_runtime_Text_printVisFxn__I)
                  0008a8a5    00000015     demo_rtos_cpu1_p28FP.o28FP (.text:_ti_sysbios_BIOS_startFunc__I)
                  0008a8ba    00000015     sysbios.a28FP : BIOS.obj (.text:_ti_sysbios_knl_Swi_Module_startup__E)
                  0008a8cf    00000014                   : BIOS.obj (.text:_ti_sysbios_knl_Idle_run__E)
                  0008a8e3    00000013     demo_rtos_cpu1_p28FP.o28FP (.text:_ti_sysbios_BIOS_errorRaiseHook__I)
                  0008a8f6    00000013     demo_rtos_cpu1_p28FP.o28FP (.text:_ti_sysbios_family_c28_Hwi_Object__get__S)
                  0008a909    00000013     demo_rtos_cpu1_p28FP.o28FP (.text:_ti_sysbios_gates_GateHwi_Handle__label__S)
                  0008a91c    00000013     demo_rtos_cpu1_p28FP.o28FP (.text:_ti_sysbios_gates_GateMutex_Handle__label__S)
                  0008a92f    00000013     demo_rtos_cpu1_p28FP.o28FP (.text:_ti_sysbios_gates_GateMutex_Object__delete__S)
                  0008a942    00000013     demo_rtos_cpu1_p28FP.o28FP (.text:_ti_sysbios_heaps_HeapMem_Handle__label__S)
                  0008a955    00000013     sysbios.a28FP : BIOS.obj (.text:_ti_sysbios_knl_Clock_Module_startup__E)
                  0008a968    00000013     ti.targets.rts2800.a28FP : Error.o28FP (.text:_xdc_runtime_Error_raiseX__E)
                  0008a97b    00000013     demo_rtos_cpu1_p28FP.o28FP (.text:_xdc_runtime_LoggerBuf_Handle__label__S)
                  0008a98e    00000012     demo_rtos_cpu1_p28FP.o28FP (.text:_ti_sysbios_family_c28_Hwi_disableIER__E)
                  0008a9a0    00000012     demo_rtos_cpu1_p28FP.o28FP (.text:_ti_sysbios_gates_GateHwi_Object__delete__S)
                  0008a9b2    00000012     demo_rtos_cpu1_p28FP.o28FP (.text:_ti_sysbios_heaps_HeapMem_Object__delete__S)
                  0008a9c4    00000012     demo_rtos_cpu1_p28FP.o28FP (.text:_xdc_runtime_LoggerBuf_Object__delete__S)
                  0008a9d6    00000011     demo_rtos_cpu1_p28FP.o28FP (.text:_ti_sysbios_heaps_HeapMem_Object__get__S)
                  0008a9e7    00000011     demo_rtos_cpu1_p28FP.o28FP (.text:_ti_sysbios_knl_Swi_Object__get__S)
                  0008a9f8    00000011     demo_rtos_cpu1_p28FP.o28FP (.text:_ti_sysbios_knl_Task_Object__get__S)
                  0008aa09    00000011     sysbios.a28FP : BIOS.obj (.text:_ti_sysbios_knl_Task_restoreHwi__E)
                  0008aa1a    00000011     demo_rtos_cpu1_p28FP.o28FP (.text:_xdc_runtime_LoggerBuf_Object__get__S)
                  0008aa2b    00000010     demo_rtos_cpu1_p28FP.o28FP (.text:_ti_sysbios_BIOS_rtsLock__I)
                  0008aa3b    00000010     demo_rtos_cpu1_p28FP.o28FP (.text:_ti_sysbios_family_c28_Hwi_enableIER__E)
                  0008aa4b    00000010     sysbios.a28FP : BIOS.obj (.text:_ti_sysbios_family_c28_Timer_stop__E)
                  0008aa5b    00000010     ti.targets.rts2800.a28FP : SysMin.o28FP (.text:_xdc_runtime_SysMin_Module_startup__E)
                  0008aa6b    0000000f     sysbios.a28FP : BIOS.obj (.text:_ti_sysbios_gates_GateMutex_Instance_init__E)
                  0008aa7a    0000000f     demo_rtos_cpu1_p28FP.o28FP (.text:_ti_sysbios_knl_Semaphore_destruct)
                  0008aa89    0000000f     ti.targets.rts2800.a28FP : LoggerBuf.o28FP (.text:_xdc_runtime_LoggerBuf_write2__E)
                  0008aa98    0000000f                              : Registry.o28FP (.text:_xdc_runtime_Registry_findById__E)
                  0008aaa7    0000000f     demo_rtos_cpu1_p28FP.o28FP (.text:_xdc_runtime_Text_visitRope__I)
                  0008aab6    0000000e     F2837xD_SysCtrl.obj (.text:_DisableDog)
                  0008aac4    0000000e     F2837xD_SysCtrl.obj (.text:_ServiceDog)
                  0008aad2    0000000e     sysbios.a28FP : BIOS.obj (.text:_ti_sysbios_family_c28_f2837x_TimestampProvider_get64__E)
                  0008aae0    0000000e     demo_rtos_cpu1_p28FP.o28FP (.text:_ti_sysbios_knl_Queue_Object__get__S)
                  0008aaee    0000000e     demo_rtos_cpu1_p28FP.o28FP (.text:_ti_sysbios_knl_Queue_destruct)
                  0008aafc    0000000e     demo_rtos_cpu1_p28FP.o28FP (.text:_xdc_runtime_IHeap_alloc)
                  0008ab0a    0000000d     demo_rtos_cpu1_p28FP.o28FP (.text:_ti_sysbios_BIOS_registerRTSLock__I)
                  0008ab17    0000000d     demo_rtos_cpu1_p28FP.o28FP (.text:_ti_sysbios_BIOS_removeRTSLock__I)
                  0008ab24    0000000d     sysbios.a28FP : BIOS.obj (.text:_ti_sysbios_family_c28_Hwi_dispatchC__I)
                  0008ab31    0000000d     demo_rtos_cpu1_p28FP.o28FP (.text:_ti_sysbios_family_c28_Hwi_restoreIER__E)
                  0008ab3e    0000000d     sysbios.a28FP : BIOS.obj (.text:_ti_sysbios_knl_Clock_enqueueI__E)
                  0008ab4b    0000000d     demo_rtos_cpu1_p28FP.o28FP (.text:_ti_sysbios_knl_Task_SupportProxy_start__E)
                  0008ab58    0000000d     sysbios.a28FP : BIOS.obj (.text:_ti_sysbios_knl_Task_enter__I)
                  0008ab65    0000000d     ti.targets.rts2800.a28FP : Error.o28FP (.text:_xdc_runtime_Error_check__E)
                  0008ab72    0000000d                              : LoggerBuf.o28FP (.text:_xdc_runtime_LoggerBuf_write0__E)
                  0008ab7f    0000000d                              : LoggerBuf.o28FP (.text:_xdc_runtime_LoggerBuf_write1__E)
                  0008ab8c    0000000d     demo_rtos_cpu1_p28FP.o28FP (.text:_xdc_runtime_Memory_HeapProxy_alloc__E)
                  0008ab99    0000000d     ti.targets.rts2800.a28FP : System.o28FP (.text:_xdc_runtime_System_abort__E)
                  0008aba6    0000000c     demo_rtos_cpu1.obj (.text:_DoEverySecond)
                  0008abb2    0000000c     F2837xD_SysCtrl.obj (.text:_SysIntOsc1Sel)
                  0008abbe    0000000c     F2837xD_SysCtrl.obj (.text:_SysIntOsc2Sel)
                  0008abca    0000000c     F2837xD_SysCtrl.obj (.text:_SysXtalOscSel)
                  0008abd6    0000000c     demo_rtos_cpu1_p28FP.o28FP (.text:_ti_sysbios_BIOS_exitFunc__I)
                  0008abe2    0000000c     sysbios.a28FP : BIOS.obj (.text:_ti_sysbios_gates_GateMutex_leave__E)
                  0008abee    0000000c                   : BIOS.obj (.text:_ti_sysbios_knl_Queue_put__E)
                  0008abfa    0000000c                   : BIOS.obj (.text:_ti_sysbios_knl_Task_enabled__E)
                  0008ac06    0000000c     ti.targets.rts2800.a28FP : SysMin.o28FP (.text:_xdc_runtime_SysMin_exit__E)
                  0008ac12    0000000c     demo_rtos_cpu1_p28FP.o28FP (.text:_xdc_runtime_System_aprintf__E)
                  0008ac1e    0000000c     demo_rtos_cpu1_p28FP.o28FP (.text:_xdc_runtime_System_printf__E)
                  0008ac2a    0000000b     demo_rtos_cpu1_p28FP.o28FP (.text:_ti_sysbios_family_c28_Hwi_Module__startupDone__F)
                  0008ac35    0000000b     demo_rtos_cpu1_p28FP.o28FP (.text:_ti_sysbios_family_c28_Timer_Module__startupDone__F)
                  0008ac40    0000000b     sysbios.a28FP : BIOS.obj (.text:_ti_sysbios_knl_Task_unblock__E)
                  0008ac4b    0000000b     ti.targets.rts2800.a28FP : LoggerBuf.o28FP (.text:_xdc_runtime_LoggerBuf_Instance_finalize__E)
                  0008ac56    0000000b     demo_rtos_cpu1_p28FP.o28FP (.text:_xdc_runtime_Startup_exec__I)
                  0008ac61    0000000b     ti.targets.rts2800.a28FP : System.o28FP (.text:_xdc_runtime_System_exit__E)
                  0008ac6c    0000000a     demo_rtos_cpu1_p28FP.o28FP (.text:.bootCodeSection:_ti_catalog_c2800_initF2837x_Boot_init)
                  0008ac76    0000000a     ti.targets.rts2800.a28FP : Error.o28FP (.text:_xdc_runtime_Error_init__E)
                  0008ac80    0000000a     demo_rtos_cpu1_p28FP.o28FP (.text:_xdc_runtime_IHeap_free)
                  0008ac8a    0000000a     ti.targets.rts2800.a28FP : Memory.o28FP (.text:_xdc_runtime_Memory_free__E)
                  0008ac94    0000000a                              : System.o28FP (.text:_xdc_runtime_System_vsnprintf__E)
                  0008ac9e    0000000a                              : Text.o28FP (.text:_xdc_runtime_Text_ropeText__E)
                  0008aca8    00000009     sysbios.a28FP : BIOS.obj (.text:_ti_sysbios_family_c28_TaskSupport_checkStack__E)
                  0008acb1    00000009                   : c28_TaskSupport_asm.obj (.text:_ti_sysbios_family_c28_TaskSupport_glue)
                  0008acba    00000009                   : BIOS.obj (.text:_ti_sysbios_hal_Hwi_Module_startup__E)
                  0008acc3    00000009     rts2800_fpu32.lib : _lock.c.obj (.text)
                  0008accc    00000008     Boot.a28FP : Boot.o28FP (.text:.bootCodeSection:_ti_catalog_c2800_initF2837x_Boot_initSharedRAMs)
                  0008acd4    00000008     sysbios.a28FP : BIOS.obj (.text:_ti_sysbios_BIOS_setThreadType__E)
                  0008acdc    00000008                   : BIOS.obj (.text:_ti_sysbios_gates_GateMutex_Instance_finalize__E)
                  0008ace4    00000008     demo_rtos_cpu1_p28FP.o28FP (.text:_ti_sysbios_knl_Clock_Module_State_clockQ)
                  0008acec    00000008     sysbios.a28FP : BIOS.obj (.text:_ti_sysbios_knl_Semaphore_Instance_finalize__E)
                  0008acf4    00000008     demo_rtos_cpu1_p28FP.o28FP (.text:_xdc_runtime_Memory_HeapProxy_free__E)
                  0008acfc    00000008     ti.targets.rts2800.a28FP : Memory.o28FP (.text:_xdc_runtime_Memory_calloc__E)
                  0008ad04    00000008                              : SysMin.o28FP (.text:_xdc_runtime_SysMin_ready__E)
                  0008ad0c    00000008     rts2800_fpu32.lib : strlen.c.obj (.text)
                  0008ad14    00000007     demo_rtos_cpu1_p28FP.o28FP (.text:.bootCodeSection:_ti_catalog_c2800_initF2837x_Boot_initStartup)
                  0008ad1b    00000007     demo_rtos_cpu1_p28FP.o28FP (.text:_ti_sysbios_BIOS_RtsGateProxy_leave__E)
                  0008ad22    00000007     demo_rtos_cpu1_p28FP.o28FP (.text:_ti_sysbios_hal_Hwi_HwiProxy_getStackInfo__E)
                  0008ad29    00000007     demo_rtos_cpu1_p28FP.o28FP (.text:_ti_sysbios_heaps_HeapMem_Module_GateProxy_leave__E)
                  0008ad30    00000007     sysbios.a28FP : BIOS.obj (.text:_ti_sysbios_knl_Queue_empty__E)
                  0008ad37    00000007     demo_rtos_cpu1_p28FP.o28FP (.text:_ti_sysbios_knl_Task_SupportProxy_checkStack__E)
                  0008ad3e    00000007     demo_rtos_cpu1_p28FP.o28FP (.text:_ti_sysbios_knl_Task_SupportProxy_swap__E)
                  0008ad45    00000007     demo_rtos_cpu1_p28FP.o28FP (.text:_xdc_runtime_LoggerBuf_Module_GateProxy_leave__E)
                  0008ad4c    00000007     demo_rtos_cpu1_p28FP.o28FP (.text:_xdc_runtime_System_Module_GateProxy_leave__E)
                  0008ad53    00000007     rts2800_fpu32.lib : memset.c.obj (.text)
                  0008ad5a    00000006     demo_rtos_cpu1_p28FP.o28FP (.text:_ti_sysbios_BIOS_RtsGateProxy_enter__E)
                  0008ad60    00000006     sysbios.a28FP : BIOS.obj (.text:_ti_sysbios_BIOS_start__E)
                  0008ad66    00000006                   : c28_IntrinsicsSupport_asm.obj (.text:_ti_sysbios_family_c28_IntrinsicsSupport_maxbit__E)
                  0008ad6c    00000006     demo_rtos_cpu1_p28FP.o28FP (.text:_ti_sysbios_heaps_HeapMem_Module_GateProxy_enter__E)
                  0008ad72    00000006     demo_rtos_cpu1_p28FP.o28FP (.text:_ti_sysbios_heaps_HeapMem_Module_GateProxy_query__E)
                  0008ad78    00000006     demo_rtos_cpu1_p28FP.o28FP (.text:_ti_sysbios_knl_Clock_TimerProxy_getMaxTicks__E)
                  0008ad7e    00000006     sysbios.a28FP : BIOS.obj (.text:_ti_sysbios_knl_Swi_disable__E)
                  0008ad84    00000006                   : BIOS.obj (.text:_ti_sysbios_knl_Task_disable__E)
                  0008ad8a    00000006     ti.targets.rts2800.a28FP : Gate.o28FP (.text:_xdc_runtime_Gate_enterSystem__E)
                  0008ad90    00000006                              : Gate.o28FP (.text:_xdc_runtime_Gate_leaveSystem__E)
                  0008ad96    00000006     demo_rtos_cpu1_p28FP.o28FP (.text:_xdc_runtime_LoggerBuf_Module_GateProxy_enter__E)
                  0008ad9c    00000006     demo_rtos_cpu1_p28FP.o28FP (.text:_xdc_runtime_LoggerBuf_TimestampProxy_get64__E)
                  0008ada2    00000006     ti.targets.rts2800.a28FP : LoggerBuf.o28FP (.text:_xdc_runtime_LoggerBuf_enable__E)
                  0008ada8    00000006     demo_rtos_cpu1_p28FP.o28FP (.text:_xdc_runtime_System_Module_GateProxy_enter__E)
                  0008adae    00000006     demo_rtos_cpu1_p28FP.o28FP (.text:_xdc_runtime_System_SupportProxy_abort__E)
                  0008adb4    00000006     demo_rtos_cpu1_p28FP.o28FP (.text:_xdc_runtime_System_SupportProxy_exit__E)
                  0008adba    00000006     demo_rtos_cpu1_p28FP.o28FP (.text:_xdc_runtime_System_SupportProxy_putch__E)
                  0008adc0    00000005     sysbios.a28FP : BIOS.obj (.text:_ti_sysbios_family_c28_Hwi_switchFromBootStack__E)
                  0008adc5    00000005                   : BIOS.obj (.text:_ti_sysbios_gates_GateHwi_enter__E)
                  0008adca    00000005     demo_rtos_cpu1_p28FP.o28FP (.text:_xdc_iargToPtr)
                  0008adcf    00000005     ti.targets.rts2800.a28FP : LoggerBuf.o28FP (.text:_xdc_runtime_LoggerBuf_disable__E)
                  0008add4    00000004     demo_rtos_cpu1_p28FP.o28FP (.text:_ti_sysbios_family_c28_Hwi_startup__E)
                  0008add8    00000004     sysbios.a28FP : BIOS.obj (.text:_ti_sysbios_heaps_HeapMem_isBlocking__E)
                  0008addc    00000004                   : BIOS.obj (.text:_ti_sysbios_knl_Swi_startup__E)
                  0008ade0    00000004     ti.targets.rts2800.a28FP : Memory.o28FP (.text:_xdc_runtime_Memory_getMaxDefaultTypeAlign__E)
                  0008ade4    00000004                              : Startup.o28FP (.text:_xdc_runtime_Startup_rtsDone__E)
                  0008ade8    00000003     demo_rtos_cpu1_p28FP.o28FP (.text:.bootCodeSection:_ti_catalog_c2800_initF2837x_Boot_limpAbort)
                  0008adeb    00000003     ti.targets.rts2800.a28FP : xdc_noinit.o28FP (.text:___xdc__init)
                  0008adee    00000003     demo_rtos_cpu1_p28FP.o28FP (.text:_ti_sysbios_family_c28_Hwi_Module__startupDone__S)
                  0008adf1    00000003     demo_rtos_cpu1_p28FP.o28FP (.text:_ti_sysbios_family_c28_Timer_Module__startupDone__S)
                  0008adf4    00000003     sysbios.a28FP : BIOS.obj (.text:_ti_sysbios_gates_GateHwi_leave__E)
                  0008adf7    00000003     demo_rtos_cpu1_p28FP.o28FP (.text:_ti_sysbios_hal_Hwi_HwiProxy_Module__startupDone__S)
                  0008adfa    00000003     demo_rtos_cpu1_p28FP.o28FP (.text:_ti_sysbios_hal_Hwi_HwiProxy_startup__E)
                  0008adfd    00000003     demo_rtos_cpu1_p28FP.o28FP (.text:_ti_sysbios_hal_Hwi_HwiProxy_switchFromBootStack__E)
[...]
0     0008abca  _SysXtalOscSel                                            
0     0008abd6  _ti_sysbios_BIOS_exitFunc__I                              
0     0008abe2  _ti_sysbios_gates_GateMutex_leave__E                      
0     0008abee  _ti_sysbios_knl_Queue_put__E                              
0     0008abfa  _ti_sysbios_knl_Task_enabled__E                           
0     0008ac06  _xdc_runtime_SysMin_exit__E                               
0     0008ac12  _xdc_runtime_System_aprintf__E                            
0     0008ac1e  _xdc_runtime_System_printf__E                             
0     0008ac2a  _ti_sysbios_family_c28_Hwi_Module__startupDone__F         
0     0008ac35  _ti_sysbios_family_c28_Timer_Module__startupDone__F       
0     0008ac40  _ti_sysbios_knl_Task_unblock__E                           
0     0008ac4b  _xdc_runtime_LoggerBuf_Instance_finalize__E               
0     0008ac56  _xdc_runtime_Startup_exec__I                              
0     0008ac61  _xdc_runtime_System_exit__E                               
0     0008ac6c  _ti_catalog_c2800_initF2837x_Boot_init                    
0     0008ac76  _xdc_runtime_Error_init__E                                
0     0008ac8a  _xdc_runtime_Memory_free__E                               
0     0008ac94  _xdc_runtime_System_snprintf_va__F                        
0     0008ac94  _xdc_runtime_System_vsnprintf__E                          
0     0008ac9e  _xdc_runtime_Text_ropeText__E                             
0     0008aca8  _ti_sysbios_family_c28_TaskSupport_checkStack__E          
0     0008acb1  _ti_sysbios_family_c28_TaskSupport_glue                   
0     0008acba  _ti_sysbios_hal_Hwi_Module_startup__E                     
0     0008acc3  __register_unlock                                         
0     0008acc7  __register_lock                                           
0     0008accb  __nop                                                     
0     0008accc  _ti_catalog_c2800_initF2837x_Boot_initSharedRAMs          
0     0008acd4  _ti_sysbios_BIOS_setThreadType__E                         
0     0008acdc  _ti_sysbios_gates_GateMutex_Instance_finalize__E          
0     0008acec  _ti_sysbios_knl_Semaphore_Instance_finalize__E            
0     0008acf4  _xdc_runtime_Memory_HeapProxy_free__E                     
0     0008acfc  _xdc_runtime_Memory_calloc__E                             
0     0008ad04  _xdc_runtime_SysMin_ready__E                              
0     0008ad0c  _strlen                                                   
0     0008ad14  _ti_catalog_c2800_initF2837x_Boot_initStartup             
0     0008ad1b  _ti_sysbios_BIOS_RtsGateProxy_leave__E                    
0     0008ad22  _ti_sysbios_hal_Hwi_HwiProxy_getStackInfo__E              
0     0008ad29  _ti_sysbios_heaps_HeapMem_Module_GateProxy_leave__E       
0     0008ad30  _ti_sysbios_knl_Queue_empty__E                            
0     0008ad37  _ti_sysbios_knl_Task_SupportProxy_checkStack__E           
0     0008ad3e  _ti_sysbios_knl_Task_SupportProxy_swap__E                 
0     0008ad45  _xdc_runtime_LoggerBuf_Module_GateProxy_leave__E          
0     0008ad4c  _xdc_runtime_System_Module_GateProxy_leave__E             
0     0008ad53  _memset                                                   
0     0008ad5a  _ti_sysbios_BIOS_RtsGateProxy_enter__E                    
0     0008ad60  _ti_sysbios_BIOS_start__E                                 
0     0008ad66  _ti_sysbios_family_c28_IntrinsicsSupport_maxbit__E        
0     0008ad6c  _ti_sysbios_heaps_HeapMem_Module_GateProxy_enter__E       
0     0008ad72  _ti_sysbios_heaps_HeapMem_Module_GateProxy_query__E       
0     0008ad78  _ti_sysbios_knl_Clock_TimerProxy_getMaxTicks__E           
0     0008ad7e  _ti_sysbios_knl_Swi_disable__E                            
0     0008ad84  _ti_sysbios_knl_Task_disable__E                           
0     0008ad8a  _xdc_runtime_Gate_enterSystem__E                          
0     0008ad90  _xdc_runtime_Gate_leaveSystem__E                          
0     0008ad96  _xdc_runtime_LoggerBuf_Module_GateProxy_enter__E          
0     0008ad9c  _xdc_runtime_LoggerBuf_TimestampProxy_get64__E            
0     0008ada2  _xdc_runtime_LoggerBuf_enable__E                          
0     0008ada8  _xdc_runtime_System_Module_GateProxy_enter__E             
0     0008adae  _xdc_runtime_System_SupportProxy_abort__E                 
0     0008adb4  _xdc_runtime_System_SupportProxy_exit__E                  
0     0008adba  _xdc_runtime_System_SupportProxy_putch__E                 
0     0008adc0  _ti_sysbios_family_c28_Hwi_switchFromBootStack__E         
0     0008adc5  _ti_sysbios_gates_GateHwi_enter__E                        
0     0008adcf  _xdc_runtime_LoggerBuf_disable__E                         
0     0008add4  _ti_sysbios_family_c28_Hwi_startup__E                     
0     0008add8  _ti_sysbios_heaps_HeapMem_isBlocking__E                   
0     0008addc  _ti_sysbios_knl_Swi_startup__E                            
0     0008ade0  _xdc_runtime_Memory_getMaxDefaultTypeAlign__E             
0     0008ade4  _xdc_runtime_Startup_rtsDone__E                           
0     0008ade8  _ti_catalog_c2800_initF2837x_Boot_limpAbort               
0     0008adeb  ___xdc__init                                              
0     0008adee  _ti_sysbios_family_c28_Hwi_Module__startupDone__S         
0     0008adf1  _ti_sysbios_family_c28_Timer_Module__startupDone__S       
0     0008adf4  _ti_sysbios_gates_GateHwi_leave__E                        
0     0008adf7  _ti_sysbios_hal_Hwi_HwiProxy_Module__startupDone__S       
0     0008adfa  _ti_sysbios_hal_Hwi_HwiProxy_startup__E                   
0     0008adfd  _ti_sysbios_hal_Hwi_HwiProxy_switchFromBootStack__E       
0     0008ae00  _ti_sysbios_hal_Hwi_startup__E                            
0     0008ae03  _ti_sysbios_knl_Clock_TimerProxy_Module__startupDone__S   
0     0008ae06  _ti_sysbios_knl_Idle_loop__E                              
0     0008ae09  _ti_sysbios_knl_Queue_Instance_init__E                    
0     0008ae0c  _ti_sysbios_knl_Task_SupportProxy_Module__startupDone__S  
0     0008ae0f  _ti_sysbios_knl_Task_startup__E                           
0     0008ae12  _xdc_runtime_Startup_reset__I                             
0     0008ae15  _xdc_runtime_System_Module_startup__E                     
0     0008ae18  _xdc_runtime_System_SupportProxy_ready__E                 
0     0008ae1b  _xdc_runtime_System_abortStd__E                           
0     0008ae1e  _xdc_runtime_System_exitStd__E                            
0     0008ae21  _ti_sysbios_family_c28_TaskSupport_Module__startupDone__S 
0     0008ae23  _ti_sysbios_family_c28_Timer_getMaxTicks__E               
0     0008ae25  _ti_sysbios_gates_GateHwi_query__E                        
0     0008ae27  _ti_sysbios_gates_GateMutex_query__E                      
0     0008ae29  _xdc_runtime_Error_getSite__E                             
0     0008ae2b  __system_pre_init                                         
0     0008ae2d  _ti_sysbios_BIOS_linkedWithIncorrectBootLibrary__E        
0     0008ae2e  _ti_sysbios_BIOS_nullFunc__I                              
0     0008ae2f  _ti_sysbios_family_c28_Hwi_interruptReturn__I             
0     0008ae30  _ti_sysbios_gates_GateHwi_Instance_init__E                
0     0008ae31  __system_post_cinit                                       
0     0008ae32  ___etext__                                                
0     0008ae32  etext                                                     
1     00000122  __stack                                                   
1     00000222  __STACK_END                                               
1     00000b00  _AdcaResultRegs                                           
1     00000b20  _AdcbResultRegs                                           
1     00000b40  _AdccResultRegs                                           
1     00000b60  _AdcdResultRegs                                           
1     00000c00  _CpuTimer0Regs                                            
1     00000c08  _CpuTimer1Regs                                            
1     00000c10  _CpuTimer2Regs                                            
1     00000ce0  _PieCtrlRegs                                              
1     00001000  _DmaRegs                                                  
1     00001400  _Cla1Regs                                                 
1     00004000  _EPwm1Regs                                                
1     00004100  _EPwm2Regs                                                
1     00004200  _EPwm3Regs                                                
1     00004300  _EPwm4Regs                                                
1     00004400  _EPwm5Regs                                                
1     00004500  _EPwm6Regs                                                
1     00004600  _EPwm7Regs                                                
1     00004700  _EPwm8Regs                                                
1     00004800  _EPwm9Regs                                                
1     00004900  _EPwm10Regs                                               
1     00004a00  _EPwm11Regs                                               
1     00004b00  _EPwm12Regs                                               
1     00005000  _ECap1Regs                                                
1     00005020  _ECap2Regs                                                
1     00005040  _ECap3Regs                                                
1     00005060  _ECap4Regs                                                
1     00005080  _ECap5Regs                                                
1     000050a0  _ECap6Regs                                                
1     00005100  _EQep1Regs                                                
1     00005140  _EQep2Regs                                                
1     00005180  _EQep3Regs                                                
1     00005c00  _DacaRegs                                                 
1     00005c10  _DacbRegs                                                 
1     00005c20  _DaccRegs                                                 
1     00005c80  _Cmpss1Regs                                               
1     00005ca0  _Cmpss2Regs                                               
1     00005cc0  _Cmpss3Regs                                               
1     00005ce0  _Cmpss4Regs                                               
1     00005d00  _Cmpss5Regs                                               
1     00005d20  _Cmpss6Regs                                               
1     00005d40  _Cmpss7Regs                                               
1     00005d60  _Cmpss8Regs                                               
1     00005e00  _Sdfm1Regs                                                
1     00005e80  _Sdfm2Regs                                                
1     00006000  _McbspaRegs                                               
1     00006040  _McbspbRegs                                               
1     00006100  _SpiaRegs                                                 
1     00006110  _SpibRegs                                                 
1     00006120  _SpicRegs                                                 
1     00006200  _UppRegs                                                  
1     00007000  _WdRegs                                                   
1     00007060  _NmiIntruptRegs                                           
1     00007070  _XintRegs                                                 
1     00007200  _SciaRegs                                                 
1     00007210  _ScibRegs                                                 
1     00007220  _ScicRegs                                                 
1     00007230  _ScidRegs                                                 
1     00007300  _I2caRegs                                                 
1     00007340  _I2cbRegs                                                 
1     00007400  _AdcaRegs                                                 
1     00007480  _AdcbRegs                                                 
1     00007500  _AdccRegs                                                 
1     00007580  _AdcdRegs                                                 
1     00007900  _InputXbarRegs                                            
1     00007920  _XbarRegs                                                 
1     00007940  _SyncSocRegs                                              
1     00007980  _DmaClaSrcSelRegs                                         
1     00007a00  _EPwmXbarRegs                                             
1     00007a80  _OutputXbarRegs                                           
1     00007c00  _GpioCtrlRegs                                             
1     00007f00  _GpioDataRegs                                             
1     00008000  _RamfuncsLoadEnd                                          
1     00008000  _RamfuncsLoadStart                                        
1     00008000  _RamfuncsRunEnd                                           
1     00008000  _RamfuncsRunStart                                         
1     00008000  _ti_sysbios_knl_Task_Instance_State_0_stack__A            
1     00008100  _ti_sysbios_heaps_HeapMem_Instance_State_0_buf__A         
1     00008904  _ti_sysbios_knl_Task_Object__table__V                     
1     0000892e  _xdc_runtime_LoggerBuf_Object__table__V                   
1     00008940  _xdc_runtime_LoggerBuf_Instance_State_0_entryArr__A       
1     00008b40  _xdc_runtime_SysMin_Module_State_0_outbuf__A              
1     00008d40  _ti_sysbios_family_c28_Hwi_Module_State_0_dispatchTable__A
1     00008f00  _xdc_runtime_Error_Module__state__V                       
1     00008f02  _xdc_runtime_Memory_Module__state__V                      
1     00008f04  ___xdc__init__addr                                        
1     00008f06  _xdc_runtime_LoggerBuf_Module__state__V                   
1     00008f0a  _ti_sysbios_family_c28_Hwi_Module__root__V                
1     00008f0e  _ti_sysbios_family_c28_Timer_Module__root__V              
1     00008f12  _ti_sysbios_gates_GateHwi_Module__root__V                 
1     00008f16  _ti_sysbios_gates_GateMutex_Module__root__V               
1     00008f1a  _ti_sysbios_hal_Hwi_Module__root__V                       
1     00008f1e  _ti_sysbios_heaps_HeapMem_Module__root__V                 
1     00008f22  _ti_sysbios_knl_Clock_Module__root__V                     
1     00008f26  _ti_sysbios_knl_Queue_Module__root__V                     
1     00008f2a  _ti_sysbios_knl_Semaphore_Module__root__V                 
1     00008f2e  _ti_sysbios_knl_Swi_Module__root__V                       
1     00008f32  _ti_sysbios_knl_Task_Module__root__V                      
1     00008f36  _xdc_runtime_LoggerBuf_Module__root__V                    
1     00008f3a  _xdc_runtime_Registry_Module__state__V                    
1     00008f40  _xdc_runtime_Startup_Module__state__V                     
1     00008f44  _xdc_runtime_SysMin_Module__state__V                      
1     00008f48  _xdc_runtime_System_Module__state__V                      
1     00008f4c  _xdc_runtime_Text_Module__state__V                        
1     00008f50  _ti_sysbios_family_c28_Timer_Module__state__V             
1     00008f58  _ti_sysbios_knl_Swi_Module__state__V                      
1     00008f64  _xdc_runtime_Error_IgnoreBlock                            
1     00008f80  _ti_sysbios_family_c28_Hwi_Module__state__V               
1     00008f90  _ti_sysbios_BIOS_Module__state__V                         
1     00008fa2  _ti_sysbios_knl_Clock_Module__state__V                    
1     00008fc0  _ti_sysbios_knl_Task_Module__state__V                     
1     00008fe0  _ti_sysbios_gates_GateMutex_Object__table__V              
1     00008ffc  __lock                                                    
1     00008ffe  __unlock                                                  
1     00009000  _ti_sysbios_knl_Swi_Module_State_0_readyQ__A              
1     00009040  _ti_sysbios_knl_Task_Module_State_0_readyQ__A             
1     00009080  _ti_sysbios_family_c28_Timer_Object__table__V             
1     00009098  _ti_sysbios_knl_Swi_Object__table__V                      
1     000090ac  _ti_sysbios_family_c28_Hwi_Object__table__V               
1     000090bc  _ti_sysbios_gates_GateHwi_Object__table__V                
1     000090be  _ti_sysbios_knl_Task_Module_State_0_idleTask__A           
1     000090c0  _ti_sysbios_knl_Clock_Object__table__V                    
1     000090d0  _ti_sysbios_heaps_HeapMem_Object__table__V                
1     000090dc  _parmbuf                                                  
1     000090e4  _xdc_runtime_System_Module_State_0_atexitHandlers__A      
1     000090ec  ___TI_enable_exit_profile_output                          
1     000090ee  ___TI_cleanup_ptr                                         
1     000090f0  ___TI_dtors_ptr                                           
1     00009140  __CIOBUF_                                                 
1     00047000  _Emif1Regs                                                
1     00047800  _Emif2Regs                                                
1     00048000  _CanaRegs                                                 
1     0004a000  _CanbRegs                                                 
1     00050000  _IpcRegs                                                  
1     00050024  _FlashPumpSemaphoreRegs                                   
1     0005d000  _DevCfgRegs                                               
1     0005d180  _AnalogSubsysRegs                                         
1     0005d200  _ClkCfgRegs                                               
1     0005d300  _CpuSysRegs                                               
1     0005e608  _RomPrefetchRegs                                          
1     0005f000  _DcsmZ1Regs                                               
1     0005f040  _DcsmZ2Regs                                               
1     0005f070  _DcsmCommonRegs                                           
1     0005f400  _MemCfgRegs                                               
1     0005f480  _Emif1ConfigRegs                                          
1     0005f4a0  _Emif2ConfigRegs                                          
1     0005f4c0  _AccessProtectionRegs                                     
1     0005f500  _MemoryErrorRegs                                          
1     0005f540  _RomWaitStateRegs                                         
1     0005f800  _Flash0CtrlRegs                                           
1     0005fb00  _Flash0EccRegs                                            
abs   00000000  _RamfuncsLoadSize                                         
abs   00000000  _RamfuncsRunSize                                          
abs   00000001  _xdc_rov_runtime_Mon__checksum                            
abs   00000001  _xdc_rov_runtime_Mon__write                               
abs   00000001  _xdc_runtime_Startup__EXECFXN__C                          
abs   00000001  _xdc_runtime_Startup__RESETFXN__C                         
abs   00000100  __STACK_SIZE                                              
abs   ffffffff  ___TI_pprof_out_hndl                                      
abs   ffffffff  ___TI_prof_data_size                                      
abs   ffffffff  ___TI_prof_data_start                                     
abs   ffffffff  ___c_args__                                               
abs   ffffffff  ___pinit__                                                
abs   ffffffff  pinit                                                     

[646 symbols]
