******************************************************************************
             TMS320C2000 Linker PC v18.12.4                    
******************************************************************************
>> Linked Fri Dec 27 15:32:57 2019

OUTPUT FILE NAME:   <flash_programming_cpu01.out>
ENTRY POINT SYMBOL: "code_start"  address: 00080000


MEMORY CONFIGURATION

         name            origin    length      used     unused   attr    fill
----------------------  --------  ---------  --------  --------  ----  --------
PAGE 0:
  RAMM0                 00000122   000002de  00000000  000002de  RWIX
  RAMLS03               00008000   00002000  00000207  00001df9  RWIX
  RAMLS4                0000a000   00000800  00000000  00000800  RWIX
  RAMD0                 0000b000   00000800  00000000  00000800  RWIX
  RAMGS14               0001a000   00001000  00000000  00001000  RWIX
  RAMGS15               0001b000   00001000  00000000  00001000  RWIX
  BEGIN                 00080000   00000002  00000002  00000000  RWIX
  FLASHA                00080002   00001ffe  00000000  00001ffe  RWIX
  FLASHB                00082000   00002000  00000000  00002000  RWIX
  FLASHC                00084000   00002000  00000000  00002000  RWIX
  FLASHD                00086000   00002000  0000175a  000008a6  RWIX
  FLASHE                00088000   00008000  00000000  00008000  RWIX
  FLASHF                00090000   00008000  000001c0  00007e40  RWIX
  FLASHG                00098000   00008000  00000000  00008000  RWIX
  FLASHH                000a0000   00008000  00000000  00008000  RWIX
  FLASHI                000a8000   00008000  00000000  00008000  RWIX
  FLASHJ                000b0000   00008000  00000000  00008000  RWIX
  FLASHK                000b8000   00002000  00000000  00002000  RWIX
  FLASHL                000ba000   00002000  00000000  00002000  RWIX
  FLASHM                000bc000   00002000  00000000  00002000  RWIX
  FLASHN                000be000   00002000  00000000  00002000  RWIX
  RESET                 003fffc0   00000002  00000000  00000002  RWIX

PAGE 1:
  BOOT_RSVD             00000002   00000120  00000000  00000120  RWIX
  RAMM1                 00000400   00000400  00000100  00000300  RWIX
  ADCA_RESULT           00000b00   00000020  00000000  00000020  RWIX
  ADCB_RESULT           00000b20   00000020  00000000  00000020  RWIX
  ADCC_RESULT           00000b40   00000020  00000000  00000020  RWIX
  ADCD_RESULT           00000b60   00000020  00000000  00000020  RWIX
  CPU_TIMER0            00000c00   00000008  00000000  00000008  RWIX
  CPU_TIMER1            00000c08   00000008  00000000  00000008  RWIX
  CPU_TIMER2            00000c10   00000008  00000000  00000008  RWIX
  PIE_CTRL              00000ce0   00000020  00000000  00000020  RWIX
  PIE_VECT              00000d00   00000200  00000000  00000200  RWIX
  DMA                   00001000   00000200  00000000  00000200  RWIX
  CLA1                  00001400   00000040  00000000  00000040  RWIX
  EPWM1                 00004000   00000100  00000000  00000100  RWIX
  EPWM2                 00004100   00000100  00000000  00000100  RWIX
  EPWM3                 00004200   00000100  00000000  00000100  RWIX
  EPWM4                 00004300   00000100  00000000  00000100  RWIX
  EPWM5                 00004400   00000100  00000000  00000100  RWIX
  EPWM6                 00004500   00000100  00000000  00000100  RWIX
  EPWM7                 00004600   00000100  00000000  00000100  RWIX
  EPWM8                 00004700   00000100  00000000  00000100  RWIX
  EPWM9                 00004800   00000100  00000000  00000100  RWIX
  EPWM10                00004900   00000100  00000000  00000100  RWIX
  EPWM11                00004a00   00000100  00000000  00000100  RWIX
  EPWM12                00004b00   00000100  00000000  00000100  RWIX
  ECAP1                 00005000   00000020  00000000  00000020  RWIX
  ECAP2                 00005020   00000020  00000000  00000020  RWIX
  ECAP3                 00005040   00000020  00000000  00000020  RWIX
  ECAP4                 00005060   00000020  00000000  00000020  RWIX
  ECAP5                 00005080   00000020  00000000  00000020  RWIX
  ECAP6                 000050a0   00000020  00000000  00000020  RWIX
  EQEP1                 00005100   00000040  00000000  00000040  RWIX
  EQEP2                 00005140   00000040  00000000  00000040  RWIX
  EQEP3                 00005180   00000040  00000000  00000040  RWIX
  DACA                  00005c00   00000010  00000000  00000010  RWIX
  DACB                  00005c10   00000010  00000000  00000010  RWIX
  DACC                  00005c20   00000010  00000000  00000010  RWIX
  CMPSS1                00005c80   00000020  00000000  00000020  RWIX
  CMPSS2                00005ca0   00000020  00000000  00000020  RWIX
  CMPSS3                00005cc0   00000020  00000000  00000020  RWIX
  CMPSS4                00005ce0   00000020  00000000  00000020  RWIX
  CMPSS5                00005d00   00000020  00000000  00000020  RWIX
  CMPSS6                00005d20   00000020  00000000  00000020  RWIX
  CMPSS7                00005d40   00000020  00000000  00000020  RWIX
  CMPSS8                00005d60   00000020  00000000  00000020  RWIX
  SDFM1                 00005e00   00000080  00000000  00000080  RWIX
  SDFM2                 00005e80   00000080  00000000  00000080  RWIX
  MCBSPA                00006000   00000040  00000000  00000040  RWIX
  MCBSPB                00006040   00000040  00000000  00000040  RWIX
  SPIA                  00006100   00000010  00000000  00000010  RWIX
  SPIB                  00006110   00000010  00000000  00000010  RWIX
  SPIC                  00006120   00000010  00000000  00000010  RWIX
  SPID                  00006130   00000010  00000000  00000010  RWIX
  UPP                   00006200   00000100  00000000  00000100  RWIX
  WD                    00007000   00000040  00000000  00000040  RWIX
  NMIINTRUPT            00007060   00000010  00000000  00000010  RWIX
  XINT                  00007070   00000010  00000000  00000010  RWIX
  SCIA                  00007200   00000010  00000000  00000010  RWIX
  SCIB                  00007210   00000010  00000000  00000010  RWIX
  SCIC                  00007220   00000010  00000000  00000010  RWIX
  SCID                  00007230   00000010  00000000  00000010  RWIX
  I2CA                  00007300   00000040  00000000  00000040  RWIX
  I2CB                  00007340   00000040  00000000  00000040  RWIX
  ADCA                  00007400   00000080  00000000  00000080  RWIX
  ADCB                  00007480   00000080  00000000  00000080  RWIX
  ADCC                  00007500   00000080  00000000  00000080  RWIX
  ADCD                  00007580   00000080  00000000  00000080  RWIX
  INPUT_XBAR            00007900   00000020  00000000  00000020  RWIX
  XBAR                  00007920   00000020  00000000  00000020  RWIX
  SYNC_SOC              00007940   00000010  00000000  00000010  RWIX
  DMACLASRCSEL          00007980   00000040  00000000  00000040  RWIX
  EPWM_XBAR             00007a00   00000040  00000000  00000040  RWIX
  CLB_XBAR              00007a40   00000040  00000000  00000040  RWIX
  OUTPUT_XBAR           00007a80   00000040  00000000  00000040  RWIX
  GPIOCTRL              00007c00   00000180  00000000  00000180  RWIX
  GPIODAT               00007f00   00000030  00000000  00000030  RWIX
  RAMLS5                0000a800   00000800  00000018  000007e8  RWIX
  RAMD1                 0000b800   00000800  00000100  00000700  RWIX
  RAMGS0                0000c000   00001000  00000000  00001000  RWIX
  RAMGS1                0000d000   00001000  00000000  00001000  RWIX
  RAMGS2                0000e000   00001000  00000000  00001000  RWIX
  RAMGS3                0000f000   00001000  00000000  00001000  RWIX
  RAMGS4                00010000   00001000  00000000  00001000  RWIX
  RAMGS5                00011000   00001000  00000000  00001000  RWIX
  RAMGS6                00012000   00001000  00000000  00001000  RWIX
  RAMGS7                00013000   00001000  00000000  00001000  RWIX
  RAMGS8                00014000   00001000  00000000  00001000  RWIX
  RAMGS9                00015000   00001000  00000000  00001000  RWIX
  RAMGS10               00016000   00001000  00000000  00001000  RWIX
  RAMGS11               00017000   00001000  00000000  00001000  RWIX
  RAMGS12               00018000   00001000  00000000  00001000  RWIX
  RAMGS13               00019000   00001000  00000000  00001000  RWIX
  CPU2TOCPU1RAM         0003f800   00000400  00000000  00000400  RWIX
  CPU1TOCPU2RAM         0003fc00   00000400  00000000  00000400  RWIX
  EMIF1                 00047000   00000800  00000000  00000800  RWIX
  EMIF2                 00047800   00000800  00000000  00000800  RWIX
  CANA                  00048000   00000800  00000000  00000800  RWIX
  CANB                  0004a000   00000800  00000000  00000800  RWIX
  IPC                   00050000   00000024  00000000  00000024  RWIX
  FLASHPUMPSEMAPHORE    00050024   00000002  00000000  00000002  RWIX
  DEV_CFG               0005d000   00000180  00000000  00000180  RWIX
  ANALOG_SUBSYS         0005d180   00000080  00000000  00000080  RWIX
  CLK_CFG               0005d200   00000100  00000000  00000100  RWIX
  CPU_SYS               0005d300   00000100  00000000  00000100  RWIX
  ROMPREFETCH           0005e608   00000002  00000000  00000002  RWIX
  DCSM_Z1               0005f000   00000030  00000000  00000030  RWIX
  DCSM_Z2               0005f040   00000030  00000000  00000030  RWIX
  DCSM_COMMON           0005f070   00000010  00000000  00000010  RWIX
  MEMCFG                0005f400   00000080  00000000  00000080  RWIX
  EMIF1CONFIG           0005f480   00000020  00000000  00000020  RWIX
  EMIF2CONFIG           0005f4a0   00000020  00000000  00000020  RWIX
  ACCESSPROTECTION      0005f4c0   00000040  00000000  00000040  RWIX
  MEMORYERROR           0005f500   00000040  00000000  00000040  RWIX
  ROMWAITSTATE          0005f540   00000002  00000000  00000002  RWIX
  FLASH0_CTRL           0005f800   00000300  00000000  00000300  RWIX
  FLASH0_ECC            0005fb00   00000040  00000000  00000040  RWIX


SECTION ALLOCATION MAP

 output                                  attributes/
section   page    origin      length       input sections
--------  ----  ----------  ----------   ----------------
.cinit     0    00086207    0000001f     
                  00086207    0000000e     rts2800_fpu32.lib : exit.c.obj (.cinit)
                  00086215    00000005                       : _lock.c.obj (.cinit:__lock)
                  0008621a    00000005                       : _lock.c.obj (.cinit:__unlock)
                  0008621f    00000005     flash_programming_cpu01.obj (.cinit)
                  00086224    00000002     --HOLE-- [fill = 0]

.pinit     0    00086000    00000000     UNINITIALIZED

codestart 
*          0    00080000    00000002     
                  00080000    00000002     F2837xD_CodeStartBranch.obj (codestart)

.TI.ramfunc 
*          0    00086000    00000207     RUN ADDR = 00008000
                  00086000    00000124     flash_programming_cpu01.obj (.TI.ramfunc)
                  00086124    000000a8     Fapi_UserDefinedFunctions.obj (.TI.ramfunc)
                  000861cc    00000037     F2837xD_SysCtrl.obj (.TI.ramfunc)
                  00086203    00000004     F2837xD_usDelay.obj (.TI.ramfunc)

.stack     1    00000400    00000100     UNINITIALIZED
                  00000400    00000100     --HOLE--

.reset     0    003fffc0    00000002     DSECT
                  003fffc0    00000002     rts2800_fpu32.lib : boot28.asm.obj (.reset)

BufferDataSection 
*          1    0000b800    00000100     UNINITIALIZED
                  0000b800    00000100     flash_programming_cpu01.obj (BufferDataSection)

GETBUFFER 
*          0    0003f800    00000000     DSECT

GETWRITEIDX 
*          0    0003f800    00000000     DSECT

PUTREADIDX 
*          0    0003f800    00000000     DSECT

Cla1SoftIntRegsFile 
*          1    00000ce0    00000000     DSECT

.text      0    00086226    00001534     
                  00086226    00000585     F2837xD_DefaultISR.obj (.text:retain)
                  000867ab    0000049b     F2837xD_SysCtrl.obj (.text)
                  00086c46    00000259     F021_API_F2837xD_FPU32.lib : FlashStateMachine.obj (.text:__Fapi_setupFlashStateMachine)
                  00086e9f    00000244     F2837xD_Gpio.obj (.text)
                  000870e3    0000019d     F021_API_F2837xD_FPU32.lib : Program.obj (.text:_Fapi_issueProgrammingCommand)
                  00087280    00000088                                : Read.obj (.text:__Fapi_loopRegionForValue)
                  00087308    00000088     rts2800_fpu32.lib : fs_div28.asm.obj (.text)
                  00087390    0000007f     F021_API_F2837xD_FPU32.lib : Read.obj (.text:__Fapi_checkRegionForValue)
                  0008740f    00000056     rts2800_fpu32.lib : boot28.asm.obj (.text)
                  00087465    00000042     F021_API_F2837xD_FPU32.lib : BlankCheck.obj (.text:_Fapi_doBlankCheck)
                  000874a7    00000034                                : Init.obj (.text:_Fapi_initializeAPI)
                  000874db    0000002e                                : Utilities.obj (.text:_Fapi_calculateFletcherChecksum)
                  00087509    0000002d                                : FlashStateMachine.obj (.text:__Fapi_issueFsmCommand)
                  00087536    0000002c                                : Utilities.obj (.text:__Fapi_divideUnsignedLong)
                  00087562    00000029     rts2800_fpu32.lib : exit.c.obj (.text)
                  0008758b    00000028     F2837xD_PieCtrl.obj (.text)
                  000875b3    00000026     F2837xD_PieVect.obj (.text)
                  000875d9    00000025     F021_API_F2837xD_FPU32.lib : FlashStateMachine.obj (.text:_Fapi_setActiveFlashBank)
                  000875fe    00000024     rts2800_fpu32.lib : cpy_tbl.c.obj (.text)
                  00087622    00000022     F021_API_F2837xD_FPU32.lib : FlashStateMachine.obj (.text:_Fapi_isAddressEcc)
                  00087644    00000022                                : FlashStateMachine.obj (.text:__Fapi_setupSectorsForWrite)
                  00087666    00000020                                : Async.obj (.text:_Fapi_issueAsyncCommandWithAddress)
                  00087686    0000001d     rts2800_fpu32.lib : memcpy.c.obj (.text)
                  000876a3    0000001a     F021_API_F2837xD_FPU32.lib : Utilities.obj (.text:_Fapi_waitDelay)
                  000876bd    00000019     rts2800_fpu32.lib : args_main.c.obj (.text)
                  000876d6    00000018                       : ll_aox28.asm.obj (.text)
                  000876ee    00000016     F021_API_F2837xD_FPU32.lib : Read.obj (.text:_Fapi_flushPipeline)
                  00087704    00000013     flash_programming_cpu01.obj (.text)
                  00087717    0000000f     F021_API_F2837xD_FPU32.lib : Verify.obj (.text:_Fapi_doVerify)
                  00087726    0000000d                                : Utilities.obj (.text:__Fapi_scaleCycleValues)
                  00087733    0000000b                                : Utilities.obj (.text:__Fapi_calculateOtpChecksum)
                  0008773e    0000000a                                : FlashStateMachine.obj (.text:_Fapi_checkFsmForReady)
                  00087748    00000009     rts2800_fpu32.lib : _lock.c.obj (.text)
                  00087751    00000006     F021_API_F2837xD_FPU32.lib : FlashStateMachine.obj (.text:_Fapi_getFsmStatus)
                  00087757    00000002     rts2800_fpu32.lib : pre_init.c.obj (.text)
                  00087759    00000001                       : startup.c.obj (.text)

.econst    0    00090000    000001c0     
                  00090000    000001c0     F2837xD_PieVect.obj (.econst:_PieVectTableInit)

.ebss      1    0000a800    00000018     UNINITIALIZED
                  0000a800    0000000c     F021_API_F2837xD_FPU32.lib : Init.obj (.ebss)
                  0000a80c    00000006     rts2800_fpu32.lib : exit.c.obj (.ebss)
                  0000a812    00000002                       : _lock.c.obj (.ebss:__lock)
                  0000a814    00000002                       : _lock.c.obj (.ebss:__unlock)
                  0000a816    00000002     flash_programming_cpu01.obj (.ebss)

MODULE SUMMARY

       Module                          code   initialized data   uninitialized data
       ------                          ----   ----------------   ------------------
    .\
       F2837xD_DefaultISR.obj          1413   0                  0                 
       F2837xD_SysCtrl.obj             1289   0                  0                 
       flash_programming_cpu01.obj     603    5                  258               
       F2837xD_Gpio.obj                580    0                  0                 
       F2837xD_PieVect.obj             38     448                0                 
       Fapi_UserDefinedFunctions.obj   336    0                  0                 
       F2837xD_PieCtrl.obj             40     0                  0                 
       F2837xD_usDelay.obj             8      0                  0                 
       F2837xD_CodeStartBranch.obj     2      0                  0                 
    +--+-------------------------------+------+------------------+--------------------+
       Total:                          4309   453                258               
                                                                                   
    ../F021_API_F2837xD_FPU32.lib
       FlashStateMachine.obj           767    0                  0                 
       Program.obj                     413    0                  0                 
       Read.obj                        285    0                  0                 
       Utilities.obj                   140    0                  0                 
       BlankCheck.obj                  66     0                  0                 
       Init.obj                        52     0                  12                
       Async.obj                       32     0                  0                 
       Verify.obj                      15     0                  0                 
    +--+-------------------------------+------+------------------+--------------------+
       Total:                          1770   0                  12                
                                                                                   
    C:/ti/ccs920/ccs/tools/compiler/ti-cgt-c2000_18.12.4.LTS/lib/rts2800_fpu32.lib
       fs_div28.asm.obj                136    0                  0                 
       boot28.asm.obj                  86     0                  0                 
       exit.c.obj                      41     14                 6                 
       cpy_tbl.c.obj                   36     0                  0                 
       memcpy.c.obj                    29     0                  0                 
       args_main.c.obj                 25     0                  0                 
       ll_aox28.asm.obj                24     0                  0                 
       _lock.c.obj                     9      10                 4                 
       pre_init.c.obj                  2      0                  0                 
       startup.c.obj                   1      0                  0                 
    +--+-------------------------------+------+------------------+--------------------+
       Total:                          389    24                 10                
                                                                                   
       Stack:                          0      0                  256               
    +--+-------------------------------+------+------------------+--------------------+
       Grand Total:                    6468   477                536               


GLOBAL DATA SYMBOLS: SORTED BY DATA PAGE

address     data page           name
--------    ----------------    ----
00000400      10 (00000400)     __stack

0000a800     2a0 (0000a800)     _Fapi_GlobalInit
0000a80c     2a0 (0000a800)     ___TI_enable_exit_profile_output
0000a80e     2a0 (0000a800)     ___TI_cleanup_ptr
0000a810     2a0 (0000a800)     ___TI_dtors_ptr
0000a812     2a0 (0000a800)     __lock
0000a814     2a0 (0000a800)     __unlock
0000a816     2a0 (0000a800)     _Buffer32

0000b800     2e0 (0000b800)     _Buffer

00090000    2400 (00090000)     _PieVectTableInit


GLOBAL SYMBOLS: SORTED ALPHABETICALLY BY Name 

page  address   name                                  
----  -------   ----                                  
abs   ffffffff  .text                                 
0     00087562  C$$EXIT                               
0     00087308  FS$$DIV                               
0     000876d6  LL$$AND                               
0     000876de  LL$$OR                                
0     000876e6  LL$$XOR                               
0     000862e4  _ADCA1_ISR                            
0     00086564  _ADCA2_ISR                            
0     0008656e  _ADCA3_ISR                            
0     00086578  _ADCA4_ISR                            
0     0008655a  _ADCA_EVT_ISR                         
0     000862ee  _ADCB1_ISR                            
0     0008658c  _ADCB2_ISR                            
0     00086596  _ADCB3_ISR                            
0     000865a0  _ADCB4_ISR                            
0     00086582  _ADCB_EVT_ISR                         
0     000862f8  _ADCC1_ISR                            
0     000866f4  _ADCC2_ISR                            
0     000866fe  _ADCC3_ISR                            
0     00086708  _ADCC4_ISR                            
0     000866ea  _ADCC_EVT_ISR                         
0     00086316  _ADCD1_ISR                            
0     0008671c  _ADCD2_ISR                            
0     00086726  _ADCD3_ISR                            
0     00086730  _ADCD4_ISR                            
0     00086712  _ADCD_EVT_ISR                         
0     0008676c  _AUX_PLL_SLIP_ISR                     
n/a   UNDEFED   _AnalogSubsysRegs                     
0     00086bf2  _AuxAuxClkSel                         
0     00086bdc  _AuxIntOsc2Sel                        
0     00086be6  _AuxXtalOscSel                        
1     0000b800  _Buffer                               
1     0000a816  _Buffer32                             
0     00086532  _CANA0_ISR                            
0     0008653c  _CANA1_ISR                            
0     00086546  _CANB0_ISR                            
0     00086550  _CANB1_ISR                            
0     000865aa  _CLA1_1_ISR                           
0     000865b4  _CLA1_2_ISR                           
0     000865be  _CLA1_3_ISR                           
0     000865c8  _CLA1_4_ISR                           
0     000865d2  _CLA1_5_ISR                           
0     000865dc  _CLA1_6_ISR                           
0     000865e6  _CLA1_7_ISR                           
0     000865f0  _CLA1_8_ISR                           
0     00086776  _CLA_OVERFLOW_ISR                     
0     00086780  _CLA_UNDERFLOW_ISR                    
n/a   UNDEFED   _ClkCfgRegs                           
n/a   UNDEFED   _CpuSysRegs                           
n/a   UNDEFED   _CpuTimer1Regs                        
n/a   UNDEFED   _CpuTimer2Regs                        
0     00086b97  _CsmUnlock                            
0     0008623a  _DATALOG_ISR                          
0     0008647e  _DMA_CH1_ISR                          
0     00086488  _DMA_CH2_ISR                          
0     00086492  _DMA_CH3_ISR                          
0     0008649c  _DMA_CH4_ISR                          
0     000864a6  _DMA_CH5_ISR                          
0     000864b0  _DMA_CH6_ISR                          
n/a   UNDEFED   _DcsmZ1Regs                           
n/a   UNDEFED   _DcsmZ2Regs                           
n/a   UNDEFED   _DevCfgRegs                           
0     000868ab  _DisableDog                           
0     0008686c  _DisablePeripheralClocks              
0     000863d4  _ECAP1_ISR                            
0     000863de  _ECAP2_ISR                            
0     000863e8  _ECAP3_ISR                            
0     000863f2  _ECAP4_ISR                            
0     000863fc  _ECAP5_ISR                            
0     00086406  _ECAP6_ISR                            
0     0008673a  _EMIF_ERROR_ISR                       
0     00086794  _EMPTY_ISR                            
0     0008624e  _EMU_ISR                              
0     00086690  _EPWM10_ISR                           
0     00086668  _EPWM10_TZ_ISR                        
0     0008669a  _EPWM11_ISR                           
0     00086672  _EPWM11_TZ_ISR                        
0     000866a4  _EPWM12_ISR                           
0     0008667c  _EPWM12_TZ_ISR                        
0     00086384  _EPWM1_ISR                            
0     00086334  _EPWM1_TZ_ISR                         
0     0008638e  _EPWM2_ISR                            
0     0008633e  _EPWM2_TZ_ISR                         
0     00086398  _EPWM3_ISR                            
0     00086348  _EPWM3_TZ_ISR                         
0     000863a2  _EPWM4_ISR                            
0     00086352  _EPWM4_TZ_ISR                         
0     000863ac  _EPWM5_ISR                            
0     0008635c  _EPWM5_TZ_ISR                         
0     000863b6  _EPWM6_ISR                            
0     00086366  _EPWM6_TZ_ISR                         
0     000863c0  _EPWM7_ISR                            
0     00086370  _EPWM7_TZ_ISR                         
0     000863ca  _EPWM8_ISR                            
0     0008637a  _EPWM8_TZ_ISR                         
0     00086686  _EPWM9_ISR                            
0     0008665e  _EPWM9_TZ_ISR                         
0     00086410  _EQEP1_ISR                            
0     0008641a  _EQEP2_ISR                            
0     00086424  _EQEP3_ISR                            
0     000875aa  _EnableInterrupts                     
0     00008000  _Example_CallFlashAPI                 
0     00008121  _Example_Done                         
0     0000811b  _Example_Error                        
0     00008203  _F28x_usDelay                         
0     0008674e  _FLASH_CORRECTABLE_ERROR_ISR          
0     00086622  _FPU_OVERFLOW_ISR                     
0     0008662c  _FPU_UNDERFLOW_ISR                    
1     0000a800  _Fapi_GlobalInit                      
0     000874db  _Fapi_calculateFletcherChecksum       
0     0008773e  _Fapi_checkFsmForReady                
0     00087465  _Fapi_doBlankCheck                    
0     00087717  _Fapi_doVerify                        
0     000876ee  _Fapi_flushPipeline                   
0     00087751  _Fapi_getFsmStatus                    
0     000874a7  _Fapi_initializeAPI                   
0     00087622  _Fapi_isAddressEcc                    
0     00087666  _Fapi_issueAsyncCommandWithAddress    
0     000870e3  _Fapi_issueProgrammingCommand         
0     00008124  _Fapi_serviceWatchdogTimer            
0     000875d9  _Fapi_setActiveFlashBank              
0     0000819d  _Fapi_setupBankSectorEnable           
0     00008126  _Fapi_setupEepromSectorEnable         
0     000876a3  _Fapi_waitDelay                       
n/a   UNDEFED   _Flash0CtrlRegs                       
n/a   UNDEFED   _Flash0EccRegs                        
0     000081f5  _FlashOff                             
n/a   UNDEFED   _FlashPumpSemaphoreRegs               
0     00087098  _GPIO_EnableUnbondedIOPullups         
0     00087073  _GPIO_EnableUnbondedIOPullupsFor100Pin
0     0008705a  _GPIO_EnableUnbondedIOPullupsFor176Pin
0     000870ae  _GPIO_ReadPin                         
0     00086fff  _GPIO_SetupLock                       
0     00086edf  _GPIO_SetupPinMux                     
0     00086f6b  _GPIO_SetupPinOptions                 
0     00087028  _GPIO_SetupXINT1Gpio                  
0     00087032  _GPIO_SetupXINT2Gpio                  
0     0008703c  _GPIO_SetupXINT3Gpio                  
0     00087046  _GPIO_SetupXINT4Gpio                  
0     00087050  _GPIO_SetupXINT5Gpio                  
0     000870c5  _GPIO_WritePin                        
n/a   UNDEFED   _GpioCtrlRegs                         
n/a   UNDEFED   _GpioDataRegs                         
0     00086c10  _HALT                                 
0     00086c29  _HIB                                  
0     000864c4  _I2CA_FIFO_ISR                        
0     000864ba  _I2CA_ISR                             
0     000864d8  _I2CB_FIFO_ISR                        
0     000864ce  _I2CB_ISR                             
0     00086bfc  _IDLE                                 
0     00086262  _ILLEGAL_ISR                          
0     00086636  _IPC0_ISR                             
0     00086640  _IPC1_ISR                             
0     0008664a  _IPC2_ISR                             
0     00086654  _IPC3_ISR                             
0     00086aa8  _InitAuxPll                           
0     000081cc  _InitFlash                            
0     00086e9f  _InitGpio                             
0     000867e8  _InitPeripheralClocks                 
0     0008758b  _InitPieCtrl                          
0     000875b3  _InitPieVectTable                     
0     000867ab  _InitSysCtrl                          
0     000868b9  _InitSysPll                           
n/a   UNDEFED   _InputXbarRegs                        
0     00086456  _MCBSPA_RX_ISR                        
0     00086460  _MCBSPA_TX_ISR                        
0     0008646a  _MCBSPB_RX_ISR                        
0     00086474  _MCBSPB_TX_ISR                        
0     00086258  _NMI_ISR                              
0     000867a1  _NOTUSED_ISR                          
0     0008678a  _PIE_RESERVED_ISR                     
n/a   UNDEFED   _PieCtrlRegs                          
n/a   UNDEFED   _PieVectTable                         
0     00090000  _PieVectTableInit                     
0     00086758  _RAM_ACCESS_VIOLATION_ISR             
0     00086744  _RAM_CORRECTABLE_ERROR_ISR            
0     00086244  _RTOS_ISR                             
abs   00086207  _RamfuncsLoadEnd                      
abs   00000207  _RamfuncsLoadSize                     
abs   00086000  _RamfuncsLoadStart                    
abs   00008207  _RamfuncsRunEnd                       
abs   00000207  _RamfuncsRunSize                      
abs   00008000  _RamfuncsRunStart                     
0     00086893  _ReleaseFlashPump                     
0     0008650a  _SCIA_RX_ISR                          
0     00086514  _SCIA_TX_ISR                          
0     0008651e  _SCIB_RX_ISR                          
0     00086528  _SCIB_TX_ISR                          
0     000864e2  _SCIC_RX_ISR                          
0     000864ec  _SCIC_TX_ISR                          
0     000864f6  _SCID_RX_ISR                          
0     00086500  _SCID_TX_ISR                          
0     000866ae  _SD1_ISR                              
0     000866b8  _SD2_ISR                              
0     0008642e  _SPIA_RX_ISR                          
0     00086438  _SPIA_TX_ISR                          
0     00086442  _SPIB_RX_ISR                          
0     0008644c  _SPIB_TX_ISR                          
0     000866c2  _SPIC_RX_ISR                          
0     000866cc  _SPIC_TX_ISR                          
0     00086c05  _STANDBY                              
0     00086762  _SYS_PLL_SLIP_ISR                     
0     00086884  _SeizeFlashPump                       
0     0008689d  _ServiceDog                           
0     00086bb8  _SysIntOsc1Sel                        
0     00086bc4  _SysIntOsc2Sel                        
0     00086bd0  _SysXtalOscSel                        
0     00086320  _TIMER0_ISR                           
0     00086226  _TIMER1_ISR                           
0     00086230  _TIMER2_ISR                           
0     000866d6  _UPPA_ISR                             
0     000866e0  _USBA_ISR                             
0     000862c6  _USER10_ISR                           
0     000862d0  _USER11_ISR                           
0     000862da  _USER12_ISR                           
0     0008626c  _USER1_ISR                            
0     00086276  _USER2_ISR                            
0     00086280  _USER3_ISR                            
0     0008628a  _USER4_ISR                            
0     00086294  _USER5_ISR                            
0     0008629e  _USER6_ISR                            
0     000862a8  _USER7_ISR                            
0     000862b2  _USER8_ISR                            
0     000862bc  _USER9_ISR                            
0     00086618  _VCU_ISR                              
0     0008632a  _WAKE_ISR                             
n/a   UNDEFED   _WdRegs                               
0     00086302  _XINT1_ISR                            
0     0008630c  _XINT2_ISR                            
0     000865fa  _XINT3_ISR                            
0     00086604  _XINT4_ISR                            
0     0008660e  _XINT5_ISR                            
0     00087733  __Fapi_calculateOtpChecksum           
0     00087390  __Fapi_checkRegionForValue            
0     00087536  __Fapi_divideUnsignedLong             
0     00087509  __Fapi_issueFsmCommand                
0     00087280  __Fapi_loopRegionForValue             
0     00087726  __Fapi_scaleCycleValues               
0     00087644  __Fapi_setupSectorsForWrite           
1     00000500  __STACK_END                           
abs   00000100  __STACK_SIZE                          
1     0000a80e  ___TI_cleanup_ptr                     
1     0000a810  ___TI_dtors_ptr                       
1     0000a80c  ___TI_enable_exit_profile_output      
abs   ffffffff  ___TI_pprof_out_hndl                  
abs   ffffffff  ___TI_prof_data_size                  
abs   ffffffff  ___TI_prof_data_start                 
abs   ffffffff  ___binit__                            
abs   ffffffff  ___c_args__                           
0     00086207  ___cinit__                            
abs   ffffffff  ___etext__                            
abs   ffffffff  ___pinit__                            
abs   ffffffff  ___text__                             
0     000876bd  __args_main                           
1     0000a812  __lock                                
0     00087750  __nop                                 
0     0008774c  __register_lock                       
0     00087748  __register_unlock                     
1     00000400  __stack                               
0     00087759  __system_post_cinit                   
0     00087757  __system_pre_init                     
1     0000a814  __unlock                              
0     00087562  _abort                                
0     0008740f  _c_int00                              
0     000875fe  _copy_in                              
0     00087564  _exit                                 
0     00087704  _main                                 
0     00087686  _memcpy                               
abs   ffffffff  binit                                 
0     00086207  cinit                                 
0     00080000  code_start                            
abs   ffffffff  etext                                 
abs   ffffffff  pinit                                 


GLOBAL SYMBOLS: SORTED BY Symbol Address 

page  address   name                                  
----  -------   ----                                  
0     00008000  _Example_CallFlashAPI                 
0     0000811b  _Example_Error                        
0     00008121  _Example_Done                         
0     00008124  _Fapi_serviceWatchdogTimer            
0     00008126  _Fapi_setupEepromSectorEnable         
0     0000819d  _Fapi_setupBankSectorEnable           
0     000081cc  _InitFlash                            
0     000081f5  _FlashOff                             
0     00008203  _F28x_usDelay                         
0     00080000  code_start                            
0     00086207  ___cinit__                            
0     00086207  cinit                                 
0     00086226  _TIMER1_ISR                           
0     00086230  _TIMER2_ISR                           
0     0008623a  _DATALOG_ISR                          
0     00086244  _RTOS_ISR                             
0     0008624e  _EMU_ISR                              
0     00086258  _NMI_ISR                              
0     00086262  _ILLEGAL_ISR                          
0     0008626c  _USER1_ISR                            
0     00086276  _USER2_ISR                            
0     00086280  _USER3_ISR                            
0     0008628a  _USER4_ISR                            
0     00086294  _USER5_ISR                            
0     0008629e  _USER6_ISR                            
0     000862a8  _USER7_ISR                            
0     000862b2  _USER8_ISR                            
0     000862bc  _USER9_ISR                            
0     000862c6  _USER10_ISR                           
0     000862d0  _USER11_ISR                           
0     000862da  _USER12_ISR                           
0     000862e4  _ADCA1_ISR                            
0     000862ee  _ADCB1_ISR                            
0     000862f8  _ADCC1_ISR                            
0     00086302  _XINT1_ISR                            
0     0008630c  _XINT2_ISR                            
0     00086316  _ADCD1_ISR                            
0     00086320  _TIMER0_ISR                           
0     0008632a  _WAKE_ISR                             
0     00086334  _EPWM1_TZ_ISR                         
0     0008633e  _EPWM2_TZ_ISR                         
0     00086348  _EPWM3_TZ_ISR                         
0     00086352  _EPWM4_TZ_ISR                         
0     0008635c  _EPWM5_TZ_ISR                         
0     00086366  _EPWM6_TZ_ISR                         
0     00086370  _EPWM7_TZ_ISR                         
0     0008637a  _EPWM8_TZ_ISR                         
0     00086384  _EPWM1_ISR                            
0     0008638e  _EPWM2_ISR                            
0     00086398  _EPWM3_ISR                            
0     000863a2  _EPWM4_ISR                            
0     000863ac  _EPWM5_ISR                            
0     000863b6  _EPWM6_ISR                            
0     000863c0  _EPWM7_ISR                            
0     000863ca  _EPWM8_ISR                            
0     000863d4  _ECAP1_ISR                            
0     000863de  _ECAP2_ISR                            
0     000863e8  _ECAP3_ISR                            
0     000863f2  _ECAP4_ISR                            
0     000863fc  _ECAP5_ISR                            
0     00086406  _ECAP6_ISR                            
0     00086410  _EQEP1_ISR                            
0     0008641a  _EQEP2_ISR                            
0     00086424  _EQEP3_ISR                            
0     0008642e  _SPIA_RX_ISR                          
0     00086438  _SPIA_TX_ISR                          
0     00086442  _SPIB_RX_ISR                          
0     0008644c  _SPIB_TX_ISR                          
0     00086456  _MCBSPA_RX_ISR                        
0     00086460  _MCBSPA_TX_ISR                        
0     0008646a  _MCBSPB_RX_ISR                        
0     00086474  _MCBSPB_TX_ISR                        
0     0008647e  _DMA_CH1_ISR                          
0     00086488  _DMA_CH2_ISR                          
0     00086492  _DMA_CH3_ISR                          
0     0008649c  _DMA_CH4_ISR                          
0     000864a6  _DMA_CH5_ISR                          
0     000864b0  _DMA_CH6_ISR                          
0     000864ba  _I2CA_ISR                             
0     000864c4  _I2CA_FIFO_ISR                        
0     000864ce  _I2CB_ISR                             
0     000864d8  _I2CB_FIFO_ISR                        
0     000864e2  _SCIC_RX_ISR                          
0     000864ec  _SCIC_TX_ISR                          
0     000864f6  _SCID_RX_ISR                          
0     00086500  _SCID_TX_ISR                          
0     0008650a  _SCIA_RX_ISR                          
0     00086514  _SCIA_TX_ISR                          
0     0008651e  _SCIB_RX_ISR                          
0     00086528  _SCIB_TX_ISR                          
0     00086532  _CANA0_ISR                            
0     0008653c  _CANA1_ISR                            
0     00086546  _CANB0_ISR                            
0     00086550  _CANB1_ISR                            
0     0008655a  _ADCA_EVT_ISR                         
0     00086564  _ADCA2_ISR                            
0     0008656e  _ADCA3_ISR                            
0     00086578  _ADCA4_ISR                            
0     00086582  _ADCB_EVT_ISR                         
0     0008658c  _ADCB2_ISR                            
0     00086596  _ADCB3_ISR                            
0     000865a0  _ADCB4_ISR                            
0     000865aa  _CLA1_1_ISR                           
0     000865b4  _CLA1_2_ISR                           
0     000865be  _CLA1_3_ISR                           
0     000865c8  _CLA1_4_ISR                           
0     000865d2  _CLA1_5_ISR                           
0     000865dc  _CLA1_6_ISR                           
0     000865e6  _CLA1_7_ISR                           
0     000865f0  _CLA1_8_ISR                           
0     000865fa  _XINT3_ISR                            
0     00086604  _XINT4_ISR                            
0     0008660e  _XINT5_ISR                            
0     00086618  _VCU_ISR                              
0     00086622  _FPU_OVERFLOW_ISR                     
0     0008662c  _FPU_UNDERFLOW_ISR                    
0     00086636  _IPC0_ISR                             
0     00086640  _IPC1_ISR                             
0     0008664a  _IPC2_ISR                             
0     00086654  _IPC3_ISR                             
0     0008665e  _EPWM9_TZ_ISR                         
0     00086668  _EPWM10_TZ_ISR                        
0     00086672  _EPWM11_TZ_ISR                        
0     0008667c  _EPWM12_TZ_ISR                        
0     00086686  _EPWM9_ISR                            
0     00086690  _EPWM10_ISR                           
0     0008669a  _EPWM11_ISR                           
0     000866a4  _EPWM12_ISR                           
0     000866ae  _SD1_ISR                              
0     000866b8  _SD2_ISR                              
0     000866c2  _SPIC_RX_ISR                          
0     000866cc  _SPIC_TX_ISR                          
0     000866d6  _UPPA_ISR                             
0     000866e0  _USBA_ISR                             
0     000866ea  _ADCC_EVT_ISR                         
0     000866f4  _ADCC2_ISR                            
0     000866fe  _ADCC3_ISR                            
0     00086708  _ADCC4_ISR                            
0     00086712  _ADCD_EVT_ISR                         
0     0008671c  _ADCD2_ISR                            
0     00086726  _ADCD3_ISR                            
0     00086730  _ADCD4_ISR                            
0     0008673a  _EMIF_ERROR_ISR                       
0     00086744  _RAM_CORRECTABLE_ERROR_ISR            
0     0008674e  _FLASH_CORRECTABLE_ERROR_ISR          
0     00086758  _RAM_ACCESS_VIOLATION_ISR             
0     00086762  _SYS_PLL_SLIP_ISR                     
0     0008676c  _AUX_PLL_SLIP_ISR                     
0     00086776  _CLA_OVERFLOW_ISR                     
0     00086780  _CLA_UNDERFLOW_ISR                    
0     0008678a  _PIE_RESERVED_ISR                     
0     00086794  _EMPTY_ISR                            
0     000867a1  _NOTUSED_ISR                          
0     000867ab  _InitSysCtrl                          
0     000867e8  _InitPeripheralClocks                 
0     0008686c  _DisablePeripheralClocks              
0     00086884  _SeizeFlashPump                       
0     00086893  _ReleaseFlashPump                     
0     0008689d  _ServiceDog                           
0     000868ab  _DisableDog                           
0     000868b9  _InitSysPll                           
0     00086aa8  _InitAuxPll                           
0     00086b97  _CsmUnlock                            
0     00086bb8  _SysIntOsc1Sel                        
0     00086bc4  _SysIntOsc2Sel                        
0     00086bd0  _SysXtalOscSel                        
0     00086bdc  _AuxIntOsc2Sel                        
0     00086be6  _AuxXtalOscSel                        
0     00086bf2  _AuxAuxClkSel                         
0     00086bfc  _IDLE                                 
0     00086c05  _STANDBY                              
0     00086c10  _HALT                                 
0     00086c29  _HIB                                  
0     00086e9f  _InitGpio                             
0     00086edf  _GPIO_SetupPinMux                     
0     00086f6b  _GPIO_SetupPinOptions                 
0     00086fff  _GPIO_SetupLock                       
0     00087028  _GPIO_SetupXINT1Gpio                  
0     00087032  _GPIO_SetupXINT2Gpio                  
0     0008703c  _GPIO_SetupXINT3Gpio                  
0     00087046  _GPIO_SetupXINT4Gpio                  
0     00087050  _GPIO_SetupXINT5Gpio                  
0     0008705a  _GPIO_EnableUnbondedIOPullupsFor176Pin
0     00087073  _GPIO_EnableUnbondedIOPullupsFor100Pin
0     00087098  _GPIO_EnableUnbondedIOPullups         
0     000870ae  _GPIO_ReadPin                         
0     000870c5  _GPIO_WritePin                        
0     000870e3  _Fapi_issueProgrammingCommand         
0     00087280  __Fapi_loopRegionForValue             
0     00087308  FS$$DIV                               
0     00087390  __Fapi_checkRegionForValue            
0     0008740f  _c_int00                              
0     00087465  _Fapi_doBlankCheck                    
0     000874a7  _Fapi_initializeAPI                   
0     000874db  _Fapi_calculateFletcherChecksum       
0     00087509  __Fapi_issueFsmCommand                
0     00087536  __Fapi_divideUnsignedLong             
0     00087562  C$$EXIT                               
0     00087562  _abort                                
0     00087564  _exit                                 
0     0008758b  _InitPieCtrl                          
0     000875aa  _EnableInterrupts                     
0     000875b3  _InitPieVectTable                     
0     000875d9  _Fapi_setActiveFlashBank              
0     000875fe  _copy_in                              
0     00087622  _Fapi_isAddressEcc                    
0     00087644  __Fapi_setupSectorsForWrite           
0     00087666  _Fapi_issueAsyncCommandWithAddress    
0     00087686  _memcpy                               
0     000876a3  _Fapi_waitDelay                       
0     000876bd  __args_main                           
0     000876d6  LL$$AND                               
0     000876de  LL$$OR                                
0     000876e6  LL$$XOR                               
0     000876ee  _Fapi_flushPipeline                   
0     00087704  _main                                 
0     00087717  _Fapi_doVerify                        
0     00087726  __Fapi_scaleCycleValues               
0     00087733  __Fapi_calculateOtpChecksum           
0     0008773e  _Fapi_checkFsmForReady                
0     00087748  __register_unlock                     
0     0008774c  __register_lock                       
0     00087750  __nop                                 
0     00087751  _Fapi_getFsmStatus                    
0     00087757  __system_pre_init                     
0     00087759  __system_post_cinit                   
0     00090000  _PieVectTableInit                     
1     00000400  __stack                               
1     00000500  __STACK_END                           
1     0000a800  _Fapi_GlobalInit                      
1     0000a80c  ___TI_enable_exit_profile_output      
1     0000a80e  ___TI_cleanup_ptr                     
1     0000a810  ___TI_dtors_ptr                       
1     0000a812  __lock                                
1     0000a814  __unlock                              
1     0000a816  _Buffer32                             
1     0000b800  _Buffer                               
abs   00000100  __STACK_SIZE                          
abs   00000207  _RamfuncsLoadSize                     
abs   00000207  _RamfuncsRunSize                      
abs   00008000  _RamfuncsRunStart                     
abs   00008207  _RamfuncsRunEnd                       
abs   00086000  _RamfuncsLoadStart                    
abs   00086207  _RamfuncsLoadEnd                      
abs   ffffffff  .text                                 
abs   ffffffff  ___TI_pprof_out_hndl                  
abs   ffffffff  ___TI_prof_data_size                  
abs   ffffffff  ___TI_prof_data_start                 
abs   ffffffff  ___binit__                            
abs   ffffffff  ___c_args__                           
abs   ffffffff  ___etext__                            
abs   ffffffff  ___pinit__                            
abs   ffffffff  ___text__                             
abs   ffffffff  binit                                 
abs   ffffffff  etext                                 
abs   ffffffff  pinit                                 
n/a   UNDEFED   _AnalogSubsysRegs                     
n/a   UNDEFED   _ClkCfgRegs                           
n/a   UNDEFED   _CpuSysRegs                           
n/a   UNDEFED   _CpuTimer1Regs                        
n/a   UNDEFED   _CpuTimer2Regs                        
n/a   UNDEFED   _DcsmZ1Regs                           
n/a   UNDEFED   _DcsmZ2Regs                           
n/a   UNDEFED   _DevCfgRegs                           
n/a   UNDEFED   _Flash0CtrlRegs                       
n/a   UNDEFED   _Flash0EccRegs                        
n/a   UNDEFED   _FlashPumpSemaphoreRegs               
n/a   UNDEFED   _GpioCtrlRegs                         
n/a   UNDEFED   _GpioDataRegs                         
n/a   UNDEFED   _InputXbarRegs                        
n/a   UNDEFED   _PieCtrlRegs                          
n/a   UNDEFED   _PieVectTable                         
n/a   UNDEFED   _WdRegs                               

[273 symbols]
