<?xml version="1.0" encoding="ISO-8859-1" ?>
<link_info>
   <banner>TMS320C2000 Linker PC v18.12.4.LTS</banner>
   <copyright>Copyright (c) 1996-2018 Texas Instruments Incorporated</copyright>
   <link_time>0x5e067889</link_time>
   <link_errors>0x1</link_errors>
   <output_file>flash_programming_cpu01.out</output_file>
   <entry_point>
      <name>code_start</name>
      <address>0x80000</address>
   </entry_point>
   <input_file_list>
      <input_file id="fl-2">
         <path>.\</path>
         <kind>object</kind>
         <file>F2837xD_CodeStartBranch.obj</file>
         <name>F2837xD_CodeStartBranch.obj</name>
      </input_file>
      <input_file id="fl-3">
         <path>.\</path>
         <kind>object</kind>
         <file>F2837xD_DefaultISR.obj</file>
         <name>F2837xD_DefaultISR.obj</name>
      </input_file>
      <input_file id="fl-4">
         <path>.\</path>
         <kind>object</kind>
         <file>F2837xD_Gpio.obj</file>
         <name>F2837xD_Gpio.obj</name>
      </input_file>
      <input_file id="fl-5">
         <path>.\</path>
         <kind>object</kind>
         <file>F2837xD_Ipc.obj</file>
         <name>F2837xD_Ipc.obj</name>
      </input_file>
      <input_file id="fl-6">
         <path>.\</path>
         <kind>object</kind>
         <file>F2837xD_PieCtrl.obj</file>
         <name>F2837xD_PieCtrl.obj</name>
      </input_file>
      <input_file id="fl-7">
         <path>.\</path>
         <kind>object</kind>
         <file>F2837xD_PieVect.obj</file>
         <name>F2837xD_PieVect.obj</name>
      </input_file>
      <input_file id="fl-8">
         <path>.\</path>
         <kind>object</kind>
         <file>F2837xD_SysCtrl.obj</file>
         <name>F2837xD_SysCtrl.obj</name>
      </input_file>
      <input_file id="fl-9">
         <path>.\</path>
         <kind>object</kind>
         <file>F2837xD_usDelay.obj</file>
         <name>F2837xD_usDelay.obj</name>
      </input_file>
      <input_file id="fl-a">
         <path>.\</path>
         <kind>object</kind>
         <file>Fapi_UserDefinedFunctions.obj</file>
         <name>Fapi_UserDefinedFunctions.obj</name>
      </input_file>
      <input_file id="fl-b">
         <path>.\</path>
         <kind>object</kind>
         <file>flash_programming_cpu01.obj</file>
         <name>flash_programming_cpu01.obj</name>
      </input_file>
      <input_file id="fl-13">
         <kind>object</kind>
         <file>&lt;internal&gt;</file>
         <name>&lt;internal&gt;</name>
      </input_file>
      <input_file id="fl-14">
         <path>..\</path>
         <kind>archive</kind>
         <file>F021_API_F2837xD_FPU32.lib</file>
         <name>Async.obj</name>
      </input_file>
      <input_file id="fl-15">
         <path>..\</path>
         <kind>archive</kind>
         <file>F021_API_F2837xD_FPU32.lib</file>
         <name>Verify.obj</name>
      </input_file>
      <input_file id="fl-16">
         <path>..\</path>
         <kind>archive</kind>
         <file>F021_API_F2837xD_FPU32.lib</file>
         <name>Read.obj</name>
      </input_file>
      <input_file id="fl-17">
         <path>..\</path>
         <kind>archive</kind>
         <file>F021_API_F2837xD_FPU32.lib</file>
         <name>BlankCheck.obj</name>
      </input_file>
      <input_file id="fl-18">
         <path>..\</path>
         <kind>archive</kind>
         <file>F021_API_F2837xD_FPU32.lib</file>
         <name>Utilities.obj</name>
      </input_file>
      <input_file id="fl-19">
         <path>..\</path>
         <kind>archive</kind>
         <file>F021_API_F2837xD_FPU32.lib</file>
         <name>Init.obj</name>
      </input_file>
      <input_file id="fl-1a">
         <path>..\</path>
         <kind>archive</kind>
         <file>F021_API_F2837xD_FPU32.lib</file>
         <name>FlashStateMachine.obj</name>
      </input_file>
      <input_file id="fl-1b">
         <path>..\</path>
         <kind>archive</kind>
         <file>F021_API_F2837xD_FPU32.lib</file>
         <name>Program.obj</name>
      </input_file>
      <input_file id="fl-1c">
         <path>..\</path>
         <kind>archive</kind>
         <file>F021_API_F2837xD_FPU32.lib</file>
         <name>FlashStateMachine.obj</name>
      </input_file>
      <input_file id="fl-1d">
         <path>C:\ti\ccs920\ccs\tools\compiler\ti-cgt-c2000_18.12.4.LTS\lib\</path>
         <kind>archive</kind>
         <file>rts2800_fpu32.lib</file>
         <name>boot28.asm.obj</name>
      </input_file>
      <input_file id="fl-1e">
         <path>C:\ti\ccs920\ccs\tools\compiler\ti-cgt-c2000_18.12.4.LTS\lib\</path>
         <kind>archive</kind>
         <file>rts2800_fpu32.lib</file>
         <name>fs_div28.asm.obj</name>
      </input_file>
      <input_file id="fl-1f">
         <path>C:\ti\ccs920\ccs\tools\compiler\ti-cgt-c2000_18.12.4.LTS\lib\</path>
         <kind>archive</kind>
         <file>rts2800_fpu32.lib</file>
         <name>ll_aox28.asm.obj</name>
      </input_file>
      <input_file id="fl-20">
         <path>C:\ti\ccs920\ccs\tools\compiler\ti-cgt-c2000_18.12.4.LTS\lib\</path>
         <kind>archive</kind>
         <file>rts2800_fpu32.lib</file>
         <name>cpy_tbl.c.obj</name>
      </input_file>
      <input_file id="fl-21">
         <path>C:\ti\ccs920\ccs\tools\compiler\ti-cgt-c2000_18.12.4.LTS\lib\</path>
         <kind>archive</kind>
         <file>rts2800_fpu32.lib</file>
         <name>memcpy.c.obj</name>
      </input_file>
      <input_file id="fl-22">
         <path>C:\ti\ccs920\ccs\tools\compiler\ti-cgt-c2000_18.12.4.LTS\lib\</path>
         <kind>archive</kind>
         <file>rts2800_fpu32.lib</file>
         <name>pre_init.c.obj</name>
      </input_file>
      <input_file id="fl-23">
         <path>C:\ti\ccs920\ccs\tools\compiler\ti-cgt-c2000_18.12.4.LTS\lib\</path>
         <kind>archive</kind>
         <file>rts2800_fpu32.lib</file>
         <name>startup.c.obj</name>
      </input_file>
      <input_file id="fl-24">
         <path>C:\ti\ccs920\ccs\tools\compiler\ti-cgt-c2000_18.12.4.LTS\lib\</path>
         <kind>archive</kind>
         <file>rts2800_fpu32.lib</file>
         <name>exit.c.obj</name>
      </input_file>
      <input_file id="fl-25">
         <path>C:\ti\ccs920\ccs\tools\compiler\ti-cgt-c2000_18.12.4.LTS\lib\</path>
         <kind>archive</kind>
         <file>rts2800_fpu32.lib</file>
         <name>_lock.c.obj</name>
      </input_file>
      <input_file id="fl-26">
         <path>C:\ti\ccs920\ccs\tools\compiler\ti-cgt-c2000_18.12.4.LTS\lib\</path>
         <kind>archive</kind>
         <file>rts2800_fpu32.lib</file>
         <name>args_main.c.obj</name>
      </input_file>
      <input_file id="fl-27">
         <path>C:\ti\ccs920\ccs\tools\compiler\ti-cgt-c2000_18.12.4.LTS\lib\</path>
         <kind>archive</kind>
         <file>rts2800_fpu32.lib</file>
         <name>memset.c.obj</name>
      </input_file>
   </input_file_list>
   <object_component_list>
      <object_component id="oc-103">
         <name>.cinit</name>
         <load_address>0x86207</load_address>
         <run_address>0x86207</run_address>
         <size>0xe</size>
         <input_file_ref idref="fl-24"/>
      </object_component>
      <object_component id="oc-120">
         <name>.cinit:__lock</name>
         <load_address>0x86215</load_address>
         <run_address>0x86215</run_address>
         <size>0x5</size>
         <input_file_ref idref="fl-25"/>
      </object_component>
      <object_component id="oc-127">
         <name>.cinit:__unlock</name>
         <load_address>0x8621a</load_address>
         <run_address>0x8621a</run_address>
         <size>0x5</size>
         <input_file_ref idref="fl-25"/>
      </object_component>
      <object_component id="oc-b1">
         <name>.cinit</name>
         <load_address>0x8621f</load_address>
         <run_address>0x8621f</run_address>
         <size>0x5</size>
         <input_file_ref idref="fl-b"/>
      </object_component>
      <object_component id="oc-88">
         <name>.text:retain</name>
         <load_address>0x86226</load_address>
         <run_address>0x86226</run_address>
         <size>0x585</size>
         <input_file_ref idref="fl-3"/>
      </object_component>
      <object_component id="oc-121">
         <name>.text</name>
         <load_address>0x867ab</load_address>
         <run_address>0x867ab</run_address>
         <size>0x49b</size>
         <input_file_ref idref="fl-8"/>
      </object_component>
      <object_component id="oc-133">
         <name>.text:__Fapi_setupFlashStateMachine</name>
         <load_address>0x86c46</load_address>
         <run_address>0x86c46</run_address>
         <size>0x259</size>
         <input_file_ref idref="fl-1a"/>
      </object_component>
      <object_component id="oc-128">
         <name>.text</name>
         <load_address>0x86e9f</load_address>
         <run_address>0x86e9f</run_address>
         <size>0x244</size>
         <input_file_ref idref="fl-4"/>
      </object_component>
      <object_component id="oc-12f">
         <name>.text:_Fapi_issueProgrammingCommand</name>
         <load_address>0x870e3</load_address>
         <run_address>0x870e3</run_address>
         <size>0x19d</size>
         <input_file_ref idref="fl-1b"/>
      </object_component>
      <object_component id="oc-137">
         <name>.text:__Fapi_loopRegionForValue</name>
         <load_address>0x87280</load_address>
         <run_address>0x87280</run_address>
         <size>0x88</size>
         <input_file_ref idref="fl-16"/>
      </object_component>
      <object_component id="oc-e4">
         <name>.text</name>
         <load_address>0x87308</load_address>
         <run_address>0x87308</run_address>
         <size>0x88</size>
         <input_file_ref idref="fl-1e"/>
      </object_component>
      <object_component id="oc-138">
         <name>.text:__Fapi_checkRegionForValue</name>
         <load_address>0x87390</load_address>
         <run_address>0x87390</run_address>
         <size>0x7f</size>
         <input_file_ref idref="fl-16"/>
      </object_component>
      <object_component id="oc-dd">
         <name>.text</name>
         <load_address>0x8740f</load_address>
         <run_address>0x8740f</run_address>
         <size>0x56</size>
         <input_file_ref idref="fl-1d"/>
      </object_component>
      <object_component id="oc-12e">
         <name>.text:_Fapi_doBlankCheck</name>
         <load_address>0x87465</load_address>
         <run_address>0x87465</run_address>
         <size>0x42</size>
         <input_file_ref idref="fl-17"/>
      </object_component>
      <object_component id="oc-12a">
         <name>.text:_Fapi_initializeAPI</name>
         <load_address>0x874a7</load_address>
         <run_address>0x874a7</run_address>
         <size>0x34</size>
         <input_file_ref idref="fl-19"/>
      </object_component>
      <object_component id="oc-13f">
         <name>.text:_Fapi_calculateFletcherChecksum</name>
         <load_address>0x874db</load_address>
         <run_address>0x874db</run_address>
         <size>0x2e</size>
         <input_file_ref idref="fl-18"/>
      </object_component>
      <object_component id="oc-134">
         <name>.text:__Fapi_issueFsmCommand</name>
         <load_address>0x87509</load_address>
         <run_address>0x87509</run_address>
         <size>0x2d</size>
         <input_file_ref idref="fl-1a"/>
      </object_component>
      <object_component id="oc-139">
         <name>.text:__Fapi_divideUnsignedLong</name>
         <load_address>0x87536</load_address>
         <run_address>0x87536</run_address>
         <size>0x2c</size>
         <input_file_ref idref="fl-18"/>
      </object_component>
      <object_component id="oc-11c">
         <name>.text</name>
         <load_address>0x87562</load_address>
         <run_address>0x87562</run_address>
         <size>0x29</size>
         <input_file_ref idref="fl-24"/>
      </object_component>
      <object_component id="oc-122">
         <name>.text</name>
         <load_address>0x8758b</load_address>
         <run_address>0x8758b</run_address>
         <size>0x28</size>
         <input_file_ref idref="fl-6"/>
      </object_component>
      <object_component id="oc-123">
         <name>.text</name>
         <load_address>0x875b3</load_address>
         <run_address>0x875b3</run_address>
         <size>0x26</size>
         <input_file_ref idref="fl-7"/>
      </object_component>
      <object_component id="oc-12b">
         <name>.text:_Fapi_setActiveFlashBank</name>
         <load_address>0x875d9</load_address>
         <run_address>0x875d9</run_address>
         <size>0x25</size>
         <input_file_ref idref="fl-1a"/>
      </object_component>
      <object_component id="oc-119">
         <name>.text</name>
         <load_address>0x875fe</load_address>
         <run_address>0x875fe</run_address>
         <size>0x24</size>
         <input_file_ref idref="fl-20"/>
      </object_component>
      <object_component id="oc-13e">
         <name>.text:_Fapi_isAddressEcc</name>
         <load_address>0x87622</load_address>
         <run_address>0x87622</run_address>
         <size>0x22</size>
         <input_file_ref idref="fl-1c"/>
      </object_component>
      <object_component id="oc-135">
         <name>.text:__Fapi_setupSectorsForWrite</name>
         <load_address>0x87644</load_address>
         <run_address>0x87644</run_address>
         <size>0x22</size>
         <input_file_ref idref="fl-1a"/>
      </object_component>
      <object_component id="oc-12c">
         <name>.text:_Fapi_issueAsyncCommandWithAddress</name>
         <load_address>0x87666</load_address>
         <run_address>0x87666</run_address>
         <size>0x20</size>
         <input_file_ref idref="fl-14"/>
      </object_component>
      <object_component id="oc-11d">
         <name>.text</name>
         <load_address>0x87686</load_address>
         <run_address>0x87686</run_address>
         <size>0x1d</size>
         <input_file_ref idref="fl-21"/>
      </object_component>
      <object_component id="oc-13d">
         <name>.text:_Fapi_waitDelay</name>
         <load_address>0x876a3</load_address>
         <run_address>0x876a3</run_address>
         <size>0x1a</size>
         <input_file_ref idref="fl-18"/>
      </object_component>
      <object_component id="oc-11b">
         <name>.text</name>
         <load_address>0x876bd</load_address>
         <run_address>0x876bd</run_address>
         <size>0x19</size>
         <input_file_ref idref="fl-26"/>
      </object_component>
      <object_component id="oc-e9">
         <name>.text</name>
         <load_address>0x876d6</load_address>
         <run_address>0x876d6</run_address>
         <size>0x18</size>
         <input_file_ref idref="fl-1f"/>
      </object_component>
      <object_component id="oc-136">
         <name>.text:_Fapi_flushPipeline</name>
         <load_address>0x876ee</load_address>
         <run_address>0x876ee</run_address>
         <size>0x16</size>
         <input_file_ref idref="fl-16"/>
      </object_component>
      <object_component id="oc-11e">
         <name>.text</name>
         <load_address>0x87704</load_address>
         <run_address>0x87704</run_address>
         <size>0x13</size>
         <input_file_ref idref="fl-b"/>
      </object_component>
      <object_component id="oc-131">
         <name>.text:_Fapi_doVerify</name>
         <load_address>0x87717</load_address>
         <run_address>0x87717</run_address>
         <size>0xf</size>
         <input_file_ref idref="fl-15"/>
      </object_component>
      <object_component id="oc-13b">
         <name>.text:__Fapi_scaleCycleValues</name>
         <load_address>0x87726</load_address>
         <run_address>0x87726</run_address>
         <size>0xd</size>
         <input_file_ref idref="fl-18"/>
      </object_component>
      <object_component id="oc-13a">
         <name>.text:__Fapi_calculateOtpChecksum</name>
         <load_address>0x87733</load_address>
         <run_address>0x87733</run_address>
         <size>0xb</size>
         <input_file_ref idref="fl-18"/>
      </object_component>
      <object_component id="oc-12d">
         <name>.text:_Fapi_checkFsmForReady</name>
         <load_address>0x8773e</load_address>
         <run_address>0x8773e</run_address>
         <size>0xa</size>
         <input_file_ref idref="fl-1c"/>
      </object_component>
      <object_component id="oc-126">
         <name>.text</name>
         <load_address>0x87748</load_address>
         <run_address>0x87748</run_address>
         <size>0x9</size>
         <input_file_ref idref="fl-25"/>
      </object_component>
      <object_component id="oc-130">
         <name>.text:_Fapi_getFsmStatus</name>
         <load_address>0x87751</load_address>
         <run_address>0x87751</run_address>
         <size>0x6</size>
         <input_file_ref idref="fl-1a"/>
      </object_component>
      <object_component id="oc-118">
         <name>.text</name>
         <load_address>0x87757</load_address>
         <run_address>0x87757</run_address>
         <size>0x2</size>
         <input_file_ref idref="fl-22"/>
      </object_component>
      <object_component id="oc-11a">
         <name>.text</name>
         <load_address>0x87759</load_address>
         <run_address>0x87759</run_address>
         <size>0x1</size>
         <input_file_ref idref="fl-23"/>
      </object_component>
      <object_component id="oc-82">
         <name>codestart</name>
         <load_address>0x80000</load_address>
         <run_address>0x80000</run_address>
         <size>0x2</size>
         <input_file_ref idref="fl-2"/>
      </object_component>
      <object_component id="oc-125">
         <name>.TI.ramfunc</name>
         <load_address>0x86000</load_address>
         <run_address>0x8000</run_address>
         <size>0x124</size>
         <input_file_ref idref="fl-b"/>
      </object_component>
      <object_component id="oc-13c">
         <name>.TI.ramfunc</name>
         <load_address>0x86124</load_address>
         <run_address>0x8124</run_address>
         <size>0xa8</size>
         <input_file_ref idref="fl-a"/>
      </object_component>
      <object_component id="oc-124">
         <name>.TI.ramfunc</name>
         <load_address>0x861cc</load_address>
         <run_address>0x81cc</run_address>
         <size>0x37</size>
         <input_file_ref idref="fl-8"/>
      </object_component>
      <object_component id="oc-a6">
         <name>.TI.ramfunc</name>
         <load_address>0x86203</load_address>
         <run_address>0x8203</run_address>
         <size>0x4</size>
         <input_file_ref idref="fl-9"/>
      </object_component>
      <object_component id="oc-de">
         <name>.stack</name>
         <uninitialized>true</uninitialized>
         <run_address>0x400</run_address>
         <size>0x0</size>
         <input_file_ref idref="fl-1d"/>
      </object_component>
      <object_component id="oc-1c5">
         <name>.stack</name>
         <uninitialized>true</uninitialized>
         <run_address>0x400</run_address>
         <size>0x0</size>
      </object_component>
      <object_component id="oc-cd">
         <name>.ebss</name>
         <uninitialized>true</uninitialized>
         <run_address>0xa800</run_address>
         <size>0xc</size>
         <input_file_ref idref="fl-19"/>
      </object_component>
      <object_component id="oc-104">
         <name>.ebss</name>
         <uninitialized>true</uninitialized>
         <run_address>0xa80c</run_address>
         <size>0x6</size>
         <input_file_ref idref="fl-24"/>
      </object_component>
      <object_component id="oc-11f">
         <name>.ebss:__lock</name>
         <uninitialized>true</uninitialized>
         <run_address>0xa812</run_address>
         <size>0x2</size>
         <input_file_ref idref="fl-25"/>
      </object_component>
      <object_component id="oc-132">
         <name>.ebss:__unlock</name>
         <uninitialized>true</uninitialized>
         <run_address>0xa814</run_address>
         <size>0x2</size>
         <input_file_ref idref="fl-25"/>
      </object_component>
      <object_component id="oc-b2">
         <name>.ebss</name>
         <uninitialized>true</uninitialized>
         <run_address>0xa816</run_address>
         <size>0x2</size>
         <input_file_ref idref="fl-b"/>
      </object_component>
      <object_component id="oc-129">
         <name>.econst:_PieVectTableInit</name>
         <load_address>0x90000</load_address>
         <run_address>0x90000</run_address>
         <size>0x1c0</size>
         <input_file_ref idref="fl-7"/>
      </object_component>
      <object_component id="oc-df">
         <name>.reset</name>
         <load_address>0x3fffc0</load_address>
         <run_address>0x3fffc0</run_address>
         <size>0x2</size>
         <input_file_ref idref="fl-1d"/>
      </object_component>
      <object_component id="oc-b3">
         <name>BufferDataSection</name>
         <uninitialized>true</uninitialized>
         <run_address>0xb800</run_address>
         <size>0x100</size>
         <input_file_ref idref="fl-b"/>
      </object_component>
      <object_component id="oc-83">
         <name>.debug_line</name>
         <load_address>0x0</load_address>
         <run_address>0x0</run_address>
         <size>0x4d</size>
         <input_file_ref idref="fl-2"/>
      </object_component>
      <object_component id="oc-8a">
         <name>.debug_line</name>
         <load_address>0x4d</load_address>
         <run_address>0x4d</run_address>
         <size>0xcdf</size>
         <input_file_ref idref="fl-3"/>
      </object_component>
      <object_component id="oc-8f">
         <name>.debug_line</name>
         <load_address>0xd2c</load_address>
         <run_address>0xd2c</run_address>
         <size>0x264</size>
         <input_file_ref idref="fl-4"/>
      </object_component>
      <object_component id="oc-94">
         <name>.debug_line</name>
         <load_address>0xf90</load_address>
         <run_address>0xf90</run_address>
         <size>0x31</size>
         <input_file_ref idref="fl-5"/>
      </object_component>
      <object_component id="oc-99">
         <name>.debug_line</name>
         <load_address>0xfc1</load_address>
         <run_address>0xfc1</run_address>
         <size>0x87</size>
         <input_file_ref idref="fl-6"/>
      </object_component>
      <object_component id="oc-9e">
         <name>.debug_line</name>
         <load_address>0x1048</load_address>
         <run_address>0x1048</run_address>
         <size>0x69</size>
         <input_file_ref idref="fl-7"/>
      </object_component>
      <object_component id="oc-a3">
         <name>.debug_line</name>
         <load_address>0x10b1</load_address>
         <run_address>0x10b1</run_address>
         <size>0x573</size>
         <input_file_ref idref="fl-8"/>
      </object_component>
      <object_component id="oc-a7">
         <name>.debug_line</name>
         <load_address>0x1624</load_address>
         <run_address>0x1624</run_address>
         <size>0x4a</size>
         <input_file_ref idref="fl-9"/>
      </object_component>
      <object_component id="oc-ad">
         <name>.debug_line</name>
         <load_address>0x166e</load_address>
         <run_address>0x166e</run_address>
         <size>0xda</size>
         <input_file_ref idref="fl-a"/>
      </object_component>
      <object_component id="oc-b5">
         <name>.debug_line</name>
         <load_address>0x1748</load_address>
         <run_address>0x1748</run_address>
         <size>0x1bf</size>
         <input_file_ref idref="fl-b"/>
      </object_component>
      <object_component id="oc-ba">
         <name>.debug_line</name>
         <load_address>0x1907</load_address>
         <run_address>0x1907</run_address>
         <size>0xb4</size>
         <input_file_ref idref="fl-14"/>
      </object_component>
      <object_component id="oc-be">
         <name>.debug_line</name>
         <load_address>0x19bb</load_address>
         <run_address>0x19bb</run_address>
         <size>0xab</size>
         <input_file_ref idref="fl-15"/>
      </object_component>
      <object_component id="oc-c2">
         <name>.debug_line</name>
         <load_address>0x1a66</load_address>
         <run_address>0x1a66</run_address>
         <size>0x195</size>
         <input_file_ref idref="fl-16"/>
      </object_component>
      <object_component id="oc-c6">
         <name>.debug_line</name>
         <load_address>0x1bfb</load_address>
         <run_address>0x1bfb</run_address>
         <size>0xc7</size>
         <input_file_ref idref="fl-17"/>
      </object_component>
      <object_component id="oc-ca">
         <name>.debug_line</name>
         <load_address>0x1cc2</load_address>
         <run_address>0x1cc2</run_address>
         <size>0x155</size>
         <input_file_ref idref="fl-18"/>
      </object_component>
      <object_component id="oc-cf">
         <name>.debug_line</name>
         <load_address>0x1e17</load_address>
         <run_address>0x1e17</run_address>
         <size>0xa5</size>
         <input_file_ref idref="fl-19"/>
      </object_component>
      <object_component id="oc-d3">
         <name>.debug_line</name>
         <load_address>0x1ebc</load_address>
         <run_address>0x1ebc</run_address>
         <size>0x196</size>
         <input_file_ref idref="fl-1a"/>
      </object_component>
      <object_component id="oc-d7">
         <name>.debug_line</name>
         <load_address>0x2052</load_address>
         <run_address>0x2052</run_address>
         <size>0x1ed</size>
         <input_file_ref idref="fl-1b"/>
      </object_component>
      <object_component id="oc-db">
         <name>.debug_line</name>
         <load_address>0x223f</load_address>
         <run_address>0x223f</run_address>
         <size>0xe3</size>
         <input_file_ref idref="fl-1c"/>
      </object_component>
      <object_component id="oc-e1">
         <name>.debug_line</name>
         <load_address>0x2322</load_address>
         <run_address>0x2322</run_address>
         <size>0x7e</size>
         <input_file_ref idref="fl-1d"/>
      </object_component>
      <object_component id="oc-e6">
         <name>.debug_line</name>
         <load_address>0x23a0</load_address>
         <run_address>0x23a0</run_address>
         <size>0xad</size>
         <input_file_ref idref="fl-1e"/>
      </object_component>
      <object_component id="oc-eb">
         <name>.debug_line</name>
         <load_address>0x244d</load_address>
         <run_address>0x244d</run_address>
         <size>0x6c</size>
         <input_file_ref idref="fl-1f"/>
      </object_component>
      <object_component id="oc-f0">
         <name>.debug_line</name>
         <load_address>0x24b9</load_address>
         <run_address>0x24b9</run_address>
         <size>0x50</size>
         <input_file_ref idref="fl-20"/>
      </object_component>
      <object_component id="oc-f5">
         <name>.debug_line</name>
         <load_address>0x2509</load_address>
         <run_address>0x2509</run_address>
         <size>0x62</size>
         <input_file_ref idref="fl-21"/>
      </object_component>
      <object_component id="oc-fa">
         <name>.debug_line</name>
         <load_address>0x256b</load_address>
         <run_address>0x256b</run_address>
         <size>0x3e</size>
         <input_file_ref idref="fl-22"/>
      </object_component>
      <object_component id="oc-ff">
         <name>.debug_line</name>
         <load_address>0x25a9</load_address>
         <run_address>0x25a9</run_address>
         <size>0x3a</size>
         <input_file_ref idref="fl-23"/>
      </object_component>
      <object_component id="oc-106">
         <name>.debug_line</name>
         <load_address>0x25e3</load_address>
         <run_address>0x25e3</run_address>
         <size>0x65</size>
         <input_file_ref idref="fl-24"/>
      </object_component>
      <object_component id="oc-10b">
         <name>.debug_line</name>
         <load_address>0x2648</load_address>
         <run_address>0x2648</run_address>
         <size>0x5e</size>
         <input_file_ref idref="fl-25"/>
      </object_component>
      <object_component id="oc-110">
         <name>.debug_line</name>
         <load_address>0x26a6</load_address>
         <run_address>0x26a6</run_address>
         <size>0x55</size>
         <input_file_ref idref="fl-26"/>
      </object_component>
      <object_component id="oc-115">
         <name>.debug_line</name>
         <load_address>0x26fb</load_address>
         <run_address>0x26fb</run_address>
         <size>0x8d</size>
         <input_file_ref idref="fl-27"/>
      </object_component>
      <object_component id="oc-84">
         <name>.debug_info</name>
         <load_address>0x0</load_address>
         <run_address>0x0</run_address>
         <size>0x11b</size>
         <input_file_ref idref="fl-2"/>
      </object_component>
      <object_component id="oc-87">
         <name>.debug_info</name>
         <load_address>0x11b</load_address>
         <run_address>0x11b</run_address>
         <size>0x34e9</size>
         <input_file_ref idref="fl-3"/>
      </object_component>
      <object_component id="oc-8d">
         <name>.debug_info</name>
         <load_address>0x3604</load_address>
         <run_address>0x3604</run_address>
         <size>0x19f70</size>
         <input_file_ref idref="fl-4"/>
      </object_component>
      <object_component id="oc-92">
         <name>.debug_info</name>
         <load_address>0x1d574</load_address>
         <run_address>0x1d574</run_address>
         <size>0x163b</size>
         <input_file_ref idref="fl-5"/>
      </object_component>
      <object_component id="oc-97">
         <name>.debug_info</name>
         <load_address>0x1ebaf</load_address>
         <run_address>0x1ebaf</run_address>
         <size>0x355a</size>
         <input_file_ref idref="fl-6"/>
      </object_component>
      <object_component id="oc-9c">
         <name>.debug_info</name>
         <load_address>0x22109</load_address>
         <run_address>0x22109</run_address>
         <size>0x6720</size>
         <input_file_ref idref="fl-7"/>
      </object_component>
      <object_component id="oc-a1">
         <name>.debug_info</name>
         <load_address>0x28829</load_address>
         <run_address>0x28829</run_address>
         <size>0xcc5d</size>
         <input_file_ref idref="fl-8"/>
      </object_component>
      <object_component id="oc-a8">
         <name>.debug_info</name>
         <load_address>0x35486</load_address>
         <run_address>0x35486</run_address>
         <size>0x116</size>
         <input_file_ref idref="fl-9"/>
      </object_component>
      <object_component id="oc-ab">
         <name>.debug_info</name>
         <load_address>0x3559c</load_address>
         <run_address>0x3559c</run_address>
         <size>0xd5f2</size>
         <input_file_ref idref="fl-a"/>
      </object_component>
      <object_component id="oc-b0">
         <name>.debug_info</name>
         <load_address>0x42b8e</load_address>
         <run_address>0x42b8e</run_address>
         <size>0xe59a</size>
         <input_file_ref idref="fl-b"/>
      </object_component>
      <object_component id="oc-b8">
         <name>.debug_info</name>
         <load_address>0x51128</load_address>
         <run_address>0x51128</run_address>
         <size>0xd187</size>
         <input_file_ref idref="fl-14"/>
      </object_component>
      <object_component id="oc-bc">
         <name>.debug_info</name>
         <load_address>0x5e2af</load_address>
         <run_address>0x5e2af</run_address>
         <size>0xa35</size>
         <input_file_ref idref="fl-15"/>
      </object_component>
      <object_component id="oc-c0">
         <name>.debug_info</name>
         <load_address>0x5ece4</load_address>
         <run_address>0x5ece4</run_address>
         <size>0xd86f</size>
         <input_file_ref idref="fl-16"/>
      </object_component>
      <object_component id="oc-c4">
         <name>.debug_info</name>
         <load_address>0x6c553</load_address>
         <run_address>0x6c553</run_address>
         <size>0xd293</size>
         <input_file_ref idref="fl-17"/>
      </object_component>
      <object_component id="oc-c8">
         <name>.debug_info</name>
         <load_address>0x797e6</load_address>
         <run_address>0x797e6</run_address>
         <size>0xd786</size>
         <input_file_ref idref="fl-18"/>
      </object_component>
      <object_component id="oc-cc">
         <name>.debug_info</name>
         <load_address>0x86f6c</load_address>
         <run_address>0x86f6c</run_address>
         <size>0xcfc7</size>
         <input_file_ref idref="fl-19"/>
      </object_component>
      <object_component id="oc-d1">
         <name>.debug_info</name>
         <load_address>0x93f33</load_address>
         <run_address>0x93f33</run_address>
         <size>0xdaed</size>
         <input_file_ref idref="fl-1a"/>
      </object_component>
      <object_component id="oc-d5">
         <name>.debug_info</name>
         <load_address>0xa1a20</load_address>
         <run_address>0xa1a20</run_address>
         <size>0xd816</size>
         <input_file_ref idref="fl-1b"/>
      </object_component>
      <object_component id="oc-d9">
         <name>.debug_info</name>
         <load_address>0xaf236</load_address>
         <run_address>0xaf236</run_address>
         <size>0xd124</size>
         <input_file_ref idref="fl-1c"/>
      </object_component>
      <object_component id="oc-e0">
         <name>.debug_info</name>
         <load_address>0xbc35a</load_address>
         <run_address>0xbc35a</run_address>
         <size>0x172</size>
         <input_file_ref idref="fl-1d"/>
      </object_component>
      <object_component id="oc-e5">
         <name>.debug_info</name>
         <load_address>0xbc4cc</load_address>
         <run_address>0xbc4cc</run_address>
         <size>0x113</size>
         <input_file_ref idref="fl-1e"/>
      </object_component>
      <object_component id="oc-ea">
         <name>.debug_info</name>
         <load_address>0xbc5df</load_address>
         <run_address>0xbc5df</run_address>
         <size>0x175</size>
         <input_file_ref idref="fl-1f"/>
      </object_component>
      <object_component id="oc-ee">
         <name>.debug_info</name>
         <load_address>0xbc754</load_address>
         <run_address>0xbc754</run_address>
         <size>0x560</size>
         <input_file_ref idref="fl-20"/>
      </object_component>
      <object_component id="oc-f3">
         <name>.debug_info</name>
         <load_address>0xbccb4</load_address>
         <run_address>0xbccb4</run_address>
         <size>0x439</size>
         <input_file_ref idref="fl-21"/>
      </object_component>
      <object_component id="oc-f8">
         <name>.debug_info</name>
         <load_address>0xbd0ed</load_address>
         <run_address>0xbd0ed</run_address>
         <size>0x3ac</size>
         <input_file_ref idref="fl-22"/>
      </object_component>
      <object_component id="oc-fd">
         <name>.debug_info</name>
         <load_address>0xbd499</load_address>
         <run_address>0xbd499</run_address>
         <size>0x3a9</size>
         <input_file_ref idref="fl-23"/>
      </object_component>
      <object_component id="oc-102">
         <name>.debug_info</name>
         <load_address>0xbd842</load_address>
         <run_address>0xbd842</run_address>
         <size>0x543</size>
         <input_file_ref idref="fl-24"/>
      </object_component>
      <object_component id="oc-109">
         <name>.debug_info</name>
         <load_address>0xbdd85</load_address>
         <run_address>0xbdd85</run_address>
         <size>0x4cb</size>
         <input_file_ref idref="fl-25"/>
      </object_component>
      <object_component id="oc-10e">
         <name>.debug_info</name>
         <load_address>0xbe250</load_address>
         <run_address>0xbe250</run_address>
         <size>0x466</size>
         <input_file_ref idref="fl-26"/>
      </object_component>
      <object_component id="oc-113">
         <name>.debug_info</name>
         <load_address>0xbe6b6</load_address>
         <run_address>0xbe6b6</run_address>
         <size>0x375</size>
         <input_file_ref idref="fl-27"/>
      </object_component>
      <object_component id="oc-1c9">
         <name>.debug_info</name>
         <load_address>0xbea2b</load_address>
         <run_address>0xbea2b</run_address>
         <size>0xd0</size>
      </object_component>
      <object_component id="oc-85">
         <name>.debug_abbrev</name>
         <load_address>0x0</load_address>
         <run_address>0x0</run_address>
         <size>0x21</size>
         <input_file_ref idref="fl-2"/>
      </object_component>
      <object_component id="oc-8b">
         <name>.debug_abbrev</name>
         <load_address>0x21</load_address>
         <run_address>0x21</run_address>
         <size>0xb6</size>
         <input_file_ref idref="fl-3"/>
      </object_component>
      <object_component id="oc-90">
         <name>.debug_abbrev</name>
         <load_address>0xd7</load_address>
         <run_address>0xd7</run_address>
         <size>0x191</size>
         <input_file_ref idref="fl-4"/>
      </object_component>
      <object_component id="oc-95">
         <name>.debug_abbrev</name>
         <load_address>0x268</load_address>
         <run_address>0x268</run_address>
         <size>0x15f</size>
         <input_file_ref idref="fl-5"/>
      </object_component>
      <object_component id="oc-9a">
         <name>.debug_abbrev</name>
         <load_address>0x3c7</load_address>
         <run_address>0x3c7</run_address>
         <size>0xc8</size>
         <input_file_ref idref="fl-6"/>
      </object_component>
      <object_component id="oc-9f">
         <name>.debug_abbrev</name>
         <load_address>0x48f</load_address>
         <run_address>0x48f</run_address>
         <size>0x116</size>
         <input_file_ref idref="fl-7"/>
      </object_component>
      <object_component id="oc-a4">
         <name>.debug_abbrev</name>
         <load_address>0x5a5</load_address>
         <run_address>0x5a5</run_address>
         <size>0x1b5</size>
         <input_file_ref idref="fl-8"/>
      </object_component>
      <object_component id="oc-a9">
         <name>.debug_abbrev</name>
         <load_address>0x75a</load_address>
         <run_address>0x75a</run_address>
         <size>0x2f</size>
         <input_file_ref idref="fl-9"/>
      </object_component>
      <object_component id="oc-ae">
         <name>.debug_abbrev</name>
         <load_address>0x789</load_address>
         <run_address>0x789</run_address>
         <size>0x114</size>
         <input_file_ref idref="fl-a"/>
      </object_component>
      <object_component id="oc-b6">
         <name>.debug_abbrev</name>
         <load_address>0x89d</load_address>
         <run_address>0x89d</run_address>
         <size>0x1e0</size>
         <input_file_ref idref="fl-b"/>
      </object_component>
      <object_component id="oc-bb">
         <name>.debug_abbrev</name>
         <load_address>0xa7d</load_address>
         <run_address>0xa7d</run_address>
         <size>0x140</size>
         <input_file_ref idref="fl-14"/>
      </object_component>
      <object_component id="oc-bf">
         <name>.debug_abbrev</name>
         <load_address>0xbbd</load_address>
         <run_address>0xbbd</run_address>
         <size>0xf3</size>
         <input_file_ref idref="fl-15"/>
      </object_component>
      <object_component id="oc-c3">
         <name>.debug_abbrev</name>
         <load_address>0xcb0</load_address>
         <run_address>0xcb0</run_address>
         <size>0x1cc</size>
         <input_file_ref idref="fl-16"/>
      </object_component>
      <object_component id="oc-c7">
         <name>.debug_abbrev</name>
         <load_address>0xe7c</load_address>
         <run_address>0xe7c</run_address>
         <size>0x14e</size>
         <input_file_ref idref="fl-17"/>
      </object_component>
      <object_component id="oc-cb">
         <name>.debug_abbrev</name>
         <load_address>0xfca</load_address>
         <run_address>0xfca</run_address>
         <size>0x140</size>
         <input_file_ref idref="fl-18"/>
      </object_component>
      <object_component id="oc-d0">
         <name>.debug_abbrev</name>
         <load_address>0x110a</load_address>
         <run_address>0x110a</run_address>
         <size>0x11b</size>
         <input_file_ref idref="fl-19"/>
      </object_component>
      <object_component id="oc-d4">
         <name>.debug_abbrev</name>
         <load_address>0x1225</load_address>
         <run_address>0x1225</run_address>
         <size>0x19c</size>
         <input_file_ref idref="fl-1a"/>
      </object_component>
      <object_component id="oc-d8">
         <name>.debug_abbrev</name>
         <load_address>0x13c1</load_address>
         <run_address>0x13c1</run_address>
         <size>0x167</size>
         <input_file_ref idref="fl-1b"/>
      </object_component>
      <object_component id="oc-dc">
         <name>.debug_abbrev</name>
         <load_address>0x1528</load_address>
         <run_address>0x1528</run_address>
         <size>0x11b</size>
         <input_file_ref idref="fl-1c"/>
      </object_component>
      <object_component id="oc-e2">
         <name>.debug_abbrev</name>
         <load_address>0x1643</load_address>
         <run_address>0x1643</run_address>
         <size>0x46</size>
         <input_file_ref idref="fl-1d"/>
      </object_component>
      <object_component id="oc-e7">
         <name>.debug_abbrev</name>
         <load_address>0x1689</load_address>
         <run_address>0x1689</run_address>
         <size>0x38</size>
         <input_file_ref idref="fl-1e"/>
      </object_component>
      <object_component id="oc-ec">
         <name>.debug_abbrev</name>
         <load_address>0x16c1</load_address>
         <run_address>0x16c1</run_address>
         <size>0x38</size>
         <input_file_ref idref="fl-1f"/>
      </object_component>
      <object_component id="oc-f1">
         <name>.debug_abbrev</name>
         <load_address>0x16f9</load_address>
         <run_address>0x16f9</run_address>
         <size>0xe3</size>
         <input_file_ref idref="fl-20"/>
      </object_component>
      <object_component id="oc-f6">
         <name>.debug_abbrev</name>
         <load_address>0x17dc</load_address>
         <run_address>0x17dc</run_address>
         <size>0xa8</size>
         <input_file_ref idref="fl-21"/>
      </object_component>
      <object_component id="oc-fb">
         <name>.debug_abbrev</name>
         <load_address>0x1884</load_address>
         <run_address>0x1884</run_address>
         <size>0x68</size>
         <input_file_ref idref="fl-22"/>
      </object_component>
      <object_component id="oc-100">
         <name>.debug_abbrev</name>
         <load_address>0x18ec</load_address>
         <run_address>0x18ec</run_address>
         <size>0x66</size>
         <input_file_ref idref="fl-23"/>
      </object_component>
      <object_component id="oc-107">
         <name>.debug_abbrev</name>
         <load_address>0x1952</load_address>
         <run_address>0x1952</run_address>
         <size>0x130</size>
         <input_file_ref idref="fl-24"/>
      </object_component>
      <object_component id="oc-10c">
         <name>.debug_abbrev</name>
         <load_address>0x1a82</load_address>
         <run_address>0x1a82</run_address>
         <size>0xb2</size>
         <input_file_ref idref="fl-25"/>
      </object_component>
      <object_component id="oc-111">
         <name>.debug_abbrev</name>
         <load_address>0x1b34</load_address>
         <run_address>0x1b34</run_address>
         <size>0xee</size>
         <input_file_ref idref="fl-26"/>
      </object_component>
      <object_component id="oc-116">
         <name>.debug_abbrev</name>
         <load_address>0x1c22</load_address>
         <run_address>0x1c22</run_address>
         <size>0xa8</size>
         <input_file_ref idref="fl-27"/>
      </object_component>
      <object_component id="oc-1ca">
         <name>.debug_abbrev</name>
         <load_address>0x1cca</load_address>
         <run_address>0x1cca</run_address>
         <size>0xf</size>
      </object_component>
      <object_component id="oc-86">
         <name>.debug_aranges</name>
         <load_address>0x0</load_address>
         <run_address>0x0</run_address>
         <size>0x20</size>
         <input_file_ref idref="fl-2"/>
      </object_component>
      <object_component id="oc-8c">
         <name>.debug_aranges</name>
         <load_address>0x20</load_address>
         <run_address>0x20</run_address>
         <size>0x480</size>
         <input_file_ref idref="fl-3"/>
      </object_component>
      <object_component id="oc-91">
         <name>.debug_aranges</name>
         <load_address>0x4a0</load_address>
         <run_address>0x4a0</run_address>
         <size>0x88</size>
         <input_file_ref idref="fl-4"/>
      </object_component>
      <object_component id="oc-96">
         <name>.debug_aranges</name>
         <load_address>0x528</load_address>
         <run_address>0x528</run_address>
         <size>0x18</size>
         <input_file_ref idref="fl-5"/>
      </object_component>
      <object_component id="oc-9b">
         <name>.debug_aranges</name>
         <load_address>0x540</load_address>
         <run_address>0x540</run_address>
         <size>0x28</size>
         <input_file_ref idref="fl-6"/>
      </object_component>
      <object_component id="oc-a0">
         <name>.debug_aranges</name>
         <load_address>0x568</load_address>
         <run_address>0x568</run_address>
         <size>0x20</size>
         <input_file_ref idref="fl-7"/>
      </object_component>
      <object_component id="oc-a5">
         <name>.debug_aranges</name>
         <load_address>0x588</load_address>
         <run_address>0x588</run_address>
         <size>0xc8</size>
         <input_file_ref idref="fl-8"/>
      </object_component>
      <object_component id="oc-aa">
         <name>.debug_aranges</name>
         <load_address>0x650</load_address>
         <run_address>0x650</run_address>
         <size>0x20</size>
         <input_file_ref idref="fl-9"/>
      </object_component>
      <object_component id="oc-af">
         <name>.debug_aranges</name>
         <load_address>0x670</load_address>
         <run_address>0x670</run_address>
         <size>0x30</size>
         <input_file_ref idref="fl-a"/>
      </object_component>
      <object_component id="oc-b7">
         <name>.debug_aranges</name>
         <load_address>0x6a0</load_address>
         <run_address>0x6a0</run_address>
         <size>0x38</size>
         <input_file_ref idref="fl-b"/>
      </object_component>
      <object_component id="oc-e3">
         <name>.debug_aranges</name>
         <load_address>0x6d8</load_address>
         <run_address>0x6d8</run_address>
         <size>0x20</size>
         <input_file_ref idref="fl-1d"/>
      </object_component>
      <object_component id="oc-e8">
         <name>.debug_aranges</name>
         <load_address>0x6f8</load_address>
         <run_address>0x6f8</run_address>
         <size>0x20</size>
         <input_file_ref idref="fl-1e"/>
      </object_component>
      <object_component id="oc-ed">
         <name>.debug_aranges</name>
         <load_address>0x718</load_address>
         <run_address>0x718</run_address>
         <size>0x30</size>
         <input_file_ref idref="fl-1f"/>
      </object_component>
      <object_component id="oc-f2">
         <name>.debug_aranges</name>
         <load_address>0x748</load_address>
         <run_address>0x748</run_address>
         <size>0x20</size>
         <input_file_ref idref="fl-20"/>
      </object_component>
      <object_component id="oc-f7">
         <name>.debug_aranges</name>
         <load_address>0x768</load_address>
         <run_address>0x768</run_address>
         <size>0x20</size>
         <input_file_ref idref="fl-21"/>
      </object_component>
      <object_component id="oc-fc">
         <name>.debug_aranges</name>
         <load_address>0x788</load_address>
         <run_address>0x788</run_address>
         <size>0x20</size>
         <input_file_ref idref="fl-22"/>
      </object_component>
      <object_component id="oc-101">
         <name>.debug_aranges</name>
         <load_address>0x7a8</load_address>
         <run_address>0x7a8</run_address>
         <size>0x20</size>
         <input_file_ref idref="fl-23"/>
      </object_component>
      <object_component id="oc-108">
         <name>.debug_aranges</name>
         <load_address>0x7c8</load_address>
         <run_address>0x7c8</run_address>
         <size>0x28</size>
         <input_file_ref idref="fl-24"/>
      </object_component>
      <object_component id="oc-10d">
         <name>.debug_aranges</name>
         <load_address>0x7f0</load_address>
         <run_address>0x7f0</run_address>
         <size>0x30</size>
         <input_file_ref idref="fl-25"/>
      </object_component>
      <object_component id="oc-112">
         <name>.debug_aranges</name>
         <load_address>0x820</load_address>
         <run_address>0x820</run_address>
         <size>0x20</size>
         <input_file_ref idref="fl-26"/>
      </object_component>
      <object_component id="oc-117">
         <name>.debug_aranges</name>
         <load_address>0x840</load_address>
         <run_address>0x840</run_address>
         <size>0x18</size>
         <input_file_ref idref="fl-27"/>
      </object_component>
      <object_component id="oc-89">
         <name>.debug_frame</name>
         <load_address>0x0</load_address>
         <run_address>0x0</run_address>
         <size>0x11d0</size>
         <input_file_ref idref="fl-3"/>
      </object_component>
      <object_component id="oc-8e">
         <name>.debug_frame</name>
         <load_address>0x11d0</load_address>
         <run_address>0x11d0</run_address>
         <size>0x1a8</size>
         <input_file_ref idref="fl-4"/>
      </object_component>
      <object_component id="oc-93">
         <name>.debug_frame</name>
         <load_address>0x1378</load_address>
         <run_address>0x1378</run_address>
         <size>0x28</size>
         <input_file_ref idref="fl-5"/>
      </object_component>
      <object_component id="oc-98">
         <name>.debug_frame</name>
         <load_address>0x13a0</load_address>
         <run_address>0x13a0</run_address>
         <size>0x58</size>
         <input_file_ref idref="fl-6"/>
      </object_component>
      <object_component id="oc-9d">
         <name>.debug_frame</name>
         <load_address>0x13f8</load_address>
         <run_address>0x13f8</run_address>
         <size>0x44</size>
         <input_file_ref idref="fl-7"/>
      </object_component>
      <object_component id="oc-a2">
         <name>.debug_frame</name>
         <load_address>0x143c</load_address>
         <run_address>0x143c</run_address>
         <size>0x250</size>
         <input_file_ref idref="fl-8"/>
      </object_component>
      <object_component id="oc-ac">
         <name>.debug_frame</name>
         <load_address>0x168c</load_address>
         <run_address>0x168c</run_address>
         <size>0x70</size>
         <input_file_ref idref="fl-a"/>
      </object_component>
      <object_component id="oc-b4">
         <name>.debug_frame</name>
         <load_address>0x16fc</load_address>
         <run_address>0x16fc</run_address>
         <size>0x94</size>
         <input_file_ref idref="fl-b"/>
      </object_component>
      <object_component id="oc-b9">
         <name>.debug_frame</name>
         <load_address>0x19e8</load_address>
         <run_address>0x19e8</run_address>
         <size>0xac</size>
         <input_file_ref idref="fl-14"/>
      </object_component>
      <object_component id="oc-bd">
         <name>.debug_frame</name>
         <load_address>0x1a94</load_address>
         <run_address>0x1a94</run_address>
         <size>0xac</size>
         <input_file_ref idref="fl-15"/>
      </object_component>
      <object_component id="oc-c1">
         <name>.debug_frame</name>
         <load_address>0x1b40</load_address>
         <run_address>0x1b40</run_address>
         <size>0xea</size>
         <input_file_ref idref="fl-16"/>
      </object_component>
      <object_component id="oc-c5">
         <name>.debug_frame</name>
         <load_address>0x1c2a</load_address>
         <run_address>0x1c2a</run_address>
         <size>0xad</size>
         <input_file_ref idref="fl-17"/>
      </object_component>
      <object_component id="oc-c9">
         <name>.debug_frame</name>
         <load_address>0x1cd7</load_address>
         <run_address>0x1cd7</run_address>
         <size>0x124</size>
         <input_file_ref idref="fl-18"/>
      </object_component>
      <object_component id="oc-ce">
         <name>.debug_frame</name>
         <load_address>0x1dfb</load_address>
         <run_address>0x1dfb</run_address>
         <size>0xac</size>
         <input_file_ref idref="fl-19"/>
      </object_component>
      <object_component id="oc-d2">
         <name>.debug_frame</name>
         <load_address>0x1ea7</load_address>
         <run_address>0x1ea7</run_address>
         <size>0x133</size>
         <input_file_ref idref="fl-1a"/>
      </object_component>
      <object_component id="oc-d6">
         <name>.debug_frame</name>
         <load_address>0x1fda</load_address>
         <run_address>0x1fda</run_address>
         <size>0xae</size>
         <input_file_ref idref="fl-1b"/>
      </object_component>
      <object_component id="oc-da">
         <name>.debug_frame</name>
         <load_address>0x2088</load_address>
         <run_address>0x2088</run_address>
         <size>0xc4</size>
         <input_file_ref idref="fl-1c"/>
      </object_component>
      <object_component id="oc-ef">
         <name>.debug_frame</name>
         <load_address>0x1790</load_address>
         <run_address>0x1790</run_address>
         <size>0x60</size>
         <input_file_ref idref="fl-20"/>
      </object_component>
      <object_component id="oc-f4">
         <name>.debug_frame</name>
         <load_address>0x17f0</load_address>
         <run_address>0x17f0</run_address>
         <size>0x40</size>
         <input_file_ref idref="fl-21"/>
      </object_component>
      <object_component id="oc-f9">
         <name>.debug_frame</name>
         <load_address>0x1830</load_address>
         <run_address>0x1830</run_address>
         <size>0x40</size>
         <input_file_ref idref="fl-22"/>
      </object_component>
      <object_component id="oc-fe">
         <name>.debug_frame</name>
         <load_address>0x1870</load_address>
         <run_address>0x1870</run_address>
         <size>0x40</size>
         <input_file_ref idref="fl-23"/>
      </object_component>
      <object_component id="oc-105">
         <name>.debug_frame</name>
         <load_address>0x18b0</load_address>
         <run_address>0x18b0</run_address>
         <size>0x60</size>
         <input_file_ref idref="fl-24"/>
      </object_component>
      <object_component id="oc-10a">
         <name>.debug_frame</name>
         <load_address>0x1910</load_address>
         <run_address>0x1910</run_address>
         <size>0x70</size>
         <input_file_ref idref="fl-25"/>
      </object_component>
      <object_component id="oc-10f">
         <name>.debug_frame</name>
         <load_address>0x1980</load_address>
         <run_address>0x1980</run_address>
         <size>0x40</size>
         <input_file_ref idref="fl-26"/>
      </object_component>
      <object_component id="oc-114">
         <name>.debug_frame</name>
         <load_address>0x19c0</load_address>
         <run_address>0x19c0</run_address>
         <size>0x28</size>
         <input_file_ref idref="fl-27"/>
      </object_component>
   </object_component_list>
   <logical_group_list>
      <logical_group id="lg-2" display="no" color="cyan">
         <name>.cinit</name>
         <load_address>0x86207</load_address>
         <run_address>0x86207</run_address>
         <size>0x1f</size>
         <contents>
            <object_component_ref idref="oc-103"/>
            <object_component_ref idref="oc-120"/>
            <object_component_ref idref="oc-127"/>
            <object_component_ref idref="oc-b1"/>
         </contents>
      </logical_group>
      <logical_group id="lg-3" display="no" color="cyan">
         <name>.pinit</name>
         <run_address>0x0</run_address>
         <size>0x0</size>
         <contents>
         </contents>
      </logical_group>
      <logical_group id="lg-1c6" display="no" color="cyan">
         <name>.text</name>
         <load_address>0x86226</load_address>
         <run_address>0x86226</run_address>
         <size>0x1534</size>
         <contents>
            <object_component_ref idref="oc-88"/>
            <object_component_ref idref="oc-121"/>
            <object_component_ref idref="oc-133"/>
            <object_component_ref idref="oc-128"/>
            <object_component_ref idref="oc-12f"/>
            <object_component_ref idref="oc-137"/>
            <object_component_ref idref="oc-e4"/>
            <object_component_ref idref="oc-138"/>
            <object_component_ref idref="oc-dd"/>
            <object_component_ref idref="oc-12e"/>
            <object_component_ref idref="oc-12a"/>
            <object_component_ref idref="oc-13f"/>
            <object_component_ref idref="oc-134"/>
            <object_component_ref idref="oc-139"/>
            <object_component_ref idref="oc-11c"/>
            <object_component_ref idref="oc-122"/>
            <object_component_ref idref="oc-123"/>
            <object_component_ref idref="oc-12b"/>
            <object_component_ref idref="oc-119"/>
            <object_component_ref idref="oc-13e"/>
            <object_component_ref idref="oc-135"/>
            <object_component_ref idref="oc-12c"/>
            <object_component_ref idref="oc-11d"/>
            <object_component_ref idref="oc-13d"/>
            <object_component_ref idref="oc-11b"/>
            <object_component_ref idref="oc-e9"/>
            <object_component_ref idref="oc-136"/>
            <object_component_ref idref="oc-11e"/>
            <object_component_ref idref="oc-131"/>
            <object_component_ref idref="oc-13b"/>
            <object_component_ref idref="oc-13a"/>
            <object_component_ref idref="oc-12d"/>
            <object_component_ref idref="oc-126"/>
            <object_component_ref idref="oc-130"/>
            <object_component_ref idref="oc-118"/>
            <object_component_ref idref="oc-11a"/>
         </contents>
      </logical_group>
      <split_section id="lg-4" display="no" color="cyan">
         <name>.text</name>
         <contents>
            <logical_group_ref idref="lg-1c6"/>
         </contents>
      </split_section>
      <logical_group id="lg-5" display="no" color="cyan">
         <name>codestart</name>
         <load_address>0x80000</load_address>
         <run_address>0x80000</run_address>
         <size>0x2</size>
         <contents>
            <object_component_ref idref="oc-82"/>
         </contents>
      </logical_group>
      <logical_group id="lg-7" display="no" color="cyan">
         <name>.TI.ramfunc</name>
         <load_address>0x86000</load_address>
         <run_address>0x8000</run_address>
         <size>0x207</size>
         <contents>
            <object_component_ref idref="oc-125"/>
            <object_component_ref idref="oc-13c"/>
            <object_component_ref idref="oc-124"/>
            <object_component_ref idref="oc-a6"/>
         </contents>
      </logical_group>
      <logical_group id="lg-6" display="no" color="cyan">
         <name>GROUP_1</name>
         <load_address>0x86000</load_address>
         <run_address>0x8000</run_address>
         <size>0x207</size>
         <contents>
            <logical_group_ref idref="lg-7"/>
         </contents>
      </logical_group>
      <logical_group id="lg-9" display="no" color="cyan">
         <name>.stack</name>
         <run_address>0x400</run_address>
         <size>0x100</size>
         <contents>
            <object_component_ref idref="oc-de"/>
            <object_component_ref idref="oc-1c5"/>
         </contents>
      </logical_group>
      <logical_group id="lg-1c7" display="no" color="cyan">
         <name>.ebss</name>
         <run_address>0xa800</run_address>
         <size>0x18</size>
         <contents>
            <object_component_ref idref="oc-cd"/>
            <object_component_ref idref="oc-104"/>
            <object_component_ref idref="oc-11f"/>
            <object_component_ref idref="oc-132"/>
            <object_component_ref idref="oc-b2"/>
         </contents>
      </logical_group>
      <split_section id="lg-a" display="no" color="cyan">
         <name>.ebss</name>
         <contents>
            <logical_group_ref idref="lg-1c7"/>
         </contents>
      </split_section>
      <logical_group id="lg-b" display="no" color="cyan">
         <name>.esysmem</name>
         <run_address>0x0</run_address>
         <size>0x0</size>
         <contents>
         </contents>
      </logical_group>
      <logical_group id="lg-1c8" display="no" color="cyan">
         <name>.econst</name>
         <load_address>0x90000</load_address>
         <run_address>0x90000</run_address>
         <size>0x1c0</size>
         <contents>
            <object_component_ref idref="oc-129"/>
         </contents>
      </logical_group>
      <split_section id="lg-c" display="no" color="cyan">
         <name>.econst</name>
         <contents>
            <logical_group_ref idref="lg-1c8"/>
         </contents>
      </split_section>
      <logical_group id="lg-d" display="no" color="cyan">
         <name>.switch</name>
         <run_address>0x0</run_address>
         <size>0x0</size>
         <contents>
         </contents>
      </logical_group>
      <logical_group id="lg-e" display="no" color="cyan">
         <name>.reset</name>
         <load_address>0x3fffc0</load_address>
         <run_address>0x3fffc0</run_address>
         <size>0x2</size>
         <contents>
            <object_component_ref idref="oc-df"/>
         </contents>
      </logical_group>
      <logical_group id="lg-f" display="no" color="cyan">
         <name>Filter_RegsFile</name>
         <run_address>0x0</run_address>
         <size>0x0</size>
         <contents>
         </contents>
      </logical_group>
      <logical_group id="lg-10" display="no" color="cyan">
         <name>SHARERAMGS0</name>
         <run_address>0x0</run_address>
         <size>0x0</size>
         <contents>
         </contents>
      </logical_group>
      <logical_group id="lg-11" display="no" color="cyan">
         <name>SHARERAMGS1</name>
         <run_address>0x0</run_address>
         <size>0x0</size>
         <contents>
         </contents>
      </logical_group>
      <logical_group id="lg-12" display="no" color="cyan">
         <name>BufferDataSection</name>
         <run_address>0xb800</run_address>
         <size>0x100</size>
         <contents>
            <object_component_ref idref="oc-b3"/>
         </contents>
      </logical_group>
      <logical_group id="lg-14" display="no" color="cyan">
         <name>PUTBUFFER</name>
         <run_address>0x0</run_address>
         <size>0x0</size>
         <contents>
         </contents>
      </logical_group>
      <logical_group id="lg-15" display="no" color="cyan">
         <name>PUTWRITEIDX</name>
         <run_address>0x0</run_address>
         <size>0x0</size>
         <contents>
         </contents>
      </logical_group>
      <logical_group id="lg-16" display="no" color="cyan">
         <name>GETREADIDX</name>
         <run_address>0x0</run_address>
         <size>0x0</size>
         <contents>
         </contents>
      </logical_group>
      <logical_group id="lg-13" display="no" color="cyan">
         <name>GROUP_2</name>
         <run_address>0x0</run_address>
         <size>0x0</size>
         <contents>
            <logical_group_ref idref="lg-14"/>
            <logical_group_ref idref="lg-15"/>
            <logical_group_ref idref="lg-16"/>
         </contents>
      </logical_group>
      <logical_group id="lg-18" display="no" color="cyan">
         <name>GETBUFFER</name>
         <run_address>0x3f800</run_address>
         <size>0x0</size>
         <contents>
         </contents>
      </logical_group>
      <logical_group id="lg-19" display="no" color="cyan">
         <name>GETWRITEIDX</name>
         <run_address>0x3f800</run_address>
         <size>0x0</size>
         <contents>
         </contents>
      </logical_group>
      <logical_group id="lg-1a" display="no" color="cyan">
         <name>PUTREADIDX</name>
         <run_address>0x3f800</run_address>
         <size>0x0</size>
         <contents>
         </contents>
      </logical_group>
      <logical_group id="lg-17" display="no" color="cyan">
         <name>GROUP_3</name>
         <run_address>0x3f800</run_address>
         <size>0x0</size>
         <contents>
            <logical_group_ref idref="lg-18"/>
            <logical_group_ref idref="lg-19"/>
            <logical_group_ref idref="lg-1a"/>
         </contents>
      </logical_group>
      <logical_group id="lg-1c" display="no" color="cyan">
         <name>PieVectTableFile</name>
         <run_address>0x0</run_address>
         <size>0x0</size>
         <contents>
         </contents>
      </logical_group>
      <logical_group id="lg-1e" display="no" color="cyan">
         <name>EmuBModeVar</name>
         <run_address>0x0</run_address>
         <size>0x0</size>
         <contents>
         </contents>
      </logical_group>
      <logical_group id="lg-1f" display="no" color="cyan">
         <name>EmuBootPinsVar</name>
         <run_address>0x0</run_address>
         <size>0x0</size>
         <contents>
         </contents>
      </logical_group>
      <logical_group id="lg-1d" display="no" color="cyan">
         <name>GROUP_5</name>
         <run_address>0x0</run_address>
         <size>0x0</size>
         <contents>
            <logical_group_ref idref="lg-1e"/>
            <logical_group_ref idref="lg-1f"/>
         </contents>
      </logical_group>
      <overlay id="lg-1b" display="no" color="cyan">
         <name>UNION_4</name>
         <run_address>0x0</run_address>
         <size>0x0</size>
         <contents>
            <logical_group_ref idref="lg-1c"/>
            <logical_group_ref idref="lg-1d"/>
         </contents>
      </overlay>
      <logical_group id="lg-20" display="no" color="cyan">
         <name>AdcaResultFile</name>
         <run_address>0x0</run_address>
         <size>0x0</size>
         <contents>
         </contents>
      </logical_group>
      <logical_group id="lg-21" display="no" color="cyan">
         <name>AdcbResultFile</name>
         <run_address>0x0</run_address>
         <size>0x0</size>
         <contents>
         </contents>
      </logical_group>
      <logical_group id="lg-22" display="no" color="cyan">
         <name>AdccResultFile</name>
         <run_address>0x0</run_address>
         <size>0x0</size>
         <contents>
         </contents>
      </logical_group>
      <logical_group id="lg-23" display="no" color="cyan">
         <name>AdcdResultFile</name>
         <run_address>0x0</run_address>
         <size>0x0</size>
         <contents>
         </contents>
      </logical_group>
      <logical_group id="lg-24" display="no" color="cyan">
         <name>AdcaRegsFile</name>
         <run_address>0x0</run_address>
         <size>0x0</size>
         <contents>
         </contents>
      </logical_group>
      <logical_group id="lg-25" display="no" color="cyan">
         <name>AdcbRegsFile</name>
         <run_address>0x0</run_address>
         <size>0x0</size>
         <contents>
         </contents>
      </logical_group>
      <logical_group id="lg-26" display="no" color="cyan">
         <name>AdccRegsFile</name>
         <run_address>0x0</run_address>
         <size>0x0</size>
         <contents>
         </contents>
      </logical_group>
      <logical_group id="lg-27" display="no" color="cyan">
         <name>AdcdRegsFile</name>
         <run_address>0x0</run_address>
         <size>0x0</size>
         <contents>
         </contents>
      </logical_group>
      <logical_group id="lg-28" display="no" color="cyan">
         <name>AnalogSubsysRegsFile</name>
         <run_address>0x0</run_address>
         <size>0x0</size>
         <contents>
         </contents>
      </logical_group>
      <logical_group id="lg-29" display="no" color="cyan">
         <name>CanaRegsFile</name>
         <run_address>0x0</run_address>
         <size>0x0</size>
         <contents>
         </contents>
      </logical_group>
      <logical_group id="lg-2a" display="no" color="cyan">
         <name>CanbRegsFile</name>
         <run_address>0x0</run_address>
         <size>0x0</size>
         <contents>
         </contents>
      </logical_group>
      <logical_group id="lg-2b" display="no" color="cyan">
         <name>Cla1RegsFile</name>
         <run_address>0x0</run_address>
         <size>0x0</size>
         <contents>
         </contents>
      </logical_group>
      <logical_group id="lg-2c" display="no" color="cyan">
         <name>Cla1SoftIntRegsFile</name>
         <run_address>0xce0</run_address>
         <size>0x0</size>
         <contents>
         </contents>
      </logical_group>
      <logical_group id="lg-2d" display="no" color="cyan">
         <name>ClbXbarRegsFile</name>
         <run_address>0x0</run_address>
         <size>0x0</size>
         <contents>
         </contents>
      </logical_group>
      <logical_group id="lg-2e" display="no" color="cyan">
         <name>Cmpss1RegsFile</name>
         <run_address>0x0</run_address>
         <size>0x0</size>
         <contents>
         </contents>
      </logical_group>
      <logical_group id="lg-2f" display="no" color="cyan">
         <name>Cmpss2RegsFile</name>
         <run_address>0x0</run_address>
         <size>0x0</size>
         <contents>
         </contents>
      </logical_group>
      <logical_group id="lg-30" display="no" color="cyan">
         <name>Cmpss3RegsFile</name>
         <run_address>0x0</run_address>
         <size>0x0</size>
         <contents>
         </contents>
      </logical_group>
      <logical_group id="lg-31" display="no" color="cyan">
         <name>Cmpss4RegsFile</name>
         <run_address>0x0</run_address>
         <size>0x0</size>
         <contents>
         </contents>
      </logical_group>
      <logical_group id="lg-32" display="no" color="cyan">
         <name>Cmpss5RegsFile</name>
         <run_address>0x0</run_address>
         <size>0x0</size>
         <contents>
         </contents>
      </logical_group>
      <logical_group id="lg-33" display="no" color="cyan">
         <name>Cmpss6RegsFile</name>
         <run_address>0x0</run_address>
         <size>0x0</size>
         <contents>
         </contents>
      </logical_group>
      <logical_group id="lg-34" display="no" color="cyan">
         <name>Cmpss7RegsFile</name>
         <run_address>0x0</run_address>
         <size>0x0</size>
         <contents>
         </contents>
      </logical_group>
      <logical_group id="lg-35" display="no" color="cyan">
         <name>Cmpss8RegsFile</name>
         <run_address>0x0</run_address>
         <size>0x0</size>
         <contents>
         </contents>
      </logical_group>
      <logical_group id="lg-36" display="no" color="cyan">
         <name>CpuTimer0RegsFile</name>
         <run_address>0x0</run_address>
         <size>0x0</size>
         <contents>
         </contents>
      </logical_group>
      <logical_group id="lg-37" display="no" color="cyan">
         <name>CpuTimer1RegsFile</name>
         <run_address>0x0</run_address>
         <size>0x0</size>
         <contents>
         </contents>
      </logical_group>
      <logical_group id="lg-38" display="no" color="cyan">
         <name>CpuTimer2RegsFile</name>
         <run_address>0x0</run_address>
         <size>0x0</size>
         <contents>
         </contents>
      </logical_group>
      <logical_group id="lg-39" display="no" color="cyan">
         <name>DacaRegsFile</name>
         <run_address>0x0</run_address>
         <size>0x0</size>
         <contents>
         </contents>
      </logical_group>
      <logical_group id="lg-3a" display="no" color="cyan">
         <name>DacbRegsFile</name>
         <run_address>0x0</run_address>
         <size>0x0</size>
         <contents>
         </contents>
      </logical_group>
      <logical_group id="lg-3b" display="no" color="cyan">
         <name>DaccRegsFile</name>
         <run_address>0x0</run_address>
         <size>0x0</size>
         <contents>
         </contents>
      </logical_group>
      <logical_group id="lg-3c" display="no" color="cyan">
         <name>DcsmZ1RegsFile</name>
         <run_address>0x0</run_address>
         <size>0x0</size>
         <contents>
         </contents>
      </logical_group>
      <logical_group id="lg-3d" display="no" color="cyan">
         <name>DcsmZ2RegsFile</name>
         <run_address>0x0</run_address>
         <size>0x0</size>
         <contents>
         </contents>
      </logical_group>
      <logical_group id="lg-3e" display="no" color="cyan">
         <name>DcsmCommonRegsFile</name>
         <run_address>0x0</run_address>
         <size>0x0</size>
         <contents>
         </contents>
      </logical_group>
      <logical_group id="lg-3f" display="no" color="cyan">
         <name>DmaRegsFile</name>
         <run_address>0x0</run_address>
         <size>0x0</size>
         <contents>
         </contents>
      </logical_group>
      <logical_group id="lg-40" display="no" color="cyan">
         <name>DmaClaSrcSelRegsFile</name>
         <run_address>0x0</run_address>
         <size>0x0</size>
         <contents>
         </contents>
      </logical_group>
      <logical_group id="lg-41" display="no" color="cyan">
         <name>ECap1RegsFile</name>
         <run_address>0x0</run_address>
         <size>0x0</size>
         <contents>
         </contents>
      </logical_group>
      <logical_group id="lg-42" display="no" color="cyan">
         <name>ECap2RegsFile</name>
         <run_address>0x0</run_address>
         <size>0x0</size>
         <contents>
         </contents>
      </logical_group>
      <logical_group id="lg-43" display="no" color="cyan">
         <name>ECap3RegsFile</name>
         <run_address>0x0</run_address>
         <size>0x0</size>
         <contents>
         </contents>
      </logical_group>
      <logical_group id="lg-44" display="no" color="cyan">
         <name>ECap4RegsFile</name>
         <run_address>0x0</run_address>
         <size>0x0</size>
         <contents>
         </contents>
      </logical_group>
      <logical_group id="lg-45" display="no" color="cyan">
         <name>ECap5RegsFile</name>
         <run_address>0x0</run_address>
         <size>0x0</size>
         <contents>
         </contents>
      </logical_group>
      <logical_group id="lg-46" display="no" color="cyan">
         <name>ECap6RegsFile</name>
         <run_address>0x0</run_address>
         <size>0x0</size>
         <contents>
         </contents>
      </logical_group>
      <logical_group id="lg-47" display="no" color="cyan">
         <name>Emif1RegsFile</name>
         <run_address>0x0</run_address>
         <size>0x0</size>
         <contents>
         </contents>
      </logical_group>
      <logical_group id="lg-48" display="no" color="cyan">
         <name>Emif2RegsFile</name>
         <run_address>0x0</run_address>
         <size>0x0</size>
         <contents>
         </contents>
      </logical_group>
      <logical_group id="lg-49" display="no" color="cyan">
         <name>EPwm1RegsFile</name>
         <run_address>0x0</run_address>
         <size>0x0</size>
         <contents>
         </contents>
      </logical_group>
      <logical_group id="lg-4a" display="no" color="cyan">
         <name>EPwm2RegsFile</name>
         <run_address>0x0</run_address>
         <size>0x0</size>
         <contents>
         </contents>
      </logical_group>
      <logical_group id="lg-4b" display="no" color="cyan">
         <name>EPwm3RegsFile</name>
         <run_address>0x0</run_address>
         <size>0x0</size>
         <contents>
         </contents>
      </logical_group>
      <logical_group id="lg-4c" display="no" color="cyan">
         <name>EPwm4RegsFile</name>
         <run_address>0x0</run_address>
         <size>0x0</size>
         <contents>
         </contents>
      </logical_group>
      <logical_group id="lg-4d" display="no" color="cyan">
         <name>EPwm5RegsFile</name>
         <run_address>0x0</run_address>
         <size>0x0</size>
         <contents>
         </contents>
      </logical_group>
      <logical_group id="lg-4e" display="no" color="cyan">
         <name>EPwm6RegsFile</name>
         <run_address>0x0</run_address>
         <size>0x0</size>
         <contents>
         </contents>
      </logical_group>
      <logical_group id="lg-4f" display="no" color="cyan">
         <name>EPwm7RegsFile</name>
         <run_address>0x0</run_address>
         <size>0x0</size>
         <contents>
         </contents>
      </logical_group>
      <logical_group id="lg-50" display="no" color="cyan">
         <name>EPwm8RegsFile</name>
         <run_address>0x0</run_address>
         <size>0x0</size>
         <contents>
         </contents>
      </logical_group>
      <logical_group id="lg-51" display="no" color="cyan">
         <name>EPwm9RegsFile</name>
         <run_address>0x0</run_address>
         <size>0x0</size>
         <contents>
         </contents>
      </logical_group>
      <logical_group id="lg-52" display="no" color="cyan">
         <name>EPwm10RegsFile</name>
         <run_address>0x0</run_address>
         <size>0x0</size>
         <contents>
         </contents>
      </logical_group>
      <logical_group id="lg-53" display="no" color="cyan">
         <name>EPwm11RegsFile</name>
         <run_address>0x0</run_address>
         <size>0x0</size>
         <contents>
         </contents>
      </logical_group>
      <logical_group id="lg-54" display="no" color="cyan">
         <name>EPwm12RegsFile</name>
         <run_address>0x0</run_address>
         <size>0x0</size>
         <contents>
         </contents>
      </logical_group>
      <logical_group id="lg-55" display="no" color="cyan">
         <name>EPwmXbarRegsFile</name>
         <run_address>0x0</run_address>
         <size>0x0</size>
         <contents>
         </contents>
      </logical_group>
      <logical_group id="lg-56" display="no" color="cyan">
         <name>EQep1RegsFile</name>
         <run_address>0x0</run_address>
         <size>0x0</size>
         <contents>
         </contents>
      </logical_group>
      <logical_group id="lg-57" display="no" color="cyan">
         <name>EQep2RegsFile</name>
         <run_address>0x0</run_address>
         <size>0x0</size>
         <contents>
         </contents>
      </logical_group>
      <logical_group id="lg-58" display="no" color="cyan">
         <name>EQep3RegsFile</name>
         <run_address>0x0</run_address>
         <size>0x0</size>
         <contents>
         </contents>
      </logical_group>
      <logical_group id="lg-59" display="no" color="cyan">
         <name>Flash0CtrlRegsFile</name>
         <run_address>0x0</run_address>
         <size>0x0</size>
         <contents>
         </contents>
      </logical_group>
      <logical_group id="lg-5a" display="no" color="cyan">
         <name>Flash0EccRegsFile</name>
         <run_address>0x0</run_address>
         <size>0x0</size>
         <contents>
         </contents>
[...]
         <object_component_ref idref="oc-88"/>
      </symbol>
      <symbol id="sm-22f">
         <name>_USER8_ISR</name>
         <value>0x862b2</value>
         <object_component_ref idref="oc-88"/>
      </symbol>
      <symbol id="sm-230">
         <name>_ADCD_EVT_ISR</name>
         <value>0x86712</value>
         <object_component_ref idref="oc-88"/>
      </symbol>
      <symbol id="sm-231">
         <name>_CLA1_7_ISR</name>
         <value>0x865e6</value>
         <object_component_ref idref="oc-88"/>
      </symbol>
      <symbol id="sm-232">
         <name>_USER2_ISR</name>
         <value>0x86276</value>
         <object_component_ref idref="oc-88"/>
      </symbol>
      <symbol id="sm-233">
         <name>_EPWM1_TZ_ISR</name>
         <value>0x86334</value>
         <object_component_ref idref="oc-88"/>
      </symbol>
      <symbol id="sm-234">
         <name>_EPWM11_TZ_ISR</name>
         <value>0x86672</value>
         <object_component_ref idref="oc-88"/>
      </symbol>
      <symbol id="sm-235">
         <name>_DMA_CH3_ISR</name>
         <value>0x86492</value>
         <object_component_ref idref="oc-88"/>
      </symbol>
      <symbol id="sm-236">
         <name>_ECAP5_ISR</name>
         <value>0x863fc</value>
         <object_component_ref idref="oc-88"/>
      </symbol>
      <symbol id="sm-237">
         <name>_ADCA2_ISR</name>
         <value>0x86564</value>
         <object_component_ref idref="oc-88"/>
      </symbol>
      <symbol id="sm-238">
         <name>_ADCB2_ISR</name>
         <value>0x8658c</value>
         <object_component_ref idref="oc-88"/>
      </symbol>
      <symbol id="sm-239">
         <name>_ADCC2_ISR</name>
         <value>0x866f4</value>
         <object_component_ref idref="oc-88"/>
      </symbol>
      <symbol id="sm-23a">
         <name>_SCIB_RX_ISR</name>
         <value>0x8651e</value>
         <object_component_ref idref="oc-88"/>
      </symbol>
      <symbol id="sm-23b">
         <name>_ADCD2_ISR</name>
         <value>0x8671c</value>
         <object_component_ref idref="oc-88"/>
      </symbol>
      <symbol id="sm-23c">
         <name>_EMU_ISR</name>
         <value>0x8624e</value>
         <object_component_ref idref="oc-88"/>
      </symbol>
      <symbol id="sm-23d">
         <name>_SCIB_TX_ISR</name>
         <value>0x86528</value>
         <object_component_ref idref="oc-88"/>
      </symbol>
      <symbol id="sm-23e">
         <name>_SPIA_RX_ISR</name>
         <value>0x8642e</value>
         <object_component_ref idref="oc-88"/>
      </symbol>
      <symbol id="sm-23f">
         <name>_SPIA_TX_ISR</name>
         <value>0x86438</value>
         <object_component_ref idref="oc-88"/>
      </symbol>
      <symbol id="sm-240">
         <name>_XINT5_ISR</name>
         <value>0x8660e</value>
         <object_component_ref idref="oc-88"/>
      </symbol>
      <symbol id="sm-241">
         <name>_UPPA_ISR</name>
         <value>0x866d6</value>
         <object_component_ref idref="oc-88"/>
      </symbol>
      <symbol id="sm-242">
         <name>_CLA_OVERFLOW_ISR</name>
         <value>0x86776</value>
         <object_component_ref idref="oc-88"/>
      </symbol>
      <symbol id="sm-264">
         <name>_GPIO_SetupLock</name>
         <value>0x86fff</value>
         <object_component_ref idref="oc-128"/>
      </symbol>
      <symbol id="sm-265">
         <name>_GPIO_SetupXINT4Gpio</name>
         <value>0x87046</value>
         <object_component_ref idref="oc-128"/>
      </symbol>
      <symbol id="sm-266">
         <name>_InitGpio</name>
         <value>0x86e9f</value>
         <object_component_ref idref="oc-128"/>
      </symbol>
      <symbol id="sm-267">
         <name>_GPIO_SetupXINT5Gpio</name>
         <value>0x87050</value>
         <object_component_ref idref="oc-128"/>
      </symbol>
      <symbol id="sm-268">
         <name>_GPIO_EnableUnbondedIOPullupsFor176Pin</name>
         <value>0x8705a</value>
         <object_component_ref idref="oc-128"/>
      </symbol>
      <symbol id="sm-269">
         <name>_GPIO_SetupXINT2Gpio</name>
         <value>0x87032</value>
         <object_component_ref idref="oc-128"/>
      </symbol>
      <symbol id="sm-26a">
         <name>_GPIO_SetupXINT3Gpio</name>
         <value>0x8703c</value>
         <object_component_ref idref="oc-128"/>
      </symbol>
      <symbol id="sm-26b">
         <name>_GPIO_WritePin</name>
         <value>0x870c5</value>
         <object_component_ref idref="oc-128"/>
      </symbol>
      <symbol id="sm-26c">
         <name>_GPIO_SetupPinOptions</name>
         <value>0x86f6b</value>
         <object_component_ref idref="oc-128"/>
      </symbol>
      <symbol id="sm-26d">
         <name>_GPIO_EnableUnbondedIOPullups</name>
         <value>0x87098</value>
         <object_component_ref idref="oc-128"/>
      </symbol>
      <symbol id="sm-26e">
         <name>_GPIO_SetupXINT1Gpio</name>
         <value>0x87028</value>
         <object_component_ref idref="oc-128"/>
      </symbol>
      <symbol id="sm-26f">
         <name>_GPIO_SetupPinMux</name>
         <value>0x86edf</value>
         <object_component_ref idref="oc-128"/>
      </symbol>
      <symbol id="sm-270">
         <name>_GPIO_EnableUnbondedIOPullupsFor100Pin</name>
         <value>0x87073</value>
         <object_component_ref idref="oc-128"/>
      </symbol>
      <symbol id="sm-271">
         <name>_GPIO_ReadPin</name>
         <value>0x870ae</value>
         <object_component_ref idref="oc-128"/>
      </symbol>
      <symbol id="sm-286">
         <name>_InitPieCtrl</name>
         <value>0x8758b</value>
         <object_component_ref idref="oc-122"/>
      </symbol>
      <symbol id="sm-287">
         <name>_EnableInterrupts</name>
         <value>0x875aa</value>
         <object_component_ref idref="oc-122"/>
      </symbol>
      <symbol id="sm-297">
         <name>_PieVectTableInit</name>
         <value>0x90000</value>
         <object_component_ref idref="oc-129"/>
      </symbol>
      <symbol id="sm-298">
         <name>_InitPieVectTable</name>
         <value>0x875b3</value>
         <object_component_ref idref="oc-123"/>
      </symbol>
      <symbol id="sm-2dd">
         <name>_InitSysPll</name>
         <value>0x868b9</value>
         <object_component_ref idref="oc-121"/>
      </symbol>
      <symbol id="sm-2de">
         <name>_SeizeFlashPump</name>
         <value>0x86884</value>
         <object_component_ref idref="oc-121"/>
      </symbol>
      <symbol id="sm-2df">
         <name>_DisablePeripheralClocks</name>
         <value>0x8686c</value>
         <object_component_ref idref="oc-121"/>
      </symbol>
      <symbol id="sm-2e0">
         <name>_FlashOff</name>
         <value>0x81f5</value>
         <object_component_ref idref="oc-124"/>
      </symbol>
      <symbol id="sm-2e1">
         <name>_DisableDog</name>
         <value>0x868ab</value>
         <object_component_ref idref="oc-121"/>
      </symbol>
      <symbol id="sm-2e2">
         <name>_SysIntOsc2Sel</name>
         <value>0x86bc4</value>
         <object_component_ref idref="oc-121"/>
      </symbol>
      <symbol id="sm-2e3">
         <name>_ReleaseFlashPump</name>
         <value>0x86893</value>
         <object_component_ref idref="oc-121"/>
      </symbol>
      <symbol id="sm-2e4">
         <name>_HALT</name>
         <value>0x86c10</value>
         <object_component_ref idref="oc-121"/>
      </symbol>
      <symbol id="sm-2e5">
         <name>_IDLE</name>
         <value>0x86bfc</value>
         <object_component_ref idref="oc-121"/>
      </symbol>
      <symbol id="sm-2e6">
         <name>_InitPeripheralClocks</name>
         <value>0x867e8</value>
         <object_component_ref idref="oc-121"/>
      </symbol>
      <symbol id="sm-2e7">
         <name>_InitFlash</name>
         <value>0x81cc</value>
         <object_component_ref idref="oc-124"/>
      </symbol>
      <symbol id="sm-2e8">
         <name>_SysXtalOscSel</name>
         <value>0x86bd0</value>
         <object_component_ref idref="oc-121"/>
      </symbol>
      <symbol id="sm-2e9">
         <name>_CsmUnlock</name>
         <value>0x86b97</value>
         <object_component_ref idref="oc-121"/>
      </symbol>
      <symbol id="sm-2ea">
         <name>_SysIntOsc1Sel</name>
         <value>0x86bb8</value>
         <object_component_ref idref="oc-121"/>
      </symbol>
      <symbol id="sm-2eb">
         <name>_ServiceDog</name>
         <value>0x8689d</value>
         <object_component_ref idref="oc-121"/>
      </symbol>
      <symbol id="sm-2ec">
         <name>_HIB</name>
         <value>0x86c29</value>
         <object_component_ref idref="oc-121"/>
      </symbol>
      <symbol id="sm-2ed">
         <name>_AuxAuxClkSel</name>
         <value>0x86bf2</value>
         <object_component_ref idref="oc-121"/>
      </symbol>
      <symbol id="sm-2ee">
         <name>_AuxIntOsc2Sel</name>
         <value>0x86bdc</value>
         <object_component_ref idref="oc-121"/>
      </symbol>
      <symbol id="sm-2ef">
         <name>_InitAuxPll</name>
         <value>0x86aa8</value>
         <object_component_ref idref="oc-121"/>
      </symbol>
      <symbol id="sm-2f0">
         <name>_InitSysCtrl</name>
         <value>0x867ab</value>
         <object_component_ref idref="oc-121"/>
      </symbol>
      <symbol id="sm-2f1">
         <name>_STANDBY</name>
         <value>0x86c05</value>
         <object_component_ref idref="oc-121"/>
      </symbol>
      <symbol id="sm-2f2">
         <name>_AuxXtalOscSel</name>
         <value>0x86be6</value>
         <object_component_ref idref="oc-121"/>
      </symbol>
      <symbol id="sm-2fe">
         <name>_F28x_usDelay</name>
         <value>0x8203</value>
         <object_component_ref idref="oc-a6"/>
      </symbol>
      <symbol id="sm-30a">
         <name>_Fapi_serviceWatchdogTimer</name>
         <value>0x8124</value>
         <object_component_ref idref="oc-13c"/>
      </symbol>
      <symbol id="sm-30b">
         <name>_Fapi_setupEepromSectorEnable</name>
         <value>0x8126</value>
         <object_component_ref idref="oc-13c"/>
      </symbol>
      <symbol id="sm-30c">
         <name>_Fapi_setupBankSectorEnable</name>
         <value>0x819d</value>
         <object_component_ref idref="oc-13c"/>
      </symbol>
      <symbol id="sm-338">
         <name>_main</name>
         <value>0x87704</value>
         <object_component_ref idref="oc-11e"/>
      </symbol>
      <symbol id="sm-339">
         <name>_Example_CallFlashAPI</name>
         <value>0x8000</value>
         <object_component_ref idref="oc-125"/>
      </symbol>
      <symbol id="sm-33a">
         <name>_Example_Error</name>
         <value>0x811b</value>
         <object_component_ref idref="oc-125"/>
      </symbol>
      <symbol id="sm-33b">
         <name>_Buffer32</name>
         <value>0xa816</value>
         <object_component_ref idref="oc-b2"/>
      </symbol>
      <symbol id="sm-33c">
         <name>_Example_Done</name>
         <value>0x8121</value>
         <object_component_ref idref="oc-125"/>
      </symbol>
      <symbol id="sm-33d">
         <name>_Buffer</name>
         <value>0xb800</value>
         <object_component_ref idref="oc-b3"/>
      </symbol>
      <symbol id="sm-34a">
         <name>_Fapi_issueAsyncCommandWithAddress</name>
         <value>0x87666</value>
         <object_component_ref idref="oc-12c"/>
      </symbol>
      <symbol id="sm-355">
         <name>_Fapi_doVerify</name>
         <value>0x87717</value>
         <object_component_ref idref="oc-131"/>
      </symbol>
      <symbol id="sm-376">
         <name>__Fapi_checkRegionForValue</name>
         <value>0x87390</value>
         <object_component_ref idref="oc-138"/>
      </symbol>
      <symbol id="sm-377">
         <name>_Fapi_flushPipeline</name>
         <value>0x876ee</value>
         <object_component_ref idref="oc-136"/>
      </symbol>
      <symbol id="sm-378">
         <name>__Fapi_loopRegionForValue</name>
         <value>0x87280</value>
         <object_component_ref idref="oc-137"/>
      </symbol>
      <symbol id="sm-384">
         <name>_Fapi_doBlankCheck</name>
         <value>0x87465</value>
         <object_component_ref idref="oc-12e"/>
      </symbol>
      <symbol id="sm-3a2">
         <name>_Fapi_calculateFletcherChecksum</name>
         <value>0x874db</value>
         <object_component_ref idref="oc-13f"/>
      </symbol>
      <symbol id="sm-3a3">
         <name>__Fapi_calculateOtpChecksum</name>
         <value>0x87733</value>
         <object_component_ref idref="oc-13a"/>
      </symbol>
      <symbol id="sm-3a4">
         <name>_Fapi_waitDelay</name>
         <value>0x876a3</value>
         <object_component_ref idref="oc-13d"/>
      </symbol>
      <symbol id="sm-3a5">
         <name>__Fapi_divideUnsignedLong</name>
         <value>0x87536</value>
         <object_component_ref idref="oc-139"/>
      </symbol>
      <symbol id="sm-3a6">
         <name>__Fapi_scaleCycleValues</name>
         <value>0x87726</value>
         <object_component_ref idref="oc-13b"/>
      </symbol>
      <symbol id="sm-3b3">
         <name>_Fapi_initializeAPI</name>
         <value>0x874a7</value>
         <object_component_ref idref="oc-12a"/>
      </symbol>
      <symbol id="sm-3b4">
         <name>_Fapi_GlobalInit</name>
         <value>0xa800</value>
         <object_component_ref idref="oc-cd"/>
      </symbol>
      <symbol id="sm-3d6">
         <name>__Fapi_issueFsmCommand</name>
         <value>0x87509</value>
         <object_component_ref idref="oc-134"/>
      </symbol>
      <symbol id="sm-3d7">
         <name>_Fapi_setActiveFlashBank</name>
         <value>0x875d9</value>
         <object_component_ref idref="oc-12b"/>
      </symbol>
      <symbol id="sm-3d8">
         <name>__Fapi_setupSectorsForWrite</name>
         <value>0x87644</value>
         <object_component_ref idref="oc-135"/>
      </symbol>
      <symbol id="sm-3d9">
         <name>_Fapi_getFsmStatus</name>
         <value>0x87751</value>
         <object_component_ref idref="oc-130"/>
      </symbol>
      <symbol id="sm-3ff">
         <name>_Fapi_issueProgrammingCommand</name>
         <value>0x870e3</value>
         <object_component_ref idref="oc-12f"/>
      </symbol>
      <symbol id="sm-413">
         <name>_Fapi_checkFsmForReady</name>
         <value>0x8773e</value>
         <object_component_ref idref="oc-12d"/>
      </symbol>
      <symbol id="sm-414">
         <name>_Fapi_isAddressEcc</name>
         <value>0x87622</value>
         <object_component_ref idref="oc-13e"/>
      </symbol>
      <symbol id="sm-42f">
         <name>_c_int00</name>
         <value>0x8740f</value>
         <object_component_ref idref="oc-dd"/>
      </symbol>
      <symbol id="sm-430">
         <name>__stack</name>
         <value>0x400</value>
         <object_component_ref idref="oc-de"/>
      </symbol>
      <symbol id="sm-441">
         <name>FS$$DIV</name>
         <value>0x87308</value>
         <object_component_ref idref="oc-e4"/>
      </symbol>
      <symbol id="sm-44d">
         <name>LL$$AND</name>
         <value>0x876d6</value>
         <object_component_ref idref="oc-e9"/>
      </symbol>
      <symbol id="sm-44e">
         <name>LL$$OR</name>
         <value>0x876de</value>
         <object_component_ref idref="oc-e9"/>
      </symbol>
      <symbol id="sm-44f">
         <name>LL$$XOR</name>
         <value>0x876e6</value>
         <object_component_ref idref="oc-e9"/>
      </symbol>
      <symbol id="sm-45e">
         <name>_copy_in</name>
         <value>0x875fe</value>
         <object_component_ref idref="oc-119"/>
      </symbol>
      <symbol id="sm-46f">
         <name>_memcpy</name>
         <value>0x87686</value>
         <object_component_ref idref="oc-11d"/>
      </symbol>
      <symbol id="sm-47b">
         <name>__system_pre_init</name>
         <value>0x87757</value>
         <object_component_ref idref="oc-118"/>
      </symbol>
      <symbol id="sm-488">
         <name>__system_post_cinit</name>
         <value>0x87759</value>
         <object_component_ref idref="oc-11a"/>
      </symbol>
      <symbol id="sm-49c">
         <name>C$$EXIT</name>
         <value>0x87562</value>
         <object_component_ref idref="oc-11c"/>
      </symbol>
      <symbol id="sm-49d">
         <name>_exit</name>
         <value>0x87564</value>
         <object_component_ref idref="oc-11c"/>
      </symbol>
      <symbol id="sm-49e">
         <name>___TI_cleanup_ptr</name>
         <value>0xa80e</value>
         <object_component_ref idref="oc-104"/>
      </symbol>
      <symbol id="sm-49f">
         <name>___TI_enable_exit_profile_output</name>
         <value>0xa80c</value>
         <object_component_ref idref="oc-104"/>
      </symbol>
      <symbol id="sm-4a0">
         <name>_abort</name>
         <value>0x87562</value>
         <object_component_ref idref="oc-11c"/>
      </symbol>
      <symbol id="sm-4a1">
         <name>___TI_dtors_ptr</name>
         <value>0xa810</value>
         <object_component_ref idref="oc-104"/>
      </symbol>
      <symbol id="sm-4b5">
         <name>__unlock</name>
         <value>0xa814</value>
         <object_component_ref idref="oc-132"/>
      </symbol>
      <symbol id="sm-4b6">
         <name>__lock</name>
         <value>0xa812</value>
         <object_component_ref idref="oc-11f"/>
      </symbol>
      <symbol id="sm-4b7">
         <name>__register_lock</name>
         <value>0x8774c</value>
         <object_component_ref idref="oc-126"/>
      </symbol>
      <symbol id="sm-4b8">
         <name>__nop</name>
         <value>0x87750</value>
         <object_component_ref idref="oc-126"/>
      </symbol>
      <symbol id="sm-4b9">
         <name>__register_unlock</name>
         <value>0x87748</value>
         <object_component_ref idref="oc-126"/>
      </symbol>
      <symbol id="sm-4c8">
         <name>__args_main</name>
         <value>0x876bd</value>
         <object_component_ref idref="oc-11b"/>
      </symbol>
      <symbol id="sm-4d4">
         <name>_GpioCtrlRegs</name>
         <value>0x0</value>
      </symbol>
      <symbol id="sm-4d5">
         <name>_GpioDataRegs</name>
         <value>0x0</value>
      </symbol>
      <symbol id="sm-4d6">
         <name>_InputXbarRegs</name>
         <value>0x0</value>
      </symbol>
      <symbol id="sm-4d7">
         <name>_DevCfgRegs</name>
         <value>0x0</value>
      </symbol>
      <symbol id="sm-4d8">
         <name>_PieCtrlRegs</name>
         <value>0x0</value>
      </symbol>
      <symbol id="sm-4d9">
         <name>_PieVectTable</name>
         <value>0x0</value>
      </symbol>
      <symbol id="sm-4da">
         <name>_CpuSysRegs</name>
         <value>0x0</value>
      </symbol>
      <symbol id="sm-4db">
         <name>_AnalogSubsysRegs</name>
         <value>0x0</value>
      </symbol>
      <symbol id="sm-4dc">
         <name>_FlashPumpSemaphoreRegs</name>
         <value>0x0</value>
      </symbol>
      <symbol id="sm-4dd">
         <name>_WdRegs</name>
         <value>0x0</value>
      </symbol>
      <symbol id="sm-4de">
         <name>_ClkCfgRegs</name>
         <value>0x0</value>
      </symbol>
      <symbol id="sm-4df">
         <name>_CpuTimer1Regs</name>
         <value>0x0</value>
      </symbol>
      <symbol id="sm-4e0">
         <name>_CpuTimer2Regs</name>
         <value>0x0</value>
      </symbol>
      <symbol id="sm-4e1">
         <name>_DcsmZ1Regs</name>
         <value>0x0</value>
      </symbol>
      <symbol id="sm-4e2">
         <name>_DcsmZ2Regs</name>
         <value>0x0</value>
      </symbol>
      <symbol id="sm-4e3">
         <name>_Flash0CtrlRegs</name>
         <value>0x0</value>
      </symbol>
      <symbol id="sm-4e4">
         <name>_Flash0EccRegs</name>
         <value>0x0</value>
      </symbol>
   </symbol_table>
   <title>Link errors: red sections failed placement</title>
</link_info>
