******************************************************************************
             TMS320C2000 Linker PC v17.7.0                     
******************************************************************************
>> Linked Sat Mar 24 17:40:09 2018

OUTPUT FILE NAME:   <F2838x_CPU2_ROM.out>
ENTRY POINT SYMBOL: "InitBoot"  address: 003fb5bb


MEMORY CONFIGURATION

         name            origin    length      used     unused   attr    fill
----------------------  --------  ---------  --------  --------  ----  --------
  CPU2_BROM_STATUS      00000002   00000002  00000002  00000000  RWIX
  CPU2_BROM_BOOTMODE    00000004   00000002  00000002  00000000  RWIX
  BSS                   00000008   00000050  00000018  00000038  RWIX
  STACK                 00000058   00000150  00000150  00000000  RWIX
  CLA1_DATAROM_RESERVED 0000f000   00000070  00000000  00000070  RWIX
  CLA1_FFT_TABLES_RUN   0000f070   00000800  00000000  00000800  RWIX
  CLA1_DATAROM_RUN      0000f870   0000078a  00000000  0000078a  RWIX
  CROM_VERSION_RUN      0000fffa   00000006  00000000  00000006  RWIX
  Z1_SCC_ROM_Secure_Fla 003e0000   00002000  00000d85  0000127b  RWIX
  Z1_SCC_ROM            003e2000   00000800  00000597  00000269  RWIX
  Z2_SCC_ROM            003e2800   00000800  0000054f  000002b1  RWIX
  Z1_SECURE_ROM         003e3000   00005000  00000000  00005000  RWIX
  ROM_SIGNATURE         003e8000   00000002  00000002  00000000  RWIX
  AES_TABLES            003e8002   00001400  00001400  00000000  RWIX
  IQMATH                003e9402   0000166d  0000166d  00000000  RWIX
  RESERVED_1            003eaa6f   0000bed7  00000000  0000bed7  RWIX
  FPU32_FAST_TABLES     003f6946   0000081a  0000081a  00000000  RWIX
  FPU64_FAST_TABLES     003f7160   00000d30  00000d30  00000000  RWIX
  FPU32_TWIDDLE_TABLES  003f7e90   00000df8  00000df8  00000000  RWIX
  FPU64_TWIDDLE_TABLES  003f8dd0   00001bf0  00001bf0  00000000  RWIX
  BOOT                  003fa9c0   00003e00  00000cc4  0000313c  RWIX
  INTERRUPT_HANDLERS    003fe7c0   00000173  00000046  0000012d  RWIX
  RESERVED_2            003fe933   000000ef  00000000  000000ef  RWIX
  CPU_FAST_DATA_ROM     003fea22   00000100  00000000  00000100  RWIX
  RESERVED_3            003feb22   0000131e  00000000  0000131e  RWIX
  BOOT_CHECKSUM         003ffe40   00000042  00000042  00000000  RWIX
  RESERVED_4            003ffe82   0000003e  00000000  0000003e  RWIX
  CHECKSUM              003ffec0   00000042  00000042  00000000  RWIX
  RESERVED_5            003fff02   00000030  00000000  00000030  RWIX
  CRCTABLE_ROM          003fff32   00000008  00000008  00000000  RWIX
  RESERVED_6            003fff3a   00000040  00000000  00000040  RWIX
  VERSION               003fff7a   00000002  00000002  00000000  RWIX
  RESERVED_7            003fff7c   00000042  00000000  00000042  RWIX
  VECS                  003fffbe   00000042  00000042  00000000  RWIX
  CLA1_DATAROM_RESERVED 01001000   00000070  00000000  00000070  RWIX
  CLA1_FFT_TABLES       01001070   00000800  00000800  00000000  RWIX
  CLA1_DATAROM          01001870   0000078a  00000784  00000006  RWIX
  CROM_VERSION          01001ffa   00000006  00000002  00000004  RWIX


SECTION ALLOCATION MAP

 output                                  attributes/
section   page    origin      length       input sections
--------  ----  ----------  ----------   ----------------
BootStatusVariable 
*          0    00000002    00000002     UNINITIALIZED
                  00000002    00000002     cpu2brom_system_boot.obj (BootStatusVariable)

UserBootModeVariable 
*          0    00000004    00000002     UNINITIALIZED
                  00000004    00000002     cpu2brom_system_boot.obj (UserBootModeVariable)

.bss       0    00000008    00000018     UNINITIALIZED
                  00000008    00000014     rijndael.obj (.bss)
                  0000001c    00000004     cpu2brom_interrupts.obj (.bss)

.stack     0    00000058    00000150     UNINITIALIZED
                  00000058    00000150     --HOLE--

SCCLSFZ1   0    003e0000    00000d85     
                  003e0000    000009ae     rijndael.obj (SCCLSFZ1)
                  003e09ae    000003d7     cpu2brom_calculate_cmac.obj (SCCLSFZ1)

SCCLZ1     0    003e2000    00000597     
                  003e2000    0000056c     ti_internal.obj (SCCLZ1)
                  003e256c    0000002b     SecureCRCCalc.obj (SCCLZ1)

SCCLZ2     0    003e2800    0000054f     
                  003e2800    00000524     ti_internal.obj (SCCLZ2)
                  003e2d24    0000002b     SecureCRCCalc.obj (SCCLZ2)

.test_signature1 
*          0    003e8000    00000002     
                  003e8000    00000002     cpu2brom_init_boot.obj (.test_signature1)

IQmathTables 
*          0    003e9402    0000166d     
                  003e9402    00000b50     IQmath_fpu32_eabi.lib : IQmathTables.obj (IQmathTables)
                  003e9f52    0000009d                           : IQ20log.obj (IQmath)
                  003e9fef    0000009d                           : IQ24log.obj (IQmath)
                  003ea08c    0000008c                           : IQNexpTable.obj (IQmathTablesRam)
                  003ea118    0000007e                           : IQ15atan2.obj (IQmath)
                  003ea196    0000007b                           : IQ20atan2.obj (IQmath)
                  003ea211    0000007b                           : IQ24atan2.obj (IQmath)
                  003ea28c    0000007b                           : IQ29atan2.obj (IQmath)
                  003ea307    00000060                           : IQ15mag.obj (IQmath)
                  003ea367    00000060                           : IQ20mag.obj (IQmath)
                  003ea3c7    00000060                           : IQ24mag.obj (IQmath)
                  003ea427    00000060                           : IQ29mag.obj (IQmath)
                  003ea487    00000047                           : IQ15div.obj (IQmath)
                  003ea4ce    00000047                           : IQ20div.obj (IQmath)
                  003ea515    00000047                           : IQ24div.obj (IQmath)
                  003ea55c    00000047                           : IQ29div.obj (IQmath)
                  003ea5a3    00000046                           : IQ15isqrt.obj (IQmath)
                  003ea5e9    00000045                           : IQ20isqrt.obj (IQmath)
                  003ea62e    00000045                           : IQ24isqrt.obj (IQmath)
                  003ea673    00000045                           : IQ29isqrt.obj (IQmath)
                  003ea6b8    00000042                           : IQ15sqrt.obj (IQmath)
                  003ea6fa    00000042                           : IQ20sqrt.obj (IQmath)
                  003ea73c    00000042                           : IQ24sqrt.obj (IQmath)
                  003ea77e    00000042                           : IQ29sqrt.obj (IQmath)
                  003ea7c0    0000003d                           : IQ20exp.obj (IQmath)
                  003ea7fd    0000003d                           : IQ24exp.obj (IQmath)
                  003ea83a    00000032                           : IQ29sin.obj (IQmath)
                  003ea86c    00000031                           : IQ15sin.obj (IQmath)
                  003ea89d    00000031                           : IQ20sin.obj (IQmath)
                  003ea8ce    00000031                           : IQ24sin.obj (IQmath)
                  003ea8ff    00000030                           : IQ29cos.obj (IQmath)
                  003ea92f    0000002f                           : IQ15cos.obj (IQmath)
                  003ea95e    0000002f                           : IQ20cos.obj (IQmath)
                  003ea98d    0000002f                           : IQ24cos.obj (IQmath)
                  003ea9bc    00000029                           : IQ24sinPU.obj (IQmath)
                  003ea9e5    00000027                           : IQ24cosPU.obj (IQmath)
                  003eaa0c    00000016                           : IQ24toF.obj (IQmath)
                  003eaa22    00000016                           : IQ30toF.obj (IQmath)
                  003eaa38    00000015                           : IQ29rsmpy.obj (IQmath)
                  003eaa4d    00000015                           : IQ30rsmpy.obj (IQmath)
                  003eaa62    0000000d                           : IQ24rmpy.obj (IQmath)

FPUmathTables 
*          0    003f6946    0000081a     
                  003f6946    0000068c     FPUmathTables.obj (FPUmathTables)
                  003f6fd2    000000d0     logtable_f32.obj (FPUmathTables)
                  003f70a2    000000be     exptable_f32.obj (FPUmathTables)

FPU64mathTables 
*          0    003f7160    00000d30     
                  003f7160    00000a1c     sincostable_f64.obj (FPU64mathTables)
                  003f7b7c    00000314     atan2table_f64.obj (FPU64mathTables)

FPUfftTables 
*          0    003f7e90    00000df8     
                  003f7e90    000007f8     RFFT_f32_twiddleFactors.obj (FPUfftTables)
                  003f8688    00000600     CFFT_f32_twiddleFactors.obj (FPUfftTables)

FPU64fftTables 
*          0    003f8dd0    00001bf0     
                  003f8dd0    00001bf0     fft_tables.obj (FPU64fftTables)

.CKSUMFUNCS 
*          0    003fa9c0    00000743     
                  003fa9c0    00000743     cpu2brom_checksum.obj (.CKSUMFUNCS)

.text      0    003fb103    000004b8     
                  003fb103    00000356     cpu2brom_system_boot.obj (.text)
                  003fb459    00000101     cpu2brom_interrupts.obj (.text:retain)
                  003fb55a    00000029     cpu2brom_ipc_msg_copy.obj (.text)
                  003fb583    00000022     cpu2brom_ipc.obj (.text)
                  003fb5a5    0000000b     rts2800_fpu32_eabi.lib : copy_zero_init.obj (.text:decompress:ZI:__TI_zero_init_nomemset)
                  003fb5b0    00000008     cpu2brom_checksum.obj (.text)
                  003fb5b8    00000003     cpu2brom_utility_funcs.obj (.text)

.InitBoot 
*          0    003fb5bb    00000099     
                  003fb5bb    00000099     cpu2brom_init_boot.obj (.InitBoot)

.const     0    003fb654    00000014     
                  003fb654    00000014     rijndael.obj (.const:rcon)

.cinit     0    003fb668    0000001c     
                  003fb668    00000004     (.cinit..bss.load) [load image, compression = zero_init]
                  003fb66c    00000004     (.cinit.BootStatusVariable.load) [load image, compression = zero_init]
                  003fb670    00000004     (.cinit.UserBootModeVariable.load) [load image, compression = zero_init]
                  003fb674    00000002     (__TI_handler_table)
                  003fb676    00000002     --HOLE-- [fill = 0]
                  003fb678    0000000c     (__TI_cinit_table)

CPU2BROM_DEFAULT_HANDLER 
*          0    003fe7c0    00000000     UNINITIALIZED

CPU2BROM_PIE_MISMATCH_HANDLER 
*          0    003fe7c0    00000046     
                  003fe7c0    00000046     cpu2brom_interrupts.obj (CPU2BROM_PIE_MISMATCH_HANDLER:retain)

CPU2BROM_NMI_HANDLER 
*          0    003fe806    00000000     UNINITIALIZED

CPU2BROM_ITRAP_HANDLER 
*          0    003fe806    00000000     UNINITIALIZED

.BOOT_CKSUMLOC 
*          0    003ffe40    00000042     
                  003ffe40    00000042     cpu2brom_checksum.obj (.BOOT_CKSUMLOC)

.CKSUMLOC 
*          0    003ffec0    00000042     
                  003ffec0    00000042     cpu2brom_checksum.obj (.CKSUMLOC)

.bootrom_func 
*          0    003fff32    00000008     
                  003fff32    00000008     SecureCRCCalc.obj (.bootrom_func)

.CPU2Version 
*          0    003fff7a    00000002     
                  003fff7a    00000002     cpu2brom_init_boot.obj (.CPU2Version)

.CLA1fftTables 
*          0    01001070    00000800     
                  01001070    00000800     fft_twiddle_bit_reverse.obj (.CLA1fftTables)

CLA1mathTables 
*          0    01001870    00000784     
                  01001870    0000018c     CLAatanTable.obj (CLA1mathTables)
                  010019fc    0000018a     CLAasineTable.obj (CLA1mathTables)
                  01001b86    00000184     CLAacosineTable.obj (CLA1mathTables)
                  01001d0a    00000156     CLASinCosTable.obj (CLA1mathTables)
                  01001e60    000000d2     CLAlnTable.obj (CLA1mathTables)
                  01001f32    000000c2     CLAexpTable.obj (CLA1mathTables)

.CROMVersion 
*          0    01001ffa    00000002     
                  01001ffa    00000002     cla_rom_version.obj (.CROMVersion)

.BootVecs 
*          0    003fffbe    00000042     
                  003fffbe    00000042     cpu2brom_vector_table.obj (.BootVecs)

AES_TABLE 
*          0    003e8002    00001400     
                  003e8002    00001400     aes_tables.obj (AES_TABLE)

MODULE SUMMARY

       Module                        code    ro data   rw data
       ------                        ----    -------   -------
    .\ClaROM\source\
       fft_twiddle_bit_reverse.obj   0       2048      0      
       cla_rom_version.obj           0       2         0      
    +--+-----------------------------+-------+---------+---------+
       Total:                        0       2050      0      
                                                              
    .\ClaROM\source\tables\
       CLAatanTable.obj              0       396       0      
       CLAasineTable.obj             0       394       0      
       CLAacosineTable.obj           0       388       0      
       CLASinCosTable.obj            0       342       0      
       CLAlnTable.obj                0       210       0      
       CLAexpTable.obj               0       194       0      
    +--+-----------------------------+-------+---------+---------+
       Total:                        0       1924      0      
                                                              
    .\bootROM\source\
       cpu2brom_checksum.obj         1867    132       0      
       cpu2brom_system_boot.obj      854     0         4      
       cpu2brom_interrupts.obj       327     0         4      
       cpu2brom_init_boot.obj        153     4         0      
       cpu2brom_vector_table.obj     66      0         0      
       cpu2brom_ipc_msg_copy.obj     41      0         0      
       cpu2brom_ipc.obj              34      0         0      
       cpu2brom_utility_funcs.obj    3       0         0      
    +--+-----------------------------+-------+---------+---------+
       Total:                        3345    136       8      
                                                              
    .\bootROM\source\tables\
       aes_tables.obj                0       5120      0      
    +--+-----------------------------+-------+---------+---------+
       Total:                        0       5120      0      
                                                              
    .\bootROM\source\tables\fpu32_math\
       FPUmathTables.obj             0       1676      0      
       logtable_f32.obj              0       208       0      
       exptable_f32.obj              0       190       0      
    +--+-----------------------------+-------+---------+---------+
       Total:                        0       2074      0      
                                                              
    .\bootROM\source\tables\fpu32_twiddle\
       RFFT_f32_twiddleFactors.obj   0       2040      0      
       CFFT_f32_twiddleFactors.obj   0       1536      0      
    +--+-----------------------------+-------+---------+---------+
       Total:                        0       3576      0      
                                                              
    .\bootROM\source\tables\fpu64_math\
       sincostable_f64.obj           0       2588      0      
       atan2table_f64.obj            0       788       0      
    +--+-----------------------------+-------+---------+---------+
       Total:                        0       3376      0      
                                                              
    .\bootROM\source\tables\fpu64_twiddle\
       fft_tables.obj                0       7152      0      
    +--+-----------------------------+-------+---------+---------+
       Total:                        0       7152      0      
                                                              
    .\secureROM\
       ti_internal.obj               2704    0         0      
       cpu2brom_calculate_cmac.obj   983     0         0      
       SecureCRCCalc.obj             86      8         0      
    +--+-----------------------------+-------+---------+---------+
       Total:                        3773    8         0      
                                                              
    .\secureROM\aes_algorithm\
       rijndael.obj                  2478    20        20     
    +--+-----------------------------+-------+---------+---------+
       Total:                        2478    20        20     
                                                              
    C:/Users/a0221343/Git/bootROM/bootrom_f2838x/F2838x_ROM_dev_PG1.0/cpu2/F2838x_ROM/bootROM/source/IQmath/IQmath_fpu32_eabi.lib
       IQmathTables.obj              0       2896      0      
       IQ20log.obj                   157     0         0      
       IQ24log.obj                   157     0         0      
       IQNexpTable.obj               0       140       0      
       IQ15atan2.obj                 126     0         0      
       IQ20atan2.obj                 123     0         0      
       IQ24atan2.obj                 123     0         0      
       IQ29atan2.obj                 123     0         0      
       IQ15mag.obj                   96      0         0      
       IQ20mag.obj                   96      0         0      
       IQ24mag.obj                   96      0         0      
       IQ29mag.obj                   96      0         0      
       IQ15div.obj                   71      0         0      
       IQ20div.obj                   71      0         0      
       IQ24div.obj                   71      0         0      
       IQ29div.obj                   71      0         0      
       IQ15isqrt.obj                 70      0         0      
       IQ20isqrt.obj                 69      0         0      
       IQ24isqrt.obj                 69      0         0      
       IQ29isqrt.obj                 69      0         0      
       IQ15sqrt.obj                  66      0         0      
       IQ20sqrt.obj                  66      0         0      
       IQ24sqrt.obj                  66      0         0      
       IQ29sqrt.obj                  66      0         0      
       IQ20exp.obj                   61      0         0      
       IQ24exp.obj                   61      0         0      
       IQ29sin.obj                   50      0         0      
       IQ15sin.obj                   49      0         0      
       IQ20sin.obj                   49      0         0      
       IQ24sin.obj                   49      0         0      
       IQ29cos.obj                   48      0         0      
       IQ15cos.obj                   47      0         0      
       IQ20cos.obj                   47      0         0      
       IQ24cos.obj                   47      0         0      
       IQ24sinPU.obj                 41      0         0      
       IQ24cosPU.obj                 39      0         0      
       IQ24toF.obj                   22      0         0      
       IQ30toF.obj                   22      0         0      
       IQ29rsmpy.obj                 21      0         0      
       IQ30rsmpy.obj                 21      0         0      
       IQ24rmpy.obj                  13      0         0      
    +--+-----------------------------+-------+---------+---------+
       Total:                        2705    3036      0      
                                                              
    C:/ti/ccsv7/tools/compiler/ti-cgt-c2000_17.7.0A17209/lib/rts2800_fpu32_eabi.lib
       copy_zero_init.obj            11      0         0      
    +--+-----------------------------+-------+---------+---------+
       Total:                        11      0         0      
                                                              
       Stack:                        0       0         336    
       Linker Generated:             0       26        0      
    +--+-----------------------------+-------+---------+---------+
       Grand Total:                  12312   28498     364    


LINKER GENERATED COPY TABLES

__TI_cinit_table @ 003fb678 records: 3, size/record: 4, table size: 12
	.bss: load addr=003fb668, load size=00000004 bytes, run addr=00000008, run size=00000018 bytes, compression=zero_init
	BootStatusVariable: load addr=003fb66c, load size=00000004 bytes, run addr=00000002, run size=00000002 bytes, compression=zero_init
	UserBootModeVariable: load addr=003fb670, load size=00000004 bytes, run addr=00000004, run size=00000002 bytes, compression=zero_init


LINKER GENERATED HANDLER TABLE

__TI_handler_table @ 003fb674 records: 1, size/record: 2, table size: 2
	index: 0, handler: __TI_zero_init


GLOBAL DATA SYMBOLS: SORTED BY DATA PAGE

address     data page           name
--------    ----------------    ----
00000002       0 (00000000)     CPU2BROM_bootStatus
00000004       0 (00000000)     CPU2BROM_bootMode
00000008       0 (00000000)     t0
0000000a       0 (00000000)     t1
0000000c       0 (00000000)     s3
0000000e       0 (00000000)     s1
00000010       0 (00000000)     s2
00000012       0 (00000000)     t0_asm
00000014       0 (00000000)     t_input
00000016       0 (00000000)     t2
00000018       0 (00000000)     t3
0000001a       0 (00000000)     s0
0000001c       0 (00000000)     CPU2BROM_nmiStatus
0000001e       0 (00000000)     CPU2BROM_itrapAddress

003e8002    fa00 (003e8000)     Td1

003e8202    fa08 (003e8200)     Td0

003e8402    fa10 (003e8400)     Td3

003e8602    fa18 (003e8600)     Td2

003e8802    fa20 (003e8800)     Td4

003e8a02    fa28 (003e8a00)     Te1

003e8c02    fa30 (003e8c00)     Te0

003e8e02    fa38 (003e8e00)     Te3

003e9002    fa40 (003e9000)     Te2

003e9202    fa48 (003e9200)     Te4

003f6946    fda5 (003f6940)     FPU32sinTable
003f6946    fda5 (003f6940)     FPUsinTable

003f6a46    fda9 (003f6a40)     FPU32cosTable
003f6a46    fda9 (003f6a40)     FPUcosTable

003f6d46    fdb5 (003f6d40)     FPU32sinTableEnd
003f6d46    fdb5 (003f6d40)     FPUsinTableEnd

003f6e48    fdb9 (003f6e40)     FPU32atan2HalfPITable
003f6e48    fdb9 (003f6e40)     FPU32cosTableEnd
003f6e48    fdb9 (003f6e40)     FPUatan2HalfPITable
003f6e48    fdb9 (003f6e40)     FPUcosTableEnd
003f6e4c    fdb9 (003f6e40)     FPU32atan2Table
003f6e4c    fdb9 (003f6e40)     FPUatan2Table

003f6fd2    fdbf (003f6fc0)     FPU32LOG2
003f6fd2    fdbf (003f6fc0)     FPU32atan2TableEnd
003f6fd2    fdbf (003f6fc0)     FPUatan2TableEnd
003f6fd4    fdbf (003f6fc0)     FPU32INVLOG10
003f6fd6    fdbf (003f6fc0)     FPU32EXPBIAS
003f6fd8    fdbf (003f6fc0)     FPU32LOG_TABLE_MASK1
003f6fda    fdbf (003f6fc0)     FPU32LOG_TABLE_MASK2
003f6fdc    fdbf (003f6fc0)     FPU32logTable

003f70a2    fdc2 (003f7080)     FPU32expTableCoeff
003f70a2    fdc2 (003f7080)     FPU32logTableEnd
003f70ae    fdc2 (003f7080)     FPU32expTable
003f70ae    fdc2 (003f7080)     FPU32expTableCoeffEnd

003f7160    fdc5 (003f7140)     FPU32expTableEnd
003f7160    fdc5 (003f7140)     FPU64sincos_TABLE_SIZE_O_TWOPI
003f7164    fdc5 (003f7140)     FPU64sincos_TWOPI_O_TABLE_SIZE
003f7168    fdc5 (003f7140)     FPU64sincos_Coef1
003f716c    fdc5 (003f7140)     FPU64sincos_Coef2
003f7170    fdc5 (003f7140)     FPU64sincos_Coef3
003f7174    fdc5 (003f7140)     FPU64sincos_Coef4
003f7178    fdc5 (003f7140)     FPU64sinTable

003f7378    fdcd (003f7340)     FPU64cosTable

003f7978    fde5 (003f7940)     FPU64sinTableEnd

003f7b7c    fded (003f7b40)     FPU64atan2HalfPITable
003f7b7c    fded (003f7b40)     FPU64cosTableEnd

003f7b84    fdee (003f7b80)     FPU64atan2Table

003f7e90    fdfa (003f7e80)     FPU32RFFTtwiddleFactors
003f7e90    fdfa (003f7e80)     FPU64atan2TableEnd
003f7e90    fdfa (003f7e80)     RFFT_f32_twiddleFactors

003f8688    fe1a (003f8680)     CFFT_f32_twiddleFactors
003f8688    fe1a (003f8680)     FPU32CFFTtwiddleFactors

003f8dd0    fe37 (003f8dc0)     FPU64CFFTtwiddleFactors

003f99d0    fe67 (003f99c0)     FPU64CFFTtwiddleFactorsEnd
003f99d0    fe67 (003f99c0)     FPU64RFFTtwiddleFactors

003fa9c0    fea7 (003fa9c0)     FPU64RFFTtwiddleFactorsEnd

003ffe40    fff9 (003ffe40)     boot_csum_rom

003ffec0    fffb (003ffec0)     csum_rom

003fff7a    fffd (003fff40)     cpu2brom_version

01001070    40041 (01001040)     cla_twiddleFactors

01001470    40051 (01001440)     cla_bitReversalTable

01001870    40061 (01001840)     CLAatan2HalfPITable
01001874    40061 (01001840)     CLAINV2PI
01001876    40061 (01001840)     CLAatan2Table

010019fc    40067 (010019c0)     CLAasinHalfPITable
010019fc    40067 (010019c0)     CLAatan2TableEnd

01001a00    40068 (01001a00)     CLAasinTable

01001b86    4006e (01001b80)     CLAacosinHalfPITable
01001b86    4006e (01001b80)     CLAasinTableEnd
01001b8a    4006e (01001b80)     CLAacosinTable

01001d0a    40074 (01001d00)     CLAacosinTableEnd
01001d0a    40074 (01001d00)     CLAsinTable
01001d0a    40074 (01001d00)     CLAsincosTable
01001d0a    40074 (01001d00)     CLAsincosTable_Sin0

01001d4a    40075 (01001d40)     CLAcosTable
01001d4a    40075 (01001d40)     CLAsincosTable_Cos0

01001e0a    40078 (01001e00)     CLAsinTableEnd

01001e4c    40079 (01001e40)     CLAcosTableEnd
01001e4c    40079 (01001e40)     CLAsincosTable_TABLE_SIZE
01001e4e    40079 (01001e40)     CLAsincosTable_TABLE_SIZEDivTwoPi
01001e50    40079 (01001e40)     CLAsincosTable_TwoPiDivTABLE_SIZE
01001e52    40079 (01001e40)     CLAsincosTable_TABLE_MASK
01001e54    40079 (01001e40)     CLAsincosTable_Coef0
01001e56    40079 (01001e40)     CLAsincosTable_Coef1
01001e58    40079 (01001e40)     CLAsincosTable_Coef1_pos
01001e5a    40079 (01001e40)     CLAsincosTable_Coef2
01001e5c    40079 (01001e40)     CLAsincosTable_Coef3
01001e5e    40079 (01001e40)     CLAsincosTable_Coef3_neg
01001e60    40079 (01001e40)     CLALNV2
01001e60    40079 (01001e40)     CLAsincosTableEnd
01001e62    40079 (01001e40)     CLALNVe
01001e64    40079 (01001e40)     CLALNV10
01001e66    40079 (01001e40)     CLABIAS
01001e68    40079 (01001e40)     CLALN_TABLE_MASK1
01001e6a    40079 (01001e40)     CLALN_TABLE_MASK2
01001e6c    40079 (01001e40)     CLALnTable

01001f32    4007c (01001f00)     CLAINV1
01001f32    4007c (01001f00)     CLALnTableEnd
01001f34    4007c (01001f00)     CLAINV2
01001f36    4007c (01001f00)     CLAINV3
01001f38    4007c (01001f00)     CLAINV4
01001f3a    4007c (01001f00)     CLAINV5
01001f3c    4007c (01001f00)     CLAINV6
01001f3e    4007c (01001f00)     CLAINV7

01001f40    4007d (01001f40)     CLALOG10
01001f42    4007d (01001f40)     CLAExpTable

01001ff4    4007f (01001fc0)     CLAExpTableEnd


GLOBAL SYMBOLS: SORTED ALPHABETICALLY BY Name 

page  address   name                               
----  -------   ----                               
0     003f8688  CFFT_f32_twiddleFactors            
0     01001e66  CLABIAS                            
0     01001f42  CLAExpTable                        
0     01001ff4  CLAExpTableEnd                     
0     01001f32  CLAINV1                            
0     01001f34  CLAINV2                            
0     01001874  CLAINV2PI                          
0     01001f36  CLAINV3                            
0     01001f38  CLAINV4                            
0     01001f3a  CLAINV5                            
0     01001f3c  CLAINV6                            
0     01001f3e  CLAINV7                            
0     01001e64  CLALNV10                           
0     01001e60  CLALNV2                            
0     01001e62  CLALNVe                            
0     01001e68  CLALN_TABLE_MASK1                  
0     01001e6a  CLALN_TABLE_MASK2                  
0     01001f40  CLALOG10                           
0     01001e6c  CLALnTable                         
0     01001f32  CLALnTableEnd                      
0     01001b86  CLAacosinHalfPITable               
0     01001b8a  CLAacosinTable                     
0     01001d0a  CLAacosinTableEnd                  
0     010019fc  CLAasinHalfPITable                 
0     01001a00  CLAasinTable                       
0     01001b86  CLAasinTableEnd                    
0     01001870  CLAatan2HalfPITable                
0     01001876  CLAatan2Table                      
0     010019fc  CLAatan2TableEnd                   
0     01001d4a  CLAcosTable                        
0     01001e4c  CLAcosTableEnd                     
0     01001d0a  CLAsinTable                        
0     01001e0a  CLAsinTableEnd                     
0     01001d0a  CLAsincosTable                     
0     01001e60  CLAsincosTableEnd                  
0     01001e54  CLAsincosTable_Coef0               
0     01001e56  CLAsincosTable_Coef1               
0     01001e58  CLAsincosTable_Coef1_pos           
0     01001e5a  CLAsincosTable_Coef2               
0     01001e5c  CLAsincosTable_Coef3               
0     01001e5e  CLAsincosTable_Coef3_neg           
0     01001d4a  CLAsincosTable_Cos0                
0     01001d0a  CLAsincosTable_Sin0                
0     01001e52  CLAsincosTable_TABLE_MASK          
0     01001e4c  CLAsincosTable_TABLE_SIZE          
0     01001e4e  CLAsincosTable_TABLE_SIZEDivTwoPi  
0     01001e50  CLAsincosTable_TwoPiDivTABLE_SIZE  
0     003e0d50  CMAC_convertToWordArray            
0     003e0d6d  CMAC_memset                        
0     003e0c51  CMAC_perform128bitXOR              
0     003e0c6f  CMAC_performOneBitLeftshift        
0     003e0d32  CMAC_readGoldenSignature           
0     003e0c96  CMAC_readMemoryBlock               
0     003e0cc9  CMAC_readMemoryBlockWithSigMask    
0     00000004  CPU2BROM_bootMode                  
0     00000002  CPU2BROM_bootStatus                
0     003e09ae  CPU2BROM_calculateCMAC             
0     0000001e  CPU2BROM_itrapAddress              
0     003fb504  CPU2BROM_itrapISR                  
0     003fb459  CPU2BROM_nmiHandler                
0     0000001c  CPU2BROM_nmiStatus                 
0     003fb55a  CPU2BROM_performCopyToRAM          
0     003fe7c0  CPU2BROM_pieVectorMismatchHandler  
0     003fb2ed  CPU2BROM_runSelectedBootMode       
0     003fb58a  CPU2BROM_sendErrorIPC              
0     003fb583  CPU2BROM_setIPCBootStatus          
0     003fb1b9  CPU2BROM_setupDeviceSystems        
0     003fb22e  CPU2BROM_startSystemBoot           
0     003fb173  CPU2BROM_verifyBootCommand         
0     003fb0a3  CPU2BROM_verifyROMChecksum         
0     003fb42c  CPU2BROM_verifySecureFlash         
0     003fb405  CPU2BROM_waitForCommand            
0     003e256c  CRCCalcZ1                          
0     003e2d24  CRCCalcZ2                          
0     003fb63c  ExitBoot                           
0     003f8688  FPU32CFFTtwiddleFactors            
0     003f6fd6  FPU32EXPBIAS                       
0     003f6fd4  FPU32INVLOG10                      
0     003f6fd2  FPU32LOG2                          
0     003f6fd8  FPU32LOG_TABLE_MASK1               
0     003f6fda  FPU32LOG_TABLE_MASK2               
0     003f7e90  FPU32RFFTtwiddleFactors            
0     003f6e48  FPU32atan2HalfPITable              
0     003f6e4c  FPU32atan2Table                    
0     003f6fd2  FPU32atan2TableEnd                 
0     003f6a46  FPU32cosTable                      
0     003f6e48  FPU32cosTableEnd                   
0     003f70ae  FPU32expTable                      
0     003f70a2  FPU32expTableCoeff                 
0     003f70ae  FPU32expTableCoeffEnd              
0     003f7160  FPU32expTableEnd                   
0     003f6fdc  FPU32logTable                      
0     003f70a2  FPU32logTableEnd                   
0     003f6946  FPU32sinTable                      
0     003f6d46  FPU32sinTableEnd                   
0     003f8dd0  FPU64CFFTtwiddleFactors            
0     003f99d0  FPU64CFFTtwiddleFactorsEnd         
0     003f99d0  FPU64RFFTtwiddleFactors            
0     003fa9c0  FPU64RFFTtwiddleFactorsEnd         
0     003f7b7c  FPU64atan2HalfPITable              
0     003f7b84  FPU64atan2Table                    
0     003f7e90  FPU64atan2TableEnd                 
0     003f7378  FPU64cosTable                      
0     003f7b7c  FPU64cosTableEnd                   
0     003f7178  FPU64sinTable                      
0     003f7978  FPU64sinTableEnd                   
0     003f7168  FPU64sincos_Coef1                  
0     003f716c  FPU64sincos_Coef2                  
0     003f7170  FPU64sincos_Coef3                  
0     003f7174  FPU64sincos_Coef4                  
0     003f7160  FPU64sincos_TABLE_SIZE_O_TWOPI     
0     003f7164  FPU64sincos_TWOPI_O_TABLE_SIZE     
0     003f6e48  FPUatan2HalfPITable                
0     003f6e4c  FPUatan2Table                      
0     003f6fd2  FPUatan2TableEnd                   
0     003f6a46  FPUcosTable                        
0     003f6e48  FPUcosTableEnd                     
0     003f6946  FPUsinTable                        
0     003f6d46  FPUsinTableEnd                     
0     003fb5bb  InitBoot                           
0     003f7e90  RFFT_f32_twiddleFactors            
0     003e221c  SecureCRCCalcZ1                    
0     003e2a1e  SecureCRCCalcZ2                    
0     003e2000  SecureCopyCodeZ1                   
0     003e2800  SecureCopyCodeZ2                   
0     003e8202  Td0                                
0     003e8002  Td1                                
0     003e8602  Td2                                
0     003e8402  Td3                                
0     003e8802  Td4                                
0     003e8c02  Te0                                
0     003e8a02  Te1                                
0     003e9002  Te2                                
0     003e8e02  Te3                                
0     003e9202  Te4                                
0     003e9eda  _IQ10mpyRndSatTable                
0     003e9ece  _IQ11mpyRndSatTable                
0     003e9ec2  _IQ12mpyRndSatTable                
0     003e9eb6  _IQ13mpyRndSatTable                
0     003e9eaa  _IQ14mpyRndSatTable                
0     003ea118  _IQ15atan2                         
0     003ea92f  _IQ15cos                           
0     003ea487  _IQ15div                           
0     003ea5a3  _IQ15isqrt                         
0     003ea307  _IQ15mag                           
0     003e9e9e  _IQ15mpyRndSatTable                
0     003ea86c  _IQ15sin                           
0     003ea6b8  _IQ15sqrt                          
0     003e9e92  _IQ16mpyRndSatTable                
0     003e9e86  _IQ17mpyRndSatTable                
0     003e9e7a  _IQ18mpyRndSatTable                
0     003e9e6e  _IQ19mpyRndSatTable                
0     003e9f46  _IQ1mpyRndSatTable                 
0     003ea196  _IQ20atan2                         
0     003ea95e  _IQ20cos                           
0     003ea4ce  _IQ20div                           
0     003ea7c0  _IQ20exp                           
0     003ea5e9  _IQ20isqrt                         
0     003e9f52  _IQ20log                           
0     003ea367  _IQ20mag                           
0     003e9e62  _IQ20mpyRndSatTable                
0     003ea89d  _IQ20sin                           
0     003ea6fa  _IQ20sqrt                          
0     003e9e56  _IQ21mpyRndSatTable                
0     003e9e4a  _IQ22mpyRndSatTable                
0     003e9e3e  _IQ23mpyRndSatTable                
0     003ea211  _IQ24atan2                         
0     003ea98d  _IQ24cos                           
0     003ea9e5  _IQ24cosPU                         
0     003ea515  _IQ24div                           
0     003ea7fd  _IQ24exp                           
0     003ea62e  _IQ24isqrt                         
0     003e9fef  _IQ24log                           
0     003ea3c7  _IQ24mag                           
0     003e9e32  _IQ24mpyRndSatTable                
0     003eaa62  _IQ24rmpy                          
0     003ea8ce  _IQ24sin                           
0     003ea9bc  _IQ24sinPU                         
0     003ea73c  _IQ24sqrt                          
0     003eaa0c  _IQ24toF                           
0     003e9e26  _IQ25mpyRndSatTable                
0     003e9e1a  _IQ26mpyRndSatTable                
0     003e9e0e  _IQ27mpyRndSatTable                
0     003e9e02  _IQ28mpyRndSatTable                
0     003ea28c  _IQ29atan2                         
0     003ea8ff  _IQ29cos                           
0     003ea55c  _IQ29div                           
0     003ea673  _IQ29isqrt                         
0     003ea427  _IQ29mag                           
0     003e9df6  _IQ29mpyRndSatTable                
0     003eaa38  _IQ29rsmpy                         
0     003ea83a  _IQ29sin                           
0     003ea77e  _IQ29sqrt                          
0     003e9f3a  _IQ2mpyRndSatTable                 
0     003e9dea  _IQ30mpyRndSatTable                
0     003eaa4d  _IQ30rsmpy                         
0     003eaa22  _IQ30toF                           
0     003e9f2e  _IQ3mpyRndSatTable                 
0     003e9f22  _IQ4mpyRndSatTable                 
0     003e9f16  _IQ5mpyRndSatTable                 
0     003e9f0a  _IQ6mpyRndSatTable                 
0     003e9efe  _IQ7mpyRndSatTable                 
0     003e9ef2  _IQ8mpyRndSatTable                 
0     003e9ee6  _IQ9mpyRndSatTable                 
0     003e9c26  _IQatan2HalfPITable                
0     003e9c64  _IQatan2Table                      
0     003e9dea  _IQatan2TableEnd                   
0     003e9502  _IQcosTable                        
0     003e9904  _IQcosTableEnd                     
0     003e9904  _IQdivRoundSatTable                
0     003e9912  _IQdivTable                        
0     003e9b14  _IQdivTableEnd                     
0     003ea08c  _IQexpTable                        
0     003ea104  _IQexpTableCoeff                   
0     003ea118  _IQexpTableCoeffEnd                
0     003ea08c  _IQexpTableMinMax                  
0     003ea104  _IQexpTableMinMaxEnd               
0     003e9b14  _IQisqrtRoundSatTable              
0     003e9b24  _IQisqrtTable                      
0     003e9c26  _IQisqrtTableEnd                   
0     003e9dea  _IQmpyRndSatTable                  
0     003e9f52  _IQmpyRndSatTableEnd               
0     003e9402  _IQsinTable                        
0     003e9802  _IQsinTableEnd                     
0     003e9b14  _IQsqrtRoundSatTable               
0     003e9b24  _IQsqrtTable                       
0     003e9c26  _IQsqrtTableEnd                    
0     003fb678  __TI_CINIT_Base                    
0     003fb684  __TI_CINIT_Limit                   
0     003fb674  __TI_Handler_Table_Base            
0     003fb676  __TI_Handler_Table_Limit           
0     000001a8  __TI_STACK_END                     
abs   00000150  __TI_STACK_SIZE                    
abs   ffffffff  __TI_pprof_out_hndl                
abs   ffffffff  __TI_prof_data_size                
abs   ffffffff  __TI_prof_data_start               
0     003fb5a5  __TI_zero_init_nomemset            
abs   ffffffff  __c_args__                         
0     003fabb6  add_to_bitcolumn_checksum          
0     003faaaa  add_to_factorial_sum               
0     003fab30  add_to_row_weight_sum              
0     003ffe40  boot_csum_rom                      
0     003fac2a  calculate_checksum                 
0     003fa9f2  calculate_composite_checksum_on_rom
0     01001470  cla_bitReversalTable               
0     01001070  cla_twiddleFactors                 
0     003faf3d  compare_two_composite_checksums    
0     003fff7a  cpu2brom_version                   
0     003ffec0  csum_rom                           
0     003fb5b8  load_itrap_address                 
0     003e063e  rijndaelDecrypt                    
0     003e02d4  rijndaelEncrypt                    
0     003e00fc  rijndaelSetupDecrypt               
0     003e0000  rijndaelSetupEncrypt               
0     0000001a  s0                                 
0     0000000e  s1                                 
0     00000010  s2                                 
0     0000000c  s3                                 
0     00000008  t0                                 
0     00000012  t0_asm                             
0     0000000a  t1                                 
0     00000016  t2                                 
0     00000018  t3                                 
0     00000014  t_input                            
0     003fa9c0  test_reserved_memory               


GLOBAL SYMBOLS: SORTED BY Symbol Address 

page  address   name                               
----  -------   ----                               
0     00000002  CPU2BROM_bootStatus                
0     00000004  CPU2BROM_bootMode                  
0     00000008  t0                                 
0     0000000a  t1                                 
0     0000000c  s3                                 
0     0000000e  s1                                 
0     00000010  s2                                 
0     00000012  t0_asm                             
0     00000014  t_input                            
0     00000016  t2                                 
0     00000018  t3                                 
0     0000001a  s0                                 
0     0000001c  CPU2BROM_nmiStatus                 
0     0000001e  CPU2BROM_itrapAddress              
0     000001a8  __TI_STACK_END                     
0     003e0000  rijndaelSetupEncrypt               
0     003e00fc  rijndaelSetupDecrypt               
0     003e02d4  rijndaelEncrypt                    
0     003e063e  rijndaelDecrypt                    
0     003e09ae  CPU2BROM_calculateCMAC             
0     003e0c51  CMAC_perform128bitXOR              
0     003e0c6f  CMAC_performOneBitLeftshift        
0     003e0c96  CMAC_readMemoryBlock               
0     003e0cc9  CMAC_readMemoryBlockWithSigMask    
0     003e0d32  CMAC_readGoldenSignature           
0     003e0d50  CMAC_convertToWordArray            
0     003e0d6d  CMAC_memset                        
0     003e2000  SecureCopyCodeZ1                   
0     003e221c  SecureCRCCalcZ1                    
0     003e256c  CRCCalcZ1                          
0     003e2800  SecureCopyCodeZ2                   
0     003e2a1e  SecureCRCCalcZ2                    
0     003e2d24  CRCCalcZ2                          
0     003e8002  Td1                                
0     003e8202  Td0                                
0     003e8402  Td3                                
0     003e8602  Td2                                
0     003e8802  Td4                                
0     003e8a02  Te1                                
0     003e8c02  Te0                                
0     003e8e02  Te3                                
0     003e9002  Te2                                
0     003e9202  Te4                                
0     003e9402  _IQsinTable                        
0     003e9502  _IQcosTable                        
0     003e9802  _IQsinTableEnd                     
0     003e9904  _IQcosTableEnd                     
0     003e9904  _IQdivRoundSatTable                
0     003e9912  _IQdivTable                        
0     003e9b14  _IQdivTableEnd                     
0     003e9b14  _IQisqrtRoundSatTable              
0     003e9b14  _IQsqrtRoundSatTable               
0     003e9b24  _IQisqrtTable                      
0     003e9b24  _IQsqrtTable                       
0     003e9c26  _IQatan2HalfPITable                
0     003e9c26  _IQisqrtTableEnd                   
0     003e9c26  _IQsqrtTableEnd                    
0     003e9c64  _IQatan2Table                      
0     003e9dea  _IQ30mpyRndSatTable                
0     003e9dea  _IQatan2TableEnd                   
0     003e9dea  _IQmpyRndSatTable                  
0     003e9df6  _IQ29mpyRndSatTable                
0     003e9e02  _IQ28mpyRndSatTable                
0     003e9e0e  _IQ27mpyRndSatTable                
0     003e9e1a  _IQ26mpyRndSatTable                
0     003e9e26  _IQ25mpyRndSatTable                
0     003e9e32  _IQ24mpyRndSatTable                
0     003e9e3e  _IQ23mpyRndSatTable                
0     003e9e4a  _IQ22mpyRndSatTable                
0     003e9e56  _IQ21mpyRndSatTable                
0     003e9e62  _IQ20mpyRndSatTable                
0     003e9e6e  _IQ19mpyRndSatTable                
0     003e9e7a  _IQ18mpyRndSatTable                
0     003e9e86  _IQ17mpyRndSatTable                
0     003e9e92  _IQ16mpyRndSatTable                
0     003e9e9e  _IQ15mpyRndSatTable                
0     003e9eaa  _IQ14mpyRndSatTable                
0     003e9eb6  _IQ13mpyRndSatTable                
0     003e9ec2  _IQ12mpyRndSatTable                
0     003e9ece  _IQ11mpyRndSatTable                
0     003e9eda  _IQ10mpyRndSatTable                
0     003e9ee6  _IQ9mpyRndSatTable                 
0     003e9ef2  _IQ8mpyRndSatTable                 
0     003e9efe  _IQ7mpyRndSatTable                 
0     003e9f0a  _IQ6mpyRndSatTable                 
0     003e9f16  _IQ5mpyRndSatTable                 
0     003e9f22  _IQ4mpyRndSatTable                 
0     003e9f2e  _IQ3mpyRndSatTable                 
0     003e9f3a  _IQ2mpyRndSatTable                 
0     003e9f46  _IQ1mpyRndSatTable                 
0     003e9f52  _IQ20log                           
0     003e9f52  _IQmpyRndSatTableEnd               
0     003e9fef  _IQ24log                           
0     003ea08c  _IQexpTable                        
0     003ea08c  _IQexpTableMinMax                  
0     003ea104  _IQexpTableCoeff                   
0     003ea104  _IQexpTableMinMaxEnd               
0     003ea118  _IQ15atan2                         
0     003ea118  _IQexpTableCoeffEnd                
0     003ea196  _IQ20atan2                         
0     003ea211  _IQ24atan2                         
0     003ea28c  _IQ29atan2                         
0     003ea307  _IQ15mag                           
0     003ea367  _IQ20mag                           
0     003ea3c7  _IQ24mag                           
0     003ea427  _IQ29mag                           
0     003ea487  _IQ15div                           
0     003ea4ce  _IQ20div                           
0     003ea515  _IQ24div                           
0     003ea55c  _IQ29div                           
0     003ea5a3  _IQ15isqrt                         
0     003ea5e9  _IQ20isqrt                         
0     003ea62e  _IQ24isqrt                         
0     003ea673  _IQ29isqrt                         
0     003ea6b8  _IQ15sqrt                          
0     003ea6fa  _IQ20sqrt                          
0     003ea73c  _IQ24sqrt                          
0     003ea77e  _IQ29sqrt                          
0     003ea7c0  _IQ20exp                           
0     003ea7fd  _IQ24exp                           
0     003ea83a  _IQ29sin                           
0     003ea86c  _IQ15sin                           
0     003ea89d  _IQ20sin                           
0     003ea8ce  _IQ24sin                           
0     003ea8ff  _IQ29cos                           
0     003ea92f  _IQ15cos                           
0     003ea95e  _IQ20cos                           
0     003ea98d  _IQ24cos                           
0     003ea9bc  _IQ24sinPU                         
0     003ea9e5  _IQ24cosPU                         
0     003eaa0c  _IQ24toF                           
0     003eaa22  _IQ30toF                           
0     003eaa38  _IQ29rsmpy                         
0     003eaa4d  _IQ30rsmpy                         
0     003eaa62  _IQ24rmpy                          
0     003f6946  FPU32sinTable                      
0     003f6946  FPUsinTable                        
0     003f6a46  FPU32cosTable                      
0     003f6a46  FPUcosTable                        
0     003f6d46  FPU32sinTableEnd                   
0     003f6d46  FPUsinTableEnd                     
0     003f6e48  FPU32atan2HalfPITable              
0     003f6e48  FPU32cosTableEnd                   
0     003f6e48  FPUatan2HalfPITable                
0     003f6e48  FPUcosTableEnd                     
0     003f6e4c  FPU32atan2Table                    
0     003f6e4c  FPUatan2Table                      
0     003f6fd2  FPU32LOG2                          
0     003f6fd2  FPU32atan2TableEnd                 
0     003f6fd2  FPUatan2TableEnd                   
0     003f6fd4  FPU32INVLOG10                      
0     003f6fd6  FPU32EXPBIAS                       
0     003f6fd8  FPU32LOG_TABLE_MASK1               
0     003f6fda  FPU32LOG_TABLE_MASK2               
0     003f6fdc  FPU32logTable                      
0     003f70a2  FPU32expTableCoeff                 
0     003f70a2  FPU32logTableEnd                   
0     003f70ae  FPU32expTable                      
0     003f70ae  FPU32expTableCoeffEnd              
0     003f7160  FPU32expTableEnd                   
0     003f7160  FPU64sincos_TABLE_SIZE_O_TWOPI     
0     003f7164  FPU64sincos_TWOPI_O_TABLE_SIZE     
0     003f7168  FPU64sincos_Coef1                  
0     003f716c  FPU64sincos_Coef2                  
0     003f7170  FPU64sincos_Coef3                  
0     003f7174  FPU64sincos_Coef4                  
0     003f7178  FPU64sinTable                      
0     003f7378  FPU64cosTable                      
0     003f7978  FPU64sinTableEnd                   
0     003f7b7c  FPU64atan2HalfPITable              
0     003f7b7c  FPU64cosTableEnd                   
0     003f7b84  FPU64atan2Table                    
0     003f7e90  FPU32RFFTtwiddleFactors            
0     003f7e90  FPU64atan2TableEnd                 
0     003f7e90  RFFT_f32_twiddleFactors            
0     003f8688  CFFT_f32_twiddleFactors            
0     003f8688  FPU32CFFTtwiddleFactors            
0     003f8dd0  FPU64CFFTtwiddleFactors            
0     003f99d0  FPU64CFFTtwiddleFactorsEnd         
0     003f99d0  FPU64RFFTtwiddleFactors            
0     003fa9c0  FPU64RFFTtwiddleFactorsEnd         
0     003fa9c0  test_reserved_memory               
0     003fa9f2  calculate_composite_checksum_on_rom
0     003faaaa  add_to_factorial_sum               
0     003fab30  add_to_row_weight_sum              
0     003fabb6  add_to_bitcolumn_checksum          
0     003fac2a  calculate_checksum                 
0     003faf3d  compare_two_composite_checksums    
0     003fb0a3  CPU2BROM_verifyROMChecksum         
0     003fb173  CPU2BROM_verifyBootCommand         
0     003fb1b9  CPU2BROM_setupDeviceSystems        
0     003fb22e  CPU2BROM_startSystemBoot           
0     003fb2ed  CPU2BROM_runSelectedBootMode       
0     003fb405  CPU2BROM_waitForCommand            
0     003fb42c  CPU2BROM_verifySecureFlash         
0     003fb459  CPU2BROM_nmiHandler                
0     003fb504  CPU2BROM_itrapISR                  
0     003fb55a  CPU2BROM_performCopyToRAM          
0     003fb583  CPU2BROM_setIPCBootStatus          
0     003fb58a  CPU2BROM_sendErrorIPC              
0     003fb5a5  __TI_zero_init_nomemset            
0     003fb5b8  load_itrap_address                 
0     003fb5bb  InitBoot                           
0     003fb63c  ExitBoot                           
0     003fb674  __TI_Handler_Table_Base            
0     003fb676  __TI_Handler_Table_Limit           
0     003fb678  __TI_CINIT_Base                    
0     003fb684  __TI_CINIT_Limit                   
0     003fe7c0  CPU2BROM_pieVectorMismatchHandler  
0     003ffe40  boot_csum_rom                      
0     003ffec0  csum_rom                           
0     003fff7a  cpu2brom_version                   
0     01001070  cla_twiddleFactors                 
0     01001470  cla_bitReversalTable               
0     01001870  CLAatan2HalfPITable                
0     01001874  CLAINV2PI                          
0     01001876  CLAatan2Table                      
0     010019fc  CLAasinHalfPITable                 
0     010019fc  CLAatan2TableEnd                   
0     01001a00  CLAasinTable                       
0     01001b86  CLAacosinHalfPITable               
0     01001b86  CLAasinTableEnd                    
0     01001b8a  CLAacosinTable                     
0     01001d0a  CLAacosinTableEnd                  
0     01001d0a  CLAsinTable                        
0     01001d0a  CLAsincosTable                     
0     01001d0a  CLAsincosTable_Sin0                
0     01001d4a  CLAcosTable                        
0     01001d4a  CLAsincosTable_Cos0                
0     01001e0a  CLAsinTableEnd                     
0     01001e4c  CLAcosTableEnd                     
0     01001e4c  CLAsincosTable_TABLE_SIZE          
0     01001e4e  CLAsincosTable_TABLE_SIZEDivTwoPi  
0     01001e50  CLAsincosTable_TwoPiDivTABLE_SIZE  
0     01001e52  CLAsincosTable_TABLE_MASK          
0     01001e54  CLAsincosTable_Coef0               
0     01001e56  CLAsincosTable_Coef1               
0     01001e58  CLAsincosTable_Coef1_pos           
0     01001e5a  CLAsincosTable_Coef2               
0     01001e5c  CLAsincosTable_Coef3               
0     01001e5e  CLAsincosTable_Coef3_neg           
0     01001e60  CLALNV2                            
0     01001e60  CLAsincosTableEnd                  
0     01001e62  CLALNVe                            
0     01001e64  CLALNV10                           
0     01001e66  CLABIAS                            
0     01001e68  CLALN_TABLE_MASK1                  
0     01001e6a  CLALN_TABLE_MASK2                  
0     01001e6c  CLALnTable                         
0     01001f32  CLAINV1                            
0     01001f32  CLALnTableEnd                      
0     01001f34  CLAINV2                            
0     01001f36  CLAINV3                            
0     01001f38  CLAINV4                            
0     01001f3a  CLAINV5                            
0     01001f3c  CLAINV6                            
0     01001f3e  CLAINV7                            
0     01001f40  CLALOG10                           
0     01001f42  CLAExpTable                        
0     01001ff4  CLAExpTableEnd                     
abs   00000150  __TI_STACK_SIZE                    
abs   ffffffff  __TI_pprof_out_hndl                
abs   ffffffff  __TI_prof_data_size                
abs   ffffffff  __TI_prof_data_start               
abs   ffffffff  __c_args__                         

[265 symbols]
