TMS320C2000 Assembler PC v6.4.4 Tue Feb 14 14:42:57 2017

Tools Copyright (c) 1996-2015 Texas Instruments Incorporated
C:\Users\a0221343\AppData\Local\Temp\0552810                         PAGE    1

       1              ;***************************************************************
       2              ;* TMS320C2000 C/C++ Codegen                         PC v6.4.4 *
       3              ;* Date/Time created: Tue Feb 14 14:42:56 2017                 *
       4              ;***************************************************************
       5                      .compiler_opts --cla_support=cla0 --float_support=fpu32 --hll_source=on --mem_model:code=flat --mem_m
       6        0002  FP      .set    XAR2
       7              
       8              $C$DW$CU        .dwtag  DW_TAG_compile_unit
       9                      .dwattr $C$DW$CU, DW_AT_name("C:/Users/a0221343/Git/bootROM/f28004x_bootrom/F28004x_ROM_dev_PG2.0/F28
      10                      .dwattr $C$DW$CU, DW_AT_producer("TI TMS320C2000 C/C++ Codegen PC v6.4.4 Copyright (c) 1996-2015 Texa
      11                      .dwattr $C$DW$CU, DW_AT_TI_version(0x01)
      12                      .dwattr $C$DW$CU, DW_AT_comp_dir("C:\Users\a0221343\Git\bootROM\f28004x_bootrom\F28004x_ROM_dev_PG2.0
      13              
      14              $C$DW$1 .dwtag  DW_TAG_subprogram, DW_AT_name("Interrupt_disable")
      15                      .dwattr $C$DW$1, DW_AT_TI_symbol_name("_Interrupt_disable")
      16                      .dwattr $C$DW$1, DW_AT_declaration
      17                      .dwattr $C$DW$1, DW_AT_external
      18              $C$DW$2 .dwtag  DW_TAG_formal_parameter
      19                      .dwattr $C$DW$2, DW_AT_type(*$C$DW$T$21)
      20                      .dwendtag $C$DW$1
      21              
      22              
      23              $C$DW$3 .dwtag  DW_TAG_subprogram, DW_AT_name("Interrupt_enable")
      24                      .dwattr $C$DW$3, DW_AT_TI_symbol_name("_Interrupt_enable")
      25                      .dwattr $C$DW$3, DW_AT_declaration
      26                      .dwattr $C$DW$3, DW_AT_external
      27              $C$DW$4 .dwtag  DW_TAG_formal_parameter
      28                      .dwattr $C$DW$4, DW_AT_type(*$C$DW$T$21)
      29                      .dwendtag $C$DW$3
      30              
      31              ;       C:\ti\ccsv6\tools\compiler\ti-cgt-c2000_6.4.4\bin\ac2000.exe -@C:\\Users\\a0221343\\AppData\\Local\\T
      32 00000000               .sect   ".text:_Interrupt_defaultHandler"
      33                      .clink
      34              
      35              $C$DW$5 .dwtag  DW_TAG_subprogram, DW_AT_name("Interrupt_defaultHandler")
      36                      .dwattr $C$DW$5, DW_AT_low_pc(_Interrupt_defaultHandler)
      37                      .dwattr $C$DW$5, DW_AT_high_pc(0x00)
      38                      .dwattr $C$DW$5, DW_AT_TI_symbol_name("_Interrupt_defaultHandler")
      39                      .dwattr $C$DW$5, DW_AT_TI_begin_file("C:\Users\a0221343\Git\bootROM\f28004x_bootrom\F28004x_ROM_dev_P
      40                      .dwattr $C$DW$5, DW_AT_TI_begin_line(0x69)
      41                      .dwattr $C$DW$5, DW_AT_TI_begin_column(0x0d)
      42                      .dwattr $C$DW$5, DW_AT_TI_max_frame_size(-4)
      43                      .dwpsn  file "C:\Users\a0221343\Git\bootROM\f28004x_bootrom\F28004x_ROM_dev_PG2.0\F28004x_ROM\driverl
      44              
      45                      .dwfde $C$DW$CIE, _Interrupt_defaultHandler
      46              
      47              ;***************************************************************
      48              ;* FNAME: _Interrupt_defaultHandler     FR SIZE:   2           *
      49              ;*                                                             *
      50              ;* FUNCTION ENVIRONMENT                                        *
      51              ;*                                                             *
      52              ;* FUNCTION PROPERTIES                                         *
      53              ;*                            0 Parameter,  1 Auto,  0 SOE     *
      54              ;***************************************************************
      55              
TMS320C2000 Assembler PC v6.4.4 Tue Feb 14 14:42:57 2017

Tools Copyright (c) 1996-2015 Texas Instruments Incorporated
C:\Users\a0221343\AppData\Local\Temp\0552810                         PAGE    2

      56 00000000       _Interrupt_defaultHandler:
      57                      .dwcfi  cfa_offset, -2
      58                      .dwcfi  save_reg_to_mem, 26, 0
      59 00000000 FE02          ADDB      SP,#2                 ; [CPU_U] 
      60                      .dwcfi  cfa_offset, -4
      61              $C$DW$6 .dwtag  DW_TAG_variable, DW_AT_name("vectID")
      62                      .dwattr $C$DW$6, DW_AT_TI_symbol_name("_vectID")
      63                      .dwattr $C$DW$6, DW_AT_type(*$C$DW$T$26)
      64                      .dwattr $C$DW$6, DW_AT_location[DW_OP_breg20 -1]
      65                      .dwpsn  file "C:\Users\a0221343\Git\bootROM\f28004x_bootrom\F28004x_ROM_dev_PG2.0\F28004x_ROM\driverl
      66 00000001 F5A9          MOV       AL,*(0:0x0ce0)        ; [CPU_] |111| 
         00000002 0CE0 
      67 00000003 90FE          ANDB      AL,#0xfe              ; [CPU_] |111| 
      68 00000004 FFC0          LSR       AL,1                  ; [CPU_] |111| 
      69 00000005 9641          MOV       *-SP[1],AL            ; [CPU_] |111| 
      70                      .dwpsn  file "C:\Users\a0221343\Git\bootROM\f28004x_bootrom\F28004x_ROM_dev_PG2.0\F28004x_ROM\driverl
      71                      .dwpsn  file "C:\Users\a0221343\Git\bootROM\f28004x_bootrom\F28004x_ROM_dev_PG2.0\F28004x_ROM\driverl
      72 00000006 7625   ESTOP0
      73 00000007       $C$L1:    
      74                      .dwpsn  file "C:\Users\a0221343\Git\bootROM\f28004x_bootrom\F28004x_ROM_dev_PG2.0\F28004x_ROM\driverl
      75 00000007 6F00          B         $C$L1,UNC             ; [CPU_] |120| 
      76                      ; branch occurs ; [] |120| 
      77                      .dwattr $C$DW$5, DW_AT_TI_end_file("C:\Users\a0221343\Git\bootROM\f28004x_bootrom\F28004x_ROM_dev_PG2
      78                      .dwattr $C$DW$5, DW_AT_TI_end_line(0x79)
      79                      .dwattr $C$DW$5, DW_AT_TI_end_column(0x01)
      80                      .dwendentry
      81                      .dwendtag $C$DW$5
      82              
      83 00000000               .sect   ".text:_Interrupt_register"
      84                      .clink
      85              
      86              $C$DW$7 .dwtag  DW_TAG_subprogram, DW_AT_name("Interrupt_register")
      87                      .dwattr $C$DW$7, DW_AT_low_pc(_Interrupt_register)
      88                      .dwattr $C$DW$7, DW_AT_high_pc(0x00)
      89                      .dwattr $C$DW$7, DW_AT_TI_symbol_name("_Interrupt_register")
      90                      .dwattr $C$DW$7, DW_AT_TI_begin_file("C:\Users\a0221343\Git\bootROM\f28004x_bootrom\F28004x_ROM_dev_P
      91                      .dwattr $C$DW$7, DW_AT_TI_begin_line(0xe6)
      92                      .dwattr $C$DW$7, DW_AT_TI_begin_column(0x01)
      93                      .dwattr $C$DW$7, DW_AT_TI_max_frame_size(-6)
      94                      .dwpsn  file "C:\Users\a0221343\Git\bootROM\f28004x_bootrom\F28004x_ROM_dev_PG2.0\F28004x_ROM\driverl
      95              
      96                      .dwfde $C$DW$CIE, _Interrupt_register
      97              $C$DW$8 .dwtag  DW_TAG_formal_parameter, DW_AT_name("interruptNumber")
      98                      .dwattr $C$DW$8, DW_AT_TI_symbol_name("_interruptNumber")
      99                      .dwattr $C$DW$8, DW_AT_type(*$C$DW$T$21)
     100                      .dwattr $C$DW$8, DW_AT_location[DW_OP_reg0]
     101              $C$DW$9 .dwtag  DW_TAG_formal_parameter, DW_AT_name("handler")
     102                      .dwattr $C$DW$9, DW_AT_TI_symbol_name("_handler")
     103                      .dwattr $C$DW$9, DW_AT_type(*$C$DW$T$20)
     104                      .dwattr $C$DW$9, DW_AT_location[DW_OP_reg12]
     105              
     106              ;***************************************************************
     107              ;* FNAME: _Interrupt_register           FR SIZE:   4           *
     108              ;*                                                             *
     109              ;* FUNCTION ENVIRONMENT                                        *
TMS320C2000 Assembler PC v6.4.4 Tue Feb 14 14:42:57 2017

Tools Copyright (c) 1996-2015 Texas Instruments Incorporated
C:\Users\a0221343\AppData\Local\Temp\0552810                         PAGE    3

     110              ;*                                                             *
     111              ;* FUNCTION PROPERTIES                                         *
     112              ;*                            0 Parameter,  4 Auto,  0 SOE     *
     113              ;***************************************************************
     114              
     115 00000000       _Interrupt_register:
     116                      .dwcfi  cfa_offset, -2
     117                      .dwcfi  save_reg_to_mem, 26, 0
     118 00000000 FE04          ADDB      SP,#4                 ; [CPU_U] 
     119                      .dwcfi  cfa_offset, -6
     120              $C$DW$10        .dwtag  DW_TAG_variable, DW_AT_name("interruptNumber")
     121                      .dwattr $C$DW$10, DW_AT_TI_symbol_name("_interruptNumber")
     122                      .dwattr $C$DW$10, DW_AT_type(*$C$DW$T$21)
     123                      .dwattr $C$DW$10, DW_AT_location[DW_OP_breg20 -2]
     124              $C$DW$11        .dwtag  DW_TAG_variable, DW_AT_name("handler")
     125                      .dwattr $C$DW$11, DW_AT_TI_symbol_name("_handler")
     126                      .dwattr $C$DW$11, DW_AT_type(*$C$DW$T$20)
     127                      .dwattr $C$DW$11, DW_AT_location[DW_OP_breg20 -4]
     128 00000001 A844          MOVL      *-SP[4],XAR4          ; [CPU_] |231| 
     129 00000002 1E42          MOVL      *-SP[2],ACC           ; [CPU_] |231| 
     130                      .dwpsn  file "C:\Users\a0221343\Git\bootROM\f28004x_bootrom\F28004x_ROM_dev_PG2.0\F28004x_ROM\driverl
     131 00000003 7622   EALLOW
     132                      .dwpsn  file "C:\Users\a0221343\Git\bootROM\f28004x_bootrom\F28004x_ROM_dev_PG2.0\F28004x_ROM\driverl
     133 00000004 0EA8          MOVU      ACC,AH                ; [CPU_] |234| 
     134 00000005 C444          MOVL      XAR6,*-SP[4]          ; [CPU_] |234| 
     135 00000006 FF30          LSL       ACC,1                 ; [CPU_] |234| 
     136 00000007 FF18          ADD       ACC,#13 << 8          ; [CPU_] |234| 
         00000008 000D 
     137 00000009 8AA9          MOVL      XAR4,ACC              ; [CPU_] |234| 
     138 0000000a C2C4          MOVL      *+XAR4[0],XAR6        ; [CPU_] |234| 
     139                      .dwpsn  file "C:\Users\a0221343\Git\bootROM\f28004x_bootrom\F28004x_ROM_dev_PG2.0\F28004x_ROM\driverl
     140 0000000b 761A   EDIS
     141                      .dwpsn  file "C:\Users\a0221343\Git\bootROM\f28004x_bootrom\F28004x_ROM_dev_PG2.0\F28004x_ROM\driverl
     142 0000000c FF69          SPM       #0                    ; [CPU_] 
     143 0000000d FE84          SUBB      SP,#4                 ; [CPU_U] 
     144                      .dwcfi  cfa_offset, -2
     145              $C$DW$12        .dwtag  DW_TAG_TI_branch
     146                      .dwattr $C$DW$12, DW_AT_low_pc(0x00)
     147                      .dwattr $C$DW$12, DW_AT_TI_return
     148 0000000e 0006          LRETR     ; [CPU_] 
     149                      ; return occurs ; [] 
     150                      .dwattr $C$DW$7, DW_AT_TI_end_file("C:\Users\a0221343\Git\bootROM\f28004x_bootrom\F28004x_ROM_dev_PG2
     151                      .dwattr $C$DW$7, DW_AT_TI_end_line(0xed)
     152                      .dwattr $C$DW$7, DW_AT_TI_end_column(0x01)
     153                      .dwendentry
     154                      .dwendtag $C$DW$7
     155              
     156 00000000               .sect   ".text:_Interrupt_unregister"
     157                      .clink
     158              
     159              $C$DW$13        .dwtag  DW_TAG_subprogram, DW_AT_name("Interrupt_unregister")
     160                      .dwattr $C$DW$13, DW_AT_low_pc(_Interrupt_unregister)
     161                      .dwattr $C$DW$13, DW_AT_high_pc(0x00)
     162                      .dwattr $C$DW$13, DW_AT_TI_symbol_name("_Interrupt_unregister")
     163                      .dwattr $C$DW$13, DW_AT_TI_begin_file("C:\Users\a0221343\Git\bootROM\f28004x_bootrom\F28004x_ROM_dev_
TMS320C2000 Assembler PC v6.4.4 Tue Feb 14 14:42:57 2017

Tools Copyright (c) 1996-2015 Texas Instruments Incorporated
C:\Users\a0221343\AppData\Local\Temp\0552810                         PAGE    4

     164                      .dwattr $C$DW$13, DW_AT_TI_begin_line(0x104)
     165                      .dwattr $C$DW$13, DW_AT_TI_begin_column(0x01)
     166                      .dwattr $C$DW$13, DW_AT_TI_max_frame_size(-4)
     167                      .dwpsn  file "C:\Users\a0221343\Git\bootROM\f28004x_bootrom\F28004x_ROM_dev_PG2.0\F28004x_ROM\driverl
     168              
     169                      .dwfde $C$DW$CIE, _Interrupt_unregister
     170              $C$DW$14        .dwtag  DW_TAG_formal_parameter, DW_AT_name("interruptNumber")
     171                      .dwattr $C$DW$14, DW_AT_TI_symbol_name("_interruptNumber")
     172                      .dwattr $C$DW$14, DW_AT_type(*$C$DW$T$21)
     173                      .dwattr $C$DW$14, DW_AT_location[DW_OP_reg0]
     174              
     175              ;***************************************************************
     176              ;* FNAME: _Interrupt_unregister         FR SIZE:   2           *
     177              ;*                                                             *
     178              ;* FUNCTION ENVIRONMENT                                        *
     179              ;*                                                             *
     180              ;* FUNCTION PROPERTIES                                         *
     181              ;*                            0 Parameter,  2 Auto,  0 SOE     *
     182              ;***************************************************************
     183              
     184 00000000       _Interrupt_unregister:
     185                      .dwcfi  cfa_offset, -2
     186                      .dwcfi  save_reg_to_mem, 26, 0
     187 00000000 FE02          ADDB      SP,#2                 ; [CPU_U] 
     188                      .dwcfi  cfa_offset, -4
     189              $C$DW$15        .dwtag  DW_TAG_variable, DW_AT_name("interruptNumber")
     190                      .dwattr $C$DW$15, DW_AT_TI_symbol_name("_interruptNumber")
     191                      .dwattr $C$DW$15, DW_AT_type(*$C$DW$T$21)
     192                      .dwattr $C$DW$15, DW_AT_location[DW_OP_breg20 -2]
     193 00000001 1E42          MOVL      *-SP[2],ACC           ; [CPU_] |261| 
     194                      .dwpsn  file "C:\Users\a0221343\Git\bootROM\f28004x_bootrom\F28004x_ROM_dev_PG2.0\F28004x_ROM\driverl
     195 00000002 7622   EALLOW
     196                      .dwpsn  file "C:\Users\a0221343\Git\bootROM\f28004x_bootrom\F28004x_ROM_dev_PG2.0\F28004x_ROM\driverl
     197 00000003 0EA8          MOVU      ACC,AH                ; [CPU_] |264| 
     198 00000004 FF30          LSL       ACC,1                 ; [CPU_] |264| 
     199 00000005 FF18          ADD       ACC,#13 << 8          ; [CPU_] |264| 
         00000006 000D 
     200 00000007 8AA9          MOVL      XAR4,ACC              ; [CPU_] |264| 
     201 00000008 8F40+         MOVL      XAR5,#_Interrupt_defaultHandler ; [CPU_U] |264| 
         00000009 0000 
     202 0000000a A0C4          MOVL      *+XAR4[0],XAR5        ; [CPU_] |264| 
     203                      .dwpsn  file "C:\Users\a0221343\Git\bootROM\f28004x_bootrom\F28004x_ROM_dev_PG2.0\F28004x_ROM\driverl
     204 0000000b 761A   EDIS
     205                      .dwpsn  file "C:\Users\a0221343\Git\bootROM\f28004x_bootrom\F28004x_ROM_dev_PG2.0\F28004x_ROM\driverl
     206 0000000c FF69          SPM       #0                    ; [CPU_] 
     207 0000000d FE82          SUBB      SP,#2                 ; [CPU_U] 
     208                      .dwcfi  cfa_offset, -2
     209              $C$DW$16        .dwtag  DW_TAG_TI_branch
     210                      .dwattr $C$DW$16, DW_AT_low_pc(0x00)
     211                      .dwattr $C$DW$16, DW_AT_TI_return
     212 0000000e 0006          LRETR     ; [CPU_] 
     213                      ; return occurs ; [] 
     214                      .dwattr $C$DW$13, DW_AT_TI_end_file("C:\Users\a0221343\Git\bootROM\f28004x_bootrom\F28004x_ROM_dev_PG
     215                      .dwattr $C$DW$13, DW_AT_TI_end_line(0x10b)
     216                      .dwattr $C$DW$13, DW_AT_TI_end_column(0x01)
TMS320C2000 Assembler PC v6.4.4 Tue Feb 14 14:42:57 2017

Tools Copyright (c) 1996-2015 Texas Instruments Incorporated
C:\Users\a0221343\AppData\Local\Temp\0552810                         PAGE    5

     217                      .dwendentry
     218                      .dwendtag $C$DW$13
     219              
     220 00000000               .sect   ".text:_CLAPROMCRC_registerInterrupt"
     221                      .clink
     222                      .global _CLAPROMCRC_registerInterrupt
     223              
     224              $C$DW$17        .dwtag  DW_TAG_subprogram, DW_AT_name("CLAPROMCRC_registerInterrupt")
     225                      .dwattr $C$DW$17, DW_AT_low_pc(_CLAPROMCRC_registerInterrupt)
     226                      .dwattr $C$DW$17, DW_AT_high_pc(0x00)
     227                      .dwattr $C$DW$17, DW_AT_TI_symbol_name("_CLAPROMCRC_registerInterrupt")
     228                      .dwattr $C$DW$17, DW_AT_external
     229                      .dwattr $C$DW$17, DW_AT_TI_begin_file("C:/Users/a0221343/Git/bootROM/f28004x_bootrom/F28004x_ROM_dev_
     230                      .dwattr $C$DW$17, DW_AT_TI_begin_line(0x15)
     231                      .dwattr $C$DW$17, DW_AT_TI_begin_column(0x01)
     232                      .dwattr $C$DW$17, DW_AT_TI_max_frame_size(-6)
     233                      .dwpsn  file "C:/Users/a0221343/Git/bootROM/f28004x_bootrom/F28004x_ROM_dev_PG2.0/F28004x_ROM/driverl
     234              
     235                      .dwfde $C$DW$CIE, _CLAPROMCRC_registerInterrupt
     236              $C$DW$18        .dwtag  DW_TAG_formal_parameter, DW_AT_name("base")
     237                      .dwattr $C$DW$18, DW_AT_TI_symbol_name("_base")
     238                      .dwattr $C$DW$18, DW_AT_type(*$C$DW$T$21)
     239                      .dwattr $C$DW$18, DW_AT_location[DW_OP_reg0]
     240              $C$DW$19        .dwtag  DW_TAG_formal_parameter, DW_AT_name("handler")
     241                      .dwattr $C$DW$19, DW_AT_TI_symbol_name("_handler")
     242                      .dwattr $C$DW$19, DW_AT_type(*$C$DW$T$20)
     243                      .dwattr $C$DW$19, DW_AT_location[DW_OP_reg12]
     244              
     245              ;***************************************************************
     246              ;* FNAME: _CLAPROMCRC_registerInterrupt FR SIZE:   4           *
     247              ;*                                                             *
     248              ;* FUNCTION ENVIRONMENT                                        *
     249              ;*                                                             *
     250              ;* FUNCTION PROPERTIES                                         *
     251              ;*                            0 Parameter,  4 Auto,  0 SOE     *
     252              ;***************************************************************
     253              
     254 00000000       _CLAPROMCRC_registerInterrupt:
     255                      .dwcfi  cfa_offset, -2
     256                      .dwcfi  save_reg_to_mem, 26, 0
     257 00000000 FE04          ADDB      SP,#4                 ; [CPU_U] 
     258                      .dwcfi  cfa_offset, -6
     259              $C$DW$20        .dwtag  DW_TAG_variable, DW_AT_name("base")
     260                      .dwattr $C$DW$20, DW_AT_TI_symbol_name("_base")
     261                      .dwattr $C$DW$20, DW_AT_type(*$C$DW$T$21)
     262                      .dwattr $C$DW$20, DW_AT_location[DW_OP_breg20 -2]
     263              $C$DW$21        .dwtag  DW_TAG_variable, DW_AT_name("handler")
     264                      .dwattr $C$DW$21, DW_AT_TI_symbol_name("_handler")
     265                      .dwattr $C$DW$21, DW_AT_type(*$C$DW$T$20)
     266                      .dwattr $C$DW$21, DW_AT_location[DW_OP_breg20 -4]
     267 00000001 A844          MOVL      *-SP[4],XAR4          ; [CPU_] |22| 
     268 00000002 1E42          MOVL      *-SP[2],ACC           ; [CPU_] |22| 
     269                      .dwpsn  file "C:/Users/a0221343/Git/bootROM/f28004x_bootrom/F28004x_ROM_dev_PG2.0/F28004x_ROM/driverl
     270 00000003 28A9          MOV       AL,#1807              ; [CPU_] |28| 
         00000004 070F 
TMS320C2000 Assembler PC v6.4.4 Tue Feb 14 14:42:57 2017

Tools Copyright (c) 1996-2015 Texas Instruments Incorporated
C:\Users\a0221343\AppData\Local\Temp\0552810                         PAGE    6

     271 00000005 9BB6          MOV       AH,#182               ; [CPU_] |28| 
     272              $C$DW$22        .dwtag  DW_TAG_TI_branch
     273                      .dwattr $C$DW$22, DW_AT_low_pc(0x00)
     274                      .dwattr $C$DW$22, DW_AT_name("_Interrupt_register")
     275                      .dwattr $C$DW$22, DW_AT_TI_call
     276 00000006 7640+         LCR       #_Interrupt_register  ; [CPU_] |28| 
         00000007 0000 
     277                      ; call occurs [#_Interrupt_register] ; [] |28| 
     278                      .dwpsn  file "C:/Users/a0221343/Git/bootROM/f28004x_bootrom/F28004x_ROM_dev_PG2.0/F28004x_ROM/driverl
     279 00000008 28A9          MOV       AL,#1807              ; [CPU_] |33| 
         00000009 070F 
     280 0000000a 9BB6          MOV       AH,#182               ; [CPU_] |33| 
     281              $C$DW$23        .dwtag  DW_TAG_TI_branch
     282                      .dwattr $C$DW$23, DW_AT_low_pc(0x00)
     283                      .dwattr $C$DW$23, DW_AT_name("_Interrupt_enable")
     284                      .dwattr $C$DW$23, DW_AT_TI_call
     285 0000000b 7640!         LCR       #_Interrupt_enable    ; [CPU_] |33| 
         0000000c 0000 
     286                      ; call occurs [#_Interrupt_enable] ; [] |33| 
     287                      .dwpsn  file "C:/Users/a0221343/Git/bootROM/f28004x_bootrom/F28004x_ROM_dev_PG2.0/F28004x_ROM/driverl
     288 0000000d FE84          SUBB      SP,#4                 ; [CPU_U] 
     289                      .dwcfi  cfa_offset, -2
     290              $C$DW$24        .dwtag  DW_TAG_TI_branch
     291                      .dwattr $C$DW$24, DW_AT_low_pc(0x00)
     292                      .dwattr $C$DW$24, DW_AT_TI_return
     293 0000000e 0006          LRETR     ; [CPU_] 
     294                      ; return occurs ; [] 
     295                      .dwattr $C$DW$17, DW_AT_TI_end_file("C:/Users/a0221343/Git/bootROM/f28004x_bootrom/F28004x_ROM_dev_PG
     296                      .dwattr $C$DW$17, DW_AT_TI_end_line(0x22)
     297                      .dwattr $C$DW$17, DW_AT_TI_end_column(0x01)
     298                      .dwendentry
     299                      .dwendtag $C$DW$17
     300              
     301 00000000               .sect   ".text:_CLAPROMCRC_unregisterInterrupt"
     302                      .clink
     303                      .global _CLAPROMCRC_unregisterInterrupt
     304              
     305              $C$DW$25        .dwtag  DW_TAG_subprogram, DW_AT_name("CLAPROMCRC_unregisterInterrupt")
     306                      .dwattr $C$DW$25, DW_AT_low_pc(_CLAPROMCRC_unregisterInterrupt)
     307                      .dwattr $C$DW$25, DW_AT_high_pc(0x00)
     308                      .dwattr $C$DW$25, DW_AT_TI_symbol_name("_CLAPROMCRC_unregisterInterrupt")
     309                      .dwattr $C$DW$25, DW_AT_external
     310                      .dwattr $C$DW$25, DW_AT_TI_begin_file("C:/Users/a0221343/Git/bootROM/f28004x_bootrom/F28004x_ROM_dev_
     311                      .dwattr $C$DW$25, DW_AT_TI_begin_line(0x2a)
     312                      .dwattr $C$DW$25, DW_AT_TI_begin_column(0x01)
     313                      .dwattr $C$DW$25, DW_AT_TI_max_frame_size(-4)
     314                      .dwpsn  file "C:/Users/a0221343/Git/bootROM/f28004x_bootrom/F28004x_ROM_dev_PG2.0/F28004x_ROM/driverl
     315              
     316                      .dwfde $C$DW$CIE, _CLAPROMCRC_unregisterInterrupt
     317              $C$DW$26        .dwtag  DW_TAG_formal_parameter, DW_AT_name("base")
     318                      .dwattr $C$DW$26, DW_AT_TI_symbol_name("_base")
     319                      .dwattr $C$DW$26, DW_AT_type(*$C$DW$T$21)
     320                      .dwattr $C$DW$26, DW_AT_location[DW_OP_reg0]
     321              
     322              ;***************************************************************
TMS320C2000 Assembler PC v6.4.4 Tue Feb 14 14:42:57 2017

Tools Copyright (c) 1996-2015 Texas Instruments Incorporated
C:\Users\a0221343\AppData\Local\Temp\0552810                         PAGE    7

     323              ;* FNAME: _CLAPROMCRC_unregisterInterrupt FR SIZE:   2           *
     324              ;*                                                             *
     325              ;* FUNCTION ENVIRONMENT                                        *
     326              ;*                                                             *
     327              ;* FUNCTION PROPERTIES                                         *
     328              ;*                            0 Parameter,  2 Auto,  0 SOE     *
     329              ;***************************************************************
     330              
     331 00000000       _CLAPROMCRC_unregisterInterrupt:
     332                      .dwcfi  cfa_offset, -2
     333                      .dwcfi  save_reg_to_mem, 26, 0
     334 00000000 FE02          ADDB      SP,#2                 ; [CPU_U] 
     335                      .dwcfi  cfa_offset, -4
     336              $C$DW$27        .dwtag  DW_TAG_variable, DW_AT_name("base")
     337                      .dwattr $C$DW$27, DW_AT_TI_symbol_name("_base")
     338                      .dwattr $C$DW$27, DW_AT_type(*$C$DW$T$21)
     339                      .dwattr $C$DW$27, DW_AT_location[DW_OP_breg20 -2]
     340 00000001 1E42          MOVL      *-SP[2],ACC           ; [CPU_] |43| 
     341                      .dwpsn  file "C:/Users/a0221343/Git/bootROM/f28004x_bootrom/F28004x_ROM_dev_PG2.0/F28004x_ROM/driverl
     342 00000002 28A9          MOV       AL,#1807              ; [CPU_] |49| 
         00000003 070F 
     343 00000004 9BB6          MOV       AH,#182               ; [CPU_] |49| 
     344              $C$DW$28        .dwtag  DW_TAG_TI_branch
     345                      .dwattr $C$DW$28, DW_AT_low_pc(0x00)
     346                      .dwattr $C$DW$28, DW_AT_name("_Interrupt_disable")
     347                      .dwattr $C$DW$28, DW_AT_TI_call
     348 00000005 7640!         LCR       #_Interrupt_disable   ; [CPU_] |49| 
         00000006 0000 
     349                      ; call occurs [#_Interrupt_disable] ; [] |49| 
     350                      .dwpsn  file "C:/Users/a0221343/Git/bootROM/f28004x_bootrom/F28004x_ROM_dev_PG2.0/F28004x_ROM/driverl
     351 00000007 28A9          MOV       AL,#1807              ; [CPU_] |54| 
         00000008 070F 
     352 00000009 9BB6          MOV       AH,#182               ; [CPU_] |54| 
     353              $C$DW$29        .dwtag  DW_TAG_TI_branch
     354                      .dwattr $C$DW$29, DW_AT_low_pc(0x00)
     355                      .dwattr $C$DW$29, DW_AT_name("_Interrupt_unregister")
     356                      .dwattr $C$DW$29, DW_AT_TI_call
     357 0000000a 7640+         LCR       #_Interrupt_unregister ; [CPU_] |54| 
         0000000b 0000 
     358                      ; call occurs [#_Interrupt_unregister] ; [] |54| 
     359                      .dwpsn  file "C:/Users/a0221343/Git/bootROM/f28004x_bootrom/F28004x_ROM_dev_PG2.0/F28004x_ROM/driverl
     360 0000000c FE82          SUBB      SP,#2                 ; [CPU_U] 
     361                      .dwcfi  cfa_offset, -2
     362              $C$DW$30        .dwtag  DW_TAG_TI_branch
     363                      .dwattr $C$DW$30, DW_AT_low_pc(0x00)
     364                      .dwattr $C$DW$30, DW_AT_TI_return
     365 0000000d 0006          LRETR     ; [CPU_] 
     366                      ; return occurs ; [] 
     367                      .dwattr $C$DW$25, DW_AT_TI_end_file("C:/Users/a0221343/Git/bootROM/f28004x_bootrom/F28004x_ROM_dev_PG
     368                      .dwattr $C$DW$25, DW_AT_TI_end_line(0x37)
     369                      .dwattr $C$DW$25, DW_AT_TI_end_column(0x01)
     370                      .dwendentry
     371                      .dwendtag $C$DW$25
     372              
     373              ;**************************************************************
TMS320C2000 Assembler PC v6.4.4 Tue Feb 14 14:42:57 2017

Tools Copyright (c) 1996-2015 Texas Instruments Incorporated
C:\Users\a0221343\AppData\Local\Temp\0552810                         PAGE    8

     374              ;* UNDEFINED EXTERNAL REFERENCES                              *
     375              ;**************************************************************
     376                      .global _Interrupt_disable
     377                      .global _Interrupt_enable
     378              
     379              ;***************************************************************
     380              ;* TYPE INFORMATION                                            *
     381              ;***************************************************************
     382              $C$DW$T$2       .dwtag  DW_TAG_unspecified_type
     383                      .dwattr $C$DW$T$2, DW_AT_name("void")
     384              
     385              $C$DW$T$19      .dwtag  DW_TAG_subroutine_type
     386                      .dwattr $C$DW$T$19, DW_AT_language(DW_LANG_C)
     387              $C$DW$T$20      .dwtag  DW_TAG_pointer_type
     388                      .dwattr $C$DW$T$20, DW_AT_type(*$C$DW$T$19)
     389                      .dwattr $C$DW$T$20, DW_AT_address_class(0x20)
     390              $C$DW$T$4       .dwtag  DW_TAG_base_type
     391                      .dwattr $C$DW$T$4, DW_AT_encoding(DW_ATE_boolean)
     392                      .dwattr $C$DW$T$4, DW_AT_name("bool")
     393                      .dwattr $C$DW$T$4, DW_AT_byte_size(0x01)
     394              $C$DW$T$5       .dwtag  DW_TAG_base_type
     395                      .dwattr $C$DW$T$5, DW_AT_encoding(DW_ATE_signed_char)
     396                      .dwattr $C$DW$T$5, DW_AT_name("signed char")
     397                      .dwattr $C$DW$T$5, DW_AT_byte_size(0x01)
     398              $C$DW$T$6       .dwtag  DW_TAG_base_type
     399                      .dwattr $C$DW$T$6, DW_AT_encoding(DW_ATE_unsigned_char)
     400                      .dwattr $C$DW$T$6, DW_AT_name("unsigned char")
     401                      .dwattr $C$DW$T$6, DW_AT_byte_size(0x01)
     402              $C$DW$T$7       .dwtag  DW_TAG_base_type
     403                      .dwattr $C$DW$T$7, DW_AT_encoding(DW_ATE_signed_char)
     404                      .dwattr $C$DW$T$7, DW_AT_name("wchar_t")
     405                      .dwattr $C$DW$T$7, DW_AT_byte_size(0x01)
     406              $C$DW$T$8       .dwtag  DW_TAG_base_type
     407                      .dwattr $C$DW$T$8, DW_AT_encoding(DW_ATE_signed)
     408                      .dwattr $C$DW$T$8, DW_AT_name("short")
     409                      .dwattr $C$DW$T$8, DW_AT_byte_size(0x01)
     410              $C$DW$T$9       .dwtag  DW_TAG_base_type
     411                      .dwattr $C$DW$T$9, DW_AT_encoding(DW_ATE_unsigned)
     412                      .dwattr $C$DW$T$9, DW_AT_name("unsigned short")
     413                      .dwattr $C$DW$T$9, DW_AT_byte_size(0x01)
     414              $C$DW$T$10      .dwtag  DW_TAG_base_type
     415                      .dwattr $C$DW$T$10, DW_AT_encoding(DW_ATE_signed)
     416                      .dwattr $C$DW$T$10, DW_AT_name("int")
     417                      .dwattr $C$DW$T$10, DW_AT_byte_size(0x01)
     418              $C$DW$T$11      .dwtag  DW_TAG_base_type
     419                      .dwattr $C$DW$T$11, DW_AT_encoding(DW_ATE_unsigned)
     420                      .dwattr $C$DW$T$11, DW_AT_name("unsigned int")
     421                      .dwattr $C$DW$T$11, DW_AT_byte_size(0x01)
     422              $C$DW$T$26      .dwtag  DW_TAG_typedef, DW_AT_name("uint16_t")
     423                      .dwattr $C$DW$T$26, DW_AT_type(*$C$DW$T$11)
     424                      .dwattr $C$DW$T$26, DW_AT_language(DW_LANG_C)
     425              $C$DW$T$12      .dwtag  DW_TAG_base_type
     426                      .dwattr $C$DW$T$12, DW_AT_encoding(DW_ATE_signed)
     427                      .dwattr $C$DW$T$12, DW_AT_name("long")
     428                      .dwattr $C$DW$T$12, DW_AT_byte_size(0x02)
TMS320C2000 Assembler PC v6.4.4 Tue Feb 14 14:42:57 2017

Tools Copyright (c) 1996-2015 Texas Instruments Incorporated
C:\Users\a0221343\AppData\Local\Temp\0552810                         PAGE    9

     429              $C$DW$T$13      .dwtag  DW_TAG_base_type
     430                      .dwattr $C$DW$T$13, DW_AT_encoding(DW_ATE_unsigned)
     431                      .dwattr $C$DW$T$13, DW_AT_name("unsigned long")
     432                      .dwattr $C$DW$T$13, DW_AT_byte_size(0x02)
     433              $C$DW$T$21      .dwtag  DW_TAG_typedef, DW_AT_name("uint32_t")
     434                      .dwattr $C$DW$T$21, DW_AT_type(*$C$DW$T$13)
     435                      .dwattr $C$DW$T$21, DW_AT_language(DW_LANG_C)
     436              $C$DW$T$14      .dwtag  DW_TAG_base_type
     437                      .dwattr $C$DW$T$14, DW_AT_encoding(DW_ATE_signed)
     438                      .dwattr $C$DW$T$14, DW_AT_name("long long")
     439                      .dwattr $C$DW$T$14, DW_AT_byte_size(0x04)
     440              $C$DW$T$15      .dwtag  DW_TAG_base_type
     441                      .dwattr $C$DW$T$15, DW_AT_encoding(DW_ATE_unsigned)
     442                      .dwattr $C$DW$T$15, DW_AT_name("unsigned long long")
     443                      .dwattr $C$DW$T$15, DW_AT_byte_size(0x04)
     444              $C$DW$T$16      .dwtag  DW_TAG_base_type
     445                      .dwattr $C$DW$T$16, DW_AT_encoding(DW_ATE_float)
     446                      .dwattr $C$DW$T$16, DW_AT_name("float")
     447                      .dwattr $C$DW$T$16, DW_AT_byte_size(0x02)
     448              $C$DW$T$17      .dwtag  DW_TAG_base_type
     449                      .dwattr $C$DW$T$17, DW_AT_encoding(DW_ATE_float)
     450                      .dwattr $C$DW$T$17, DW_AT_name("double")
     451                      .dwattr $C$DW$T$17, DW_AT_byte_size(0x02)
     452              $C$DW$T$18      .dwtag  DW_TAG_base_type
     453                      .dwattr $C$DW$T$18, DW_AT_encoding(DW_ATE_float)
     454                      .dwattr $C$DW$T$18, DW_AT_name("long double")
     455                      .dwattr $C$DW$T$18, DW_AT_byte_size(0x04)
     456                      .dwattr $C$DW$CU, DW_AT_language(DW_LANG_C)
     457              
     458              ;***************************************************************
     459              ;* DWARF CIE ENTRIES                                           *
     460              ;***************************************************************
     461              
     462              $C$DW$CIE       .dwcie 26
     463                      .dwcfi  cfa_register, 20
     464                      .dwcfi  cfa_offset, 0
     465                      .dwcfi  undefined, 0
     466                      .dwcfi  undefined, 1
     467                      .dwcfi  undefined, 2
     468                      .dwcfi  undefined, 3
     469                      .dwcfi  undefined, 20
     470                      .dwcfi  undefined, 21
     471                      .dwcfi  undefined, 22
     472                      .dwcfi  undefined, 23
     473                      .dwcfi  undefined, 24
     474                      .dwcfi  undefined, 25
     475                      .dwcfi  undefined, 26
     476                      .dwcfi  same_value, 28
     477                      .dwcfi  undefined, 29
     478                      .dwcfi  undefined, 30
     479                      .dwcfi  undefined, 31
     480                      .dwcfi  undefined, 32
     481                      .dwcfi  undefined, 33
     482                      .dwcfi  undefined, 34
     483                      .dwcfi  undefined, 35
TMS320C2000 Assembler PC v6.4.4 Tue Feb 14 14:42:57 2017

Tools Copyright (c) 1996-2015 Texas Instruments Incorporated
C:\Users\a0221343\AppData\Local\Temp\0552810                         PAGE   10

     484                      .dwcfi  undefined, 36
     485                      .dwcfi  undefined, 37
     486                      .dwcfi  undefined, 38
     487                      .dwcfi  undefined, 75
     488                      .dwcfi  undefined, 76
     489                      .dwcfi  undefined, 77
     490                      .dwcfi  undefined, 4
     491                      .dwcfi  undefined, 5
     492                      .dwcfi  same_value, 6
     493                      .dwcfi  same_value, 7
     494                      .dwcfi  same_value, 8
     495                      .dwcfi  same_value, 9
     496                      .dwcfi  same_value, 10
     497                      .dwcfi  same_value, 11
     498                      .dwcfi  undefined, 12
     499                      .dwcfi  undefined, 13
     500                      .dwcfi  undefined, 14
     501                      .dwcfi  undefined, 15
     502                      .dwcfi  undefined, 16
     503                      .dwcfi  undefined, 17
     504                      .dwcfi  undefined, 18
     505                      .dwcfi  undefined, 19
     506                      .dwcfi  undefined, 43
     507                      .dwcfi  undefined, 44
     508                      .dwcfi  undefined, 47
     509                      .dwcfi  undefined, 48
     510                      .dwcfi  undefined, 51
     511                      .dwcfi  undefined, 52
     512                      .dwcfi  undefined, 55
     513                      .dwcfi  undefined, 56
     514                      .dwcfi  same_value, 59
     515                      .dwcfi  same_value, 60
     516                      .dwcfi  same_value, 63
     517                      .dwcfi  same_value, 64
     518                      .dwcfi  same_value, 67
     519                      .dwcfi  same_value, 68
     520                      .dwcfi  same_value, 71
     521                      .dwcfi  same_value, 72
     522                      .dwcfi  undefined, 73
     523                      .dwcfi  undefined, 74
     524                      .dwcfi  undefined, 39
     525                      .dwcfi  undefined, 40
     526                      .dwcfi  undefined, 27
     527                      .dwendentry
     528              
     529              ;***************************************************************
     530              ;* DWARF REGISTER MAP                                          *
     531              ;***************************************************************
     532              
     533              $C$DW$31        .dwtag  DW_TAG_TI_assign_register, DW_AT_name("AL")
     534                      .dwattr $C$DW$31, DW_AT_location[DW_OP_reg0]
     535              $C$DW$32        .dwtag  DW_TAG_TI_assign_register, DW_AT_name("AH")
     536                      .dwattr $C$DW$32, DW_AT_location[DW_OP_reg1]
     537              $C$DW$33        .dwtag  DW_TAG_TI_assign_register, DW_AT_name("PL")
     538                      .dwattr $C$DW$33, DW_AT_location[DW_OP_reg2]
TMS320C2000 Assembler PC v6.4.4 Tue Feb 14 14:42:57 2017

Tools Copyright (c) 1996-2015 Texas Instruments Incorporated
C:\Users\a0221343\AppData\Local\Temp\0552810                         PAGE   11

     539              $C$DW$34        .dwtag  DW_TAG_TI_assign_register, DW_AT_name("PH")
     540                      .dwattr $C$DW$34, DW_AT_location[DW_OP_reg3]
     541              $C$DW$35        .dwtag  DW_TAG_TI_assign_register, DW_AT_name("SP")
     542                      .dwattr $C$DW$35, DW_AT_location[DW_OP_reg20]
     543              $C$DW$36        .dwtag  DW_TAG_TI_assign_register, DW_AT_name("XT")
     544                      .dwattr $C$DW$36, DW_AT_location[DW_OP_reg21]
     545              $C$DW$37        .dwtag  DW_TAG_TI_assign_register, DW_AT_name("T")
     546                      .dwattr $C$DW$37, DW_AT_location[DW_OP_reg22]
     547              $C$DW$38        .dwtag  DW_TAG_TI_assign_register, DW_AT_name("ST0")
     548                      .dwattr $C$DW$38, DW_AT_location[DW_OP_reg23]
     549              $C$DW$39        .dwtag  DW_TAG_TI_assign_register, DW_AT_name("ST1")
     550                      .dwattr $C$DW$39, DW_AT_location[DW_OP_reg24]
     551              $C$DW$40        .dwtag  DW_TAG_TI_assign_register, DW_AT_name("PC")
     552                      .dwattr $C$DW$40, DW_AT_location[DW_OP_reg25]
     553              $C$DW$41        .dwtag  DW_TAG_TI_assign_register, DW_AT_name("RPC")
     554                      .dwattr $C$DW$41, DW_AT_location[DW_OP_reg26]
     555              $C$DW$42        .dwtag  DW_TAG_TI_assign_register, DW_AT_name("FP")
     556                      .dwattr $C$DW$42, DW_AT_location[DW_OP_reg28]
     557              $C$DW$43        .dwtag  DW_TAG_TI_assign_register, DW_AT_name("DP")
     558                      .dwattr $C$DW$43, DW_AT_location[DW_OP_reg29]
     559              $C$DW$44        .dwtag  DW_TAG_TI_assign_register, DW_AT_name("SXM")
     560                      .dwattr $C$DW$44, DW_AT_location[DW_OP_reg30]
     561              $C$DW$45        .dwtag  DW_TAG_TI_assign_register, DW_AT_name("PM")
     562                      .dwattr $C$DW$45, DW_AT_location[DW_OP_reg31]
     563              $C$DW$46        .dwtag  DW_TAG_TI_assign_register, DW_AT_name("OVM")
     564                      .dwattr $C$DW$46, DW_AT_location[DW_OP_regx 0x20]
     565              $C$DW$47        .dwtag  DW_TAG_TI_assign_register, DW_AT_name("PAGE0")
     566                      .dwattr $C$DW$47, DW_AT_location[DW_OP_regx 0x21]
     567              $C$DW$48        .dwtag  DW_TAG_TI_assign_register, DW_AT_name("AMODE")
     568                      .dwattr $C$DW$48, DW_AT_location[DW_OP_regx 0x22]
     569              $C$DW$49        .dwtag  DW_TAG_TI_assign_register, DW_AT_name("INTM")
     570                      .dwattr $C$DW$49, DW_AT_location[DW_OP_regx 0x23]
     571              $C$DW$50        .dwtag  DW_TAG_TI_assign_register, DW_AT_name("IFR")
     572                      .dwattr $C$DW$50, DW_AT_location[DW_OP_regx 0x24]
     573              $C$DW$51        .dwtag  DW_TAG_TI_assign_register, DW_AT_name("IER")
     574                      .dwattr $C$DW$51, DW_AT_location[DW_OP_regx 0x25]
     575              $C$DW$52        .dwtag  DW_TAG_TI_assign_register, DW_AT_name("V")
     576                      .dwattr $C$DW$52, DW_AT_location[DW_OP_regx 0x26]
     577              $C$DW$53        .dwtag  DW_TAG_TI_assign_register, DW_AT_name("PSEUDOH")
     578                      .dwattr $C$DW$53, DW_AT_location[DW_OP_regx 0x4c]
     579              $C$DW$54        .dwtag  DW_TAG_TI_assign_register, DW_AT_name("VOL")
     580                      .dwattr $C$DW$54, DW_AT_location[DW_OP_regx 0x4d]
     581              $C$DW$55        .dwtag  DW_TAG_TI_assign_register, DW_AT_name("AR0")
     582                      .dwattr $C$DW$55, DW_AT_location[DW_OP_reg4]
     583              $C$DW$56        .dwtag  DW_TAG_TI_assign_register, DW_AT_name("XAR0")
     584                      .dwattr $C$DW$56, DW_AT_location[DW_OP_reg5]
     585              $C$DW$57        .dwtag  DW_TAG_TI_assign_register, DW_AT_name("AR1")
     586                      .dwattr $C$DW$57, DW_AT_location[DW_OP_reg6]
     587              $C$DW$58        .dwtag  DW_TAG_TI_assign_register, DW_AT_name("XAR1")
     588                      .dwattr $C$DW$58, DW_AT_location[DW_OP_reg7]
     589              $C$DW$59        .dwtag  DW_TAG_TI_assign_register, DW_AT_name("AR2")
     590                      .dwattr $C$DW$59, DW_AT_location[DW_OP_reg8]
     591              $C$DW$60        .dwtag  DW_TAG_TI_assign_register, DW_AT_name("XAR2")
     592                      .dwattr $C$DW$60, DW_AT_location[DW_OP_reg9]
     593              $C$DW$61        .dwtag  DW_TAG_TI_assign_register, DW_AT_name("AR3")
TMS320C2000 Assembler PC v6.4.4 Tue Feb 14 14:42:57 2017

Tools Copyright (c) 1996-2015 Texas Instruments Incorporated
C:\Users\a0221343\AppData\Local\Temp\0552810                         PAGE   12

     594                      .dwattr $C$DW$61, DW_AT_location[DW_OP_reg10]
     595              $C$DW$62        .dwtag  DW_TAG_TI_assign_register, DW_AT_name("XAR3")
     596                      .dwattr $C$DW$62, DW_AT_location[DW_OP_reg11]
     597              $C$DW$63        .dwtag  DW_TAG_TI_assign_register, DW_AT_name("AR4")
     598                      .dwattr $C$DW$63, DW_AT_location[DW_OP_reg12]
     599              $C$DW$64        .dwtag  DW_TAG_TI_assign_register, DW_AT_name("XAR4")
     600                      .dwattr $C$DW$64, DW_AT_location[DW_OP_reg13]
     601              $C$DW$65        .dwtag  DW_TAG_TI_assign_register, DW_AT_name("AR5")
     602                      .dwattr $C$DW$65, DW_AT_location[DW_OP_reg14]
     603              $C$DW$66        .dwtag  DW_TAG_TI_assign_register, DW_AT_name("XAR5")
     604                      .dwattr $C$DW$66, DW_AT_location[DW_OP_reg15]
     605              $C$DW$67        .dwtag  DW_TAG_TI_assign_register, DW_AT_name("AR6")
     606                      .dwattr $C$DW$67, DW_AT_location[DW_OP_reg16]
     607              $C$DW$68        .dwtag  DW_TAG_TI_assign_register, DW_AT_name("XAR6")
     608                      .dwattr $C$DW$68, DW_AT_location[DW_OP_reg17]
     609              $C$DW$69        .dwtag  DW_TAG_TI_assign_register, DW_AT_name("AR7")
     610                      .dwattr $C$DW$69, DW_AT_location[DW_OP_reg18]
     611              $C$DW$70        .dwtag  DW_TAG_TI_assign_register, DW_AT_name("XAR7")
     612                      .dwattr $C$DW$70, DW_AT_location[DW_OP_reg19]
     613              $C$DW$71        .dwtag  DW_TAG_TI_assign_register, DW_AT_name("R0HL")
     614                      .dwattr $C$DW$71, DW_AT_location[DW_OP_regx 0x2b]
     615              $C$DW$72        .dwtag  DW_TAG_TI_assign_register, DW_AT_name("R0H")
     616                      .dwattr $C$DW$72, DW_AT_location[DW_OP_regx 0x2c]
     617              $C$DW$73        .dwtag  DW_TAG_TI_assign_register, DW_AT_name("R1HL")
     618                      .dwattr $C$DW$73, DW_AT_location[DW_OP_regx 0x2f]
     619              $C$DW$74        .dwtag  DW_TAG_TI_assign_register, DW_AT_name("R1H")
     620                      .dwattr $C$DW$74, DW_AT_location[DW_OP_regx 0x30]
     621              $C$DW$75        .dwtag  DW_TAG_TI_assign_register, DW_AT_name("R2HL")
     622                      .dwattr $C$DW$75, DW_AT_location[DW_OP_regx 0x33]
     623              $C$DW$76        .dwtag  DW_TAG_TI_assign_register, DW_AT_name("R2H")
     624                      .dwattr $C$DW$76, DW_AT_location[DW_OP_regx 0x34]
     625              $C$DW$77        .dwtag  DW_TAG_TI_assign_register, DW_AT_name("R3HL")
     626                      .dwattr $C$DW$77, DW_AT_location[DW_OP_regx 0x37]
     627              $C$DW$78        .dwtag  DW_TAG_TI_assign_register, DW_AT_name("R3H")
     628                      .dwattr $C$DW$78, DW_AT_location[DW_OP_regx 0x38]
     629              $C$DW$79        .dwtag  DW_TAG_TI_assign_register, DW_AT_name("R4HL")
     630                      .dwattr $C$DW$79, DW_AT_location[DW_OP_regx 0x3b]
     631              $C$DW$80        .dwtag  DW_TAG_TI_assign_register, DW_AT_name("R4H")
     632                      .dwattr $C$DW$80, DW_AT_location[DW_OP_regx 0x3c]
     633              $C$DW$81        .dwtag  DW_TAG_TI_assign_register, DW_AT_name("R5HL")
     634                      .dwattr $C$DW$81, DW_AT_location[DW_OP_regx 0x3f]
     635              $C$DW$82        .dwtag  DW_TAG_TI_assign_register, DW_AT_name("R5H")
     636                      .dwattr $C$DW$82, DW_AT_location[DW_OP_regx 0x40]
     637              $C$DW$83        .dwtag  DW_TAG_TI_assign_register, DW_AT_name("R6HL")
     638                      .dwattr $C$DW$83, DW_AT_location[DW_OP_regx 0x43]
     639              $C$DW$84        .dwtag  DW_TAG_TI_assign_register, DW_AT_name("R6H")
     640                      .dwattr $C$DW$84, DW_AT_location[DW_OP_regx 0x44]
     641              $C$DW$85        .dwtag  DW_TAG_TI_assign_register, DW_AT_name("R7HL")
     642                      .dwattr $C$DW$85, DW_AT_location[DW_OP_regx 0x47]
     643              $C$DW$86        .dwtag  DW_TAG_TI_assign_register, DW_AT_name("R7H")
     644                      .dwattr $C$DW$86, DW_AT_location[DW_OP_regx 0x48]
     645              $C$DW$87        .dwtag  DW_TAG_TI_assign_register, DW_AT_name("RBL")
     646                      .dwattr $C$DW$87, DW_AT_location[DW_OP_regx 0x49]
     647              $C$DW$88        .dwtag  DW_TAG_TI_assign_register, DW_AT_name("RB")
     648                      .dwattr $C$DW$88, DW_AT_location[DW_OP_regx 0x4a]
TMS320C2000 Assembler PC v6.4.4 Tue Feb 14 14:42:57 2017

Tools Copyright (c) 1996-2015 Texas Instruments Incorporated
C:\Users\a0221343\AppData\Local\Temp\0552810                         PAGE   13

     649              $C$DW$89        .dwtag  DW_TAG_TI_assign_register, DW_AT_name("STFL")
     650                      .dwattr $C$DW$89, DW_AT_location[DW_OP_regx 0x27]
     651              $C$DW$90        .dwtag  DW_TAG_TI_assign_register, DW_AT_name("STF")
     652                      .dwattr $C$DW$90, DW_AT_location[DW_OP_regx 0x28]
     653              $C$DW$91        .dwtag  DW_TAG_TI_assign_register, DW_AT_name("FPUHAZ")
     654                      .dwattr $C$DW$91, DW_AT_location[DW_OP_reg27]
     655                      .dwendtag $C$DW$CU
     656              

No Assembly Errors, No Assembly Warnings
